[0.379s] Invoking command in '/home/sunny/ros2_ws/build/turtlesim': CMAKE_PREFIX_PATH=/opt/ros/humble /usr/bin/cmake /home/sunny/ros2_ws/src/ros_tutorials/turtlesim -DCMAKE_INSTALL_PREFIX=/home/sunny/ros2_ws/install/turtlesim
[0.428s] -- The C compiler identification is GNU 11.4.0
[0.471s] -- The CXX compiler identification is GNU 11.4.0
[0.478s] -- Detecting C compiler ABI info
[0.539s] -- Detecting C compiler ABI info - done
[0.543s] -- Check for working C compiler: /usr/bin/cc - skipped
[0.543s] -- Detecting C compile features
[0.543s] -- Detecting C compile features - done
[0.546s] -- Detecting CXX compiler ABI info
[0.616s] -- Detecting CXX compiler ABI info - done
[0.620s] -- Check for working CXX compiler: /usr/bin/c++ - skipped
[0.620s] -- Detecting CXX compile features
[0.620s] -- Detecting CXX compile features - done
[0.622s] -- Found ament_cmake: 1.3.12 (/opt/ros/humble/share/ament_cmake/cmake)
[0.742s] -- Found Python3: /usr/bin/python3 (found version "3.10.12") found components: Interpreter 
[0.803s] -- Found ament_index_cpp: 1.4.0 (/opt/ros/humble/share/ament_index_cpp/cmake)
[0.805s] -- Found geometry_msgs: 4.9.0 (/opt/ros/humble/share/geometry_msgs/cmake)
[0.833s] -- Found rosidl_generator_c: 3.1.7 (/opt/ros/humble/share/rosidl_generator_c/cmake)
[0.836s] -- Found rosidl_adapter: 3.1.7 (/opt/ros/humble/share/rosidl_adapter/cmake)
[0.842s] -- Found rosidl_generator_cpp: 3.1.7 (/opt/ros/humble/share/rosidl_generator_cpp/cmake)
[0.850s] -- Using all available rosidl_typesupport_c: rosidl_typesupport_fastrtps_c;rosidl_typesupport_introspection_c
[0.861s] -- Using all available rosidl_typesupport_cpp: rosidl_typesupport_fastrtps_cpp;rosidl_typesupport_introspection_cpp
[0.900s] -- Found rclcpp: 16.0.15 (/opt/ros/humble/share/rclcpp/cmake)
[0.929s] -- Found rmw_implementation_cmake: 6.1.2 (/opt/ros/humble/share/rmw_implementation_cmake/cmake)
[0.930s] -- Found rmw_fastrtps_cpp: 6.2.9 (/opt/ros/humble/share/rmw_fastrtps_cpp/cmake)
[1.003s] -- Found OpenSSL: /usr/lib/x86_64-linux-gnu/libcrypto.so (found version "3.0.2")  
[1.027s] -- Found FastRTPS: /opt/ros/humble/include  
[1.062s] -- Using RMW implementation 'rmw_fastrtps_cpp' as default
[1.068s] -- Looking for pthread.h
[1.128s] -- Looking for pthread.h - found
[1.128s] -- Performing Test CMAKE_HAVE_LIBC_PTHREAD
[1.186s] -- Performing Test CMAKE_HAVE_LIBC_PTHREAD - Success
[1.186s] -- Found Threads: TRUE  
[1.211s] -- Found rclcpp_action: 16.0.15 (/opt/ros/humble/share/rclcpp_action/cmake)
[1.233s] -- Found rosidl_default_generators: 1.2.0 (/opt/ros/humble/share/rosidl_default_generators/cmake)
[1.239s] -- Found std_srvs: 4.9.0 (/opt/ros/humble/share/std_srvs/cmake)
[1.448s] -- Found ament_cmake_ros: 0.10.0 (/opt/ros/humble/share/ament_cmake_ros/cmake)
[1.668s] -- Using all available rosidl_typesupport_c: rosidl_typesupport_fastrtps_c;rosidl_typesupport_introspection_c
[1.759s] -- Using all available rosidl_typesupport_cpp: rosidl_typesupport_fastrtps_cpp;rosidl_typesupport_introspection_cpp
[1.778s] -- Found PythonInterp: /usr/bin/python3 (found suitable version "3.10.12", minimum required is "3.6") 
[1.779s] -- Found python_cmake_module: 0.10.0 (/opt/ros/humble/share/python_cmake_module/cmake)
[1.800s] -- Found PythonLibs: /usr/lib/x86_64-linux-gnu/libpython3.10.so (found suitable version "3.10.12", minimum required is "3.5") 
[1.800s] -- Using PYTHON_EXECUTABLE: /usr/bin/python3
[1.800s] -- Using PYTHON_INCLUDE_DIRS: /usr/include/python3.10
[1.800s] -- Using PYTHON_LIBRARIES: /usr/lib/x86_64-linux-gnu/libpython3.10.so
[1.818s] -- Found PythonExtra: .so  
[1.857s] -- Configuring done
[1.901s] -- Generating done
[1.913s] -- Build files have been written to: /home/sunny/ros2_ws/build/turtlesim
[1.928s] Invoked command in '/home/sunny/ros2_ws/build/turtlesim' returned '0': CMAKE_PREFIX_PATH=/opt/ros/humble /usr/bin/cmake /home/sunny/ros2_ws/src/ros_tutorials/turtlesim -DCMAKE_INSTALL_PREFIX=/home/sunny/ros2_ws/install/turtlesim
[1.928s] Invoking command in '/home/sunny/ros2_ws/build/turtlesim': CMAKE_PREFIX_PATH=/opt/ros/humble /usr/bin/cmake --build /home/sunny/ros2_ws/build/turtlesim -- -j16 -l16
[1.979s] [  1%] [34m[1mGenerating C++ code for ROS interfaces[0m
[2.752s] [  1%] Built target turtlesim__cpp
[2.776s] [  1%] Built target ament_cmake_python_copy_turtlesim
[2.787s] [  2%] [34m[1mGenerating C++ introspection for ROS interfaces[0m
[3.307s] [  3%] [32mBuilding CXX object CMakeFiles/turtlesim__rosidl_typesupport_introspection_cpp.dir/rosidl_typesupport_introspection_cpp/turtlesim/action/detail/rotate_absolute__type_support.cpp.o[0m
[3.668s] [  4%] [32mBuilding CXX object CMakeFiles/turtlesim__rosidl_typesupport_introspection_cpp.dir/rosidl_typesupport_introspection_cpp/turtlesim/srv/detail/teleport_relative__type_support.cpp.o[0m
[3.893s] [  5%] [32mBuilding CXX object CMakeFiles/turtlesim__rosidl_typesupport_introspection_cpp.dir/rosidl_typesupport_introspection_cpp/turtlesim/srv/detail/teleport_absolute__type_support.cpp.o[0m
[4.118s] [  6%] [32mBuilding CXX object CMakeFiles/turtlesim__rosidl_typesupport_introspection_cpp.dir/rosidl_typesupport_introspection_cpp/turtlesim/srv/detail/spawn__type_support.cpp.o[0m
[4.347s] [  7%] [32mBuilding CXX object CMakeFiles/turtlesim__rosidl_typesupport_introspection_cpp.dir/rosidl_typesupport_introspection_cpp/turtlesim/srv/detail/set_pen__type_support.cpp.o[0m
[4.567s] [  8%] [32mBuilding CXX object CMakeFiles/turtlesim__rosidl_typesupport_introspection_cpp.dir/rosidl_typesupport_introspection_cpp/turtlesim/srv/detail/kill__type_support.cpp.o[0m
[4.789s] [  9%] [32mBuilding CXX object CMakeFiles/turtlesim__rosidl_typesupport_introspection_cpp.dir/rosidl_typesupport_introspection_cpp/turtlesim/msg/detail/pose__type_support.cpp.o[0m
[5.011s] [ 10%] [32mBuilding CXX object CMakeFiles/turtlesim__rosidl_typesupport_introspection_cpp.dir/rosidl_typesupport_introspection_cpp/turtlesim/msg/detail/color__type_support.cpp.o[0m
[5.235s] [ 11%] [32m[1mLinking CXX shared library libturtlesim__rosidl_typesupport_introspection_cpp.so[0m
[5.294s] [ 11%] Built target turtlesim__rosidl_typesupport_introspection_cpp
[5.459s] running egg_info
[5.459s] creating turtlesim.egg-info
[5.459s] writing turtlesim.egg-info/PKG-INFO
[5.459s] writing dependency_links to turtlesim.egg-info/dependency_links.txt
[5.460s] writing top-level names to turtlesim.egg-info/top_level.txt
[5.460s] writing manifest file 'turtlesim.egg-info/SOURCES.txt'
[5.461s] reading manifest file 'turtlesim.egg-info/SOURCES.txt'
[5.461s] writing manifest file 'turtlesim.egg-info/SOURCES.txt'
[5.483s] [ 11%] Built target ament_cmake_python_build_turtlesim_egg
[5.493s] [ 12%] [34m[1mGenerating C++ type support for eProsima Fast-RTPS[0m
[6.069s] [ 13%] [32mBuilding CXX object CMakeFiles/turtlesim__rosidl_typesupport_fastrtps_cpp.dir/rosidl_typesupport_fastrtps_cpp/turtlesim/action/detail/dds_fastrtps/rotate_absolute__type_support.cpp.o[0m
[6.401s] [ 14%] [32mBuilding CXX object CMakeFiles/turtlesim__rosidl_typesupport_fastrtps_cpp.dir/rosidl_typesupport_fastrtps_cpp/turtlesim/srv/detail/dds_fastrtps/teleport_relative__type_support.cpp.o[0m
[6.644s] [ 15%] [32mBuilding CXX object CMakeFiles/turtlesim__rosidl_typesupport_fastrtps_cpp.dir/rosidl_typesupport_fastrtps_cpp/turtlesim/srv/detail/dds_fastrtps/teleport_absolute__type_support.cpp.o[0m
[6.885s] [ 16%] [32mBuilding CXX object CMakeFiles/turtlesim__rosidl_typesupport_fastrtps_cpp.dir/rosidl_typesupport_fastrtps_cpp/turtlesim/srv/detail/dds_fastrtps/spawn__type_support.cpp.o[0m
[7.128s] [ 17%] [32mBuilding CXX object CMakeFiles/turtlesim__rosidl_typesupport_fastrtps_cpp.dir/rosidl_typesupport_fastrtps_cpp/turtlesim/srv/detail/dds_fastrtps/set_pen__type_support.cpp.o[0m
[7.366s] [ 18%] [32mBuilding CXX object CMakeFiles/turtlesim__rosidl_typesupport_fastrtps_cpp.dir/rosidl_typesupport_fastrtps_cpp/turtlesim/srv/detail/dds_fastrtps/kill__type_support.cpp.o[0m
[7.604s] [ 19%] [32mBuilding CXX object CMakeFiles/turtlesim__rosidl_typesupport_fastrtps_cpp.dir/rosidl_typesupport_fastrtps_cpp/turtlesim/msg/detail/dds_fastrtps/pose__type_support.cpp.o[0m
[7.833s] [ 20%] [32mBuilding CXX object CMakeFiles/turtlesim__rosidl_typesupport_fastrtps_cpp.dir/rosidl_typesupport_fastrtps_cpp/turtlesim/msg/detail/dds_fastrtps/color__type_support.cpp.o[0m
[8.067s] [ 21%] [32m[1mLinking CXX shared library libturtlesim__rosidl_typesupport_fastrtps_cpp.so[0m
[8.129s] [ 21%] Built target turtlesim__rosidl_typesupport_fastrtps_cpp
[8.141s] [ 22%] [34m[1mGenerating C++ type support dispatch for ROS interfaces[0m
[8.513s] [ 23%] [32mBuilding CXX object CMakeFiles/turtlesim__rosidl_typesupport_cpp.dir/rosidl_typesupport_cpp/turtlesim/action/rotate_absolute__type_support.cpp.o[0m
[8.782s] [ 24%] [32mBuilding CXX object CMakeFiles/turtlesim__rosidl_typesupport_cpp.dir/rosidl_typesupport_cpp/turtlesim/srv/teleport_relative__type_support.cpp.o[0m
[8.945s] [ 25%] [32mBuilding CXX object CMakeFiles/turtlesim__rosidl_typesupport_cpp.dir/rosidl_typesupport_cpp/turtlesim/srv/teleport_absolute__type_support.cpp.o[0m
[9.109s] [ 26%] [32mBuilding CXX object CMakeFiles/turtlesim__rosidl_typesupport_cpp.dir/rosidl_typesupport_cpp/turtlesim/srv/spawn__type_support.cpp.o[0m
[9.264s] [ 27%] [32mBuilding CXX object CMakeFiles/turtlesim__rosidl_typesupport_cpp.dir/rosidl_typesupport_cpp/turtlesim/srv/set_pen__type_support.cpp.o[0m
[9.425s] [ 28%] [32mBuilding CXX object CMakeFiles/turtlesim__rosidl_typesupport_cpp.dir/rosidl_typesupport_cpp/turtlesim/srv/kill__type_support.cpp.o[0m
[9.589s] [ 29%] [32mBuilding CXX object CMakeFiles/turtlesim__rosidl_typesupport_cpp.dir/rosidl_typesupport_cpp/turtlesim/msg/pose__type_support.cpp.o[0m
[9.745s] [ 30%] [32mBuilding CXX object CMakeFiles/turtlesim__rosidl_typesupport_cpp.dir/rosidl_typesupport_cpp/turtlesim/msg/color__type_support.cpp.o[0m
[9.905s] [ 31%] [32m[1mLinking CXX shared library libturtlesim__rosidl_typesupport_cpp.so[0m
[9.944s] [ 31%] Built target turtlesim__rosidl_typesupport_cpp
[9.954s] [ 32%] [34m[1mGenerating C code for ROS interfaces[0m
[10.784s] [ 33%] [32mBuilding C object CMakeFiles/turtlesim__rosidl_generator_c.dir/rosidl_generator_c/turtlesim/action/detail/rotate_absolute__functions.c.o[0m
[10.875s] [ 34%] [32mBuilding C object CMakeFiles/turtlesim__rosidl_generator_c.dir/rosidl_generator_c/turtlesim/srv/detail/teleport_relative__functions.c.o[0m
[10.916s] [ 35%] [32mBuilding C object CMakeFiles/turtlesim__rosidl_generator_c.dir/rosidl_generator_c/turtlesim/srv/detail/teleport_absolute__functions.c.o[0m
[10.956s] [ 36%] [32mBuilding C object CMakeFiles/turtlesim__rosidl_generator_c.dir/rosidl_generator_c/turtlesim/srv/detail/spawn__functions.c.o[0m
[11.002s] [ 37%] [32mBuilding C object CMakeFiles/turtlesim__rosidl_generator_c.dir/rosidl_generator_c/turtlesim/srv/detail/set_pen__functions.c.o[0m
[11.043s] [ 38%] [32mBuilding C object CMakeFiles/turtlesim__rosidl_generator_c.dir/rosidl_generator_c/turtlesim/srv/detail/kill__functions.c.o[0m
[11.092s] [ 39%] [32mBuilding C object CMakeFiles/turtlesim__rosidl_generator_c.dir/rosidl_generator_c/turtlesim/msg/detail/pose__functions.c.o[0m
[11.131s] [ 40%] [32mBuilding C object CMakeFiles/turtlesim__rosidl_generator_c.dir/rosidl_generator_c/turtlesim/msg/detail/color__functions.c.o[0m
[11.171s] [ 41%] [32m[1mLinking C shared library libturtlesim__rosidl_generator_c.so[0m
[11.206s] [ 41%] Built target turtlesim__rosidl_generator_c
[11.228s] [ 42%] [32mBuilding CXX object CMakeFiles/mimic.dir/tutorials/mimic.cpp.o[0m
[16.499s] [ 43%] [32m[1mLinking CXX executable mimic[0m
[16.760s] [ 43%] Built target mimic
[16.772s] [ 44%] [34m[1mGenerating C type support dispatch for ROS interfaces[0m
[17.135s] [ 45%] [32mBuilding CXX object CMakeFiles/turtlesim__rosidl_typesupport_c.dir/rosidl_typesupport_c/turtlesim/action/rotate_absolute__type_support.cpp.o[0m
[17.181s] [ 46%] [32mBuilding CXX object CMakeFiles/turtlesim__rosidl_typesupport_c.dir/rosidl_typesupport_c/turtlesim/srv/teleport_relative__type_support.cpp.o[0m
[17.210s] [ 47%] [32mBuilding CXX object CMakeFiles/turtlesim__rosidl_typesupport_c.dir/rosidl_typesupport_c/turtlesim/srv/teleport_absolute__type_support.cpp.o[0m
[17.241s] [ 48%] [32mBuilding CXX object CMakeFiles/turtlesim__rosidl_typesupport_c.dir/rosidl_typesupport_c/turtlesim/srv/spawn__type_support.cpp.o[0m
[17.271s] [ 49%] [32mBuilding CXX object CMakeFiles/turtlesim__rosidl_typesupport_c.dir/rosidl_typesupport_c/turtlesim/srv/set_pen__type_support.cpp.o[0m
[17.301s] [ 50%] [32mBuilding CXX object CMakeFiles/turtlesim__rosidl_typesupport_c.dir/rosidl_typesupport_c/turtlesim/srv/kill__type_support.cpp.o[0m
[17.329s] [ 51%] [32mBuilding CXX object CMakeFiles/turtlesim__rosidl_typesupport_c.dir/rosidl_typesupport_c/turtlesim/msg/pose__type_support.cpp.o[0m
[17.357s] [ 52%] [32mBuilding CXX object CMakeFiles/turtlesim__rosidl_typesupport_c.dir/rosidl_typesupport_c/turtlesim/msg/color__type_support.cpp.o[0m
[17.388s] [ 53%] [32m[1mLinking CXX shared library libturtlesim__rosidl_typesupport_c.so[0m
[17.427s] [ 53%] Built target turtlesim__rosidl_typesupport_c
[17.437s] [ 54%] [34m[1mGenerating C introspection for ROS interfaces[0m
[17.965s] [ 55%] [32mBuilding C object CMakeFiles/turtlesim__rosidl_typesupport_introspection_c.dir/rosidl_typesupport_introspection_c/turtlesim/action/detail/rotate_absolute__type_support.c.o[0m
[18.010s] [ 56%] [32mBuilding C object CMakeFiles/turtlesim__rosidl_typesupport_introspection_c.dir/rosidl_typesupport_introspection_c/turtlesim/srv/detail/teleport_relative__type_support.c.o[0m
[18.042s] [ 57%] [32mBuilding C object CMakeFiles/turtlesim__rosidl_typesupport_introspection_c.dir/rosidl_typesupport_introspection_c/turtlesim/srv/detail/teleport_absolute__type_support.c.o[0m
[18.077s] [ 58%] [32mBuilding C object CMakeFiles/turtlesim__rosidl_typesupport_introspection_c.dir/rosidl_typesupport_introspection_c/turtlesim/srv/detail/spawn__type_support.c.o[0m
[18.108s] [ 59%] [32mBuilding C object CMakeFiles/turtlesim__rosidl_typesupport_introspection_c.dir/rosidl_typesupport_introspection_c/turtlesim/srv/detail/set_pen__type_support.c.o[0m
[18.139s] [ 60%] [32mBuilding C object CMakeFiles/turtlesim__rosidl_typesupport_introspection_c.dir/rosidl_typesupport_introspection_c/turtlesim/srv/detail/kill__type_support.c.o[0m
[18.174s] [ 61%] [32mBuilding C object CMakeFiles/turtlesim__rosidl_typesupport_introspection_c.dir/rosidl_typesupport_introspection_c/turtlesim/msg/detail/pose__type_support.c.o[0m
[18.203s] [ 62%] [32mBuilding C object CMakeFiles/turtlesim__rosidl_typesupport_introspection_c.dir/rosidl_typesupport_introspection_c/turtlesim/msg/detail/color__type_support.c.o[0m
[18.231s] [ 63%] [32m[1mLinking C shared library libturtlesim__rosidl_typesupport_introspection_c.so[0m
[18.264s] [ 63%] Built target turtlesim__rosidl_typesupport_introspection_c
[18.275s] [ 64%] [34m[1mGenerating C type support for eProsima Fast-RTPS[0m
[18.837s] [ 65%] [32mBuilding CXX object CMakeFiles/turtlesim__rosidl_typesupport_fastrtps_c.dir/rosidl_typesupport_fastrtps_c/turtlesim/action/detail/rotate_absolute__type_support_c.cpp.o[0m
[19.094s] [ 66%] [32mBuilding CXX object CMakeFiles/turtlesim__rosidl_typesupport_fastrtps_c.dir/rosidl_typesupport_fastrtps_c/turtlesim/srv/detail/teleport_relative__type_support_c.cpp.o[0m
[19.308s] [ 67%] [32mBuilding CXX object CMakeFiles/turtlesim__rosidl_typesupport_fastrtps_c.dir/rosidl_typesupport_fastrtps_c/turtlesim/srv/detail/teleport_absolute__type_support_c.cpp.o[0m
[19.530s] [ 68%] [32mBuilding CXX object CMakeFiles/turtlesim__rosidl_typesupport_fastrtps_c.dir/rosidl_typesupport_fastrtps_c/turtlesim/srv/detail/spawn__type_support_c.cpp.o[0m
[19.757s] [ 69%] [32mBuilding CXX object CMakeFiles/turtlesim__rosidl_typesupport_fastrtps_c.dir/rosidl_typesupport_fastrtps_c/turtlesim/srv/detail/set_pen__type_support_c.cpp.o[0m
[19.992s] [ 70%] [32mBuilding CXX object CMakeFiles/turtlesim__rosidl_typesupport_fastrtps_c.dir/rosidl_typesupport_fastrtps_c/turtlesim/srv/detail/kill__type_support_c.cpp.o[0m
[20.226s] [ 71%] [32mBuilding CXX object CMakeFiles/turtlesim__rosidl_typesupport_fastrtps_c.dir/rosidl_typesupport_fastrtps_c/turtlesim/msg/detail/pose__type_support_c.cpp.o[0m
[20.458s] [ 72%] [32mBuilding CXX object CMakeFiles/turtlesim__rosidl_typesupport_fastrtps_c.dir/rosidl_typesupport_fastrtps_c/turtlesim/msg/detail/color__type_support_c.cpp.o[0m
[20.672s] [ 73%] [32m[1mLinking CXX shared library libturtlesim__rosidl_typesupport_fastrtps_c.so[0m
[20.743s] [ 73%] Built target turtlesim__rosidl_typesupport_fastrtps_c
[20.767s] [ 74%] [32mBuilding CXX object CMakeFiles/draw_square.dir/tutorials/draw_square.cpp.o[0m
[26.517s] [ 75%] [32m[1mLinking CXX executable draw_square[0m
[26.816s] [ 75%] Built target draw_square
[26.835s] [ 75%] Built target turtlesim
[26.856s] [ 76%] [32mBuilding CXX object CMakeFiles/turtle_teleop_key.dir/tutorials/teleop_turtle_key.cpp.o[0m
[30.877s] [ 77%] [32m[1mLinking CXX executable turtle_teleop_key[0m
[31.065s] [ 77%] Built target turtle_teleop_key
[31.086s] [ 78%] [34m[1mGenerating Python code for ROS interfaces[0m
[32.114s] [ 78%] Built target turtlesim__py
[32.124s] [ 79%] [34m[1mGenerating include/turtlesim/moc_turtle_frame.cpp[0m
[32.195s] [ 80%] [32mBuilding CXX object CMakeFiles/turtlesim_node.dir/src/turtlesim.cpp.o[0m
[35.381s] [ 81%] [32mBuilding CXX object CMakeFiles/turtlesim_node.dir/include/turtlesim/moc_turtle_frame.cpp.o[0m
[38.449s] [ 82%] [32mBuilding CXX object CMakeFiles/turtlesim_node.dir/src/turtle_frame.cpp.o[0m
[46.507s] [ 83%] [32mBuilding CXX object CMakeFiles/turtlesim_node.dir/src/turtle.cpp.o[0m
[55.095s] [ 84%] [32m[1mLinking CXX executable turtlesim_node[0m
[56.469s] [ 84%] Built target turtlesim_node
[56.490s] [ 85%] [32mBuilding C object CMakeFiles/turtlesim__rosidl_generator_py.dir/rosidl_generator_py/turtlesim/action/_rotate_absolute_s.c.o[0m
[56.585s] [ 86%] [32mBuilding C object CMakeFiles/turtlesim__rosidl_generator_py.dir/rosidl_generator_py/turtlesim/srv/_teleport_relative_s.c.o[0m
[56.661s] [ 87%] [32mBuilding C object CMakeFiles/turtlesim__rosidl_generator_py.dir/rosidl_generator_py/turtlesim/srv/_teleport_absolute_s.c.o[0m
[56.733s] [ 88%] [32mBuilding C object CMakeFiles/turtlesim__rosidl_generator_py.dir/rosidl_generator_py/turtlesim/srv/_spawn_s.c.o[0m
[56.813s] [ 89%] [32mBuilding C object CMakeFiles/turtlesim__rosidl_generator_py.dir/rosidl_generator_py/turtlesim/srv/_set_pen_s.c.o[0m
[56.886s] [ 90%] [32mBuilding C object CMakeFiles/turtlesim__rosidl_generator_py.dir/rosidl_generator_py/turtlesim/srv/_kill_s.c.o[0m
[56.961s] [ 91%] [32mBuilding C object CMakeFiles/turtlesim__rosidl_generator_py.dir/rosidl_generator_py/turtlesim/msg/_pose_s.c.o[0m
[57.031s] [ 92%] [32mBuilding C object CMakeFiles/turtlesim__rosidl_generator_py.dir/rosidl_generator_py/turtlesim/msg/_color_s.c.o[0m
[57.112s] [ 93%] [32m[1mLinking C shared library rosidl_generator_py/turtlesim/libturtlesim__rosidl_generator_py.so[0m
[57.151s] [ 93%] Built target turtlesim__rosidl_generator_py
[57.171s] [ 94%] [32mBuilding C object CMakeFiles/turtlesim__rosidl_typesupport_fastrtps_c__pyext.dir/rosidl_generator_py/turtlesim/_turtlesim_s.ep.rosidl_typesupport_fastrtps_c.c.o[0m
[57.278s] [ 95%] [32m[1mLinking C shared library rosidl_generator_py/turtlesim/turtlesim_s__rosidl_typesupport_fastrtps_c.cpython-310-x86_64-linux-gnu.so[0m
[57.313s] [ 95%] Built target turtlesim__rosidl_typesupport_fastrtps_c__pyext
[57.331s] [ 96%] [32mBuilding C object CMakeFiles/turtlesim__rosidl_typesupport_c__pyext.dir/rosidl_generator_py/turtlesim/_turtlesim_s.ep.rosidl_typesupport_c.c.o[0m
[57.435s] [ 97%] [32m[1mLinking C shared library rosidl_generator_py/turtlesim/turtlesim_s__rosidl_typesupport_c.cpython-310-x86_64-linux-gnu.so[0m
[57.467s] [ 97%] Built target turtlesim__rosidl_typesupport_c__pyext
[57.485s] [ 98%] [32mBuilding C object CMakeFiles/turtlesim__rosidl_typesupport_introspection_c__pyext.dir/rosidl_generator_py/turtlesim/_turtlesim_s.ep.rosidl_typesupport_introspection_c.c.o[0m
[57.591s] [100%] [32m[1mLinking C shared library rosidl_generator_py/turtlesim/turtlesim_s__rosidl_typesupport_introspection_c.cpython-310-x86_64-linux-gnu.so[0m
[57.626s] [100%] Built target turtlesim__rosidl_typesupport_introspection_c__pyext
[57.637s] Invoked command in '/home/sunny/ros2_ws/build/turtlesim' returned '0': CMAKE_PREFIX_PATH=/opt/ros/humble /usr/bin/cmake --build /home/sunny/ros2_ws/build/turtlesim -- -j16 -l16
[57.639s] Invoking command in '/home/sunny/ros2_ws/build/turtlesim': CMAKE_PREFIX_PATH=/opt/ros/humble /usr/bin/cmake --install /home/sunny/ros2_ws/build/turtlesim
[57.646s] -- Install configuration: ""
[57.647s] -- Installing: /home/sunny/ros2_ws/install/turtlesim/share/ament_index/resource_index/rosidl_interfaces/turtlesim
[57.647s] -- Installing: /home/sunny/ros2_ws/install/turtlesim/include/turtlesim/turtlesim
[57.647s] -- Installing: /home/sunny/ros2_ws/install/turtlesim/include/turtlesim/turtlesim/action
[57.647s] -- Installing: /home/sunny/ros2_ws/install/turtlesim/include/turtlesim/turtlesim/action/rotate_absolute.h
[57.647s] -- Installing: /home/sunny/ros2_ws/install/turtlesim/include/turtlesim/turtlesim/action/detail
[57.647s] -- Installing: /home/sunny/ros2_ws/install/turtlesim/include/turtlesim/turtlesim/action/detail/rotate_absolute__type_support.h
[57.647s] -- Installing: /home/sunny/ros2_ws/install/turtlesim/include/turtlesim/turtlesim/action/detail/rotate_absolute__functions.c
[57.647s] -- Installing: /home/sunny/ros2_ws/install/turtlesim/include/turtlesim/turtlesim/action/detail/rotate_absolute__struct.h
[57.647s] -- Installing: /home/sunny/ros2_ws/install/turtlesim/include/turtlesim/turtlesim/action/detail/rotate_absolute__functions.h
[57.648s] -- Installing: /home/sunny/ros2_ws/install/turtlesim/include/turtlesim/turtlesim/msg
[57.648s] -- Installing: /home/sunny/ros2_ws/install/turtlesim/include/turtlesim/turtlesim/msg/pose.h
[57.648s] -- Installing: /home/sunny/ros2_ws/install/turtlesim/include/turtlesim/turtlesim/msg/detail
[57.648s] -- Installing: /home/sunny/ros2_ws/install/turtlesim/include/turtlesim/turtlesim/msg/detail/color__functions.c
[57.648s] -- Installing: /home/sunny/ros2_ws/install/turtlesim/include/turtlesim/turtlesim/msg/detail/color__type_support.h
[57.648s] -- Installing: /home/sunny/ros2_ws/install/turtlesim/include/turtlesim/turtlesim/msg/detail/pose__type_support.h
[57.648s] -- Installing: /home/sunny/ros2_ws/install/turtlesim/include/turtlesim/turtlesim/msg/detail/pose__functions.h
[57.648s] -- Installing: /home/sunny/ros2_ws/install/turtlesim/include/turtlesim/turtlesim/msg/detail/color__struct.h
[57.648s] -- Installing: /home/sunny/ros2_ws/install/turtlesim/include/turtlesim/turtlesim/msg/detail/color__functions.h
[57.648s] -- Installing: /home/sunny/ros2_ws/install/turtlesim/include/turtlesim/turtlesim/msg/detail/pose__functions.c
[57.648s] -- Installing: /home/sunny/ros2_ws/install/turtlesim/include/turtlesim/turtlesim/msg/detail/pose__struct.h
[57.648s] -- Installing: /home/sunny/ros2_ws/install/turtlesim/include/turtlesim/turtlesim/msg/color.h
[57.648s] -- Installing: /home/sunny/ros2_ws/install/turtlesim/include/turtlesim/turtlesim/msg/rosidl_generator_c__visibility_control.h
[57.648s] -- Installing: /home/sunny/ros2_ws/install/turtlesim/include/turtlesim/turtlesim/srv
[57.648s] -- Installing: /home/sunny/ros2_ws/install/turtlesim/include/turtlesim/turtlesim/srv/teleport_relative.h
[57.648s] -- Installing: /home/sunny/ros2_ws/install/turtlesim/include/turtlesim/turtlesim/srv/detail
[57.648s] -- Installing: /home/sunny/ros2_ws/install/turtlesim/include/turtlesim/turtlesim/srv/detail/teleport_relative__struct.h
[57.649s] -- Installing: /home/sunny/ros2_ws/install/turtlesim/include/turtlesim/turtlesim/srv/detail/kill__type_support.h
[57.649s] -- Installing: /home/sunny/ros2_ws/install/turtlesim/include/turtlesim/turtlesim/srv/detail/kill__functions.h
[57.649s] -- Installing: /home/sunny/ros2_ws/install/turtlesim/include/turtlesim/turtlesim/srv/detail/spawn__type_support.h
[57.649s] -- Installing: /home/sunny/ros2_ws/install/turtlesim/include/turtlesim/turtlesim/srv/detail/set_pen__functions.c
[57.649s] -- Installing: /home/sunny/ros2_ws/install/turtlesim/include/turtlesim/turtlesim/srv/detail/teleport_relative__functions.c
[57.649s] -- Installing: /home/sunny/ros2_ws/install/turtlesim/include/turtlesim/turtlesim/srv/detail/set_pen__functions.h
[57.649s] -- Installing: /home/sunny/ros2_ws/install/turtlesim/include/turtlesim/turtlesim/srv/detail/spawn__functions.h
[57.649s] -- Installing: /home/sunny/ros2_ws/install/turtlesim/include/turtlesim/turtlesim/srv/detail/teleport_absolute__struct.h
[57.649s] -- Installing: /home/sunny/ros2_ws/install/turtlesim/include/turtlesim/turtlesim/srv/detail/spawn__functions.c
[57.649s] -- Installing: /home/sunny/ros2_ws/install/turtlesim/include/turtlesim/turtlesim/srv/detail/teleport_absolute__functions.c
[57.649s] -- Installing: /home/sunny/ros2_ws/install/turtlesim/include/turtlesim/turtlesim/srv/detail/teleport_relative__functions.h
[57.650s] -- Installing: /home/sunny/ros2_ws/install/turtlesim/include/turtlesim/turtlesim/srv/detail/spawn__struct.h
[57.650s] -- Installing: /home/sunny/ros2_ws/install/turtlesim/include/turtlesim/turtlesim/srv/detail/teleport_absolute__type_support.h
[57.650s] -- Installing: /home/sunny/ros2_ws/install/turtlesim/include/turtlesim/turtlesim/srv/detail/teleport_absolute__functions.h
[57.650s] -- Installing: /home/sunny/ros2_ws/install/turtlesim/include/turtlesim/turtlesim/srv/detail/kill__struct.h
[57.650s] -- Installing: /home/sunny/ros2_ws/install/turtlesim/include/turtlesim/turtlesim/srv/detail/teleport_relative__type_support.h
[57.650s] -- Installing: /home/sunny/ros2_ws/install/turtlesim/include/turtlesim/turtlesim/srv/detail/kill__functions.c
[57.650s] -- Installing: /home/sunny/ros2_ws/install/turtlesim/include/turtlesim/turtlesim/srv/detail/set_pen__type_support.h
[57.650s] -- Installing: /home/sunny/ros2_ws/install/turtlesim/include/turtlesim/turtlesim/srv/detail/set_pen__struct.h
[57.650s] -- Installing: /home/sunny/ros2_ws/install/turtlesim/include/turtlesim/turtlesim/srv/set_pen.h
[57.650s] -- Installing: /home/sunny/ros2_ws/install/turtlesim/include/turtlesim/turtlesim/srv/spawn.h
[57.650s] -- Installing: /home/sunny/ros2_ws/install/turtlesim/include/turtlesim/turtlesim/srv/kill.h
[57.650s] -- Installing: /home/sunny/ros2_ws/install/turtlesim/include/turtlesim/turtlesim/srv/teleport_absolute.h
[57.651s] -- Installing: /home/sunny/ros2_ws/install/turtlesim/share/turtlesim/environment/library_path.sh
[57.651s] -- Installing: /home/sunny/ros2_ws/install/turtlesim/share/turtlesim/environment/library_path.dsv
[57.651s] -- Installing: /home/sunny/ros2_ws/install/turtlesim/lib/libturtlesim__rosidl_generator_c.so
[57.651s] -- Set runtime path of "/home/sunny/ros2_ws/install/turtlesim/lib/libturtlesim__rosidl_generator_c.so" to ""
[57.651s] -- Up-to-date: /home/sunny/ros2_ws/install/turtlesim/include/turtlesim/turtlesim
[57.651s] -- Up-to-date: /home/sunny/ros2_ws/install/turtlesim/include/turtlesim/turtlesim/action
[57.651s] -- Up-to-date: /home/sunny/ros2_ws/install/turtlesim/include/turtlesim/turtlesim/action/detail
[57.651s] -- Installing: /home/sunny/ros2_ws/install/turtlesim/include/turtlesim/turtlesim/action/detail/rotate_absolute__rosidl_typesupport_fastrtps_c.h
[57.651s] -- Up-to-date: /home/sunny/ros2_ws/install/turtlesim/include/turtlesim/turtlesim/msg
[57.651s] -- Up-to-date: /home/sunny/ros2_ws/install/turtlesim/include/turtlesim/turtlesim/msg/detail
[57.652s] -- Installing: /home/sunny/ros2_ws/install/turtlesim/include/turtlesim/turtlesim/msg/detail/color__rosidl_typesupport_fastrtps_c.h
[57.652s] -- Installing: /home/sunny/ros2_ws/install/turtlesim/include/turtlesim/turtlesim/msg/detail/pose__rosidl_typesupport_fastrtps_c.h
[57.652s] -- Installing: /home/sunny/ros2_ws/install/turtlesim/include/turtlesim/turtlesim/msg/rosidl_typesupport_fastrtps_c__visibility_control.h
[57.652s] -- Up-to-date: /home/sunny/ros2_ws/install/turtlesim/include/turtlesim/turtlesim/srv
[57.652s] -- Up-to-date: /home/sunny/ros2_ws/install/turtlesim/include/turtlesim/turtlesim/srv/detail
[57.652s] -- Installing: /home/sunny/ros2_ws/install/turtlesim/include/turtlesim/turtlesim/srv/detail/kill__rosidl_typesupport_fastrtps_c.h
[57.652s] -- Installing: /home/sunny/ros2_ws/install/turtlesim/include/turtlesim/turtlesim/srv/detail/set_pen__rosidl_typesupport_fastrtps_c.h
[57.652s] -- Installing: /home/sunny/ros2_ws/install/turtlesim/include/turtlesim/turtlesim/srv/detail/spawn__rosidl_typesupport_fastrtps_c.h
[57.652s] -- Installing: /home/sunny/ros2_ws/install/turtlesim/include/turtlesim/turtlesim/srv/detail/teleport_relative__rosidl_typesupport_fastrtps_c.h
[57.652s] -- Installing: /home/sunny/ros2_ws/install/turtlesim/include/turtlesim/turtlesim/srv/detail/teleport_absolute__rosidl_typesupport_fastrtps_c.h
[57.652s] -- Installing: /home/sunny/ros2_ws/install/turtlesim/lib/libturtlesim__rosidl_typesupport_fastrtps_c.so
[57.653s] -- Set runtime path of "/home/sunny/ros2_ws/install/turtlesim/lib/libturtlesim__rosidl_typesupport_fastrtps_c.so" to ""
[57.653s] -- Up-to-date: /home/sunny/ros2_ws/install/turtlesim/include/turtlesim/turtlesim
[57.653s] -- Up-to-date: /home/sunny/ros2_ws/install/turtlesim/include/turtlesim/turtlesim/action
[57.653s] -- Installing: /home/sunny/ros2_ws/install/turtlesim/include/turtlesim/turtlesim/action/rotate_absolute.hpp
[57.653s] -- Up-to-date: /home/sunny/ros2_ws/install/turtlesim/include/turtlesim/turtlesim/action/detail
[57.653s] -- Installing: /home/sunny/ros2_ws/install/turtlesim/include/turtlesim/turtlesim/action/detail/rotate_absolute__builder.hpp
[57.653s] -- Installing: /home/sunny/ros2_ws/install/turtlesim/include/turtlesim/turtlesim/action/detail/rotate_absolute__struct.hpp
[57.653s] -- Installing: /home/sunny/ros2_ws/install/turtlesim/include/turtlesim/turtlesim/action/detail/rotate_absolute__type_support.hpp
[57.653s] -- Installing: /home/sunny/ros2_ws/install/turtlesim/include/turtlesim/turtlesim/action/detail/rotate_absolute__traits.hpp
[57.653s] -- Up-to-date: /home/sunny/ros2_ws/install/turtlesim/include/turtlesim/turtlesim/msg
[57.653s] -- Installing: /home/sunny/ros2_ws/install/turtlesim/include/turtlesim/turtlesim/msg/rosidl_generator_cpp__visibility_control.hpp
[57.653s] -- Up-to-date: /home/sunny/ros2_ws/install/turtlesim/include/turtlesim/turtlesim/msg/detail
[57.653s] -- Installing: /home/sunny/ros2_ws/install/turtlesim/include/turtlesim/turtlesim/msg/detail/pose__builder.hpp
[57.653s] -- Installing: /home/sunny/ros2_ws/install/turtlesim/include/turtlesim/turtlesim/msg/detail/color__traits.hpp
[57.653s] -- Installing: /home/sunny/ros2_ws/install/turtlesim/include/turtlesim/turtlesim/msg/detail/pose__struct.hpp
[57.654s] -- Installing: /home/sunny/ros2_ws/install/turtlesim/include/turtlesim/turtlesim/msg/detail/pose__traits.hpp
[57.654s] -- Installing: /home/sunny/ros2_ws/install/turtlesim/include/turtlesim/turtlesim/msg/detail/color__builder.hpp
[57.654s] -- Installing: /home/sunny/ros2_ws/install/turtlesim/include/turtlesim/turtlesim/msg/detail/color__type_support.hpp
[57.654s] -- Installing: /home/sunny/ros2_ws/install/turtlesim/include/turtlesim/turtlesim/msg/detail/pose__type_support.hpp
[57.654s] -- Installing: /home/sunny/ros2_ws/install/turtlesim/include/turtlesim/turtlesim/msg/detail/color__struct.hpp
[57.654s] -- Installing: /home/sunny/ros2_ws/install/turtlesim/include/turtlesim/turtlesim/msg/pose.hpp
[57.654s] -- Installing: /home/sunny/ros2_ws/install/turtlesim/include/turtlesim/turtlesim/msg/color.hpp
[57.654s] -- Up-to-date: /home/sunny/ros2_ws/install/turtlesim/include/turtlesim/turtlesim/srv
[57.654s] -- Installing: /home/sunny/ros2_ws/install/turtlesim/include/turtlesim/turtlesim/srv/set_pen.hpp
[57.654s] -- Installing: /home/sunny/ros2_ws/install/turtlesim/include/turtlesim/turtlesim/srv/teleport_relative.hpp
[57.655s] -- Up-to-date: /home/sunny/ros2_ws/install/turtlesim/include/turtlesim/turtlesim/srv/detail
[57.655s] -- Installing: /home/sunny/ros2_ws/install/turtlesim/include/turtlesim/turtlesim/srv/detail/kill__builder.hpp
[57.655s] -- Installing: /home/sunny/ros2_ws/install/turtlesim/include/turtlesim/turtlesim/srv/detail/set_pen__struct.hpp
[57.655s] -- Installing: /home/sunny/ros2_ws/install/turtlesim/include/turtlesim/turtlesim/srv/detail/teleport_relative__type_support.hpp
[57.655s] -- Installing: /home/sunny/ros2_ws/install/turtlesim/include/turtlesim/turtlesim/srv/detail/set_pen__traits.hpp
[57.655s] -- Installing: /home/sunny/ros2_ws/install/turtlesim/include/turtlesim/turtlesim/srv/detail/spawn__type_support.hpp
[57.655s] -- Installing: /home/sunny/ros2_ws/install/turtlesim/include/turtlesim/turtlesim/srv/detail/kill__type_support.hpp
[57.655s] -- Installing: /home/sunny/ros2_ws/install/turtlesim/include/turtlesim/turtlesim/srv/detail/teleport_absolute__struct.hpp
[57.655s] -- Installing: /home/sunny/ros2_ws/install/turtlesim/include/turtlesim/turtlesim/srv/detail/teleport_absolute__builder.hpp
[57.655s] -- Installing: /home/sunny/ros2_ws/install/turtlesim/include/turtlesim/turtlesim/srv/detail/kill__struct.hpp
[57.655s] -- Installing: /home/sunny/ros2_ws/install/turtlesim/include/turtlesim/turtlesim/srv/detail/spawn__struct.hpp
[57.655s] -- Installing: /home/sunny/ros2_ws/install/turtlesim/include/turtlesim/turtlesim/srv/detail/teleport_relative__builder.hpp
[57.655s] -- Installing: /home/sunny/ros2_ws/install/turtlesim/include/turtlesim/turtlesim/srv/detail/set_pen__type_support.hpp
[57.655s] -- Installing: /home/sunny/ros2_ws/install/turtlesim/include/turtlesim/turtlesim/srv/detail/teleport_absolute__traits.hpp
[57.655s] -- Installing: /home/sunny/ros2_ws/install/turtlesim/include/turtlesim/turtlesim/srv/detail/kill__traits.hpp
[57.656s] -- Installing: /home/sunny/ros2_ws/install/turtlesim/include/turtlesim/turtlesim/srv/detail/teleport_absolute__type_support.hpp
[57.656s] -- Installing: /home/sunny/ros2_ws/install/turtlesim/include/turtlesim/turtlesim/srv/detail/set_pen__builder.hpp
[57.656s] -- Installing: /home/sunny/ros2_ws/install/turtlesim/include/turtlesim/turtlesim/srv/detail/spawn__builder.hpp
[57.656s] -- Installing: /home/sunny/ros2_ws/install/turtlesim/include/turtlesim/turtlesim/srv/detail/teleport_relative__struct.hpp
[57.656s] -- Installing: /home/sunny/ros2_ws/install/turtlesim/include/turtlesim/turtlesim/srv/detail/spawn__traits.hpp
[57.656s] -- Installing: /home/sunny/ros2_ws/install/turtlesim/include/turtlesim/turtlesim/srv/detail/teleport_relative__traits.hpp
[57.656s] -- Installing: /home/sunny/ros2_ws/install/turtlesim/include/turtlesim/turtlesim/srv/teleport_absolute.hpp
[57.656s] -- Installing: /home/sunny/ros2_ws/install/turtlesim/include/turtlesim/turtlesim/srv/kill.hpp
[57.656s] -- Installing: /home/sunny/ros2_ws/install/turtlesim/include/turtlesim/turtlesim/srv/spawn.hpp
[57.656s] -- Up-to-date: /home/sunny/ros2_ws/install/turtlesim/include/turtlesim/turtlesim
[57.656s] -- Up-to-date: /home/sunny/ros2_ws/install/turtlesim/include/turtlesim/turtlesim/action
[57.656s] -- Up-to-date: /home/sunny/ros2_ws/install/turtlesim/include/turtlesim/turtlesim/action/detail
[57.656s] -- Installing: /home/sunny/ros2_ws/install/turtlesim/include/turtlesim/turtlesim/action/detail/rotate_absolute__rosidl_typesupport_fastrtps_cpp.hpp
[57.657s] -- Installing: /home/sunny/ros2_ws/install/turtlesim/include/turtlesim/turtlesim/action/detail/dds_fastrtps
[57.657s] -- Up-to-date: /home/sunny/ros2_ws/install/turtlesim/include/turtlesim/turtlesim/msg
[57.657s] -- Up-to-date: /home/sunny/ros2_ws/install/turtlesim/include/turtlesim/turtlesim/msg/detail
[57.657s] -- Installing: /home/sunny/ros2_ws/install/turtlesim/include/turtlesim/turtlesim/msg/detail/color__rosidl_typesupport_fastrtps_cpp.hpp
[57.657s] -- Installing: /home/sunny/ros2_ws/install/turtlesim/include/turtlesim/turtlesim/msg/detail/dds_fastrtps
[57.657s] -- Installing: /home/sunny/ros2_ws/install/turtlesim/include/turtlesim/turtlesim/msg/detail/pose__rosidl_typesupport_fastrtps_cpp.hpp
[57.657s] -- Installing: /home/sunny/ros2_ws/install/turtlesim/include/turtlesim/turtlesim/msg/rosidl_typesupport_fastrtps_cpp__visibility_control.h
[57.657s] -- Up-to-date: /home/sunny/ros2_ws/install/turtlesim/include/turtlesim/turtlesim/srv
[57.657s] -- Up-to-date: /home/sunny/ros2_ws/install/turtlesim/include/turtlesim/turtlesim/srv/detail
[57.657s] -- Installing: /home/sunny/ros2_ws/install/turtlesim/include/turtlesim/turtlesim/srv/detail/teleport_relative__rosidl_typesupport_fastrtps_cpp.hpp
[57.657s] -- Installing: /home/sunny/ros2_ws/install/turtlesim/include/turtlesim/turtlesim/srv/detail/spawn__rosidl_typesupport_fastrtps_cpp.hpp
[57.657s] -- Installing: /home/sunny/ros2_ws/install/turtlesim/include/turtlesim/turtlesim/srv/detail/teleport_absolute__rosidl_typesupport_fastrtps_cpp.hpp
[57.657s] -- Installing: /home/sunny/ros2_ws/install/turtlesim/include/turtlesim/turtlesim/srv/detail/kill__rosidl_typesupport_fastrtps_cpp.hpp
[57.657s] -- Installing: /home/sunny/ros2_ws/install/turtlesim/include/turtlesim/turtlesim/srv/detail/dds_fastrtps
[57.657s] -- Installing: /home/sunny/ros2_ws/install/turtlesim/include/turtlesim/turtlesim/srv/detail/set_pen__rosidl_typesupport_fastrtps_cpp.hpp
[57.658s] -- Installing: /home/sunny/ros2_ws/install/turtlesim/lib/libturtlesim__rosidl_typesupport_fastrtps_cpp.so
[57.658s] -- Set runtime path of "/home/sunny/ros2_ws/install/turtlesim/lib/libturtlesim__rosidl_typesupport_fastrtps_cpp.so" to ""
[57.658s] -- Up-to-date: /home/sunny/ros2_ws/install/turtlesim/include/turtlesim/turtlesim
[57.658s] -- Up-to-date: /home/sunny/ros2_ws/install/turtlesim/include/turtlesim/turtlesim/action
[57.658s] -- Up-to-date: /home/sunny/ros2_ws/install/turtlesim/include/turtlesim/turtlesim/action/detail
[57.658s] -- Installing: /home/sunny/ros2_ws/install/turtlesim/include/turtlesim/turtlesim/action/detail/rotate_absolute__rosidl_typesupport_introspection_c.h
[57.658s] -- Installing: /home/sunny/ros2_ws/install/turtlesim/include/turtlesim/turtlesim/action/detail/rotate_absolute__type_support.c
[57.658s] -- Up-to-date: /home/sunny/ros2_ws/install/turtlesim/include/turtlesim/turtlesim/msg
[57.658s] -- Up-to-date: /home/sunny/ros2_ws/install/turtlesim/include/turtlesim/turtlesim/msg/detail
[57.658s] -- Installing: /home/sunny/ros2_ws/install/turtlesim/include/turtlesim/turtlesim/msg/detail/color__rosidl_typesupport_introspection_c.h
[57.658s] -- Installing: /home/sunny/ros2_ws/install/turtlesim/include/turtlesim/turtlesim/msg/detail/pose__rosidl_typesupport_introspection_c.h
[57.658s] -- Installing: /home/sunny/ros2_ws/install/turtlesim/include/turtlesim/turtlesim/msg/detail/pose__type_support.c
[57.659s] -- Installing: /home/sunny/ros2_ws/install/turtlesim/include/turtlesim/turtlesim/msg/detail/color__type_support.c
[57.659s] -- Installing: /home/sunny/ros2_ws/install/turtlesim/include/turtlesim/turtlesim/msg/rosidl_typesupport_introspection_c__visibility_control.h
[57.659s] -- Up-to-date: /home/sunny/ros2_ws/install/turtlesim/include/turtlesim/turtlesim/srv
[57.659s] -- Up-to-date: /home/sunny/ros2_ws/install/turtlesim/include/turtlesim/turtlesim/srv/detail
[57.659s] -- Installing: /home/sunny/ros2_ws/install/turtlesim/include/turtlesim/turtlesim/srv/detail/kill__type_support.c
[57.659s] -- Installing: /home/sunny/ros2_ws/install/turtlesim/include/turtlesim/turtlesim/srv/detail/kill__rosidl_typesupport_introspection_c.h
[57.659s] -- Installing: /home/sunny/ros2_ws/install/turtlesim/include/turtlesim/turtlesim/srv/detail/spawn__rosidl_typesupport_introspection_c.h
[57.659s] -- Installing: /home/sunny/ros2_ws/install/turtlesim/include/turtlesim/turtlesim/srv/detail/teleport_relative__rosidl_typesupport_introspection_c.h
[57.659s] -- Installing: /home/sunny/ros2_ws/install/turtlesim/include/turtlesim/turtlesim/srv/detail/teleport_absolute__rosidl_typesupport_introspection_c.h
[57.659s] -- Installing: /home/sunny/ros2_ws/install/turtlesim/include/turtlesim/turtlesim/srv/detail/set_pen__rosidl_typesupport_introspection_c.h
[57.659s] -- Installing: /home/sunny/ros2_ws/install/turtlesim/include/turtlesim/turtlesim/srv/detail/spawn__type_support.c
[57.659s] -- Installing: /home/sunny/ros2_ws/install/turtlesim/include/turtlesim/turtlesim/srv/detail/set_pen__type_support.c
[57.660s] -- Installing: /home/sunny/ros2_ws/install/turtlesim/include/turtlesim/turtlesim/srv/detail/teleport_absolute__type_support.c
[57.660s] -- Installing: /home/sunny/ros2_ws/install/turtlesim/include/turtlesim/turtlesim/srv/detail/teleport_relative__type_support.c
[57.660s] -- Installing: /home/sunny/ros2_ws/install/turtlesim/lib/libturtlesim__rosidl_typesupport_introspection_c.so
[57.660s] -- Set runtime path of "/home/sunny/ros2_ws/install/turtlesim/lib/libturtlesim__rosidl_typesupport_introspection_c.so" to ""
[57.660s] -- Installing: /home/sunny/ros2_ws/install/turtlesim/lib/libturtlesim__rosidl_typesupport_c.so
[57.660s] -- Set runtime path of "/home/sunny/ros2_ws/install/turtlesim/lib/libturtlesim__rosidl_typesupport_c.so" to ""
[57.660s] -- Up-to-date: /home/sunny/ros2_ws/install/turtlesim/include/turtlesim/turtlesim
[57.660s] -- Up-to-date: /home/sunny/ros2_ws/install/turtlesim/include/turtlesim/turtlesim/action
[57.660s] -- Up-to-date: /home/sunny/ros2_ws/install/turtlesim/include/turtlesim/turtlesim/action/detail
[57.661s] -- Installing: /home/sunny/ros2_ws/install/turtlesim/include/turtlesim/turtlesim/action/detail/rotate_absolute__type_support.cpp
[57.661s] -- Installing: /home/sunny/ros2_ws/install/turtlesim/include/turtlesim/turtlesim/action/detail/rotate_absolute__rosidl_typesupport_introspection_cpp.hpp
[57.661s] -- Up-to-date: /home/sunny/ros2_ws/install/turtlesim/include/turtlesim/turtlesim/msg
[57.661s] -- Up-to-date: /home/sunny/ros2_ws/install/turtlesim/include/turtlesim/turtlesim/msg/detail
[57.661s] -- Installing: /home/sunny/ros2_ws/install/turtlesim/include/turtlesim/turtlesim/msg/detail/color__type_support.cpp
[57.661s] -- Installing: /home/sunny/ros2_ws/install/turtlesim/include/turtlesim/turtlesim/msg/detail/pose__rosidl_typesupport_introspection_cpp.hpp
[57.661s] -- Installing: /home/sunny/ros2_ws/install/turtlesim/include/turtlesim/turtlesim/msg/detail/pose__type_support.cpp
[57.661s] -- Installing: /home/sunny/ros2_ws/install/turtlesim/include/turtlesim/turtlesim/msg/detail/color__rosidl_typesupport_introspection_cpp.hpp
[57.661s] -- Up-to-date: /home/sunny/ros2_ws/install/turtlesim/include/turtlesim/turtlesim/srv
[57.661s] -- Up-to-date: /home/sunny/ros2_ws/install/turtlesim/include/turtlesim/turtlesim/srv/detail
[57.661s] -- Installing: /home/sunny/ros2_ws/install/turtlesim/include/turtlesim/turtlesim/srv/detail/teleport_relative__rosidl_typesupport_introspection_cpp.hpp
[57.661s] -- Installing: /home/sunny/ros2_ws/install/turtlesim/include/turtlesim/turtlesim/srv/detail/kill__type_support.cpp
[57.661s] -- Installing: /home/sunny/ros2_ws/install/turtlesim/include/turtlesim/turtlesim/srv/detail/spawn__type_support.cpp
[57.661s] -- Installing: /home/sunny/ros2_ws/install/turtlesim/include/turtlesim/turtlesim/srv/detail/set_pen__rosidl_typesupport_introspection_cpp.hpp
[57.662s] -- Installing: /home/sunny/ros2_ws/install/turtlesim/include/turtlesim/turtlesim/srv/detail/teleport_absolute__type_support.cpp
[57.662s] -- Installing: /home/sunny/ros2_ws/install/turtlesim/include/turtlesim/turtlesim/srv/detail/kill__rosidl_typesupport_introspection_cpp.hpp
[57.662s] -- Installing: /home/sunny/ros2_ws/install/turtlesim/include/turtlesim/turtlesim/srv/detail/teleport_absolute__rosidl_typesupport_introspection_cpp.hpp
[57.662s] -- Installing: /home/sunny/ros2_ws/install/turtlesim/include/turtlesim/turtlesim/srv/detail/spawn__rosidl_typesupport_introspection_cpp.hpp
[57.662s] -- Installing: /home/sunny/ros2_ws/install/turtlesim/include/turtlesim/turtlesim/srv/detail/teleport_relative__type_support.cpp
[57.662s] -- Installing: /home/sunny/ros2_ws/install/turtlesim/include/turtlesim/turtlesim/srv/detail/set_pen__type_support.cpp
[57.662s] -- Installing: /home/sunny/ros2_ws/install/turtlesim/lib/libturtlesim__rosidl_typesupport_introspection_cpp.so
[57.663s] -- Set runtime path of "/home/sunny/ros2_ws/install/turtlesim/lib/libturtlesim__rosidl_typesupport_introspection_cpp.so" to ""
[57.663s] -- Installing: /home/sunny/ros2_ws/install/turtlesim/lib/libturtlesim__rosidl_typesupport_cpp.so
[57.663s] -- Set runtime path of "/home/sunny/ros2_ws/install/turtlesim/lib/libturtlesim__rosidl_typesupport_cpp.so" to ""
[57.663s] -- Installing: /home/sunny/ros2_ws/install/turtlesim/share/turtlesim/environment/pythonpath.sh
[57.663s] -- Installing: /home/sunny/ros2_ws/install/turtlesim/share/turtlesim/environment/pythonpath.dsv
[57.663s] -- Installing: /home/sunny/ros2_ws/install/turtlesim/local/lib/python3.10/dist-packages/turtlesim-1.4.3-py3.10.egg-info
[57.663s] -- Installing: /home/sunny/ros2_ws/install/turtlesim/local/lib/python3.10/dist-packages/turtlesim-1.4.3-py3.10.egg-info/top_level.txt
[57.663s] -- Installing: /home/sunny/ros2_ws/install/turtlesim/local/lib/python3.10/dist-packages/turtlesim-1.4.3-py3.10.egg-info/PKG-INFO
[57.663s] -- Installing: /home/sunny/ros2_ws/install/turtlesim/local/lib/python3.10/dist-packages/turtlesim-1.4.3-py3.10.egg-info/SOURCES.txt
[57.663s] -- Installing: /home/sunny/ros2_ws/install/turtlesim/local/lib/python3.10/dist-packages/turtlesim-1.4.3-py3.10.egg-info/dependency_links.txt
[57.664s] -- Installing: /home/sunny/ros2_ws/install/turtlesim/local/lib/python3.10/dist-packages/turtlesim
[57.664s] -- Installing: /home/sunny/ros2_ws/install/turtlesim/local/lib/python3.10/dist-packages/turtlesim/action
[57.664s] -- Installing: /home/sunny/ros2_ws/install/turtlesim/local/lib/python3.10/dist-packages/turtlesim/action/__init__.py
[57.664s] -- Installing: /home/sunny/ros2_ws/install/turtlesim/local/lib/python3.10/dist-packages/turtlesim/action/_rotate_absolute.py
[57.664s] -- Installing: /home/sunny/ros2_ws/install/turtlesim/local/lib/python3.10/dist-packages/turtlesim/action/_rotate_absolute_s.c
[57.664s] -- Installing: /home/sunny/ros2_ws/install/turtlesim/local/lib/python3.10/dist-packages/turtlesim/msg
[57.664s] -- Installing: /home/sunny/ros2_ws/install/turtlesim/local/lib/python3.10/dist-packages/turtlesim/msg/_color.py
[57.664s] -- Installing: /home/sunny/ros2_ws/install/turtlesim/local/lib/python3.10/dist-packages/turtlesim/msg/_pose.py
[57.664s] -- Installing: /home/sunny/ros2_ws/install/turtlesim/local/lib/python3.10/dist-packages/turtlesim/msg/__init__.py
[57.664s] -- Installing: /home/sunny/ros2_ws/install/turtlesim/local/lib/python3.10/dist-packages/turtlesim/msg/_color_s.c
[57.664s] -- Installing: /home/sunny/ros2_ws/install/turtlesim/local/lib/python3.10/dist-packages/turtlesim/msg/_pose_s.c
[57.664s] -- Installing: /home/sunny/ros2_ws/install/turtlesim/local/lib/python3.10/dist-packages/turtlesim/libturtlesim__rosidl_generator_py.so
[57.665s] -- Installing: /home/sunny/ros2_ws/install/turtlesim/local/lib/python3.10/dist-packages/turtlesim/__init__.py
[57.665s] -- Installing: /home/sunny/ros2_ws/install/turtlesim/local/lib/python3.10/dist-packages/turtlesim/turtlesim_s__rosidl_typesupport_c.cpython-310-x86_64-linux-gnu.so
[57.665s] -- Installing: /home/sunny/ros2_ws/install/turtlesim/local/lib/python3.10/dist-packages/turtlesim/_turtlesim_s.ep.rosidl_typesupport_introspection_c.c
[57.665s] -- Installing: /home/sunny/ros2_ws/install/turtlesim/local/lib/python3.10/dist-packages/turtlesim/srv
[57.665s] -- Installing: /home/sunny/ros2_ws/install/turtlesim/local/lib/python3.10/dist-packages/turtlesim/srv/_set_pen.py
[57.665s] -- Installing: /home/sunny/ros2_ws/install/turtlesim/local/lib/python3.10/dist-packages/turtlesim/srv/_teleport_absolute_s.c
[57.665s] -- Installing: /home/sunny/ros2_ws/install/turtlesim/local/lib/python3.10/dist-packages/turtlesim/srv/_teleport_absolute.py
[57.665s] -- Installing: /home/sunny/ros2_ws/install/turtlesim/local/lib/python3.10/dist-packages/turtlesim/srv/__init__.py
[57.665s] -- Installing: /home/sunny/ros2_ws/install/turtlesim/local/lib/python3.10/dist-packages/turtlesim/srv/_spawn.py
[57.666s] -- Installing: /home/sunny/ros2_ws/install/turtlesim/local/lib/python3.10/dist-packages/turtlesim/srv/_teleport_relative_s.c
[57.666s] -- Installing: /home/sunny/ros2_ws/install/turtlesim/local/lib/python3.10/dist-packages/turtlesim/srv/_spawn_s.c
[57.666s] -- Installing: /home/sunny/ros2_ws/install/turtlesim/local/lib/python3.10/dist-packages/turtlesim/srv/_teleport_relative.py
[57.666s] -- Installing: /home/sunny/ros2_ws/install/turtlesim/local/lib/python3.10/dist-packages/turtlesim/srv/_set_pen_s.c
[57.666s] -- Installing: /home/sunny/ros2_ws/install/turtlesim/local/lib/python3.10/dist-packages/turtlesim/srv/_kill_s.c
[57.666s] -- Installing: /home/sunny/ros2_ws/install/turtlesim/local/lib/python3.10/dist-packages/turtlesim/srv/_kill.py
[57.666s] -- Installing: /home/sunny/ros2_ws/install/turtlesim/local/lib/python3.10/dist-packages/turtlesim/turtlesim_s__rosidl_typesupport_fastrtps_c.cpython-310-x86_64-linux-gnu.so
[57.666s] -- Installing: /home/sunny/ros2_ws/install/turtlesim/local/lib/python3.10/dist-packages/turtlesim/_turtlesim_s.ep.rosidl_typesupport_c.c
[57.666s] -- Installing: /home/sunny/ros2_ws/install/turtlesim/local/lib/python3.10/dist-packages/turtlesim/_turtlesim_s.ep.rosidl_typesupport_fastrtps_c.c
[57.667s] -- Installing: /home/sunny/ros2_ws/install/turtlesim/local/lib/python3.10/dist-packages/turtlesim/turtlesim_s__rosidl_typesupport_introspection_c.cpython-310-x86_64-linux-gnu.so
[57.697s] Listing '/home/sunny/ros2_ws/install/turtlesim/local/lib/python3.10/dist-packages/turtlesim'...
[57.697s] Compiling '/home/sunny/ros2_ws/install/turtlesim/local/lib/python3.10/dist-packages/turtlesim/__init__.py'...
[57.697s] Listing '/home/sunny/ros2_ws/install/turtlesim/local/lib/python3.10/dist-packages/turtlesim/action'...
[57.697s] Compiling '/home/sunny/ros2_ws/install/turtlesim/local/lib/python3.10/dist-packages/turtlesim/action/__init__.py'...
[57.697s] Compiling '/home/sunny/ros2_ws/install/turtlesim/local/lib/python3.10/dist-packages/turtlesim/action/_rotate_absolute.py'...
[57.697s] Listing '/home/sunny/ros2_ws/install/turtlesim/local/lib/python3.10/dist-packages/turtlesim/msg'...
[57.697s] Compiling '/home/sunny/ros2_ws/install/turtlesim/local/lib/python3.10/dist-packages/turtlesim/msg/__init__.py'...
[57.697s] Compiling '/home/sunny/ros2_ws/install/turtlesim/local/lib/python3.10/dist-packages/turtlesim/msg/_color.py'...
[57.697s] Compiling '/home/sunny/ros2_ws/install/turtlesim/local/lib/python3.10/dist-packages/turtlesim/msg/_pose.py'...
[57.697s] Listing '/home/sunny/ros2_ws/install/turtlesim/local/lib/python3.10/dist-packages/turtlesim/srv'...
[57.697s] Compiling '/home/sunny/ros2_ws/install/turtlesim/local/lib/python3.10/dist-packages/turtlesim/srv/__init__.py'...
[57.697s] Compiling '/home/sunny/ros2_ws/install/turtlesim/local/lib/python3.10/dist-packages/turtlesim/srv/_kill.py'...
[57.697s] Compiling '/home/sunny/ros2_ws/install/turtlesim/local/lib/python3.10/dist-packages/turtlesim/srv/_set_pen.py'...
[57.697s] Compiling '/home/sunny/ros2_ws/install/turtlesim/local/lib/python3.10/dist-packages/turtlesim/srv/_spawn.py'...
[57.697s] Compiling '/home/sunny/ros2_ws/install/turtlesim/local/lib/python3.10/dist-packages/turtlesim/srv/_teleport_absolute.py'...
[57.697s] Compiling '/home/sunny/ros2_ws/install/turtlesim/local/lib/python3.10/dist-packages/turtlesim/srv/_teleport_relative.py'...
[57.700s] -- Installing: /home/sunny/ros2_ws/install/turtlesim/local/lib/python3.10/dist-packages/turtlesim/turtlesim_s__rosidl_typesupport_fastrtps_c.cpython-310-x86_64-linux-gnu.so
[57.700s] -- Set runtime path of "/home/sunny/ros2_ws/install/turtlesim/local/lib/python3.10/dist-packages/turtlesim/turtlesim_s__rosidl_typesupport_fastrtps_c.cpython-310-x86_64-linux-gnu.so" to ""
[57.700s] -- Installing: /home/sunny/ros2_ws/install/turtlesim/local/lib/python3.10/dist-packages/turtlesim/turtlesim_s__rosidl_typesupport_introspection_c.cpython-310-x86_64-linux-gnu.so
[57.701s] -- Set runtime path of "/home/sunny/ros2_ws/install/turtlesim/local/lib/python3.10/dist-packages/turtlesim/turtlesim_s__rosidl_typesupport_introspection_c.cpython-310-x86_64-linux-gnu.so" to ""
[57.701s] -- Installing: /home/sunny/ros2_ws/install/turtlesim/local/lib/python3.10/dist-packages/turtlesim/turtlesim_s__rosidl_typesupport_c.cpython-310-x86_64-linux-gnu.so
[57.701s] -- Set runtime path of "/home/sunny/ros2_ws/install/turtlesim/local/lib/python3.10/dist-packages/turtlesim/turtlesim_s__rosidl_typesupport_c.cpython-310-x86_64-linux-gnu.so" to ""
[57.701s] -- Installing: /home/sunny/ros2_ws/install/turtlesim/lib/libturtlesim__rosidl_generator_py.so
[57.702s] -- Set runtime path of "/home/sunny/ros2_ws/install/turtlesim/lib/libturtlesim__rosidl_generator_py.so" to ""
[57.702s] -- Installing: /home/sunny/ros2_ws/install/turtlesim/share/turtlesim/action/RotateAbsolute.idl
[57.702s] -- Installing: /home/sunny/ros2_ws/install/turtlesim/share/turtlesim/msg/Color.idl
[57.702s] -- Installing: /home/sunny/ros2_ws/install/turtlesim/share/turtlesim/msg/Pose.idl
[57.702s] -- Installing: /home/sunny/ros2_ws/install/turtlesim/share/turtlesim/srv/Kill.idl
[57.702s] -- Installing: /home/sunny/ros2_ws/install/turtlesim/share/turtlesim/srv/SetPen.idl
[57.702s] -- Installing: /home/sunny/ros2_ws/install/turtlesim/share/turtlesim/srv/Spawn.idl
[57.702s] -- Installing: /home/sunny/ros2_ws/install/turtlesim/share/turtlesim/srv/TeleportAbsolute.idl
[57.702s] -- Installing: /home/sunny/ros2_ws/install/turtlesim/share/turtlesim/srv/TeleportRelative.idl
[57.702s] -- Installing: /home/sunny/ros2_ws/install/turtlesim/share/turtlesim/action/RotateAbsolute.action
[57.703s] -- Installing: /home/sunny/ros2_ws/install/turtlesim/share/turtlesim/msg/Color.msg
[57.703s] -- Installing: /home/sunny/ros2_ws/install/turtlesim/share/turtlesim/msg/Pose.msg
[57.703s] -- Installing: /home/sunny/ros2_ws/install/turtlesim/share/turtlesim/srv/Kill.srv
[57.703s] -- Installing: /home/sunny/ros2_ws/install/turtlesim/share/turtlesim/srv/Kill_Request.msg
[57.703s] -- Installing: /home/sunny/ros2_ws/install/turtlesim/share/turtlesim/srv/Kill_Response.msg
[57.703s] -- Installing: /home/sunny/ros2_ws/install/turtlesim/share/turtlesim/srv/SetPen.srv
[57.703s] -- Installing: /home/sunny/ros2_ws/install/turtlesim/share/turtlesim/srv/SetPen_Request.msg
[57.703s] -- Installing: /home/sunny/ros2_ws/install/turtlesim/share/turtlesim/srv/SetPen_Response.msg
[57.703s] -- Installing: /home/sunny/ros2_ws/install/turtlesim/share/turtlesim/srv/Spawn.srv
[57.703s] -- Installing: /home/sunny/ros2_ws/install/turtlesim/share/turtlesim/srv/Spawn_Request.msg
[57.704s] -- Installing: /home/sunny/ros2_ws/install/turtlesim/share/turtlesim/srv/Spawn_Response.msg
[57.704s] -- Installing: /home/sunny/ros2_ws/install/turtlesim/share/turtlesim/srv/TeleportAbsolute.srv
[57.704s] -- Installing: /home/sunny/ros2_ws/install/turtlesim/share/turtlesim/srv/TeleportAbsolute_Request.msg
[57.704s] -- Installing: /home/sunny/ros2_ws/install/turtlesim/share/turtlesim/srv/TeleportAbsolute_Response.msg
[57.704s] -- Installing: /home/sunny/ros2_ws/install/turtlesim/share/turtlesim/srv/TeleportRelative.srv
[57.704s] -- Installing: /home/sunny/ros2_ws/install/turtlesim/share/turtlesim/srv/TeleportRelative_Request.msg
[57.704s] -- Installing: /home/sunny/ros2_ws/install/turtlesim/share/turtlesim/srv/TeleportRelative_Response.msg
[57.704s] -- Installing: /home/sunny/ros2_ws/install/turtlesim/lib/turtlesim/turtlesim_node
[57.711s] -- Set runtime path of "/home/sunny/ros2_ws/install/turtlesim/lib/turtlesim/turtlesim_node" to ""
[57.711s] -- Installing: /home/sunny/ros2_ws/install/turtlesim/lib/turtlesim/turtle_teleop_key
[57.713s] -- Set runtime path of "/home/sunny/ros2_ws/install/turtlesim/lib/turtlesim/turtle_teleop_key" to ""
[57.713s] -- Installing: /home/sunny/ros2_ws/install/turtlesim/lib/turtlesim/draw_square
[57.716s] -- Set runtime path of "/home/sunny/ros2_ws/install/turtlesim/lib/turtlesim/draw_square" to ""
[57.716s] -- Installing: /home/sunny/ros2_ws/install/turtlesim/lib/turtlesim/mimic
[57.719s] -- Set runtime path of "/home/sunny/ros2_ws/install/turtlesim/lib/turtlesim/mimic" to ""
[57.719s] -- Installing: /home/sunny/ros2_ws/install/turtlesim/share/turtlesim/images
[57.719s] -- Installing: /home/sunny/ros2_ws/install/turtlesim/share/turtlesim/images/dashing.png
[57.719s] -- Installing: /home/sunny/ros2_ws/install/turtlesim/share/turtlesim/images/crystal.png
[57.720s] -- Installing: /home/sunny/ros2_ws/install/turtlesim/share/turtlesim/images/rolling.png
[57.720s] -- Installing: /home/sunny/ros2_ws/install/turtlesim/share/turtlesim/images/foxy.png
[57.720s] -- Installing: /home/sunny/ros2_ws/install/turtlesim/share/turtlesim/images/bouncy.png
[57.720s] -- Installing: /home/sunny/ros2_ws/install/turtlesim/share/turtlesim/images/eloquent.png
[57.720s] -- Installing: /home/sunny/ros2_ws/install/turtlesim/share/turtlesim/images/ardent.png
[57.720s] -- Installing: /home/sunny/ros2_ws/install/turtlesim/share/turtlesim/images/humble.png
[57.720s] -- Installing: /home/sunny/ros2_ws/install/turtlesim/share/turtlesim/images/galactic.png
[57.720s] -- Installing: /home/sunny/ros2_ws/install/turtlesim/share/turtlesim/launch
[57.720s] -- Installing: /home/sunny/ros2_ws/install/turtlesim/share/turtlesim/launch/multisim.launch.py
[57.720s] -- Installing: /home/sunny/ros2_ws/install/turtlesim/share/ament_index/resource_index/package_run_dependencies/turtlesim
[57.720s] -- Installing: /home/sunny/ros2_ws/install/turtlesim/share/ament_index/resource_index/parent_prefix_path/turtlesim
[57.720s] -- Installing: /home/sunny/ros2_ws/install/turtlesim/share/turtlesim/environment/ament_prefix_path.sh
[57.720s] -- Installing: /home/sunny/ros2_ws/install/turtlesim/share/turtlesim/environment/ament_prefix_path.dsv
[57.720s] -- Installing: /home/sunny/ros2_ws/install/turtlesim/share/turtlesim/environment/path.sh
[57.720s] -- Installing: /home/sunny/ros2_ws/install/turtlesim/share/turtlesim/environment/path.dsv
[57.721s] -- Installing: /home/sunny/ros2_ws/install/turtlesim/share/turtlesim/local_setup.bash
[57.721s] -- Installing: /home/sunny/ros2_ws/install/turtlesim/share/turtlesim/local_setup.sh
[57.721s] -- Installing: /home/sunny/ros2_ws/install/turtlesim/share/turtlesim/local_setup.zsh
[57.721s] -- Installing: /home/sunny/ros2_ws/install/turtlesim/share/turtlesim/local_setup.dsv
[57.721s] -- Installing: /home/sunny/ros2_ws/install/turtlesim/share/turtlesim/package.dsv
[57.721s] -- Installing: /home/sunny/ros2_ws/install/turtlesim/share/ament_index/resource_index/packages/turtlesim
[57.721s] -- Installing: /home/sunny/ros2_ws/install/turtlesim/share/turtlesim/cmake/export_turtlesim__rosidl_generator_cExport.cmake
[57.721s] -- Installing: /home/sunny/ros2_ws/install/turtlesim/share/turtlesim/cmake/export_turtlesim__rosidl_generator_cExport-noconfig.cmake
[57.721s] -- Installing: /home/sunny/ros2_ws/install/turtlesim/share/turtlesim/cmake/export_turtlesim__rosidl_typesupport_fastrtps_cExport.cmake
[57.722s] -- Installing: /home/sunny/ros2_ws/install/turtlesim/share/turtlesim/cmake/export_turtlesim__rosidl_typesupport_fastrtps_cExport-noconfig.cmake
[57.722s] -- Installing: /home/sunny/ros2_ws/install/turtlesim/share/turtlesim/cmake/export_turtlesim__rosidl_generator_cppExport.cmake
[57.722s] -- Installing: /home/sunny/ros2_ws/install/turtlesim/share/turtlesim/cmake/export_turtlesim__rosidl_typesupport_fastrtps_cppExport.cmake
[57.722s] -- Installing: /home/sunny/ros2_ws/install/turtlesim/share/turtlesim/cmake/export_turtlesim__rosidl_typesupport_fastrtps_cppExport-noconfig.cmake
[57.722s] -- Installing: /home/sunny/ros2_ws/install/turtlesim/share/turtlesim/cmake/turtlesim__rosidl_typesupport_introspection_cExport.cmake
[57.722s] -- Installing: /home/sunny/ros2_ws/install/turtlesim/share/turtlesim/cmake/turtlesim__rosidl_typesupport_introspection_cExport-noconfig.cmake
[57.722s] -- Installing: /home/sunny/ros2_ws/install/turtlesim/share/turtlesim/cmake/turtlesim__rosidl_typesupport_cExport.cmake
[57.722s] -- Installing: /home/sunny/ros2_ws/install/turtlesim/share/turtlesim/cmake/turtlesim__rosidl_typesupport_cExport-noconfig.cmake
[57.722s] -- Installing: /home/sunny/ros2_ws/install/turtlesim/share/turtlesim/cmake/turtlesim__rosidl_typesupport_introspection_cppExport.cmake
[57.722s] -- Installing: /home/sunny/ros2_ws/install/turtlesim/share/turtlesim/cmake/turtlesim__rosidl_typesupport_introspection_cppExport-noconfig.cmake
[57.723s] -- Installing: /home/sunny/ros2_ws/install/turtlesim/share/turtlesim/cmake/turtlesim__rosidl_typesupport_cppExport.cmake
[57.723s] -- Installing: /home/sunny/ros2_ws/install/turtlesim/share/turtlesim/cmake/turtlesim__rosidl_typesupport_cppExport-noconfig.cmake
[57.723s] -- Installing: /home/sunny/ros2_ws/install/turtlesim/share/turtlesim/cmake/export_turtlesim__rosidl_generator_pyExport.cmake
[57.723s] -- Installing: /home/sunny/ros2_ws/install/turtlesim/share/turtlesim/cmake/export_turtlesim__rosidl_generator_pyExport-noconfig.cmake
[57.723s] -- Installing: /home/sunny/ros2_ws/install/turtlesim/share/turtlesim/cmake/rosidl_cmake-extras.cmake
[57.723s] -- Installing: /home/sunny/ros2_ws/install/turtlesim/share/turtlesim/cmake/ament_cmake_export_dependencies-extras.cmake
[57.723s] -- Installing: /home/sunny/ros2_ws/install/turtlesim/share/turtlesim/cmake/ament_cmake_export_include_directories-extras.cmake
[57.723s] -- Installing: /home/sunny/ros2_ws/install/turtlesim/share/turtlesim/cmake/ament_cmake_export_libraries-extras.cmake
[57.723s] -- Installing: /home/sunny/ros2_ws/install/turtlesim/share/turtlesim/cmake/ament_cmake_export_targets-extras.cmake
[57.723s] -- Installing: /home/sunny/ros2_ws/install/turtlesim/share/turtlesim/cmake/rosidl_cmake_export_typesupport_targets-extras.cmake
[57.724s] -- Installing: /home/sunny/ros2_ws/install/turtlesim/share/turtlesim/cmake/rosidl_cmake_export_typesupport_libraries-extras.cmake
[57.724s] -- Installing: /home/sunny/ros2_ws/install/turtlesim/share/turtlesim/cmake/turtlesimConfig.cmake
[57.724s] -- Installing: /home/sunny/ros2_ws/install/turtlesim/share/turtlesim/cmake/turtlesimConfig-version.cmake
[57.724s] -- Installing: /home/sunny/ros2_ws/install/turtlesim/share/turtlesim/package.xml
[57.726s] Invoked command in '/home/sunny/ros2_ws/build/turtlesim' returned '0': CMAKE_PREFIX_PATH=/opt/ros/humble /usr/bin/cmake --install /home/sunny/ros2_ws/build/turtlesim
