[0.211s] Invoking command in '/home/sunny/ros2_ws/build/cpp_svcli': CMAKE_PREFIX_PATH=${CMAKE_PREFIX_PATH}:/home/sunny/ros2_ws/install/yolov8_ros:/home/sunny/ros2_ws/install/gptapi:/opt/ros/humble /usr/bin/cmake /home/sunny/ros2_ws/src/cpp_svcli -DCMAKE_INSTALL_PREFIX=/home/sunny/ros2_ws/install/cpp_svcli
[0.424s] -- The C compiler identification is GNU 11.4.0
[0.424s] -- The CXX compiler identification is GNU 11.4.0
[0.424s] -- Detecting C compiler ABI info
[0.425s] -- Detecting C compiler ABI info - done
[0.430s] -- Check for working C compiler: /usr/bin/cc - skipped
[0.430s] -- Detecting C compile features
[0.430s] -- Detecting C compile features - done
[0.433s] -- Detecting CXX compiler ABI info
[0.517s] -- Detecting CXX compiler ABI info - done
[0.523s] -- Check for working CXX compiler: /usr/bin/c++ - skipped
[0.523s] -- Detecting CXX compile features
[0.524s] -- Detecting CXX compile features - done
[0.529s] -- Found ament_cmake: 1.3.12 (/opt/ros/humble/share/ament_cmake/cmake)
[0.682s] -- Found Python3: /usr/bin/python3 (found version "3.10.12") found components: Interpreter 
[0.809s] -- Found rclcpp: 16.0.15 (/opt/ros/humble/share/rclcpp/cmake)
[0.885s] -- Found rosidl_generator_c: 3.1.7 (/opt/ros/humble/share/rosidl_generator_c/cmake)
[0.894s] -- Found rosidl_adapter: 3.1.7 (/opt/ros/humble/share/rosidl_adapter/cmake)
[0.908s] -- Found rosidl_generator_cpp: 3.1.7 (/opt/ros/humble/share/rosidl_generator_cpp/cmake)
[0.928s] -- Using all available rosidl_typesupport_c: rosidl_typesupport_fastrtps_c;rosidl_typesupport_introspection_c
[0.951s] -- Using all available rosidl_typesupport_cpp: rosidl_typesupport_fastrtps_cpp;rosidl_typesupport_introspection_cpp
[1.019s] -- Found rmw_implementation_cmake: 6.1.2 (/opt/ros/humble/share/rmw_implementation_cmake/cmake)
[1.024s] -- Found rmw_fastrtps_cpp: 6.2.9 (/opt/ros/humble/share/rmw_fastrtps_cpp/cmake)
[1.138s] -- Found OpenSSL: /usr/lib/x86_64-linux-gnu/libcrypto.so (found version "3.0.2")  
[1.171s] -- Found FastRTPS: /opt/ros/humble/include  
[1.215s] -- Using RMW implementation 'rmw_fastrtps_cpp' as default
[1.228s] -- Looking for pthread.h
[1.302s] -- Looking for pthread.h - found
[1.303s] -- Performing Test CMAKE_HAVE_LIBC_PTHREAD
[1.377s] -- Performing Test CMAKE_HAVE_LIBC_PTHREAD - Success
[1.378s] -- Found Threads: TRUE  
[1.439s] [31mCMake Error at CMakeLists.txt:11 (find_package):
[1.440s]   By not providing "Findexample_interface.cmake" in CMAKE_MODULE_PATH this
[1.440s]   project has asked CMake to find a package configuration file provided by
[1.440s]   "example_interface", but CMake did not find one.
[1.440s] 
[1.440s]   Could not find a package configuration file provided by "example_interface"
[1.440s]   with any of the following names:
[1.440s] 
[1.440s]     example_interfaceConfig.cmake
[1.440s]     example_interface-config.cmake
[1.440s] 
[1.440s]   Add the installation prefix of "example_interface" to CMAKE_PREFIX_PATH or
[1.440s]   set "example_interface_DIR" to a directory containing one of the above
[1.440s]   files.  If "example_interface" provides a separate development package or
[1.440s]   SDK, be sure it has been installed.
[1.441s] 
[1.441s] [0m
[1.441s] -- Configuring incomplete, errors occurred!
[1.441s] See also "/home/sunny/ros2_ws/build/cpp_svcli/CMakeFiles/CMakeOutput.log".
[1.447s] Invoked command in '/home/sunny/ros2_ws/build/cpp_svcli' returned '1': CMAKE_PREFIX_PATH=${CMAKE_PREFIX_PATH}:/home/sunny/ros2_ws/install/yolov8_ros:/home/sunny/ros2_ws/install/gptapi:/opt/ros/humble /usr/bin/cmake /home/sunny/ros2_ws/src/cpp_svcli -DCMAKE_INSTALL_PREFIX=/home/sunny/ros2_ws/install/cpp_svcli
