[0.367s] Invoking command in '/home/sunny/ros2_ws/build/my_package': CMAKE_PREFIX_PATH=${CMAKE_PREFIX_PATH}:/home/sunny/ros2_ws/install/yolov8_ros:/home/sunny/ros2_ws/install/gptapi:/opt/ros/humble /usr/bin/cmake --build /home/sunny/ros2_ws/build/my_package -- -j16 -l16
[0.419s] [35m[1mConsolidate compiler generated dependencies of target my_node[0m
[0.432s] [100%] Built target my_node
[0.441s] Invoked command in '/home/sunny/ros2_ws/build/my_package' returned '0': CMAKE_PREFIX_PATH=${CMAKE_PREFIX_PATH}:/home/sunny/ros2_ws/install/yolov8_ros:/home/sunny/ros2_ws/install/gptapi:/opt/ros/humble /usr/bin/cmake --build /home/sunny/ros2_ws/build/my_package -- -j16 -l16
[0.450s] Invoking command in '/home/sunny/ros2_ws/build/my_package': CMAKE_PREFIX_PATH=${CMAKE_PREFIX_PATH}:/home/sunny/ros2_ws/install/yolov8_ros:/home/sunny/ros2_ws/install/gptapi:/opt/ros/humble /usr/bin/cmake --install /home/sunny/ros2_ws/build/my_package
[0.456s] -- Install configuration: ""
[0.456s] -- Up-to-date: /home/sunny/ros2_ws/install/my_package/lib/my_package/my_node
[0.456s] -- Up-to-date: /home/sunny/ros2_ws/install/my_package/share/ament_index/resource_index/package_run_dependencies/my_package
[0.457s] -- Up-to-date: /home/sunny/ros2_ws/install/my_package/share/ament_index/resource_index/parent_prefix_path/my_package
[0.457s] -- Up-to-date: /home/sunny/ros2_ws/install/my_package/share/my_package/environment/ament_prefix_path.sh
[0.457s] -- Up-to-date: /home/sunny/ros2_ws/install/my_package/share/my_package/environment/ament_prefix_path.dsv
[0.457s] -- Up-to-date: /home/sunny/ros2_ws/install/my_package/share/my_package/environment/path.sh
[0.457s] -- Up-to-date: /home/sunny/ros2_ws/install/my_package/share/my_package/environment/path.dsv
[0.457s] -- Up-to-date: /home/sunny/ros2_ws/install/my_package/share/my_package/local_setup.bash
[0.457s] -- Up-to-date: /home/sunny/ros2_ws/install/my_package/share/my_package/local_setup.sh
[0.457s] -- Up-to-date: /home/sunny/ros2_ws/install/my_package/share/my_package/local_setup.zsh
[0.457s] -- Up-to-date: /home/sunny/ros2_ws/install/my_package/share/my_package/local_setup.dsv
[0.457s] -- Up-to-date: /home/sunny/ros2_ws/install/my_package/share/my_package/package.dsv
[0.457s] -- Up-to-date: /home/sunny/ros2_ws/install/my_package/share/ament_index/resource_index/packages/my_package
[0.457s] -- Up-to-date: /home/sunny/ros2_ws/install/my_package/share/my_package/cmake/my_packageConfig.cmake
[0.457s] -- Up-to-date: /home/sunny/ros2_ws/install/my_package/share/my_package/cmake/my_packageConfig-version.cmake
[0.457s] -- Up-to-date: /home/sunny/ros2_ws/install/my_package/share/my_package/package.xml
[0.459s] Invoked command in '/home/sunny/ros2_ws/build/my_package' returned '0': CMAKE_PREFIX_PATH=${CMAKE_PREFIX_PATH}:/home/sunny/ros2_ws/install/yolov8_ros:/home/sunny/ros2_ws/install/gptapi:/opt/ros/humble /usr/bin/cmake --install /home/sunny/ros2_ws/build/my_package
