[0.982s] Invoking command in '/home/sunny/cleaner_ws/phyAI_ws/src/cleaner_system1': PYTHONPATH=/home/sunny/cleaner_ws/phyAI_ws/build/cleaner_system1/prefix_override:/usr/lib/python3/dist-packages/colcon_core/task/python/colcon_distutils_commands:/home/sunny/cleaner_ws/phyAI_ws/install/cleaner_system1/lib/python3.10/site-packages:${PYTHONPATH} /usr/bin/python3 -W ignore:setup.py install is deprecated -W ignore:easy_install command is deprecated setup.py egg_info --egg-base ../../build/cleaner_system1 build --build-base /home/sunny/cleaner_ws/phyAI_ws/build/cleaner_system1/build install --record /home/sunny/cleaner_ws/phyAI_ws/build/cleaner_system1/install.log --single-version-externally-managed install_data
[1.262s] running egg_info
[1.262s] writing ../../build/cleaner_system1/cleaner_system1.egg-info/PKG-INFO
[1.263s] writing dependency_links to ../../build/cleaner_system1/cleaner_system1.egg-info/dependency_links.txt
[1.263s] writing entry points to ../../build/cleaner_system1/cleaner_system1.egg-info/entry_points.txt
[1.263s] writing requirements to ../../build/cleaner_system1/cleaner_system1.egg-info/requires.txt
[1.263s] writing top-level names to ../../build/cleaner_system1/cleaner_system1.egg-info/top_level.txt
[1.266s] reading manifest file '../../build/cleaner_system1/cleaner_system1.egg-info/SOURCES.txt'
[1.267s] adding license file 'LICENSE'
[1.267s] writing manifest file '../../build/cleaner_system1/cleaner_system1.egg-info/SOURCES.txt'
[1.267s] running build
[1.267s] running build_py
[1.268s] running install
[1.269s] running install_lib
[1.272s] running install_data
[1.272s] running install_egg_info
[1.274s] removing '/home/sunny/cleaner_ws/phyAI_ws/install/cleaner_system1/lib/python3.10/site-packages/cleaner_system1-0.1.0-py3.10.egg-info' (and everything under it)
[1.275s] Copying ../../build/cleaner_system1/cleaner_system1.egg-info to /home/sunny/cleaner_ws/phyAI_ws/install/cleaner_system1/lib/python3.10/site-packages/cleaner_system1-0.1.0-py3.10.egg-info
[1.276s] running install_scripts
[1.296s] Installing system1_executor_node script to /home/sunny/cleaner_ws/phyAI_ws/install/cleaner_system1/lib/cleaner_system1
[1.297s] writing list of installed files to '/home/sunny/cleaner_ws/phyAI_ws/build/cleaner_system1/install.log'
[1.350s] Invoked command in '/home/sunny/cleaner_ws/phyAI_ws/src/cleaner_system1' returned '0': PYTHONPATH=/home/sunny/cleaner_ws/phyAI_ws/build/cleaner_system1/prefix_override:/usr/lib/python3/dist-packages/colcon_core/task/python/colcon_distutils_commands:/home/sunny/cleaner_ws/phyAI_ws/install/cleaner_system1/lib/python3.10/site-packages:${PYTHONPATH} /usr/bin/python3 -W ignore:setup.py install is deprecated -W ignore:easy_install command is deprecated setup.py egg_info --egg-base ../../build/cleaner_system1 build --build-base /home/sunny/cleaner_ws/phyAI_ws/build/cleaner_system1/build install --record /home/sunny/cleaner_ws/phyAI_ws/build/cleaner_system1/install.log --single-version-externally-managed install_data
