[0.026s] Invoking command in '/home/sunny/cleaner_ws/phyAI_ws/build/yolov8_msgs': CMAKE_PREFIX_PATH=/opt/ros/humble /usr/bin/cmake --build /home/sunny/cleaner_ws/phyAI_ws/build/yolov8_msgs -- -j16 -l16
[0.848s] [  1%] [34m[1mGenerating C code for ROS interfaces[0m
[0.848s] [  2%] [34m[1mGenerating C++ code for ROS interfaces[0m
[0.848s] [  2%] [34m[1mGenerating Rust code for ROS interfaces[0m
[0.848s] [  2%] Built target ament_cmake_python_copy_yolov8_msgs
[0.849s] running egg_info
[0.849s] creating yolov8_msgs.egg-info
[0.849s] writing yolov8_msgs.egg-info/PKG-INFO
[0.849s] writing dependency_links to yolov8_msgs.egg-info/dependency_links.txt
[0.849s] writing top-level names to yolov8_msgs.egg-info/top_level.txt
[0.849s] writing manifest file 'yolov8_msgs.egg-info/SOURCES.txt'
[0.849s] reading manifest file 'yolov8_msgs.egg-info/SOURCES.txt'
[0.849s] writing manifest file 'yolov8_msgs.egg-info/SOURCES.txt'
[0.849s] [  2%] Built target ament_cmake_python_build_yolov8_msgs_egg
[0.849s] [  2%] Built target yolov8_msgs__rs
[0.849s] [  2%] Built target yolov8_msgs__cpp
[0.849s] [  5%] [32mBuilding C object CMakeFiles/yolov8_msgs__rosidl_generator_c.dir/rosidl_generator_c/yolov8_msgs/msg/detail/mask__functions.c.o[0m
[0.849s] [  5%] [32mBuilding C object CMakeFiles/yolov8_msgs__rosidl_generator_c.dir/rosidl_generator_c/yolov8_msgs/msg/detail/bounding_box2_d__functions.c.o[0m
[0.849s] [  7%] [32mBuilding C object CMakeFiles/yolov8_msgs__rosidl_generator_c.dir/rosidl_generator_c/yolov8_msgs/msg/detail/pose2_d__functions.c.o[0m
[0.850s] [  7%] [32mBuilding C object CMakeFiles/yolov8_msgs__rosidl_generator_c.dir/rosidl_generator_c/yolov8_msgs/msg/detail/point2_d__functions.c.o[0m
[0.850s] [  7%] [32mBuilding C object CMakeFiles/yolov8_msgs__rosidl_generator_c.dir/rosidl_generator_c/yolov8_msgs/msg/detail/vector2__functions.c.o[0m
[0.850s] [  8%] [32mBuilding C object CMakeFiles/yolov8_msgs__rosidl_generator_c.dir/rosidl_generator_c/yolov8_msgs/msg/detail/key_point2_d__functions.c.o[0m
[0.851s] [  5%] [32mBuilding C object CMakeFiles/yolov8_msgs__rosidl_generator_c.dir/rosidl_generator_c/yolov8_msgs/msg/detail/bounding_box3_d__functions.c.o[0m
[0.852s] [ 10%] [32mBuilding C object CMakeFiles/yolov8_msgs__rosidl_generator_c.dir/rosidl_generator_c/yolov8_msgs/msg/detail/key_point2_d_array__functions.c.o[0m
[0.852s] [ 10%] [32mBuilding C object CMakeFiles/yolov8_msgs__rosidl_generator_c.dir/rosidl_generator_c/yolov8_msgs/msg/detail/key_point3_d__functions.c.o[0m
[0.852s] [ 11%] [34m[1mGenerating C++ introspection for ROS interfaces[0m
[0.852s] [ 12%] [34m[1mGenerating C++ type support dispatch for ROS interfaces[0m
[0.854s] [ 13%] [34m[1mGenerating C++ type support for eProsima Fast-RTPS[0m
[0.858s] [ 13%] [32mBuilding C object CMakeFiles/yolov8_msgs__rosidl_generator_c.dir/rosidl_generator_c/yolov8_msgs/msg/detail/key_point3_d_array__functions.c.o[0m
[0.863s] [ 14%] [32mBuilding C object CMakeFiles/yolov8_msgs__rosidl_generator_c.dir/rosidl_generator_c/yolov8_msgs/msg/detail/detection_array__functions.c.o[0m
[0.863s] [ 15%] [32mBuilding C object CMakeFiles/yolov8_msgs__rosidl_generator_c.dir/rosidl_generator_c/yolov8_msgs/msg/detail/detection__functions.c.o[0m
[0.945s] [ 16%] [32m[1mLinking C shared library libyolov8_msgs__rosidl_generator_c.so[0m
[0.997s] [ 16%] Built target yolov8_msgs__rosidl_generator_c
[1.009s] [ 17%] [34m[1mGenerating C introspection for ROS interfaces[0m
[1.010s] [ 19%] [34m[1mGenerating C type support dispatch for ROS interfaces[0m
[1.010s] [ 19%] [34m[1mGenerating C type support for eProsima Fast-RTPS[0m
[1.914s] [ 20%] [32mBuilding CXX object CMakeFiles/yolov8_msgs__rosidl_typesupport_cpp.dir/rosidl_typesupport_cpp/yolov8_msgs/msg/point2_d__type_support.cpp.o[0m
[1.923s] [ 21%] [32mBuilding CXX object CMakeFiles/yolov8_msgs__rosidl_typesupport_cpp.dir/rosidl_typesupport_cpp/yolov8_msgs/msg/vector2__type_support.cpp.o[0m
[1.929s] [ 22%] [32mBuilding CXX object CMakeFiles/yolov8_msgs__rosidl_typesupport_cpp.dir/rosidl_typesupport_cpp/yolov8_msgs/msg/bounding_box3_d__type_support.cpp.o[0m
[1.931s] [ 23%] [32mBuilding CXX object CMakeFiles/yolov8_msgs__rosidl_typesupport_cpp.dir/rosidl_typesupport_cpp/yolov8_msgs/msg/pose2_d__type_support.cpp.o[0m
[1.931s] [ 23%] [32mBuilding CXX object CMakeFiles/yolov8_msgs__rosidl_typesupport_cpp.dir/rosidl_typesupport_cpp/yolov8_msgs/msg/mask__type_support.cpp.o[0m
[1.932s] [ 24%] [32mBuilding CXX object CMakeFiles/yolov8_msgs__rosidl_typesupport_cpp.dir/rosidl_typesupport_cpp/yolov8_msgs/msg/key_point2_d__type_support.cpp.o[0m
[1.934s] [ 25%] [32mBuilding CXX object CMakeFiles/yolov8_msgs__rosidl_typesupport_cpp.dir/rosidl_typesupport_cpp/yolov8_msgs/msg/bounding_box2_d__type_support.cpp.o[0m
[1.966s] [ 26%] [32mBuilding CXX object CMakeFiles/yolov8_msgs__rosidl_typesupport_cpp.dir/rosidl_typesupport_cpp/yolov8_msgs/msg/key_point2_d_array__type_support.cpp.o[0m
[1.991s] [ 26%] [32mBuilding CXX object CMakeFiles/yolov8_msgs__rosidl_typesupport_cpp.dir/rosidl_typesupport_cpp/yolov8_msgs/msg/key_point3_d__type_support.cpp.o[0m
[2.004s] [ 27%] [32mBuilding CXX object CMakeFiles/yolov8_msgs__rosidl_typesupport_cpp.dir/rosidl_typesupport_cpp/yolov8_msgs/msg/key_point3_d_array__type_support.cpp.o[0m
[2.032s] [ 28%] [32mBuilding CXX object CMakeFiles/yolov8_msgs__rosidl_typesupport_cpp.dir/rosidl_typesupport_cpp/yolov8_msgs/msg/detection__type_support.cpp.o[0m
[2.281s] [ 28%] [32mBuilding CXX object CMakeFiles/yolov8_msgs__rosidl_typesupport_c.dir/rosidl_typesupport_c/yolov8_msgs/msg/point2_d__type_support.cpp.o[0m
[2.357s] [ 29%] [32mBuilding CXX object CMakeFiles/yolov8_msgs__rosidl_typesupport_introspection_cpp.dir/rosidl_typesupport_introspection_cpp/yolov8_msgs/msg/detail/point2_d__type_support.cpp.o[0m
[2.411s] [ 30%] [32mBuilding CXX object CMakeFiles/yolov8_msgs__rosidl_typesupport_c.dir/rosidl_typesupport_c/yolov8_msgs/msg/vector2__type_support.cpp.o[0m
[2.412s] [ 31%] [32mBuilding CXX object CMakeFiles/yolov8_msgs__rosidl_typesupport_introspection_cpp.dir/rosidl_typesupport_introspection_cpp/yolov8_msgs/msg/detail/vector2__type_support.cpp.o[0m
[2.429s] [ 31%] [32mBuilding CXX object CMakeFiles/yolov8_msgs__rosidl_typesupport_introspection_cpp.dir/rosidl_typesupport_introspection_cpp/yolov8_msgs/msg/detail/pose2_d__type_support.cpp.o[0m
[2.454s] [ 32%] [32mBuilding CXX object CMakeFiles/yolov8_msgs__rosidl_typesupport_introspection_cpp.dir/rosidl_typesupport_introspection_cpp/yolov8_msgs/msg/detail/bounding_box2_d__type_support.cpp.o[0m
[2.496s] [ 33%] [32mBuilding CXX object CMakeFiles/yolov8_msgs__rosidl_typesupport_c.dir/rosidl_typesupport_c/yolov8_msgs/msg/pose2_d__type_support.cpp.o[0m
[2.520s] [ 34%] [32mBuilding CXX object CMakeFiles/yolov8_msgs__rosidl_typesupport_c.dir/rosidl_typesupport_c/yolov8_msgs/msg/bounding_box2_d__type_support.cpp.o[0m
[2.523s] [ 35%] [32mBuilding CXX object CMakeFiles/yolov8_msgs__rosidl_typesupport_c.dir/rosidl_typesupport_c/yolov8_msgs/msg/bounding_box3_d__type_support.cpp.o[0m
[2.557s] [ 36%] [32mBuilding CXX object CMakeFiles/yolov8_msgs__rosidl_typesupport_introspection_cpp.dir/rosidl_typesupport_introspection_cpp/yolov8_msgs/msg/detail/bounding_box3_d__type_support.cpp.o[0m
[2.600s] [ 36%] [32mBuilding CXX object CMakeFiles/yolov8_msgs__rosidl_typesupport_c.dir/rosidl_typesupport_c/yolov8_msgs/msg/key_point2_d__type_support.cpp.o[0m
[2.600s] [ 37%] [32mBuilding CXX object CMakeFiles/yolov8_msgs__rosidl_typesupport_introspection_cpp.dir/rosidl_typesupport_introspection_cpp/yolov8_msgs/msg/detail/mask__type_support.cpp.o[0m
[2.606s] [ 38%] [32mBuilding CXX object CMakeFiles/yolov8_msgs__rosidl_typesupport_c.dir/rosidl_typesupport_c/yolov8_msgs/msg/mask__type_support.cpp.o[0m
[2.612s] [ 39%] [32mBuilding CXX object CMakeFiles/yolov8_msgs__rosidl_typesupport_cpp.dir/rosidl_typesupport_cpp/yolov8_msgs/msg/detection_array__type_support.cpp.o[0m
[2.637s] [ 40%] [32mBuilding CXX object CMakeFiles/yolov8_msgs__rosidl_typesupport_fastrtps_cpp.dir/rosidl_typesupport_fastrtps_cpp/yolov8_msgs/msg/detail/dds_fastrtps/point2_d__type_support.cpp.o[0m
[2.663s] [ 41%] [32mBuilding CXX object CMakeFiles/yolov8_msgs__rosidl_typesupport_c.dir/rosidl_typesupport_c/yolov8_msgs/msg/key_point2_d_array__type_support.cpp.o[0m
[2.671s] [ 42%] [32mBuilding CXX object CMakeFiles/yolov8_msgs__rosidl_typesupport_fastrtps_cpp.dir/rosidl_typesupport_fastrtps_cpp/yolov8_msgs/msg/detail/dds_fastrtps/vector2__type_support.cpp.o[0m
[2.674s] [ 42%] [32mBuilding CXX object CMakeFiles/yolov8_msgs__rosidl_typesupport_fastrtps_cpp.dir/rosidl_typesupport_fastrtps_cpp/yolov8_msgs/msg/detail/dds_fastrtps/pose2_d__type_support.cpp.o[0m
[2.682s] [ 43%] [32mBuilding CXX object CMakeFiles/yolov8_msgs__rosidl_typesupport_fastrtps_cpp.dir/rosidl_typesupport_fastrtps_cpp/yolov8_msgs/msg/detail/dds_fastrtps/bounding_box2_d__type_support.cpp.o[0m
[2.693s] [ 44%] [32mBuilding CXX object CMakeFiles/yolov8_msgs__rosidl_typesupport_c.dir/rosidl_typesupport_c/yolov8_msgs/msg/key_point3_d__type_support.cpp.o[0m
[2.707s] [ 45%] [32mBuilding CXX object CMakeFiles/yolov8_msgs__rosidl_typesupport_c.dir/rosidl_typesupport_c/yolov8_msgs/msg/key_point3_d_array__type_support.cpp.o[0m
[2.782s] [ 47%] [32mBuilding CXX object CMakeFiles/yolov8_msgs__rosidl_typesupport_introspection_cpp.dir/rosidl_typesupport_introspection_cpp/yolov8_msgs/msg/detail/key_point2_d__type_support.cpp.o[0m
[2.783s] [ 47%] [32mBuilding CXX object CMakeFiles/yolov8_msgs__rosidl_typesupport_introspection_cpp.dir/rosidl_typesupport_introspection_cpp/yolov8_msgs/msg/detail/key_point2_d_array__type_support.cpp.o[0m
[2.790s] [ 48%] [32mBuilding CXX object CMakeFiles/yolov8_msgs__rosidl_typesupport_c.dir/rosidl_typesupport_c/yolov8_msgs/msg/detection__type_support.cpp.o[0m
[2.796s] [ 48%] [32mBuilding C object CMakeFiles/yolov8_msgs__rosidl_typesupport_introspection_c.dir/rosidl_typesupport_introspection_c/yolov8_msgs/msg/detail/point2_d__type_support.c.o[0m
[2.878s] [ 49%] [32mBuilding C object CMakeFiles/yolov8_msgs__rosidl_typesupport_introspection_c.dir/rosidl_typesupport_introspection_c/yolov8_msgs/msg/detail/vector2__type_support.c.o[0m
[2.892s] [ 50%] [32mBuilding CXX object CMakeFiles/yolov8_msgs__rosidl_typesupport_c.dir/rosidl_typesupport_c/yolov8_msgs/msg/detection_array__type_support.cpp.o[0m
[2.950s] [ 50%] [32m[1mLinking CXX shared library libyolov8_msgs__rosidl_typesupport_c.so[0m
[3.023s] [ 51%] [32mBuilding C object CMakeFiles/yolov8_msgs__rosidl_typesupport_introspection_c.dir/rosidl_typesupport_introspection_c/yolov8_msgs/msg/detail/pose2_d__type_support.c.o[0m
[3.041s] [ 52%] [32mBuilding C object CMakeFiles/yolov8_msgs__rosidl_typesupport_introspection_c.dir/rosidl_typesupport_introspection_c/yolov8_msgs/msg/detail/bounding_box2_d__type_support.c.o[0m
[3.116s] [ 52%] Built target yolov8_msgs__rosidl_typesupport_c
[3.121s] [ 53%] [32mBuilding CXX object CMakeFiles/yolov8_msgs__rosidl_typesupport_fastrtps_cpp.dir/rosidl_typesupport_fastrtps_cpp/yolov8_msgs/msg/detail/dds_fastrtps/bounding_box3_d__type_support.cpp.o[0m
[3.147s] [ 53%] [32mBuilding CXX object CMakeFiles/yolov8_msgs__rosidl_typesupport_introspection_cpp.dir/rosidl_typesupport_introspection_cpp/yolov8_msgs/msg/detail/key_point3_d__type_support.cpp.o[0m
[3.150s] [ 54%] [32mBuilding C object CMakeFiles/yolov8_msgs__rosidl_typesupport_introspection_c.dir/rosidl_typesupport_introspection_c/yolov8_msgs/msg/detail/bounding_box3_d__type_support.c.o[0m
[3.171s] [ 54%] [32mBuilding CXX object CMakeFiles/yolov8_msgs__rosidl_typesupport_fastrtps_c.dir/rosidl_typesupport_fastrtps_c/yolov8_msgs/msg/detail/point2_d__type_support_c.cpp.o[0m
[3.250s] [ 55%] [32mBuilding CXX object CMakeFiles/yolov8_msgs__rosidl_typesupport_introspection_cpp.dir/rosidl_typesupport_introspection_cpp/yolov8_msgs/msg/detail/key_point3_d_array__type_support.cpp.o[0m
[3.271s] [ 56%] [32mBuilding CXX object CMakeFiles/yolov8_msgs__rosidl_typesupport_fastrtps_cpp.dir/rosidl_typesupport_fastrtps_cpp/yolov8_msgs/msg/detail/dds_fastrtps/mask__type_support.cpp.o[0m
[3.314s] [ 57%] [32mBuilding CXX object CMakeFiles/yolov8_msgs__rosidl_typesupport_fastrtps_c.dir/rosidl_typesupport_fastrtps_c/yolov8_msgs/msg/detail/vector2__type_support_c.cpp.o[0m
[3.370s] [ 58%] [32mBuilding CXX object CMakeFiles/yolov8_msgs__rosidl_typesupport_introspection_cpp.dir/rosidl_typesupport_introspection_cpp/yolov8_msgs/msg/detail/detection__type_support.cpp.o[0m
[3.389s] [ 59%] [32mBuilding C object CMakeFiles/yolov8_msgs__rosidl_typesupport_introspection_c.dir/rosidl_typesupport_introspection_c/yolov8_msgs/msg/detail/mask__type_support.c.o[0m
[3.475s] [ 60%] [32m[1mLinking CXX shared library libyolov8_msgs__rosidl_typesupport_cpp.so[0m
[3.486s] [ 60%] [32mBuilding C object CMakeFiles/yolov8_msgs__rosidl_typesupport_introspection_c.dir/rosidl_typesupport_introspection_c/yolov8_msgs/msg/detail/key_point2_d__type_support.c.o[0m
[3.539s] [ 61%] [32mBuilding CXX object CMakeFiles/yolov8_msgs__rosidl_typesupport_fastrtps_cpp.dir/rosidl_typesupport_fastrtps_cpp/yolov8_msgs/msg/detail/dds_fastrtps/key_point2_d__type_support.cpp.o[0m
[3.553s] [ 62%] [32mBuilding CXX object CMakeFiles/yolov8_msgs__rosidl_typesupport_introspection_cpp.dir/rosidl_typesupport_introspection_cpp/yolov8_msgs/msg/detail/detection_array__type_support.cpp.o[0m
[3.560s] [ 63%] [32mBuilding C object CMakeFiles/yolov8_msgs__rosidl_typesupport_introspection_c.dir/rosidl_typesupport_introspection_c/yolov8_msgs/msg/detail/key_point2_d_array__type_support.c.o[0m
[3.597s] [ 64%] [32mBuilding CXX object CMakeFiles/yolov8_msgs__rosidl_typesupport_fastrtps_c.dir/rosidl_typesupport_fastrtps_c/yolov8_msgs/msg/detail/pose2_d__type_support_c.cpp.o[0m
[3.626s] [ 65%] [32mBuilding CXX object CMakeFiles/yolov8_msgs__rosidl_typesupport_fastrtps_cpp.dir/rosidl_typesupport_fastrtps_cpp/yolov8_msgs/msg/detail/dds_fastrtps/key_point2_d_array__type_support.cpp.o[0m
[3.643s] [ 65%] Built target yolov8_msgs__rosidl_typesupport_cpp
[3.658s] [ 66%] [32mBuilding C object CMakeFiles/yolov8_msgs__rosidl_typesupport_introspection_c.dir/rosidl_typesupport_introspection_c/yolov8_msgs/msg/detail/key_point3_d__type_support.c.o[0m
[3.668s] [ 66%] [32mBuilding CXX object CMakeFiles/yolov8_msgs__rosidl_typesupport_fastrtps_cpp.dir/rosidl_typesupport_fastrtps_cpp/yolov8_msgs/msg/detail/dds_fastrtps/key_point3_d__type_support.cpp.o[0m
[3.670s] [ 67%] [32mBuilding C object CMakeFiles/yolov8_msgs__rosidl_typesupport_introspection_c.dir/rosidl_typesupport_introspection_c/yolov8_msgs/msg/detail/key_point3_d_array__type_support.c.o[0m
[3.679s] [ 68%] [32mBuilding C object CMakeFiles/yolov8_msgs__rosidl_typesupport_introspection_c.dir/rosidl_typesupport_introspection_c/yolov8_msgs/msg/detail/detection__type_support.c.o[0m
[3.731s] [ 69%] [32mBuilding CXX object CMakeFiles/yolov8_msgs__rosidl_typesupport_fastrtps_c.dir/rosidl_typesupport_fastrtps_c/yolov8_msgs/msg/detail/bounding_box2_d__type_support_c.cpp.o[0m
[3.769s] [ 70%] [32mBuilding CXX object CMakeFiles/yolov8_msgs__rosidl_typesupport_fastrtps_c.dir/rosidl_typesupport_fastrtps_c/yolov8_msgs/msg/detail/bounding_box3_d__type_support_c.cpp.o[0m
[3.775s] [ 71%] [32mBuilding C object CMakeFiles/yolov8_msgs__rosidl_typesupport_introspection_c.dir/rosidl_typesupport_introspection_c/yolov8_msgs/msg/detail/detection_array__type_support.c.o[0m
[3.790s] [ 72%] [32mBuilding CXX object CMakeFiles/yolov8_msgs__rosidl_typesupport_fastrtps_cpp.dir/rosidl_typesupport_fastrtps_cpp/yolov8_msgs/msg/detail/dds_fastrtps/key_point3_d_array__type_support.cpp.o[0m
[3.871s] [ 72%] [32m[1mLinking C shared library libyolov8_msgs__rosidl_typesupport_introspection_c.so[0m
[3.990s] [ 72%] Built target yolov8_msgs__rosidl_typesupport_introspection_c
[4.022s] [ 73%] [32mBuilding CXX object CMakeFiles/yolov8_msgs__rosidl_typesupport_fastrtps_cpp.dir/rosidl_typesupport_fastrtps_cpp/yolov8_msgs/msg/detail/dds_fastrtps/detection__type_support.cpp.o[0m
[4.054s] [ 74%] [32mBuilding CXX object CMakeFiles/yolov8_msgs__rosidl_typesupport_fastrtps_cpp.dir/rosidl_typesupport_fastrtps_cpp/yolov8_msgs/msg/detail/dds_fastrtps/detection_array__type_support.cpp.o[0m
[4.065s] [ 75%] [32mBuilding CXX object CMakeFiles/yolov8_msgs__rosidl_typesupport_fastrtps_c.dir/rosidl_typesupport_fastrtps_c/yolov8_msgs/msg/detail/mask__type_support_c.cpp.o[0m
[4.217s] [ 75%] [32mBuilding CXX object CMakeFiles/yolov8_msgs__rosidl_typesupport_fastrtps_c.dir/rosidl_typesupport_fastrtps_c/yolov8_msgs/msg/detail/key_point2_d__type_support_c.cpp.o[0m
[4.229s] [ 76%] [32mBuilding CXX object CMakeFiles/yolov8_msgs__rosidl_typesupport_fastrtps_c.dir/rosidl_typesupport_fastrtps_c/yolov8_msgs/msg/detail/key_point2_d_array__type_support_c.cpp.o[0m
[4.272s] [ 77%] [32mBuilding CXX object CMakeFiles/yolov8_msgs__rosidl_typesupport_fastrtps_c.dir/rosidl_typesupport_fastrtps_c/yolov8_msgs/msg/detail/key_point3_d__type_support_c.cpp.o[0m
[4.276s] [ 78%] [32mBuilding CXX object CMakeFiles/yolov8_msgs__rosidl_typesupport_fastrtps_c.dir/rosidl_typesupport_fastrtps_c/yolov8_msgs/msg/detail/key_point3_d_array__type_support_c.cpp.o[0m
[4.290s] [ 79%] [32mBuilding CXX object CMakeFiles/yolov8_msgs__rosidl_typesupport_fastrtps_c.dir/rosidl_typesupport_fastrtps_c/yolov8_msgs/msg/detail/detection__type_support_c.cpp.o[0m
[4.398s] [ 80%] [32mBuilding CXX object CMakeFiles/yolov8_msgs__rosidl_typesupport_fastrtps_c.dir/rosidl_typesupport_fastrtps_c/yolov8_msgs/msg/detail/detection_array__type_support_c.cpp.o[0m
[4.454s] [ 81%] [32m[1mLinking CXX shared library libyolov8_msgs__rosidl_typesupport_introspection_cpp.so[0m
[4.615s] [ 81%] Built target yolov8_msgs__rosidl_typesupport_introspection_cpp
[4.675s] [ 82%] [32m[1mLinking CXX shared library libyolov8_msgs__rosidl_typesupport_fastrtps_cpp.so[0m
[4.755s] [ 82%] [32m[1mLinking CXX shared library libyolov8_msgs__rosidl_typesupport_fastrtps_c.so[0m
[4.785s] [ 82%] Built target yolov8_msgs__rosidl_typesupport_fastrtps_cpp
[4.821s] [ 82%] Built target yolov8_msgs__rosidl_typesupport_fastrtps_c
[4.841s] [ 82%] Built target yolov8_msgs
[4.863s] [ 83%] [34m[1mGenerating Python code for ROS interfaces[0m
[6.110s] [ 83%] Built target yolov8_msgs__py
[6.133s] [ 85%] [32mBuilding C object CMakeFiles/yolov8_msgs__rosidl_generator_py.dir/rosidl_generator_py/yolov8_msgs/msg/_bounding_box3_d_s.c.o[0m
[6.133s] [ 86%] [32mBuilding C object CMakeFiles/yolov8_msgs__rosidl_generator_py.dir/rosidl_generator_py/yolov8_msgs/msg/_key_point3_d_array_s.c.o[0m
[6.134s] [ 88%] [32mBuilding C object CMakeFiles/yolov8_msgs__rosidl_generator_py.dir/rosidl_generator_py/yolov8_msgs/msg/_pose2_d_s.c.o[0m
[6.135s] [ 89%] [32mBuilding C object CMakeFiles/yolov8_msgs__rosidl_generator_py.dir/rosidl_generator_py/yolov8_msgs/msg/_key_point2_d_s.c.o[0m
[6.135s] [ 89%] [32mBuilding C object CMakeFiles/yolov8_msgs__rosidl_generator_py.dir/rosidl_generator_py/yolov8_msgs/msg/_mask_s.c.o[0m
[6.135s] [ 89%] [32mBuilding C object CMakeFiles/yolov8_msgs__rosidl_generator_py.dir/rosidl_generator_py/yolov8_msgs/msg/_vector2_s.c.o[0m
[6.135s] [ 88%] [32mBuilding C object CMakeFiles/yolov8_msgs__rosidl_generator_py.dir/rosidl_generator_py/yolov8_msgs/msg/_key_point3_d_s.c.o[0m
[6.135s] [ 88%] [32mBuilding C object CMakeFiles/yolov8_msgs__rosidl_generator_py.dir/rosidl_generator_py/yolov8_msgs/msg/_point2_d_s.c.o[0m
[6.138s] [ 90%] [32mBuilding C object CMakeFiles/yolov8_msgs__rosidl_generator_py.dir/rosidl_generator_py/yolov8_msgs/msg/_bounding_box2_d_s.c.o[0m
[6.139s] [ 91%] [32mBuilding C object CMakeFiles/yolov8_msgs__rosidl_generator_py.dir/rosidl_generator_py/yolov8_msgs/msg/_detection_array_s.c.o[0m
[6.140s] [ 92%] [32mBuilding C object CMakeFiles/yolov8_msgs__rosidl_generator_py.dir/rosidl_generator_py/yolov8_msgs/msg/_key_point2_d_array_s.c.o[0m
[6.144s] [ 93%] [32mBuilding C object CMakeFiles/yolov8_msgs__rosidl_generator_py.dir/rosidl_generator_py/yolov8_msgs/msg/_detection_s.c.o[0m
[6.264s] [ 94%] [32m[1mLinking C shared library rosidl_generator_py/yolov8_msgs/libyolov8_msgs__rosidl_generator_py.so[0m
[6.306s] [ 94%] Built target yolov8_msgs__rosidl_generator_py
[6.323s] [ 97%] [32mBuilding C object CMakeFiles/yolov8_msgs__rosidl_typesupport_fastrtps_c__pyext.dir/rosidl_generator_py/yolov8_msgs/_yolov8_msgs_s.ep.rosidl_typesupport_fastrtps_c.c.o[0m
[6.323s] [ 97%] [32mBuilding C object CMakeFiles/yolov8_msgs__rosidl_typesupport_c__pyext.dir/rosidl_generator_py/yolov8_msgs/_yolov8_msgs_s.ep.rosidl_typesupport_c.c.o[0m
[6.323s] [ 97%] [32mBuilding C object CMakeFiles/yolov8_msgs__rosidl_typesupport_introspection_c__pyext.dir/rosidl_generator_py/yolov8_msgs/_yolov8_msgs_s.ep.rosidl_typesupport_introspection_c.c.o[0m
[6.421s] [ 98%] [32m[1mLinking C shared library rosidl_generator_py/yolov8_msgs/yolov8_msgs_s__rosidl_typesupport_c.cpython-310-x86_64-linux-gnu.so[0m
[6.421s] [ 99%] [32m[1mLinking C shared library rosidl_generator_py/yolov8_msgs/yolov8_msgs_s__rosidl_typesupport_fastrtps_c.cpython-310-x86_64-linux-gnu.so[0m
[6.426s] [100%] [32m[1mLinking C shared library rosidl_generator_py/yolov8_msgs/yolov8_msgs_s__rosidl_typesupport_introspection_c.cpython-310-x86_64-linux-gnu.so[0m
[6.455s] [100%] Built target yolov8_msgs__rosidl_typesupport_fastrtps_c__pyext
[6.455s] [100%] Built target yolov8_msgs__rosidl_typesupport_c__pyext
[6.461s] [100%] Built target yolov8_msgs__rosidl_typesupport_introspection_c__pyext
[6.474s] Invoked command in '/home/sunny/cleaner_ws/phyAI_ws/build/yolov8_msgs' returned '0': CMAKE_PREFIX_PATH=/opt/ros/humble /usr/bin/cmake --build /home/sunny/cleaner_ws/phyAI_ws/build/yolov8_msgs -- -j16 -l16
[6.475s] Invoking command in '/home/sunny/cleaner_ws/phyAI_ws/build/yolov8_msgs': CMAKE_PREFIX_PATH=/opt/ros/humble /usr/bin/cmake --install /home/sunny/cleaner_ws/phyAI_ws/build/yolov8_msgs
[6.482s] -- Install configuration: ""
[6.482s] -- Installing: /home/sunny/cleaner_ws/phyAI_ws/install/yolov8_msgs/share/ament_index/resource_index/rosidl_interfaces/yolov8_msgs
[6.483s] -- Installing: /home/sunny/cleaner_ws/phyAI_ws/install/yolov8_msgs/include/yolov8_msgs/yolov8_msgs
[6.483s] -- Installing: /home/sunny/cleaner_ws/phyAI_ws/install/yolov8_msgs/include/yolov8_msgs/yolov8_msgs/msg
[6.483s] -- Installing: /home/sunny/cleaner_ws/phyAI_ws/install/yolov8_msgs/include/yolov8_msgs/yolov8_msgs/msg/key_point3_d_array.h
[6.483s] -- Installing: /home/sunny/cleaner_ws/phyAI_ws/install/yolov8_msgs/include/yolov8_msgs/yolov8_msgs/msg/vector2.h
[6.483s] -- Installing: /home/sunny/cleaner_ws/phyAI_ws/install/yolov8_msgs/include/yolov8_msgs/yolov8_msgs/msg/key_point2_d_array.h
[6.483s] -- Installing: /home/sunny/cleaner_ws/phyAI_ws/install/yolov8_msgs/include/yolov8_msgs/yolov8_msgs/msg/key_point3_d.h
[6.483s] -- Installing: /home/sunny/cleaner_ws/phyAI_ws/install/yolov8_msgs/include/yolov8_msgs/yolov8_msgs/msg/pose2_d.h
[6.484s] -- Installing: /home/sunny/cleaner_ws/phyAI_ws/install/yolov8_msgs/include/yolov8_msgs/yolov8_msgs/msg/detection_array.h
[6.484s] -- Installing: /home/sunny/cleaner_ws/phyAI_ws/install/yolov8_msgs/include/yolov8_msgs/yolov8_msgs/msg/point2_d.h
[6.484s] -- Installing: /home/sunny/cleaner_ws/phyAI_ws/install/yolov8_msgs/include/yolov8_msgs/yolov8_msgs/msg/detection.h
[6.484s] -- Installing: /home/sunny/cleaner_ws/phyAI_ws/install/yolov8_msgs/include/yolov8_msgs/yolov8_msgs/msg/detail
[6.484s] -- Installing: /home/sunny/cleaner_ws/phyAI_ws/install/yolov8_msgs/include/yolov8_msgs/yolov8_msgs/msg/detail/key_point3_d__struct.h
[6.484s] -- Installing: /home/sunny/cleaner_ws/phyAI_ws/install/yolov8_msgs/include/yolov8_msgs/yolov8_msgs/msg/detail/detection_array__struct.h
[6.484s] -- Installing: /home/sunny/cleaner_ws/phyAI_ws/install/yolov8_msgs/include/yolov8_msgs/yolov8_msgs/msg/detail/point2_d__functions.c
[6.485s] -- Installing: /home/sunny/cleaner_ws/phyAI_ws/install/yolov8_msgs/include/yolov8_msgs/yolov8_msgs/msg/detail/vector2__functions.h
[6.485s] -- Installing: /home/sunny/cleaner_ws/phyAI_ws/install/yolov8_msgs/include/yolov8_msgs/yolov8_msgs/msg/detail/detection_array__functions.h
[6.485s] -- Installing: /home/sunny/cleaner_ws/phyAI_ws/install/yolov8_msgs/include/yolov8_msgs/yolov8_msgs/msg/detail/bounding_box3_d__type_support.h
[6.485s] -- Installing: /home/sunny/cleaner_ws/phyAI_ws/install/yolov8_msgs/include/yolov8_msgs/yolov8_msgs/msg/detail/pose2_d__functions.c
[6.485s] -- Installing: /home/sunny/cleaner_ws/phyAI_ws/install/yolov8_msgs/include/yolov8_msgs/yolov8_msgs/msg/detail/point2_d__type_support.h
[6.485s] -- Installing: /home/sunny/cleaner_ws/phyAI_ws/install/yolov8_msgs/include/yolov8_msgs/yolov8_msgs/msg/detail/vector2__struct.h
[6.486s] -- Installing: /home/sunny/cleaner_ws/phyAI_ws/install/yolov8_msgs/include/yolov8_msgs/yolov8_msgs/msg/detail/mask__functions.h
[6.486s] -- Installing: /home/sunny/cleaner_ws/phyAI_ws/install/yolov8_msgs/include/yolov8_msgs/yolov8_msgs/msg/detail/detection__functions.h
[6.486s] -- Installing: /home/sunny/cleaner_ws/phyAI_ws/install/yolov8_msgs/include/yolov8_msgs/yolov8_msgs/msg/detail/key_point3_d_array__functions.h
[6.486s] -- Installing: /home/sunny/cleaner_ws/phyAI_ws/install/yolov8_msgs/include/yolov8_msgs/yolov8_msgs/msg/detail/key_point2_d_array__functions.c
[6.486s] -- Installing: /home/sunny/cleaner_ws/phyAI_ws/install/yolov8_msgs/include/yolov8_msgs/yolov8_msgs/msg/detail/mask__functions.c
[6.486s] -- Installing: /home/sunny/cleaner_ws/phyAI_ws/install/yolov8_msgs/include/yolov8_msgs/yolov8_msgs/msg/detail/detection__struct.h
[6.487s] -- Installing: /home/sunny/cleaner_ws/phyAI_ws/install/yolov8_msgs/include/yolov8_msgs/yolov8_msgs/msg/detail/key_point2_d_array__functions.h
[6.487s] -- Installing: /home/sunny/cleaner_ws/phyAI_ws/install/yolov8_msgs/include/yolov8_msgs/yolov8_msgs/msg/detail/mask__type_support.h
[6.487s] -- Installing: /home/sunny/cleaner_ws/phyAI_ws/install/yolov8_msgs/include/yolov8_msgs/yolov8_msgs/msg/detail/mask__struct.h
[6.487s] -- Installing: /home/sunny/cleaner_ws/phyAI_ws/install/yolov8_msgs/include/yolov8_msgs/yolov8_msgs/msg/detail/detection_array__type_support.h
[6.487s] -- Installing: /home/sunny/cleaner_ws/phyAI_ws/install/yolov8_msgs/include/yolov8_msgs/yolov8_msgs/msg/detail/key_point2_d_array__type_support.h
[6.487s] -- Installing: /home/sunny/cleaner_ws/phyAI_ws/install/yolov8_msgs/include/yolov8_msgs/yolov8_msgs/msg/detail/detection__type_support.h
[6.488s] -- Installing: /home/sunny/cleaner_ws/phyAI_ws/install/yolov8_msgs/include/yolov8_msgs/yolov8_msgs/msg/detail/key_point3_d__functions.c
[6.488s] -- Installing: /home/sunny/cleaner_ws/phyAI_ws/install/yolov8_msgs/include/yolov8_msgs/yolov8_msgs/msg/detail/key_point2_d__type_support.h
[6.488s] -- Installing: /home/sunny/cleaner_ws/phyAI_ws/install/yolov8_msgs/include/yolov8_msgs/yolov8_msgs/msg/detail/detection__functions.c
[6.488s] -- Installing: /home/sunny/cleaner_ws/phyAI_ws/install/yolov8_msgs/include/yolov8_msgs/yolov8_msgs/msg/detail/key_point2_d_array__struct.h
[6.488s] -- Installing: /home/sunny/cleaner_ws/phyAI_ws/install/yolov8_msgs/include/yolov8_msgs/yolov8_msgs/msg/detail/bounding_box2_d__type_support.h
[6.488s] -- Installing: /home/sunny/cleaner_ws/phyAI_ws/install/yolov8_msgs/include/yolov8_msgs/yolov8_msgs/msg/detail/key_point3_d_array__functions.c
[6.489s] -- Installing: /home/sunny/cleaner_ws/phyAI_ws/install/yolov8_msgs/include/yolov8_msgs/yolov8_msgs/msg/detail/bounding_box2_d__struct.h
[6.489s] -- Installing: /home/sunny/cleaner_ws/phyAI_ws/install/yolov8_msgs/include/yolov8_msgs/yolov8_msgs/msg/detail/bounding_box2_d__functions.c
[6.489s] -- Installing: /home/sunny/cleaner_ws/phyAI_ws/install/yolov8_msgs/include/yolov8_msgs/yolov8_msgs/msg/detail/key_point2_d__functions.c
[6.489s] -- Installing: /home/sunny/cleaner_ws/phyAI_ws/install/yolov8_msgs/include/yolov8_msgs/yolov8_msgs/msg/detail/bounding_box3_d__functions.h
[6.489s] -- Installing: /home/sunny/cleaner_ws/phyAI_ws/install/yolov8_msgs/include/yolov8_msgs/yolov8_msgs/msg/detail/key_point3_d_array__type_support.h
[6.489s] -- Installing: /home/sunny/cleaner_ws/phyAI_ws/install/yolov8_msgs/include/yolov8_msgs/yolov8_msgs/msg/detail/key_point3_d__functions.h
[6.489s] -- Installing: /home/sunny/cleaner_ws/phyAI_ws/install/yolov8_msgs/include/yolov8_msgs/yolov8_msgs/msg/detail/key_point2_d__functions.h
[6.490s] -- Installing: /home/sunny/cleaner_ws/phyAI_ws/install/yolov8_msgs/include/yolov8_msgs/yolov8_msgs/msg/detail/key_point2_d__struct.h
[6.490s] -- Installing: /home/sunny/cleaner_ws/phyAI_ws/install/yolov8_msgs/include/yolov8_msgs/yolov8_msgs/msg/detail/bounding_box3_d__struct.h
[6.490s] -- Installing: /home/sunny/cleaner_ws/phyAI_ws/install/yolov8_msgs/include/yolov8_msgs/yolov8_msgs/msg/detail/bounding_box2_d__functions.h
[6.490s] -- Installing: /home/sunny/cleaner_ws/phyAI_ws/install/yolov8_msgs/include/yolov8_msgs/yolov8_msgs/msg/detail/bounding_box3_d__functions.c
[6.490s] -- Installing: /home/sunny/cleaner_ws/phyAI_ws/install/yolov8_msgs/include/yolov8_msgs/yolov8_msgs/msg/detail/pose2_d__struct.h
[6.491s] -- Installing: /home/sunny/cleaner_ws/phyAI_ws/install/yolov8_msgs/include/yolov8_msgs/yolov8_msgs/msg/detail/point2_d__struct.h
[6.491s] -- Installing: /home/sunny/cleaner_ws/phyAI_ws/install/yolov8_msgs/include/yolov8_msgs/yolov8_msgs/msg/detail/vector2__type_support.h
[6.491s] -- Installing: /home/sunny/cleaner_ws/phyAI_ws/install/yolov8_msgs/include/yolov8_msgs/yolov8_msgs/msg/detail/key_point3_d__type_support.h
[6.491s] -- Installing: /home/sunny/cleaner_ws/phyAI_ws/install/yolov8_msgs/include/yolov8_msgs/yolov8_msgs/msg/detail/point2_d__functions.h
[6.491s] -- Installing: /home/sunny/cleaner_ws/phyAI_ws/install/yolov8_msgs/include/yolov8_msgs/yolov8_msgs/msg/detail/key_point3_d_array__struct.h
[6.491s] -- Installing: /home/sunny/cleaner_ws/phyAI_ws/install/yolov8_msgs/include/yolov8_msgs/yolov8_msgs/msg/detail/pose2_d__functions.h
[6.492s] -- Installing: /home/sunny/cleaner_ws/phyAI_ws/install/yolov8_msgs/include/yolov8_msgs/yolov8_msgs/msg/detail/pose2_d__type_support.h
[6.492s] -- Installing: /home/sunny/cleaner_ws/phyAI_ws/install/yolov8_msgs/include/yolov8_msgs/yolov8_msgs/msg/detail/vector2__functions.c
[6.492s] -- Installing: /home/sunny/cleaner_ws/phyAI_ws/install/yolov8_msgs/include/yolov8_msgs/yolov8_msgs/msg/detail/detection_array__functions.c
[6.492s] -- Installing: /home/sunny/cleaner_ws/phyAI_ws/install/yolov8_msgs/include/yolov8_msgs/yolov8_msgs/msg/key_point2_d.h
[6.492s] -- Installing: /home/sunny/cleaner_ws/phyAI_ws/install/yolov8_msgs/include/yolov8_msgs/yolov8_msgs/msg/mask.h
[6.492s] -- Installing: /home/sunny/cleaner_ws/phyAI_ws/install/yolov8_msgs/include/yolov8_msgs/yolov8_msgs/msg/bounding_box2_d.h
[6.493s] -- Installing: /home/sunny/cleaner_ws/phyAI_ws/install/yolov8_msgs/include/yolov8_msgs/yolov8_msgs/msg/bounding_box3_d.h
[6.493s] -- Installing: /home/sunny/cleaner_ws/phyAI_ws/install/yolov8_msgs/include/yolov8_msgs/yolov8_msgs/msg/rosidl_generator_c__visibility_control.h
[6.493s] -- Installing: /home/sunny/cleaner_ws/phyAI_ws/install/yolov8_msgs/share/yolov8_msgs/environment/library_path.sh
[6.493s] -- Installing: /home/sunny/cleaner_ws/phyAI_ws/install/yolov8_msgs/share/yolov8_msgs/environment/library_path.dsv
[6.494s] -- Installing: /home/sunny/cleaner_ws/phyAI_ws/install/yolov8_msgs/lib/libyolov8_msgs__rosidl_generator_c.so
[6.494s] -- Set runtime path of "/home/sunny/cleaner_ws/phyAI_ws/install/yolov8_msgs/lib/libyolov8_msgs__rosidl_generator_c.so" to ""
[6.494s] -- Up-to-date: /home/sunny/cleaner_ws/phyAI_ws/install/yolov8_msgs/include/yolov8_msgs/yolov8_msgs
[6.494s] -- Up-to-date: /home/sunny/cleaner_ws/phyAI_ws/install/yolov8_msgs/include/yolov8_msgs/yolov8_msgs/msg
[6.494s] -- Up-to-date: /home/sunny/cleaner_ws/phyAI_ws/install/yolov8_msgs/include/yolov8_msgs/yolov8_msgs/msg/detail
[6.494s] -- Installing: /home/sunny/cleaner_ws/phyAI_ws/install/yolov8_msgs/include/yolov8_msgs/yolov8_msgs/msg/detail/detection__rosidl_typesupport_fastrtps_c.h
[6.495s] -- Installing: /home/sunny/cleaner_ws/phyAI_ws/install/yolov8_msgs/include/yolov8_msgs/yolov8_msgs/msg/detail/mask__rosidl_typesupport_fastrtps_c.h
[6.495s] -- Installing: /home/sunny/cleaner_ws/phyAI_ws/install/yolov8_msgs/include/yolov8_msgs/yolov8_msgs/msg/detail/key_point2_d_array__rosidl_typesupport_fastrtps_c.h
[6.495s] -- Installing: /home/sunny/cleaner_ws/phyAI_ws/install/yolov8_msgs/include/yolov8_msgs/yolov8_msgs/msg/detail/pose2_d__rosidl_typesupport_fastrtps_c.h
[6.495s] -- Installing: /home/sunny/cleaner_ws/phyAI_ws/install/yolov8_msgs/include/yolov8_msgs/yolov8_msgs/msg/detail/key_point3_d_array__rosidl_typesupport_fastrtps_c.h
[6.495s] -- Installing: /home/sunny/cleaner_ws/phyAI_ws/install/yolov8_msgs/include/yolov8_msgs/yolov8_msgs/msg/detail/bounding_box2_d__rosidl_typesupport_fastrtps_c.h
[6.495s] -- Installing: /home/sunny/cleaner_ws/phyAI_ws/install/yolov8_msgs/include/yolov8_msgs/yolov8_msgs/msg/detail/key_point2_d__rosidl_typesupport_fastrtps_c.h
[6.496s] -- Installing: /home/sunny/cleaner_ws/phyAI_ws/install/yolov8_msgs/include/yolov8_msgs/yolov8_msgs/msg/detail/detection_array__rosidl_typesupport_fastrtps_c.h
[6.496s] -- Installing: /home/sunny/cleaner_ws/phyAI_ws/install/yolov8_msgs/include/yolov8_msgs/yolov8_msgs/msg/detail/vector2__rosidl_typesupport_fastrtps_c.h
[6.496s] -- Installing: /home/sunny/cleaner_ws/phyAI_ws/install/yolov8_msgs/include/yolov8_msgs/yolov8_msgs/msg/detail/key_point3_d__rosidl_typesupport_fastrtps_c.h
[6.496s] -- Installing: /home/sunny/cleaner_ws/phyAI_ws/install/yolov8_msgs/include/yolov8_msgs/yolov8_msgs/msg/detail/bounding_box3_d__rosidl_typesupport_fastrtps_c.h
[6.496s] -- Installing: /home/sunny/cleaner_ws/phyAI_ws/install/yolov8_msgs/include/yolov8_msgs/yolov8_msgs/msg/detail/point2_d__rosidl_typesupport_fastrtps_c.h
[6.497s] -- Installing: /home/sunny/cleaner_ws/phyAI_ws/install/yolov8_msgs/include/yolov8_msgs/yolov8_msgs/msg/rosidl_typesupport_fastrtps_c__visibility_control.h
[6.497s] -- Installing: /home/sunny/cleaner_ws/phyAI_ws/install/yolov8_msgs/lib/libyolov8_msgs__rosidl_typesupport_fastrtps_c.so
[6.497s] -- Set runtime path of "/home/sunny/cleaner_ws/phyAI_ws/install/yolov8_msgs/lib/libyolov8_msgs__rosidl_typesupport_fastrtps_c.so" to ""
[6.497s] -- Up-to-date: /home/sunny/cleaner_ws/phyAI_ws/install/yolov8_msgs/include/yolov8_msgs/yolov8_msgs
[6.498s] -- Up-to-date: /home/sunny/cleaner_ws/phyAI_ws/install/yolov8_msgs/include/yolov8_msgs/yolov8_msgs/msg
[6.498s] -- Up-to-date: /home/sunny/cleaner_ws/phyAI_ws/install/yolov8_msgs/include/yolov8_msgs/yolov8_msgs/msg/detail
[6.498s] -- Installing: /home/sunny/cleaner_ws/phyAI_ws/install/yolov8_msgs/include/yolov8_msgs/yolov8_msgs/msg/detail/key_point2_d_array__type_support.c
[6.498s] -- Installing: /home/sunny/cleaner_ws/phyAI_ws/install/yolov8_msgs/include/yolov8_msgs/yolov8_msgs/msg/detail/pose2_d__rosidl_typesupport_introspection_c.h
[6.498s] -- Installing: /home/sunny/cleaner_ws/phyAI_ws/install/yolov8_msgs/include/yolov8_msgs/yolov8_msgs/msg/detail/key_point3_d_array__rosidl_typesupport_introspection_c.h
[6.498s] -- Installing: /home/sunny/cleaner_ws/phyAI_ws/install/yolov8_msgs/include/yolov8_msgs/yolov8_msgs/msg/detail/key_point2_d__rosidl_typesupport_introspection_c.h
[6.498s] -- Installing: /home/sunny/cleaner_ws/phyAI_ws/install/yolov8_msgs/include/yolov8_msgs/yolov8_msgs/msg/detail/bounding_box3_d__type_support.c
[6.499s] -- Installing: /home/sunny/cleaner_ws/phyAI_ws/install/yolov8_msgs/include/yolov8_msgs/yolov8_msgs/msg/detail/point2_d__type_support.c
[6.499s] -- Installing: /home/sunny/cleaner_ws/phyAI_ws/install/yolov8_msgs/include/yolov8_msgs/yolov8_msgs/msg/detail/key_point3_d__rosidl_typesupport_introspection_c.h
[6.499s] -- Installing: /home/sunny/cleaner_ws/phyAI_ws/install/yolov8_msgs/include/yolov8_msgs/yolov8_msgs/msg/detail/pose2_d__type_support.c
[6.499s] -- Installing: /home/sunny/cleaner_ws/phyAI_ws/install/yolov8_msgs/include/yolov8_msgs/yolov8_msgs/msg/detail/point2_d__rosidl_typesupport_introspection_c.h
[6.499s] -- Installing: /home/sunny/cleaner_ws/phyAI_ws/install/yolov8_msgs/include/yolov8_msgs/yolov8_msgs/msg/detail/key_point3_d__type_support.c
[6.500s] -- Installing: /home/sunny/cleaner_ws/phyAI_ws/install/yolov8_msgs/include/yolov8_msgs/yolov8_msgs/msg/detail/detection__type_support.c
[6.500s] -- Installing: /home/sunny/cleaner_ws/phyAI_ws/install/yolov8_msgs/include/yolov8_msgs/yolov8_msgs/msg/detail/mask__type_support.c
[6.500s] -- Installing: /home/sunny/cleaner_ws/phyAI_ws/install/yolov8_msgs/include/yolov8_msgs/yolov8_msgs/msg/detail/bounding_box3_d__rosidl_typesupport_introspection_c.h
[6.500s] -- Installing: /home/sunny/cleaner_ws/phyAI_ws/install/yolov8_msgs/include/yolov8_msgs/yolov8_msgs/msg/detail/vector2__type_support.c
[6.500s] -- Installing: /home/sunny/cleaner_ws/phyAI_ws/install/yolov8_msgs/include/yolov8_msgs/yolov8_msgs/msg/detail/bounding_box2_d__rosidl_typesupport_introspection_c.h
[6.500s] -- Installing: /home/sunny/cleaner_ws/phyAI_ws/install/yolov8_msgs/include/yolov8_msgs/yolov8_msgs/msg/detail/key_point2_d_array__rosidl_typesupport_introspection_c.h
[6.501s] -- Installing: /home/sunny/cleaner_ws/phyAI_ws/install/yolov8_msgs/include/yolov8_msgs/yolov8_msgs/msg/detail/bounding_box2_d__type_support.c
[6.501s] -- Installing: /home/sunny/cleaner_ws/phyAI_ws/install/yolov8_msgs/include/yolov8_msgs/yolov8_msgs/msg/detail/vector2__rosidl_typesupport_introspection_c.h
[6.501s] -- Installing: /home/sunny/cleaner_ws/phyAI_ws/install/yolov8_msgs/include/yolov8_msgs/yolov8_msgs/msg/detail/detection_array__rosidl_typesupport_introspection_c.h
[6.501s] -- Installing: /home/sunny/cleaner_ws/phyAI_ws/install/yolov8_msgs/include/yolov8_msgs/yolov8_msgs/msg/detail/detection_array__type_support.c
[6.501s] -- Installing: /home/sunny/cleaner_ws/phyAI_ws/install/yolov8_msgs/include/yolov8_msgs/yolov8_msgs/msg/detail/detection__rosidl_typesupport_introspection_c.h
[6.502s] -- Installing: /home/sunny/cleaner_ws/phyAI_ws/install/yolov8_msgs/include/yolov8_msgs/yolov8_msgs/msg/detail/mask__rosidl_typesupport_introspection_c.h
[6.502s] -- Installing: /home/sunny/cleaner_ws/phyAI_ws/install/yolov8_msgs/include/yolov8_msgs/yolov8_msgs/msg/detail/key_point3_d_array__type_support.c
[6.502s] -- Installing: /home/sunny/cleaner_ws/phyAI_ws/install/yolov8_msgs/include/yolov8_msgs/yolov8_msgs/msg/detail/key_point2_d__type_support.c
[6.502s] -- Installing: /home/sunny/cleaner_ws/phyAI_ws/install/yolov8_msgs/include/yolov8_msgs/yolov8_msgs/msg/rosidl_typesupport_introspection_c__visibility_control.h
[6.502s] -- Installing: /home/sunny/cleaner_ws/phyAI_ws/install/yolov8_msgs/lib/libyolov8_msgs__rosidl_typesupport_introspection_c.so
[6.503s] -- Set runtime path of "/home/sunny/cleaner_ws/phyAI_ws/install/yolov8_msgs/lib/libyolov8_msgs__rosidl_typesupport_introspection_c.so" to ""
[6.503s] -- Installing: /home/sunny/cleaner_ws/phyAI_ws/install/yolov8_msgs/lib/libyolov8_msgs__rosidl_typesupport_c.so
[6.504s] -- Set runtime path of "/home/sunny/cleaner_ws/phyAI_ws/install/yolov8_msgs/lib/libyolov8_msgs__rosidl_typesupport_c.so" to ""
[6.504s] -- Up-to-date: /home/sunny/cleaner_ws/phyAI_ws/install/yolov8_msgs/include/yolov8_msgs/yolov8_msgs
[6.504s] -- Up-to-date: /home/sunny/cleaner_ws/phyAI_ws/install/yolov8_msgs/include/yolov8_msgs/yolov8_msgs/msg
[6.504s] -- Installing: /home/sunny/cleaner_ws/phyAI_ws/install/yolov8_msgs/include/yolov8_msgs/yolov8_msgs/msg/rosidl_generator_cpp__visibility_control.hpp
[6.504s] -- Installing: /home/sunny/cleaner_ws/phyAI_ws/install/yolov8_msgs/include/yolov8_msgs/yolov8_msgs/msg/point2_d.hpp
[6.504s] -- Installing: /home/sunny/cleaner_ws/phyAI_ws/install/yolov8_msgs/include/yolov8_msgs/yolov8_msgs/msg/mask.hpp
[6.504s] -- Installing: /home/sunny/cleaner_ws/phyAI_ws/install/yolov8_msgs/include/yolov8_msgs/yolov8_msgs/msg/key_point3_d.hpp
[6.504s] -- Installing: /home/sunny/cleaner_ws/phyAI_ws/install/yolov8_msgs/include/yolov8_msgs/yolov8_msgs/msg/bounding_box3_d.hpp
[6.505s] -- Installing: /home/sunny/cleaner_ws/phyAI_ws/install/yolov8_msgs/include/yolov8_msgs/yolov8_msgs/msg/pose2_d.hpp
[6.505s] -- Up-to-date: /home/sunny/cleaner_ws/phyAI_ws/install/yolov8_msgs/include/yolov8_msgs/yolov8_msgs/msg/detail
[6.505s] -- Installing: /home/sunny/cleaner_ws/phyAI_ws/install/yolov8_msgs/include/yolov8_msgs/yolov8_msgs/msg/detail/pose2_d__type_support.hpp
[6.505s] -- Installing: /home/sunny/cleaner_ws/phyAI_ws/install/yolov8_msgs/include/yolov8_msgs/yolov8_msgs/msg/detail/bounding_box2_d__traits.hpp
[6.505s] -- Installing: /home/sunny/cleaner_ws/phyAI_ws/install/yolov8_msgs/include/yolov8_msgs/yolov8_msgs/msg/detail/point2_d__builder.hpp
[6.505s] -- Installing: /home/sunny/cleaner_ws/phyAI_ws/install/yolov8_msgs/include/yolov8_msgs/yolov8_msgs/msg/detail/key_point3_d_array__type_support.hpp
[6.505s] -- Installing: /home/sunny/cleaner_ws/phyAI_ws/install/yolov8_msgs/include/yolov8_msgs/yolov8_msgs/msg/detail/key_point2_d_array__traits.hpp
[6.506s] -- Installing: /home/sunny/cleaner_ws/phyAI_ws/install/yolov8_msgs/include/yolov8_msgs/yolov8_msgs/msg/detail/detection__struct.hpp
[6.506s] -- Installing: /home/sunny/cleaner_ws/phyAI_ws/install/yolov8_msgs/include/yolov8_msgs/yolov8_msgs/msg/detail/detection__traits.hpp
[6.506s] -- Installing: /home/sunny/cleaner_ws/phyAI_ws/install/yolov8_msgs/include/yolov8_msgs/yolov8_msgs/msg/detail/pose2_d__builder.hpp
[6.506s] -- Installing: /home/sunny/cleaner_ws/phyAI_ws/install/yolov8_msgs/include/yolov8_msgs/yolov8_msgs/msg/detail/key_point2_d__type_support.hpp
[6.506s] -- Installing: /home/sunny/cleaner_ws/phyAI_ws/install/yolov8_msgs/include/yolov8_msgs/yolov8_msgs/msg/detail/key_point3_d_array__builder.hpp
[6.506s] -- Installing: /home/sunny/cleaner_ws/phyAI_ws/install/yolov8_msgs/include/yolov8_msgs/yolov8_msgs/msg/detail/bounding_box2_d__builder.hpp
[6.507s] -- Installing: /home/sunny/cleaner_ws/phyAI_ws/install/yolov8_msgs/include/yolov8_msgs/yolov8_msgs/msg/detail/mask__builder.hpp
[6.507s] -- Installing: /home/sunny/cleaner_ws/phyAI_ws/install/yolov8_msgs/include/yolov8_msgs/yolov8_msgs/msg/detail/key_point3_d__type_support.hpp
[6.507s] -- Installing: /home/sunny/cleaner_ws/phyAI_ws/install/yolov8_msgs/include/yolov8_msgs/yolov8_msgs/msg/detail/key_point2_d_array__type_support.hpp
[6.507s] -- Installing: /home/sunny/cleaner_ws/phyAI_ws/install/yolov8_msgs/include/yolov8_msgs/yolov8_msgs/msg/detail/key_point2_d__builder.hpp
[6.507s] -- Installing: /home/sunny/cleaner_ws/phyAI_ws/install/yolov8_msgs/include/yolov8_msgs/yolov8_msgs/msg/detail/bounding_box2_d__struct.hpp
[6.507s] -- Installing: /home/sunny/cleaner_ws/phyAI_ws/install/yolov8_msgs/include/yolov8_msgs/yolov8_msgs/msg/detail/vector2__struct.hpp
[6.508s] -- Installing: /home/sunny/cleaner_ws/phyAI_ws/install/yolov8_msgs/include/yolov8_msgs/yolov8_msgs/msg/detail/pose2_d__traits.hpp
[6.508s] -- Installing: /home/sunny/cleaner_ws/phyAI_ws/install/yolov8_msgs/include/yolov8_msgs/yolov8_msgs/msg/detail/key_point3_d__traits.hpp
[6.508s] -- Installing: /home/sunny/cleaner_ws/phyAI_ws/install/yolov8_msgs/include/yolov8_msgs/yolov8_msgs/msg/detail/vector2__type_support.hpp
[6.508s] -- Installing: /home/sunny/cleaner_ws/phyAI_ws/install/yolov8_msgs/include/yolov8_msgs/yolov8_msgs/msg/detail/detection__type_support.hpp
[6.508s] -- Installing: /home/sunny/cleaner_ws/phyAI_ws/install/yolov8_msgs/include/yolov8_msgs/yolov8_msgs/msg/detail/point2_d__struct.hpp
[6.508s] -- Installing: /home/sunny/cleaner_ws/phyAI_ws/install/yolov8_msgs/include/yolov8_msgs/yolov8_msgs/msg/detail/key_point2_d_array__builder.hpp
[6.508s] -- Installing: /home/sunny/cleaner_ws/phyAI_ws/install/yolov8_msgs/include/yolov8_msgs/yolov8_msgs/msg/detail/vector2__builder.hpp
[6.509s] -- Installing: /home/sunny/cleaner_ws/phyAI_ws/install/yolov8_msgs/include/yolov8_msgs/yolov8_msgs/msg/detail/mask__type_support.hpp
[6.509s] -- Installing: /home/sunny/cleaner_ws/phyAI_ws/install/yolov8_msgs/include/yolov8_msgs/yolov8_msgs/msg/detail/key_point3_d_array__traits.hpp
[6.509s] -- Installing: /home/sunny/cleaner_ws/phyAI_ws/install/yolov8_msgs/include/yolov8_msgs/yolov8_msgs/msg/detail/point2_d__type_support.hpp
[6.509s] -- Installing: /home/sunny/cleaner_ws/phyAI_ws/install/yolov8_msgs/include/yolov8_msgs/yolov8_msgs/msg/detail/key_point2_d_array__struct.hpp
[6.509s] -- Installing: /home/sunny/cleaner_ws/phyAI_ws/install/yolov8_msgs/include/yolov8_msgs/yolov8_msgs/msg/detail/key_point3_d__struct.hpp
[6.509s] -- Installing: /home/sunny/cleaner_ws/phyAI_ws/install/yolov8_msgs/include/yolov8_msgs/yolov8_msgs/msg/detail/bounding_box3_d__type_support.hpp
[6.509s] -- Installing: /home/sunny/cleaner_ws/phyAI_ws/install/yolov8_msgs/include/yolov8_msgs/yolov8_msgs/msg/detail/point2_d__traits.hpp
[6.509s] -- Installing: /home/sunny/cleaner_ws/phyAI_ws/install/yolov8_msgs/include/yolov8_msgs/yolov8_msgs/msg/detail/key_point3_d__builder.hpp
[6.510s] -- Installing: /home/sunny/cleaner_ws/phyAI_ws/install/yolov8_msgs/include/yolov8_msgs/yolov8_msgs/msg/detail/vector2__traits.hpp
[6.510s] -- Installing: /home/sunny/cleaner_ws/phyAI_ws/install/yolov8_msgs/include/yolov8_msgs/yolov8_msgs/msg/detail/bounding_box2_d__type_support.hpp
[6.510s] -- Installing: /home/sunny/cleaner_ws/phyAI_ws/install/yolov8_msgs/include/yolov8_msgs/yolov8_msgs/msg/detail/detection__builder.hpp
[6.510s] -- Installing: /home/sunny/cleaner_ws/phyAI_ws/install/yolov8_msgs/include/yolov8_msgs/yolov8_msgs/msg/detail/detection_array__type_support.hpp
[6.510s] -- Installing: /home/sunny/cleaner_ws/phyAI_ws/install/yolov8_msgs/include/yolov8_msgs/yolov8_msgs/msg/detail/key_point3_d_array__struct.hpp
[6.510s] -- Installing: /home/sunny/cleaner_ws/phyAI_ws/install/yolov8_msgs/include/yolov8_msgs/yolov8_msgs/msg/detail/detection_array__traits.hpp
[6.510s] -- Installing: /home/sunny/cleaner_ws/phyAI_ws/install/yolov8_msgs/include/yolov8_msgs/yolov8_msgs/msg/detail/key_point2_d__struct.hpp
[6.511s] -- Installing: /home/sunny/cleaner_ws/phyAI_ws/install/yolov8_msgs/include/yolov8_msgs/yolov8_msgs/msg/detail/bounding_box3_d__traits.hpp
[6.511s] -- Installing: /home/sunny/cleaner_ws/phyAI_ws/install/yolov8_msgs/include/yolov8_msgs/yolov8_msgs/msg/detail/bounding_box3_d__struct.hpp
[6.511s] -- Installing: /home/sunny/cleaner_ws/phyAI_ws/install/yolov8_msgs/include/yolov8_msgs/yolov8_msgs/msg/detail/detection_array__builder.hpp
[6.511s] -- Installing: /home/sunny/cleaner_ws/phyAI_ws/install/yolov8_msgs/include/yolov8_msgs/yolov8_msgs/msg/detail/mask__traits.hpp
[6.511s] -- Installing: /home/sunny/cleaner_ws/phyAI_ws/install/yolov8_msgs/include/yolov8_msgs/yolov8_msgs/msg/detail/mask__struct.hpp
[6.511s] -- Installing: /home/sunny/cleaner_ws/phyAI_ws/install/yolov8_msgs/include/yolov8_msgs/yolov8_msgs/msg/detail/bounding_box3_d__builder.hpp
[6.511s] -- Installing: /home/sunny/cleaner_ws/phyAI_ws/install/yolov8_msgs/include/yolov8_msgs/yolov8_msgs/msg/detail/key_point2_d__traits.hpp
[6.512s] -- Installing: /home/sunny/cleaner_ws/phyAI_ws/install/yolov8_msgs/include/yolov8_msgs/yolov8_msgs/msg/detail/detection_array__struct.hpp
[6.512s] -- Installing: /home/sunny/cleaner_ws/phyAI_ws/install/yolov8_msgs/include/yolov8_msgs/yolov8_msgs/msg/detail/pose2_d__struct.hpp
[6.512s] -- Installing: /home/sunny/cleaner_ws/phyAI_ws/install/yolov8_msgs/include/yolov8_msgs/yolov8_msgs/msg/key_point3_d_array.hpp
[6.512s] -- Installing: /home/sunny/cleaner_ws/phyAI_ws/install/yolov8_msgs/include/yolov8_msgs/yolov8_msgs/msg/key_point2_d.hpp
[6.512s] -- Installing: /home/sunny/cleaner_ws/phyAI_ws/install/yolov8_msgs/include/yolov8_msgs/yolov8_msgs/msg/vector2.hpp
[6.512s] -- Installing: /home/sunny/cleaner_ws/phyAI_ws/install/yolov8_msgs/include/yolov8_msgs/yolov8_msgs/msg/bounding_box2_d.hpp
[6.512s] -- Installing: /home/sunny/cleaner_ws/phyAI_ws/install/yolov8_msgs/include/yolov8_msgs/yolov8_msgs/msg/key_point2_d_array.hpp
[6.512s] -- Installing: /home/sunny/cleaner_ws/phyAI_ws/install/yolov8_msgs/include/yolov8_msgs/yolov8_msgs/msg/detection.hpp
[6.513s] -- Installing: /home/sunny/cleaner_ws/phyAI_ws/install/yolov8_msgs/include/yolov8_msgs/yolov8_msgs/msg/detection_array.hpp
[6.513s] -- Up-to-date: /home/sunny/cleaner_ws/phyAI_ws/install/yolov8_msgs/include/yolov8_msgs/yolov8_msgs
[6.513s] -- Up-to-date: /home/sunny/cleaner_ws/phyAI_ws/install/yolov8_msgs/include/yolov8_msgs/yolov8_msgs/msg
[6.513s] -- Up-to-date: /home/sunny/cleaner_ws/phyAI_ws/install/yolov8_msgs/include/yolov8_msgs/yolov8_msgs/msg/detail
[6.513s] -- Installing: /home/sunny/cleaner_ws/phyAI_ws/install/yolov8_msgs/include/yolov8_msgs/yolov8_msgs/msg/detail/vector2__rosidl_typesupport_fastrtps_cpp.hpp
[6.513s] -- Installing: /home/sunny/cleaner_ws/phyAI_ws/install/yolov8_msgs/include/yolov8_msgs/yolov8_msgs/msg/detail/bounding_box3_d__rosidl_typesupport_fastrtps_cpp.hpp
[6.513s] -- Installing: /home/sunny/cleaner_ws/phyAI_ws/install/yolov8_msgs/include/yolov8_msgs/yolov8_msgs/msg/detail/mask__rosidl_typesupport_fastrtps_cpp.hpp
[6.513s] -- Installing: /home/sunny/cleaner_ws/phyAI_ws/install/yolov8_msgs/include/yolov8_msgs/yolov8_msgs/msg/detail/detection_array__rosidl_typesupport_fastrtps_cpp.hpp
[6.514s] -- Installing: /home/sunny/cleaner_ws/phyAI_ws/install/yolov8_msgs/include/yolov8_msgs/yolov8_msgs/msg/detail/key_point3_d__rosidl_typesupport_fastrtps_cpp.hpp
[6.514s] -- Installing: /home/sunny/cleaner_ws/phyAI_ws/install/yolov8_msgs/include/yolov8_msgs/yolov8_msgs/msg/detail/key_point2_d__rosidl_typesupport_fastrtps_cpp.hpp
[6.514s] -- Installing: /home/sunny/cleaner_ws/phyAI_ws/install/yolov8_msgs/include/yolov8_msgs/yolov8_msgs/msg/detail/point2_d__rosidl_typesupport_fastrtps_cpp.hpp
[6.514s] -- Installing: /home/sunny/cleaner_ws/phyAI_ws/install/yolov8_msgs/include/yolov8_msgs/yolov8_msgs/msg/detail/pose2_d__rosidl_typesupport_fastrtps_cpp.hpp
[6.514s] -- Installing: /home/sunny/cleaner_ws/phyAI_ws/install/yolov8_msgs/include/yolov8_msgs/yolov8_msgs/msg/detail/key_point3_d_array__rosidl_typesupport_fastrtps_cpp.hpp
[6.514s] -- Installing: /home/sunny/cleaner_ws/phyAI_ws/install/yolov8_msgs/include/yolov8_msgs/yolov8_msgs/msg/detail/bounding_box2_d__rosidl_typesupport_fastrtps_cpp.hpp
[6.514s] -- Installing: /home/sunny/cleaner_ws/phyAI_ws/install/yolov8_msgs/include/yolov8_msgs/yolov8_msgs/msg/detail/detection__rosidl_typesupport_fastrtps_cpp.hpp
[6.515s] -- Installing: /home/sunny/cleaner_ws/phyAI_ws/install/yolov8_msgs/include/yolov8_msgs/yolov8_msgs/msg/detail/key_point2_d_array__rosidl_typesupport_fastrtps_cpp.hpp
[6.515s] -- Installing: /home/sunny/cleaner_ws/phyAI_ws/install/yolov8_msgs/include/yolov8_msgs/yolov8_msgs/msg/detail/dds_fastrtps
[6.515s] -- Installing: /home/sunny/cleaner_ws/phyAI_ws/install/yolov8_msgs/include/yolov8_msgs/yolov8_msgs/msg/rosidl_typesupport_fastrtps_cpp__visibility_control.h
[6.515s] -- Installing: /home/sunny/cleaner_ws/phyAI_ws/install/yolov8_msgs/lib/libyolov8_msgs__rosidl_typesupport_fastrtps_cpp.so
[6.516s] -- Set runtime path of "/home/sunny/cleaner_ws/phyAI_ws/install/yolov8_msgs/lib/libyolov8_msgs__rosidl_typesupport_fastrtps_cpp.so" to ""
[6.516s] -- Up-to-date: /home/sunny/cleaner_ws/phyAI_ws/install/yolov8_msgs/include/yolov8_msgs/yolov8_msgs
[6.516s] -- Up-to-date: /home/sunny/cleaner_ws/phyAI_ws/install/yolov8_msgs/include/yolov8_msgs/yolov8_msgs/msg
[6.516s] -- Up-to-date: /home/sunny/cleaner_ws/phyAI_ws/install/yolov8_msgs/include/yolov8_msgs/yolov8_msgs/msg/detail
[6.516s] -- Installing: /home/sunny/cleaner_ws/phyAI_ws/install/yolov8_msgs/include/yolov8_msgs/yolov8_msgs/msg/detail/bounding_box2_d__rosidl_typesupport_introspection_cpp.hpp
[6.516s] -- Installing: /home/sunny/cleaner_ws/phyAI_ws/install/yolov8_msgs/include/yolov8_msgs/yolov8_msgs/msg/detail/mask__type_support.cpp
[6.516s] -- Installing: /home/sunny/cleaner_ws/phyAI_ws/install/yolov8_msgs/include/yolov8_msgs/yolov8_msgs/msg/detail/key_point3_d_array__rosidl_typesupport_introspection_cpp.hpp
[6.516s] -- Installing: /home/sunny/cleaner_ws/phyAI_ws/install/yolov8_msgs/include/yolov8_msgs/yolov8_msgs/msg/detail/key_point2_d__type_support.cpp
[6.517s] -- Installing: /home/sunny/cleaner_ws/phyAI_ws/install/yolov8_msgs/include/yolov8_msgs/yolov8_msgs/msg/detail/key_point3_d_array__type_support.cpp
[6.517s] -- Installing: /home/sunny/cleaner_ws/phyAI_ws/install/yolov8_msgs/include/yolov8_msgs/yolov8_msgs/msg/detail/point2_d__rosidl_typesupport_introspection_cpp.hpp
[6.517s] -- Installing: /home/sunny/cleaner_ws/phyAI_ws/install/yolov8_msgs/include/yolov8_msgs/yolov8_msgs/msg/detail/detection__rosidl_typesupport_introspection_cpp.hpp
[6.517s] -- Installing: /home/sunny/cleaner_ws/phyAI_ws/install/yolov8_msgs/include/yolov8_msgs/yolov8_msgs/msg/detail/mask__rosidl_typesupport_introspection_cpp.hpp
[6.517s] -- Installing: /home/sunny/cleaner_ws/phyAI_ws/install/yolov8_msgs/include/yolov8_msgs/yolov8_msgs/msg/detail/point2_d__type_support.cpp
[6.517s] -- Installing: /home/sunny/cleaner_ws/phyAI_ws/install/yolov8_msgs/include/yolov8_msgs/yolov8_msgs/msg/detail/key_point3_d__rosidl_typesupport_introspection_cpp.hpp
[6.518s] -- Installing: /home/sunny/cleaner_ws/phyAI_ws/install/yolov8_msgs/include/yolov8_msgs/yolov8_msgs/msg/detail/vector2__type_support.cpp
[6.518s] -- Installing: /home/sunny/cleaner_ws/phyAI_ws/install/yolov8_msgs/include/yolov8_msgs/yolov8_msgs/msg/detail/key_point3_d__type_support.cpp
[6.518s] -- Installing: /home/sunny/cleaner_ws/phyAI_ws/install/yolov8_msgs/include/yolov8_msgs/yolov8_msgs/msg/detail/pose2_d__type_support.cpp
[6.518s] -- Installing: /home/sunny/cleaner_ws/phyAI_ws/install/yolov8_msgs/include/yolov8_msgs/yolov8_msgs/msg/detail/detection__type_support.cpp
[6.518s] -- Installing: /home/sunny/cleaner_ws/phyAI_ws/install/yolov8_msgs/include/yolov8_msgs/yolov8_msgs/msg/detail/key_point2_d_array__rosidl_typesupport_introspection_cpp.hpp
[6.518s] -- Installing: /home/sunny/cleaner_ws/phyAI_ws/install/yolov8_msgs/include/yolov8_msgs/yolov8_msgs/msg/detail/detection_array__type_support.cpp
[6.518s] -- Installing: /home/sunny/cleaner_ws/phyAI_ws/install/yolov8_msgs/include/yolov8_msgs/yolov8_msgs/msg/detail/bounding_box2_d__type_support.cpp
[6.519s] -- Installing: /home/sunny/cleaner_ws/phyAI_ws/install/yolov8_msgs/include/yolov8_msgs/yolov8_msgs/msg/detail/key_point2_d__rosidl_typesupport_introspection_cpp.hpp
[6.519s] -- Installing: /home/sunny/cleaner_ws/phyAI_ws/install/yolov8_msgs/include/yolov8_msgs/yolov8_msgs/msg/detail/bounding_box3_d__type_support.cpp
[6.519s] -- Installing: /home/sunny/cleaner_ws/phyAI_ws/install/yolov8_msgs/include/yolov8_msgs/yolov8_msgs/msg/detail/bounding_box3_d__rosidl_typesupport_introspection_cpp.hpp
[6.519s] -- Installing: /home/sunny/cleaner_ws/phyAI_ws/install/yolov8_msgs/include/yolov8_msgs/yolov8_msgs/msg/detail/detection_array__rosidl_typesupport_introspection_cpp.hpp
[6.519s] -- Installing: /home/sunny/cleaner_ws/phyAI_ws/install/yolov8_msgs/include/yolov8_msgs/yolov8_msgs/msg/detail/pose2_d__rosidl_typesupport_introspection_cpp.hpp
[6.519s] -- Installing: /home/sunny/cleaner_ws/phyAI_ws/install/yolov8_msgs/include/yolov8_msgs/yolov8_msgs/msg/detail/vector2__rosidl_typesupport_introspection_cpp.hpp
[6.519s] -- Installing: /home/sunny/cleaner_ws/phyAI_ws/install/yolov8_msgs/include/yolov8_msgs/yolov8_msgs/msg/detail/key_point2_d_array__type_support.cpp
[6.520s] -- Installing: /home/sunny/cleaner_ws/phyAI_ws/install/yolov8_msgs/lib/libyolov8_msgs__rosidl_typesupport_introspection_cpp.so
[6.521s] -- Set runtime path of "/home/sunny/cleaner_ws/phyAI_ws/install/yolov8_msgs/lib/libyolov8_msgs__rosidl_typesupport_introspection_cpp.so" to ""
[6.521s] -- Installing: /home/sunny/cleaner_ws/phyAI_ws/install/yolov8_msgs/lib/libyolov8_msgs__rosidl_typesupport_cpp.so
[6.521s] -- Set runtime path of "/home/sunny/cleaner_ws/phyAI_ws/install/yolov8_msgs/lib/libyolov8_msgs__rosidl_typesupport_cpp.so" to ""
[6.521s] -- Installing: /home/sunny/cleaner_ws/phyAI_ws/install/yolov8_msgs/share/yolov8_msgs/environment/pythonpath.sh
[6.521s] -- Installing: /home/sunny/cleaner_ws/phyAI_ws/install/yolov8_msgs/share/yolov8_msgs/environment/pythonpath.dsv
[6.521s] -- Installing: /home/sunny/cleaner_ws/phyAI_ws/install/yolov8_msgs/local/lib/python3.10/dist-packages/yolov8_msgs-0.0.0-py3.10.egg-info
[6.522s] -- Installing: /home/sunny/cleaner_ws/phyAI_ws/install/yolov8_msgs/local/lib/python3.10/dist-packages/yolov8_msgs-0.0.0-py3.10.egg-info/top_level.txt
[6.522s] -- Installing: /home/sunny/cleaner_ws/phyAI_ws/install/yolov8_msgs/local/lib/python3.10/dist-packages/yolov8_msgs-0.0.0-py3.10.egg-info/PKG-INFO
[6.522s] -- Installing: /home/sunny/cleaner_ws/phyAI_ws/install/yolov8_msgs/local/lib/python3.10/dist-packages/yolov8_msgs-0.0.0-py3.10.egg-info/SOURCES.txt
[6.522s] -- Installing: /home/sunny/cleaner_ws/phyAI_ws/install/yolov8_msgs/local/lib/python3.10/dist-packages/yolov8_msgs-0.0.0-py3.10.egg-info/dependency_links.txt
[6.522s] -- Installing: /home/sunny/cleaner_ws/phyAI_ws/install/yolov8_msgs/local/lib/python3.10/dist-packages/yolov8_msgs
[6.522s] -- Installing: /home/sunny/cleaner_ws/phyAI_ws/install/yolov8_msgs/local/lib/python3.10/dist-packages/yolov8_msgs/yolov8_msgs_s__rosidl_typesupport_introspection_c.cpython-310-x86_64-linux-gnu.so
[6.522s] -- Installing: /home/sunny/cleaner_ws/phyAI_ws/install/yolov8_msgs/local/lib/python3.10/dist-packages/yolov8_msgs/yolov8_msgs_s__rosidl_typesupport_c.cpython-310-x86_64-linux-gnu.so
[6.523s] -- Installing: /home/sunny/cleaner_ws/phyAI_ws/install/yolov8_msgs/local/lib/python3.10/dist-packages/yolov8_msgs/msg
[6.523s] -- Installing: /home/sunny/cleaner_ws/phyAI_ws/install/yolov8_msgs/local/lib/python3.10/dist-packages/yolov8_msgs/msg/_vector2_s.c
[6.523s] -- Installing: /home/sunny/cleaner_ws/phyAI_ws/install/yolov8_msgs/local/lib/python3.10/dist-packages/yolov8_msgs/msg/_key_point3_d_array_s.c
[6.523s] -- Installing: /home/sunny/cleaner_ws/phyAI_ws/install/yolov8_msgs/local/lib/python3.10/dist-packages/yolov8_msgs/msg/_vector2.py
[6.523s] -- Installing: /home/sunny/cleaner_ws/phyAI_ws/install/yolov8_msgs/local/lib/python3.10/dist-packages/yolov8_msgs/msg/_mask_s.c
[6.523s] -- Installing: /home/sunny/cleaner_ws/phyAI_ws/install/yolov8_msgs/local/lib/python3.10/dist-packages/yolov8_msgs/msg/_detection_array_s.c
[6.523s] -- Installing: /home/sunny/cleaner_ws/phyAI_ws/install/yolov8_msgs/local/lib/python3.10/dist-packages/yolov8_msgs/msg/_key_point2_d_s.c
[6.523s] -- Installing: /home/sunny/cleaner_ws/phyAI_ws/install/yolov8_msgs/local/lib/python3.10/dist-packages/yolov8_msgs/msg/_point2_d.py
[6.524s] -- Installing: /home/sunny/cleaner_ws/phyAI_ws/install/yolov8_msgs/local/lib/python3.10/dist-packages/yolov8_msgs/msg/_key_point2_d_array.py
[6.524s] -- Installing: /home/sunny/cleaner_ws/phyAI_ws/install/yolov8_msgs/local/lib/python3.10/dist-packages/yolov8_msgs/msg/_mask.py
[6.524s] -- Installing: /home/sunny/cleaner_ws/phyAI_ws/install/yolov8_msgs/local/lib/python3.10/dist-packages/yolov8_msgs/msg/_bounding_box2_d.py
[6.524s] -- Installing: /home/sunny/cleaner_ws/phyAI_ws/install/yolov8_msgs/local/lib/python3.10/dist-packages/yolov8_msgs/msg/_point2_d_s.c
[6.524s] -- Installing: /home/sunny/cleaner_ws/phyAI_ws/install/yolov8_msgs/local/lib/python3.10/dist-packages/yolov8_msgs/msg/_key_point2_d.py
[6.524s] -- Installing: /home/sunny/cleaner_ws/phyAI_ws/install/yolov8_msgs/local/lib/python3.10/dist-packages/yolov8_msgs/msg/_bounding_box2_d_s.c
[6.524s] -- Installing: /home/sunny/cleaner_ws/phyAI_ws/install/yolov8_msgs/local/lib/python3.10/dist-packages/yolov8_msgs/msg/__init__.py
[6.524s] -- Installing: /home/sunny/cleaner_ws/phyAI_ws/install/yolov8_msgs/local/lib/python3.10/dist-packages/yolov8_msgs/msg/_detection.py
[6.525s] -- Installing: /home/sunny/cleaner_ws/phyAI_ws/install/yolov8_msgs/local/lib/python3.10/dist-packages/yolov8_msgs/msg/_key_point3_d_s.c
[6.525s] -- Installing: /home/sunny/cleaner_ws/phyAI_ws/install/yolov8_msgs/local/lib/python3.10/dist-packages/yolov8_msgs/msg/_detection_array.py
[6.525s] -- Installing: /home/sunny/cleaner_ws/phyAI_ws/install/yolov8_msgs/local/lib/python3.10/dist-packages/yolov8_msgs/msg/_key_point3_d.py
[6.525s] -- Installing: /home/sunny/cleaner_ws/phyAI_ws/install/yolov8_msgs/local/lib/python3.10/dist-packages/yolov8_msgs/msg/_detection_s.c
[6.525s] -- Installing: /home/sunny/cleaner_ws/phyAI_ws/install/yolov8_msgs/local/lib/python3.10/dist-packages/yolov8_msgs/msg/_key_point3_d_array.py
[6.525s] -- Installing: /home/sunny/cleaner_ws/phyAI_ws/install/yolov8_msgs/local/lib/python3.10/dist-packages/yolov8_msgs/msg/_key_point2_d_array_s.c
[6.525s] -- Installing: /home/sunny/cleaner_ws/phyAI_ws/install/yolov8_msgs/local/lib/python3.10/dist-packages/yolov8_msgs/msg/_bounding_box3_d.py
[6.526s] -- Installing: /home/sunny/cleaner_ws/phyAI_ws/install/yolov8_msgs/local/lib/python3.10/dist-packages/yolov8_msgs/msg/_pose2_d_s.c
[6.526s] -- Installing: /home/sunny/cleaner_ws/phyAI_ws/install/yolov8_msgs/local/lib/python3.10/dist-packages/yolov8_msgs/msg/_bounding_box3_d_s.c
[6.526s] -- Installing: /home/sunny/cleaner_ws/phyAI_ws/install/yolov8_msgs/local/lib/python3.10/dist-packages/yolov8_msgs/msg/_pose2_d.py
[6.526s] -- Installing: /home/sunny/cleaner_ws/phyAI_ws/install/yolov8_msgs/local/lib/python3.10/dist-packages/yolov8_msgs/_yolov8_msgs_s.ep.rosidl_typesupport_fastrtps_c.c
[6.526s] -- Installing: /home/sunny/cleaner_ws/phyAI_ws/install/yolov8_msgs/local/lib/python3.10/dist-packages/yolov8_msgs/__init__.py
[6.526s] -- Installing: /home/sunny/cleaner_ws/phyAI_ws/install/yolov8_msgs/local/lib/python3.10/dist-packages/yolov8_msgs/libyolov8_msgs__rosidl_generator_py.so
[6.526s] -- Installing: /home/sunny/cleaner_ws/phyAI_ws/install/yolov8_msgs/local/lib/python3.10/dist-packages/yolov8_msgs/yolov8_msgs_s__rosidl_typesupport_fastrtps_c.cpython-310-x86_64-linux-gnu.so
[6.527s] -- Installing: /home/sunny/cleaner_ws/phyAI_ws/install/yolov8_msgs/local/lib/python3.10/dist-packages/yolov8_msgs/_yolov8_msgs_s.ep.rosidl_typesupport_c.c
[6.527s] -- Installing: /home/sunny/cleaner_ws/phyAI_ws/install/yolov8_msgs/local/lib/python3.10/dist-packages/yolov8_msgs/_yolov8_msgs_s.ep.rosidl_typesupport_introspection_c.c
[6.562s] Listing '/home/sunny/cleaner_ws/phyAI_ws/install/yolov8_msgs/local/lib/python3.10/dist-packages/yolov8_msgs'...
[6.563s] Compiling '/home/sunny/cleaner_ws/phyAI_ws/install/yolov8_msgs/local/lib/python3.10/dist-packages/yolov8_msgs/__init__.py'...
[6.563s] Listing '/home/sunny/cleaner_ws/phyAI_ws/install/yolov8_msgs/local/lib/python3.10/dist-packages/yolov8_msgs/msg'...
[6.563s] Compiling '/home/sunny/cleaner_ws/phyAI_ws/install/yolov8_msgs/local/lib/python3.10/dist-packages/yolov8_msgs/msg/__init__.py'...
[6.563s] Compiling '/home/sunny/cleaner_ws/phyAI_ws/install/yolov8_msgs/local/lib/python3.10/dist-packages/yolov8_msgs/msg/_bounding_box2_d.py'...
[6.563s] Compiling '/home/sunny/cleaner_ws/phyAI_ws/install/yolov8_msgs/local/lib/python3.10/dist-packages/yolov8_msgs/msg/_bounding_box3_d.py'...
[6.563s] Compiling '/home/sunny/cleaner_ws/phyAI_ws/install/yolov8_msgs/local/lib/python3.10/dist-packages/yolov8_msgs/msg/_detection.py'...
[6.563s] Compiling '/home/sunny/cleaner_ws/phyAI_ws/install/yolov8_msgs/local/lib/python3.10/dist-packages/yolov8_msgs/msg/_detection_array.py'...
[6.563s] Compiling '/home/sunny/cleaner_ws/phyAI_ws/install/yolov8_msgs/local/lib/python3.10/dist-packages/yolov8_msgs/msg/_key_point2_d.py'...
[6.563s] Compiling '/home/sunny/cleaner_ws/phyAI_ws/install/yolov8_msgs/local/lib/python3.10/dist-packages/yolov8_msgs/msg/_key_point2_d_array.py'...
[6.563s] Compiling '/home/sunny/cleaner_ws/phyAI_ws/install/yolov8_msgs/local/lib/python3.10/dist-packages/yolov8_msgs/msg/_key_point3_d.py'...
[6.563s] Compiling '/home/sunny/cleaner_ws/phyAI_ws/install/yolov8_msgs/local/lib/python3.10/dist-packages/yolov8_msgs/msg/_key_point3_d_array.py'...
[6.563s] Compiling '/home/sunny/cleaner_ws/phyAI_ws/install/yolov8_msgs/local/lib/python3.10/dist-packages/yolov8_msgs/msg/_mask.py'...
[6.563s] Compiling '/home/sunny/cleaner_ws/phyAI_ws/install/yolov8_msgs/local/lib/python3.10/dist-packages/yolov8_msgs/msg/_point2_d.py'...
[6.563s] Compiling '/home/sunny/cleaner_ws/phyAI_ws/install/yolov8_msgs/local/lib/python3.10/dist-packages/yolov8_msgs/msg/_pose2_d.py'...
[6.563s] Compiling '/home/sunny/cleaner_ws/phyAI_ws/install/yolov8_msgs/local/lib/python3.10/dist-packages/yolov8_msgs/msg/_vector2.py'...
[6.568s] -- Installing: /home/sunny/cleaner_ws/phyAI_ws/install/yolov8_msgs/local/lib/python3.10/dist-packages/yolov8_msgs/yolov8_msgs_s__rosidl_typesupport_fastrtps_c.cpython-310-x86_64-linux-gnu.so
[6.568s] -- Set runtime path of "/home/sunny/cleaner_ws/phyAI_ws/install/yolov8_msgs/local/lib/python3.10/dist-packages/yolov8_msgs/yolov8_msgs_s__rosidl_typesupport_fastrtps_c.cpython-310-x86_64-linux-gnu.so" to ""
[6.569s] -- Installing: /home/sunny/cleaner_ws/phyAI_ws/install/yolov8_msgs/local/lib/python3.10/dist-packages/yolov8_msgs/yolov8_msgs_s__rosidl_typesupport_introspection_c.cpython-310-x86_64-linux-gnu.so
[6.569s] -- Set runtime path of "/home/sunny/cleaner_ws/phyAI_ws/install/yolov8_msgs/local/lib/python3.10/dist-packages/yolov8_msgs/yolov8_msgs_s__rosidl_typesupport_introspection_c.cpython-310-x86_64-linux-gnu.so" to ""
[6.569s] -- Installing: /home/sunny/cleaner_ws/phyAI_ws/install/yolov8_msgs/local/lib/python3.10/dist-packages/yolov8_msgs/yolov8_msgs_s__rosidl_typesupport_c.cpython-310-x86_64-linux-gnu.so
[6.570s] -- Set runtime path of "/home/sunny/cleaner_ws/phyAI_ws/install/yolov8_msgs/local/lib/python3.10/dist-packages/yolov8_msgs/yolov8_msgs_s__rosidl_typesupport_c.cpython-310-x86_64-linux-gnu.so" to ""
[6.570s] -- Installing: /home/sunny/cleaner_ws/phyAI_ws/install/yolov8_msgs/lib/libyolov8_msgs__rosidl_generator_py.so
[6.570s] -- Set runtime path of "/home/sunny/cleaner_ws/phyAI_ws/install/yolov8_msgs/lib/libyolov8_msgs__rosidl_generator_py.so" to ""
[6.570s] -- Installing: /home/sunny/cleaner_ws/phyAI_ws/install/yolov8_msgs/share/ament_index/resource_index/rust_packages/yolov8_msgs
[6.571s] -- Installing: /home/sunny/cleaner_ws/phyAI_ws/install/yolov8_msgs/share/yolov8_msgs/rust
[6.571s] -- Installing: /home/sunny/cleaner_ws/phyAI_ws/install/yolov8_msgs/share/yolov8_msgs/rust/build.rs
[6.571s] -- Installing: /home/sunny/cleaner_ws/phyAI_ws/install/yolov8_msgs/share/yolov8_msgs/rust/Cargo.toml
[6.571s] -- Installing: /home/sunny/cleaner_ws/phyAI_ws/install/yolov8_msgs/share/yolov8_msgs/rust/src
[6.571s] -- Installing: /home/sunny/cleaner_ws/phyAI_ws/install/yolov8_msgs/share/yolov8_msgs/rust/src/msg
[6.571s] -- Installing: /home/sunny/cleaner_ws/phyAI_ws/install/yolov8_msgs/share/yolov8_msgs/rust/src/msg/rmw.rs
[6.571s] -- Installing: /home/sunny/cleaner_ws/phyAI_ws/install/yolov8_msgs/share/yolov8_msgs/rust/src/lib.rs
[6.571s] -- Installing: /home/sunny/cleaner_ws/phyAI_ws/install/yolov8_msgs/share/yolov8_msgs/rust/src/msg.rs
[6.571s] -- Installing: /home/sunny/cleaner_ws/phyAI_ws/install/yolov8_msgs/share/yolov8_msgs/msg/Point2D.idl
[6.572s] -- Installing: /home/sunny/cleaner_ws/phyAI_ws/install/yolov8_msgs/share/yolov8_msgs/msg/Vector2.idl
[6.572s] -- Installing: /home/sunny/cleaner_ws/phyAI_ws/install/yolov8_msgs/share/yolov8_msgs/msg/Pose2D.idl
[6.572s] -- Installing: /home/sunny/cleaner_ws/phyAI_ws/install/yolov8_msgs/share/yolov8_msgs/msg/BoundingBox2D.idl
[6.572s] -- Installing: /home/sunny/cleaner_ws/phyAI_ws/install/yolov8_msgs/share/yolov8_msgs/msg/BoundingBox3D.idl
[6.572s] -- Installing: /home/sunny/cleaner_ws/phyAI_ws/install/yolov8_msgs/share/yolov8_msgs/msg/Mask.idl
[6.572s] -- Installing: /home/sunny/cleaner_ws/phyAI_ws/install/yolov8_msgs/share/yolov8_msgs/msg/KeyPoint2D.idl
[6.572s] -- Installing: /home/sunny/cleaner_ws/phyAI_ws/install/yolov8_msgs/share/yolov8_msgs/msg/KeyPoint2DArray.idl
[6.572s] -- Installing: /home/sunny/cleaner_ws/phyAI_ws/install/yolov8_msgs/share/yolov8_msgs/msg/KeyPoint3D.idl
[6.573s] -- Installing: /home/sunny/cleaner_ws/phyAI_ws/install/yolov8_msgs/share/yolov8_msgs/msg/KeyPoint3DArray.idl
[6.573s] -- Installing: /home/sunny/cleaner_ws/phyAI_ws/install/yolov8_msgs/share/yolov8_msgs/msg/Detection.idl
[6.573s] -- Installing: /home/sunny/cleaner_ws/phyAI_ws/install/yolov8_msgs/share/yolov8_msgs/msg/DetectionArray.idl
[6.573s] -- Installing: /home/sunny/cleaner_ws/phyAI_ws/install/yolov8_msgs/share/yolov8_msgs/msg/Point2D.msg
[6.573s] -- Installing: /home/sunny/cleaner_ws/phyAI_ws/install/yolov8_msgs/share/yolov8_msgs/msg/Vector2.msg
[6.573s] -- Installing: /home/sunny/cleaner_ws/phyAI_ws/install/yolov8_msgs/share/yolov8_msgs/msg/Pose2D.msg
[6.573s] -- Installing: /home/sunny/cleaner_ws/phyAI_ws/install/yolov8_msgs/share/yolov8_msgs/msg/BoundingBox2D.msg
[6.573s] -- Installing: /home/sunny/cleaner_ws/phyAI_ws/install/yolov8_msgs/share/yolov8_msgs/msg/BoundingBox3D.msg
[6.574s] -- Installing: /home/sunny/cleaner_ws/phyAI_ws/install/yolov8_msgs/share/yolov8_msgs/msg/Mask.msg
[6.574s] -- Installing: /home/sunny/cleaner_ws/phyAI_ws/install/yolov8_msgs/share/yolov8_msgs/msg/KeyPoint2D.msg
[6.574s] -- Installing: /home/sunny/cleaner_ws/phyAI_ws/install/yolov8_msgs/share/yolov8_msgs/msg/KeyPoint2DArray.msg
[6.574s] -- Installing: /home/sunny/cleaner_ws/phyAI_ws/install/yolov8_msgs/share/yolov8_msgs/msg/KeyPoint3D.msg
[6.574s] -- Installing: /home/sunny/cleaner_ws/phyAI_ws/install/yolov8_msgs/share/yolov8_msgs/msg/KeyPoint3DArray.msg
[6.574s] -- Installing: /home/sunny/cleaner_ws/phyAI_ws/install/yolov8_msgs/share/yolov8_msgs/msg/Detection.msg
[6.574s] -- Installing: /home/sunny/cleaner_ws/phyAI_ws/install/yolov8_msgs/share/yolov8_msgs/msg/DetectionArray.msg
[6.575s] -- Installing: /home/sunny/cleaner_ws/phyAI_ws/install/yolov8_msgs/share/ament_index/resource_index/package_run_dependencies/yolov8_msgs
[6.575s] -- Installing: /home/sunny/cleaner_ws/phyAI_ws/install/yolov8_msgs/share/ament_index/resource_index/parent_prefix_path/yolov8_msgs
[6.575s] -- Installing: /home/sunny/cleaner_ws/phyAI_ws/install/yolov8_msgs/share/yolov8_msgs/environment/ament_prefix_path.sh
[6.575s] -- Installing: /home/sunny/cleaner_ws/phyAI_ws/install/yolov8_msgs/share/yolov8_msgs/environment/ament_prefix_path.dsv
[6.575s] -- Installing: /home/sunny/cleaner_ws/phyAI_ws/install/yolov8_msgs/share/yolov8_msgs/environment/path.sh
[6.575s] -- Installing: /home/sunny/cleaner_ws/phyAI_ws/install/yolov8_msgs/share/yolov8_msgs/environment/path.dsv
[6.575s] -- Installing: /home/sunny/cleaner_ws/phyAI_ws/install/yolov8_msgs/share/yolov8_msgs/local_setup.bash
[6.576s] -- Installing: /home/sunny/cleaner_ws/phyAI_ws/install/yolov8_msgs/share/yolov8_msgs/local_setup.sh
[6.576s] -- Installing: /home/sunny/cleaner_ws/phyAI_ws/install/yolov8_msgs/share/yolov8_msgs/local_setup.zsh
[6.576s] -- Installing: /home/sunny/cleaner_ws/phyAI_ws/install/yolov8_msgs/share/yolov8_msgs/local_setup.dsv
[6.576s] -- Installing: /home/sunny/cleaner_ws/phyAI_ws/install/yolov8_msgs/share/yolov8_msgs/package.dsv
[6.576s] -- Installing: /home/sunny/cleaner_ws/phyAI_ws/install/yolov8_msgs/share/ament_index/resource_index/packages/yolov8_msgs
[6.576s] -- Installing: /home/sunny/cleaner_ws/phyAI_ws/install/yolov8_msgs/share/yolov8_msgs/cmake/export_yolov8_msgs__rosidl_generator_cExport.cmake
[6.576s] -- Installing: /home/sunny/cleaner_ws/phyAI_ws/install/yolov8_msgs/share/yolov8_msgs/cmake/export_yolov8_msgs__rosidl_generator_cExport-noconfig.cmake
[6.577s] -- Installing: /home/sunny/cleaner_ws/phyAI_ws/install/yolov8_msgs/share/yolov8_msgs/cmake/export_yolov8_msgs__rosidl_typesupport_fastrtps_cExport.cmake
[6.577s] -- Installing: /home/sunny/cleaner_ws/phyAI_ws/install/yolov8_msgs/share/yolov8_msgs/cmake/export_yolov8_msgs__rosidl_typesupport_fastrtps_cExport-noconfig.cmake
[6.577s] -- Installing: /home/sunny/cleaner_ws/phyAI_ws/install/yolov8_msgs/share/yolov8_msgs/cmake/yolov8_msgs__rosidl_typesupport_introspection_cExport.cmake
[6.577s] -- Installing: /home/sunny/cleaner_ws/phyAI_ws/install/yolov8_msgs/share/yolov8_msgs/cmake/yolov8_msgs__rosidl_typesupport_introspection_cExport-noconfig.cmake
[6.577s] -- Installing: /home/sunny/cleaner_ws/phyAI_ws/install/yolov8_msgs/share/yolov8_msgs/cmake/yolov8_msgs__rosidl_typesupport_cExport.cmake
[6.577s] -- Installing: /home/sunny/cleaner_ws/phyAI_ws/install/yolov8_msgs/share/yolov8_msgs/cmake/yolov8_msgs__rosidl_typesupport_cExport-noconfig.cmake
[6.577s] -- Installing: /home/sunny/cleaner_ws/phyAI_ws/install/yolov8_msgs/share/yolov8_msgs/cmake/export_yolov8_msgs__rosidl_generator_cppExport.cmake
[6.578s] -- Installing: /home/sunny/cleaner_ws/phyAI_ws/install/yolov8_msgs/share/yolov8_msgs/cmake/export_yolov8_msgs__rosidl_typesupport_fastrtps_cppExport.cmake
[6.578s] -- Installing: /home/sunny/cleaner_ws/phyAI_ws/install/yolov8_msgs/share/yolov8_msgs/cmake/export_yolov8_msgs__rosidl_typesupport_fastrtps_cppExport-noconfig.cmake
[6.578s] -- Installing: /home/sunny/cleaner_ws/phyAI_ws/install/yolov8_msgs/share/yolov8_msgs/cmake/yolov8_msgs__rosidl_typesupport_introspection_cppExport.cmake
[6.578s] -- Installing: /home/sunny/cleaner_ws/phyAI_ws/install/yolov8_msgs/share/yolov8_msgs/cmake/yolov8_msgs__rosidl_typesupport_introspection_cppExport-noconfig.cmake
[6.578s] -- Installing: /home/sunny/cleaner_ws/phyAI_ws/install/yolov8_msgs/share/yolov8_msgs/cmake/yolov8_msgs__rosidl_typesupport_cppExport.cmake
[6.578s] -- Installing: /home/sunny/cleaner_ws/phyAI_ws/install/yolov8_msgs/share/yolov8_msgs/cmake/yolov8_msgs__rosidl_typesupport_cppExport-noconfig.cmake
[6.578s] -- Installing: /home/sunny/cleaner_ws/phyAI_ws/install/yolov8_msgs/share/yolov8_msgs/cmake/export_yolov8_msgs__rosidl_generator_pyExport.cmake
[6.579s] -- Installing: /home/sunny/cleaner_ws/phyAI_ws/install/yolov8_msgs/share/yolov8_msgs/cmake/export_yolov8_msgs__rosidl_generator_pyExport-noconfig.cmake
[6.579s] -- Installing: /home/sunny/cleaner_ws/phyAI_ws/install/yolov8_msgs/share/yolov8_msgs/cmake/rosidl_cmake-extras.cmake
[6.579s] -- Installing: /home/sunny/cleaner_ws/phyAI_ws/install/yolov8_msgs/share/yolov8_msgs/cmake/ament_cmake_export_dependencies-extras.cmake
[6.579s] -- Installing: /home/sunny/cleaner_ws/phyAI_ws/install/yolov8_msgs/share/yolov8_msgs/cmake/ament_cmake_export_include_directories-extras.cmake
[6.579s] -- Installing: /home/sunny/cleaner_ws/phyAI_ws/install/yolov8_msgs/share/yolov8_msgs/cmake/ament_cmake_export_libraries-extras.cmake
[6.579s] -- Installing: /home/sunny/cleaner_ws/phyAI_ws/install/yolov8_msgs/share/yolov8_msgs/cmake/ament_cmake_export_targets-extras.cmake
[6.579s] -- Installing: /home/sunny/cleaner_ws/phyAI_ws/install/yolov8_msgs/share/yolov8_msgs/cmake/rosidl_cmake_export_typesupport_targets-extras.cmake
[6.579s] -- Installing: /home/sunny/cleaner_ws/phyAI_ws/install/yolov8_msgs/share/yolov8_msgs/cmake/rosidl_cmake_export_typesupport_libraries-extras.cmake
[6.580s] -- Installing: /home/sunny/cleaner_ws/phyAI_ws/install/yolov8_msgs/share/yolov8_msgs/cmake/yolov8_msgsConfig.cmake
[6.580s] -- Installing: /home/sunny/cleaner_ws/phyAI_ws/install/yolov8_msgs/share/yolov8_msgs/cmake/yolov8_msgsConfig-version.cmake
[6.580s] -- Installing: /home/sunny/cleaner_ws/phyAI_ws/install/yolov8_msgs/share/yolov8_msgs/package.xml
[6.583s] Invoked command in '/home/sunny/cleaner_ws/phyAI_ws/build/yolov8_msgs' returned '0': CMAKE_PREFIX_PATH=/opt/ros/humble /usr/bin/cmake --install /home/sunny/cleaner_ws/phyAI_ws/build/yolov8_msgs
