[0.756s] Invoking command in '/home/sunny/cleaner_ws/phyAI_ws/build/usb_cam': CMAKE_PREFIX_PATH=/opt/ros/humble /usr/bin/cmake /home/sunny/cleaner_ws/phyAI_ws/src/usb_cam -DCMAKE_INSTALL_PREFIX=/home/sunny/cleaner_ws/phyAI_ws/install/usb_cam
[0.796s] -- The C compiler identification is GNU 11.4.0
[0.838s] -- The CXX compiler identification is GNU 11.4.0
[0.846s] -- Detecting C compiler ABI info
[0.904s] -- Detecting C compiler ABI info - done
[0.908s] -- Check for working C compiler: /usr/bin/cc - skipped
[0.908s] -- Detecting C compile features
[0.909s] -- Detecting C compile features - done
[0.911s] -- Detecting CXX compiler ABI info
[0.985s] -- Detecting CXX compiler ABI info - done
[0.992s] -- Check for working CXX compiler: /usr/bin/c++ - skipped
[0.992s] -- Detecting CXX compile features
[0.992s] -- Detecting CXX compile features - done
[0.995s] -- Found ament_cmake_auto: 1.3.14 (/opt/ros/humble/share/ament_cmake_auto/cmake)
[1.104s] -- Found Python3: /usr/bin/python3 (found version "3.10.12") found components: Interpreter 
[1.240s] -- Found rosidl_generator_c: 3.1.8 (/opt/ros/humble/share/rosidl_generator_c/cmake)
[1.243s] -- Found rosidl_adapter: 3.1.8 (/opt/ros/humble/share/rosidl_adapter/cmake)
[1.249s] -- Found rosidl_generator_cpp: 3.1.8 (/opt/ros/humble/share/rosidl_generator_cpp/cmake)
[1.257s] -- Using all available rosidl_typesupport_c: rosidl_typesupport_fastrtps_c;rosidl_typesupport_introspection_c
[1.268s] -- Using all available rosidl_typesupport_cpp: rosidl_typesupport_fastrtps_cpp;rosidl_typesupport_introspection_cpp
[1.299s] -- Found rmw_implementation_cmake: 6.1.2 (/opt/ros/humble/share/rmw_implementation_cmake/cmake)
[1.301s] -- Found rmw_fastrtps_cpp: 6.2.10 (/opt/ros/humble/share/rmw_fastrtps_cpp/cmake)
[1.377s] -- Found OpenSSL: /usr/lib/x86_64-linux-gnu/libcrypto.so (found version "3.0.2")  
[1.402s] -- Found FastRTPS: /opt/ros/humble/include  
[1.440s] -- Using RMW implementation 'rmw_fastrtps_cpp' as default
[1.447s] -- Looking for pthread.h
[1.510s] -- Looking for pthread.h - found
[1.510s] -- Performing Test CMAKE_HAVE_LIBC_PTHREAD
[1.573s] -- Performing Test CMAKE_HAVE_LIBC_PTHREAD - Success
[1.574s] -- Found Threads: TRUE  
[1.744s] -- Found OpenCV: /usr (found version "4.5.4") 
[1.748s] -- Found PkgConfig: /usr/bin/pkg-config (found version "0.29.2") 
[1.748s] -- Checking for module 'libavcodec'
[1.761s] --   Found libavcodec, version 58.134.100
[1.795s] -- Checking for module 'libavutil'
[1.807s] --   Found libavutil, version 56.70.100
[1.839s] -- Checking for module 'libswscale'
[1.851s] --   Found libswscale, version 5.9.100
[1.887s] -- Found ament_lint_auto: 0.12.15 (/opt/ros/humble/share/ament_lint_auto/cmake)
[1.903s] -- Found gtest sources under '/opt/ros/humble/src/gtest_vendor': C++ tests using 'Google Test' will be built
[1.909s] [0mIn this package, headers install destination is set to `include` by ament_auto_package. It is recommended to install `include/usb_cam` instead and will be the default behavior of ament_auto_package from ROS 2 Kilted Kaiju. On distributions before Kilted, ament_auto_package behaves the same way when you use USE_SCOPED_HEADER_INSTALL_DIR option.[0m
[1.911s] -- Added test 'copyright' to check source files copyright and LICENSE
[1.914s] -- Added test 'cppcheck' to perform static code analysis on C / C++ code
[1.914s] -- Configured cppcheck include dirs: /home/sunny/cleaner_ws/phyAI_ws/src/usb_cam/include
[1.914s] -- Configured cppcheck exclude dirs and/or files: 
[1.917s] -- Added test 'cpplint' to check C / C++ code against the Google style
[1.917s] -- Configured cpplint exclude dirs and/or files: 
[1.917s] -- Added test 'flake8' to check Python code syntax and style conventions
[1.918s] -- Added test 'lint_cmake' to check CMake code style
[1.918s] -- Added test 'pep257' to check Python code against some of the docstring style conventions in PEP 257
[1.921s] -- Added test 'uncrustify' to check C / C++ code style
[1.921s] -- Configured uncrustify additional arguments: 
[1.922s] -- Added test 'xmllint' to check XML markup files
[1.923s] -- Configuring done
[1.948s] -- Generating done
[1.954s] -- Build files have been written to: /home/sunny/cleaner_ws/phyAI_ws/build/usb_cam
