[3.305s] Invoking command in '/home/sunny/cleaner_ws/phyAI_ws/src/gptapi': PYTHONPATH=/home/sunny/cleaner_ws/phyAI_ws/build/gptapi/prefix_override:/usr/lib/python3/dist-packages/colcon_core/task/python/colcon_distutils_commands:/home/sunny/cleaner_ws/phyAI_ws/install/gptapi/lib/python3.10/site-packages:${PYTHONPATH} /usr/bin/python3 -W ignore:setup.py install is deprecated -W ignore:easy_install command is deprecated setup.py egg_info --egg-base ../../build/gptapi build --build-base /home/sunny/cleaner_ws/phyAI_ws/build/gptapi/build install --record /home/sunny/cleaner_ws/phyAI_ws/build/gptapi/install.log --single-version-externally-managed install_data
[3.682s] running egg_info
[3.683s] writing ../../build/gptapi/gptapi.egg-info/PKG-INFO
[3.684s] writing dependency_links to ../../build/gptapi/gptapi.egg-info/dependency_links.txt
[3.684s] writing entry points to ../../build/gptapi/gptapi.egg-info/entry_points.txt
[3.684s] writing requirements to ../../build/gptapi/gptapi.egg-info/requires.txt
[3.684s] writing top-level names to ../../build/gptapi/gptapi.egg-info/top_level.txt
[3.689s] reading manifest file '../../build/gptapi/gptapi.egg-info/SOURCES.txt'
[3.691s] writing manifest file '../../build/gptapi/gptapi.egg-info/SOURCES.txt'
[3.692s] running build
[3.692s] running build_py
[3.692s] running install
[3.692s] running install_lib
[3.695s] running install_data
[3.695s] running install_egg_info
[3.698s] removing '/home/sunny/cleaner_ws/phyAI_ws/install/gptapi/lib/python3.10/site-packages/gptapi-0.0.0-py3.10.egg-info' (and everything under it)
[3.699s] Copying ../../build/gptapi/gptapi.egg-info to /home/sunny/cleaner_ws/phyAI_ws/install/gptapi/lib/python3.10/site-packages/gptapi-0.0.0-py3.10.egg-info
[3.699s] running install_scripts
[3.730s] Installing action_generator script to /home/sunny/cleaner_ws/phyAI_ws/install/gptapi/lib/gptapi
[3.730s] Installing action_interpreter script to /home/sunny/cleaner_ws/phyAI_ws/install/gptapi/lib/gptapi
[3.730s] writing list of installed files to '/home/sunny/cleaner_ws/phyAI_ws/build/gptapi/install.log'
[3.842s] Invoked command in '/home/sunny/cleaner_ws/phyAI_ws/src/gptapi' returned '0': PYTHONPATH=/home/sunny/cleaner_ws/phyAI_ws/build/gptapi/prefix_override:/usr/lib/python3/dist-packages/colcon_core/task/python/colcon_distutils_commands:/home/sunny/cleaner_ws/phyAI_ws/install/gptapi/lib/python3.10/site-packages:${PYTHONPATH} /usr/bin/python3 -W ignore:setup.py install is deprecated -W ignore:easy_install command is deprecated setup.py egg_info --egg-base ../../build/gptapi build --build-base /home/sunny/cleaner_ws/phyAI_ws/build/gptapi/build install --record /home/sunny/cleaner_ws/phyAI_ws/build/gptapi/install.log --single-version-externally-managed install_data
