[1.901s] Invoking command in '/home/sunny/cleaner_ws/phyAI_ws/src/cleaner_system2': AMENT_PREFIX_PATH=/home/sunny/cleaner_ws/phyAI_ws/install/cleaner_msgs:${AMENT_PREFIX_PATH} CMAKE_PREFIX_PATH=/home/sunny/cleaner_ws/phyAI_ws/install/cleaner_msgs LD_LIBRARY_PATH=/home/sunny/cleaner_ws/phyAI_ws/install/cleaner_msgs/lib:${LD_LIBRARY_PATH} PYTHONPATH=/home/sunny/cleaner_ws/phyAI_ws/build/cleaner_system2/prefix_override:/usr/lib/python3/dist-packages/colcon_core/task/python/colcon_distutils_commands:/home/sunny/cleaner_ws/phyAI_ws/install/cleaner_system2/lib/python3.10/site-packages:/home/sunny/cleaner_ws/phyAI_ws/install/cleaner_msgs/local/lib/python3.10/dist-packages:${PYTHONPATH} /usr/bin/python3 -W ignore:setup.py install is deprecated -W ignore:easy_install command is deprecated setup.py egg_info --egg-base ../../build/cleaner_system2 build --build-base /home/sunny/cleaner_ws/phyAI_ws/build/cleaner_system2/build install --record /home/sunny/cleaner_ws/phyAI_ws/build/cleaner_system2/install.log --single-version-externally-managed install_data
[2.507s] running egg_info
[2.509s] writing ../../build/cleaner_system2/cleaner_system2.egg-info/PKG-INFO
[2.509s] writing dependency_links to ../../build/cleaner_system2/cleaner_system2.egg-info/dependency_links.txt
[2.509s] writing entry points to ../../build/cleaner_system2/cleaner_system2.egg-info/entry_points.txt
[2.510s] writing requirements to ../../build/cleaner_system2/cleaner_system2.egg-info/requires.txt
[2.510s] writing top-level names to ../../build/cleaner_system2/cleaner_system2.egg-info/top_level.txt
[2.515s] reading manifest file '../../build/cleaner_system2/cleaner_system2.egg-info/SOURCES.txt'
[2.515s] adding license file 'LICENSE'
[2.516s] writing manifest file '../../build/cleaner_system2/cleaner_system2.egg-info/SOURCES.txt'
[2.517s] running build
[2.517s] running build_py
[2.518s] running install
[2.518s] running install_lib
[2.522s] running install_data
[2.522s] running install_egg_info
[2.527s] removing '/home/sunny/cleaner_ws/phyAI_ws/install/cleaner_system2/lib/python3.10/site-packages/cleaner_system2-0.0.1-py3.10.egg-info' (and everything under it)
[2.528s] Copying ../../build/cleaner_system2/cleaner_system2.egg-info to /home/sunny/cleaner_ws/phyAI_ws/install/cleaner_system2/lib/python3.10/site-packages/cleaner_system2-0.0.1-py3.10.egg-info
[2.529s] running install_scripts
[2.569s] Installing system2_node script to /home/sunny/cleaner_ws/phyAI_ws/install/cleaner_system2/lib/cleaner_system2
[2.570s] writing list of installed files to '/home/sunny/cleaner_ws/phyAI_ws/build/cleaner_system2/install.log'
[2.696s] Invoked command in '/home/sunny/cleaner_ws/phyAI_ws/src/cleaner_system2' returned '0': AMENT_PREFIX_PATH=/home/sunny/cleaner_ws/phyAI_ws/install/cleaner_msgs:${AMENT_PREFIX_PATH} CMAKE_PREFIX_PATH=/home/sunny/cleaner_ws/phyAI_ws/install/cleaner_msgs LD_LIBRARY_PATH=/home/sunny/cleaner_ws/phyAI_ws/install/cleaner_msgs/lib:${LD_LIBRARY_PATH} PYTHONPATH=/home/sunny/cleaner_ws/phyAI_ws/build/cleaner_system2/prefix_override:/usr/lib/python3/dist-packages/colcon_core/task/python/colcon_distutils_commands:/home/sunny/cleaner_ws/phyAI_ws/install/cleaner_system2/lib/python3.10/site-packages:/home/sunny/cleaner_ws/phyAI_ws/install/cleaner_msgs/local/lib/python3.10/dist-packages:${PYTHONPATH} /usr/bin/python3 -W ignore:setup.py install is deprecated -W ignore:easy_install command is deprecated setup.py egg_info --egg-base ../../build/cleaner_system2 build --build-base /home/sunny/cleaner_ws/phyAI_ws/build/cleaner_system2/build install --record /home/sunny/cleaner_ws/phyAI_ws/build/cleaner_system2/install.log --single-version-externally-managed install_data
