[0.368s] Invoking command in '/home/sunny/ros2_ws/build/yolov8_msgs': CMAKE_PREFIX_PATH=${CMAKE_PREFIX_PATH}:/home/sunny/ros2_ws/install/yolov8_ros:/home/sunny/ros2_ws/install/gptapi:/opt/ros/humble /usr/bin/cmake --build /home/sunny/ros2_ws/build/yolov8_msgs -- -j16 -l16
[0.423s] [  0%] Built target yolov8_msgs__cpp
[0.454s] [  0%] Built target ament_cmake_python_copy_yolov8_msgs
[0.480s] [ 12%] Built target yolov8_msgs__rosidl_typesupport_introspection_cpp
[0.651s] running egg_info
[0.652s] writing yolov8_msgs.egg-info/PKG-INFO
[0.652s] writing dependency_links to yolov8_msgs.egg-info/dependency_links.txt
[0.652s] writing top-level names to yolov8_msgs.egg-info/top_level.txt
[0.654s] reading manifest file 'yolov8_msgs.egg-info/SOURCES.txt'
[0.654s] writing manifest file 'yolov8_msgs.egg-info/SOURCES.txt'
[0.676s] [ 12%] Built target ament_cmake_python_build_yolov8_msgs_egg
[0.704s] [ 23%] Built target yolov8_msgs__rosidl_typesupport_fastrtps_cpp
[0.730s] [ 35%] Built target yolov8_msgs__rosidl_typesupport_cpp
[0.755s] [ 47%] Built target yolov8_msgs__rosidl_generator_c
[0.781s] [ 59%] Built target yolov8_msgs__rosidl_typesupport_fastrtps_c
[0.801s] [ 71%] Built target yolov8_msgs__rosidl_typesupport_c
[0.827s] [ 83%] Built target yolov8_msgs__rosidl_typesupport_introspection_c
[0.848s] [ 83%] Built target yolov8_msgs
[0.867s] [ 84%] Built target yolov8_msgs__py
[0.893s] [ 95%] Built target yolov8_msgs__rosidl_generator_py
[0.913s] [ 97%] Built target yolov8_msgs__rosidl_typesupport_fastrtps_c__pyext
[0.933s] [ 98%] Built target yolov8_msgs__rosidl_typesupport_c__pyext
[0.956s] [100%] Built target yolov8_msgs__rosidl_typesupport_introspection_c__pyext
[0.967s] Invoked command in '/home/sunny/ros2_ws/build/yolov8_msgs' returned '0': CMAKE_PREFIX_PATH=${CMAKE_PREFIX_PATH}:/home/sunny/ros2_ws/install/yolov8_ros:/home/sunny/ros2_ws/install/gptapi:/opt/ros/humble /usr/bin/cmake --build /home/sunny/ros2_ws/build/yolov8_msgs -- -j16 -l16
[0.968s] Invoking command in '/home/sunny/ros2_ws/build/yolov8_msgs': CMAKE_PREFIX_PATH=${CMAKE_PREFIX_PATH}:/home/sunny/ros2_ws/install/yolov8_ros:/home/sunny/ros2_ws/install/gptapi:/opt/ros/humble /usr/bin/cmake --install /home/sunny/ros2_ws/build/yolov8_msgs
[0.975s] -- Install configuration: ""
[0.975s] -- Up-to-date: /home/sunny/ros2_ws/install/yolov8_msgs/share/ament_index/resource_index/rosidl_interfaces/yolov8_msgs
[0.975s] -- Up-to-date: /home/sunny/ros2_ws/install/yolov8_msgs/include/yolov8_msgs/yolov8_msgs
[0.976s] -- Up-to-date: /home/sunny/ros2_ws/install/yolov8_msgs/include/yolov8_msgs/yolov8_msgs/msg
[0.976s] -- Up-to-date: /home/sunny/ros2_ws/install/yolov8_msgs/include/yolov8_msgs/yolov8_msgs/msg/key_point3_d_array.h
[0.976s] -- Up-to-date: /home/sunny/ros2_ws/install/yolov8_msgs/include/yolov8_msgs/yolov8_msgs/msg/vector2.h
[0.976s] -- Up-to-date: /home/sunny/ros2_ws/install/yolov8_msgs/include/yolov8_msgs/yolov8_msgs/msg/key_point2_d_array.h
[0.976s] -- Up-to-date: /home/sunny/ros2_ws/install/yolov8_msgs/include/yolov8_msgs/yolov8_msgs/msg/key_point3_d.h
[0.976s] -- Up-to-date: /home/sunny/ros2_ws/install/yolov8_msgs/include/yolov8_msgs/yolov8_msgs/msg/pose2_d.h
[0.976s] -- Up-to-date: /home/sunny/ros2_ws/install/yolov8_msgs/include/yolov8_msgs/yolov8_msgs/msg/detection_array.h
[0.976s] -- Up-to-date: /home/sunny/ros2_ws/install/yolov8_msgs/include/yolov8_msgs/yolov8_msgs/msg/point2_d.h
[0.976s] -- Up-to-date: /home/sunny/ros2_ws/install/yolov8_msgs/include/yolov8_msgs/yolov8_msgs/msg/detection.h
[0.976s] -- Up-to-date: /home/sunny/ros2_ws/install/yolov8_msgs/include/yolov8_msgs/yolov8_msgs/msg/detail
[0.976s] -- Up-to-date: /home/sunny/ros2_ws/install/yolov8_msgs/include/yolov8_msgs/yolov8_msgs/msg/detail/key_point3_d__struct.h
[0.976s] -- Up-to-date: /home/sunny/ros2_ws/install/yolov8_msgs/include/yolov8_msgs/yolov8_msgs/msg/detail/detection_array__struct.h
[0.976s] -- Up-to-date: /home/sunny/ros2_ws/install/yolov8_msgs/include/yolov8_msgs/yolov8_msgs/msg/detail/point2_d__functions.c
[0.976s] -- Up-to-date: /home/sunny/ros2_ws/install/yolov8_msgs/include/yolov8_msgs/yolov8_msgs/msg/detail/vector2__functions.h
[0.976s] -- Up-to-date: /home/sunny/ros2_ws/install/yolov8_msgs/include/yolov8_msgs/yolov8_msgs/msg/detail/detection_array__functions.h
[0.977s] -- Up-to-date: /home/sunny/ros2_ws/install/yolov8_msgs/include/yolov8_msgs/yolov8_msgs/msg/detail/bounding_box3_d__type_support.h
[0.977s] -- Up-to-date: /home/sunny/ros2_ws/install/yolov8_msgs/include/yolov8_msgs/yolov8_msgs/msg/detail/pose2_d__functions.c
[0.977s] -- Up-to-date: /home/sunny/ros2_ws/install/yolov8_msgs/include/yolov8_msgs/yolov8_msgs/msg/detail/point2_d__type_support.h
[0.977s] -- Up-to-date: /home/sunny/ros2_ws/install/yolov8_msgs/include/yolov8_msgs/yolov8_msgs/msg/detail/vector2__struct.h
[0.977s] -- Up-to-date: /home/sunny/ros2_ws/install/yolov8_msgs/include/yolov8_msgs/yolov8_msgs/msg/detail/mask__functions.h
[0.977s] -- Up-to-date: /home/sunny/ros2_ws/install/yolov8_msgs/include/yolov8_msgs/yolov8_msgs/msg/detail/detection__functions.h
[0.977s] -- Up-to-date: /home/sunny/ros2_ws/install/yolov8_msgs/include/yolov8_msgs/yolov8_msgs/msg/detail/key_point3_d_array__functions.h
[0.977s] -- Up-to-date: /home/sunny/ros2_ws/install/yolov8_msgs/include/yolov8_msgs/yolov8_msgs/msg/detail/key_point2_d_array__functions.c
[0.977s] -- Up-to-date: /home/sunny/ros2_ws/install/yolov8_msgs/include/yolov8_msgs/yolov8_msgs/msg/detail/mask__functions.c
[0.977s] -- Up-to-date: /home/sunny/ros2_ws/install/yolov8_msgs/include/yolov8_msgs/yolov8_msgs/msg/detail/detection__struct.h
[0.977s] -- Up-to-date: /home/sunny/ros2_ws/install/yolov8_msgs/include/yolov8_msgs/yolov8_msgs/msg/detail/key_point2_d_array__functions.h
[0.977s] -- Up-to-date: /home/sunny/ros2_ws/install/yolov8_msgs/include/yolov8_msgs/yolov8_msgs/msg/detail/mask__type_support.h
[0.977s] -- Up-to-date: /home/sunny/ros2_ws/install/yolov8_msgs/include/yolov8_msgs/yolov8_msgs/msg/detail/mask__struct.h
[0.977s] -- Up-to-date: /home/sunny/ros2_ws/install/yolov8_msgs/include/yolov8_msgs/yolov8_msgs/msg/detail/detection_array__type_support.h
[0.977s] -- Up-to-date: /home/sunny/ros2_ws/install/yolov8_msgs/include/yolov8_msgs/yolov8_msgs/msg/detail/key_point2_d_array__type_support.h
[0.977s] -- Up-to-date: /home/sunny/ros2_ws/install/yolov8_msgs/include/yolov8_msgs/yolov8_msgs/msg/detail/detection__type_support.h
[0.977s] -- Up-to-date: /home/sunny/ros2_ws/install/yolov8_msgs/include/yolov8_msgs/yolov8_msgs/msg/detail/key_point3_d__functions.c
[0.977s] -- Up-to-date: /home/sunny/ros2_ws/install/yolov8_msgs/include/yolov8_msgs/yolov8_msgs/msg/detail/key_point2_d__type_support.h
[0.977s] -- Up-to-date: /home/sunny/ros2_ws/install/yolov8_msgs/include/yolov8_msgs/yolov8_msgs/msg/detail/detection__functions.c
[0.977s] -- Up-to-date: /home/sunny/ros2_ws/install/yolov8_msgs/include/yolov8_msgs/yolov8_msgs/msg/detail/key_point2_d_array__struct.h
[0.977s] -- Up-to-date: /home/sunny/ros2_ws/install/yolov8_msgs/include/yolov8_msgs/yolov8_msgs/msg/detail/bounding_box2_d__type_support.h
[0.978s] -- Up-to-date: /home/sunny/ros2_ws/install/yolov8_msgs/include/yolov8_msgs/yolov8_msgs/msg/detail/key_point3_d_array__functions.c
[0.978s] -- Up-to-date: /home/sunny/ros2_ws/install/yolov8_msgs/include/yolov8_msgs/yolov8_msgs/msg/detail/bounding_box2_d__struct.h
[0.978s] -- Up-to-date: /home/sunny/ros2_ws/install/yolov8_msgs/include/yolov8_msgs/yolov8_msgs/msg/detail/bounding_box2_d__functions.c
[0.978s] -- Up-to-date: /home/sunny/ros2_ws/install/yolov8_msgs/include/yolov8_msgs/yolov8_msgs/msg/detail/key_point2_d__functions.c
[0.978s] -- Up-to-date: /home/sunny/ros2_ws/install/yolov8_msgs/include/yolov8_msgs/yolov8_msgs/msg/detail/bounding_box3_d__functions.h
[0.978s] -- Up-to-date: /home/sunny/ros2_ws/install/yolov8_msgs/include/yolov8_msgs/yolov8_msgs/msg/detail/key_point3_d_array__type_support.h
[0.978s] -- Up-to-date: /home/sunny/ros2_ws/install/yolov8_msgs/include/yolov8_msgs/yolov8_msgs/msg/detail/key_point3_d__functions.h
[0.978s] -- Up-to-date: /home/sunny/ros2_ws/install/yolov8_msgs/include/yolov8_msgs/yolov8_msgs/msg/detail/key_point2_d__functions.h
[0.978s] -- Up-to-date: /home/sunny/ros2_ws/install/yolov8_msgs/include/yolov8_msgs/yolov8_msgs/msg/detail/key_point2_d__struct.h
[0.978s] -- Up-to-date: /home/sunny/ros2_ws/install/yolov8_msgs/include/yolov8_msgs/yolov8_msgs/msg/detail/bounding_box3_d__struct.h
[0.978s] -- Up-to-date: /home/sunny/ros2_ws/install/yolov8_msgs/include/yolov8_msgs/yolov8_msgs/msg/detail/bounding_box2_d__functions.h
[0.978s] -- Up-to-date: /home/sunny/ros2_ws/install/yolov8_msgs/include/yolov8_msgs/yolov8_msgs/msg/detail/bounding_box3_d__functions.c
[0.978s] -- Up-to-date: /home/sunny/ros2_ws/install/yolov8_msgs/include/yolov8_msgs/yolov8_msgs/msg/detail/pose2_d__struct.h
[0.978s] -- Up-to-date: /home/sunny/ros2_ws/install/yolov8_msgs/include/yolov8_msgs/yolov8_msgs/msg/detail/point2_d__struct.h
[0.978s] -- Up-to-date: /home/sunny/ros2_ws/install/yolov8_msgs/include/yolov8_msgs/yolov8_msgs/msg/detail/vector2__type_support.h
[0.978s] -- Up-to-date: /home/sunny/ros2_ws/install/yolov8_msgs/include/yolov8_msgs/yolov8_msgs/msg/detail/key_point3_d__type_support.h
[0.978s] -- Up-to-date: /home/sunny/ros2_ws/install/yolov8_msgs/include/yolov8_msgs/yolov8_msgs/msg/detail/point2_d__functions.h
[0.978s] -- Up-to-date: /home/sunny/ros2_ws/install/yolov8_msgs/include/yolov8_msgs/yolov8_msgs/msg/detail/key_point3_d_array__struct.h
[0.978s] -- Up-to-date: /home/sunny/ros2_ws/install/yolov8_msgs/include/yolov8_msgs/yolov8_msgs/msg/detail/pose2_d__functions.h
[0.978s] -- Up-to-date: /home/sunny/ros2_ws/install/yolov8_msgs/include/yolov8_msgs/yolov8_msgs/msg/detail/pose2_d__type_support.h
[0.978s] -- Up-to-date: /home/sunny/ros2_ws/install/yolov8_msgs/include/yolov8_msgs/yolov8_msgs/msg/detail/vector2__functions.c
[0.978s] -- Up-to-date: /home/sunny/ros2_ws/install/yolov8_msgs/include/yolov8_msgs/yolov8_msgs/msg/detail/detection_array__functions.c
[0.978s] -- Up-to-date: /home/sunny/ros2_ws/install/yolov8_msgs/include/yolov8_msgs/yolov8_msgs/msg/key_point2_d.h
[0.978s] -- Up-to-date: /home/sunny/ros2_ws/install/yolov8_msgs/include/yolov8_msgs/yolov8_msgs/msg/mask.h
[0.978s] -- Up-to-date: /home/sunny/ros2_ws/install/yolov8_msgs/include/yolov8_msgs/yolov8_msgs/msg/bounding_box2_d.h
[0.978s] -- Up-to-date: /home/sunny/ros2_ws/install/yolov8_msgs/include/yolov8_msgs/yolov8_msgs/msg/bounding_box3_d.h
[0.978s] -- Up-to-date: /home/sunny/ros2_ws/install/yolov8_msgs/include/yolov8_msgs/yolov8_msgs/msg/rosidl_generator_c__visibility_control.h
[0.978s] -- Up-to-date: /home/sunny/ros2_ws/install/yolov8_msgs/share/yolov8_msgs/environment/library_path.sh
[0.978s] -- Up-to-date: /home/sunny/ros2_ws/install/yolov8_msgs/share/yolov8_msgs/environment/library_path.dsv
[0.979s] -- Up-to-date: /home/sunny/ros2_ws/install/yolov8_msgs/lib/libyolov8_msgs__rosidl_generator_c.so
[0.979s] -- Up-to-date: /home/sunny/ros2_ws/install/yolov8_msgs/include/yolov8_msgs/yolov8_msgs
[0.979s] -- Up-to-date: /home/sunny/ros2_ws/install/yolov8_msgs/include/yolov8_msgs/yolov8_msgs/msg
[0.979s] -- Up-to-date: /home/sunny/ros2_ws/install/yolov8_msgs/include/yolov8_msgs/yolov8_msgs/msg/detail
[0.979s] -- Up-to-date: /home/sunny/ros2_ws/install/yolov8_msgs/include/yolov8_msgs/yolov8_msgs/msg/detail/detection__rosidl_typesupport_fastrtps_c.h
[0.979s] -- Up-to-date: /home/sunny/ros2_ws/install/yolov8_msgs/include/yolov8_msgs/yolov8_msgs/msg/detail/mask__rosidl_typesupport_fastrtps_c.h
[0.979s] -- Up-to-date: /home/sunny/ros2_ws/install/yolov8_msgs/include/yolov8_msgs/yolov8_msgs/msg/detail/key_point2_d_array__rosidl_typesupport_fastrtps_c.h
[0.979s] -- Up-to-date: /home/sunny/ros2_ws/install/yolov8_msgs/include/yolov8_msgs/yolov8_msgs/msg/detail/pose2_d__rosidl_typesupport_fastrtps_c.h
[0.979s] -- Up-to-date: /home/sunny/ros2_ws/install/yolov8_msgs/include/yolov8_msgs/yolov8_msgs/msg/detail/key_point3_d_array__rosidl_typesupport_fastrtps_c.h
[0.979s] -- Up-to-date: /home/sunny/ros2_ws/install/yolov8_msgs/include/yolov8_msgs/yolov8_msgs/msg/detail/bounding_box2_d__rosidl_typesupport_fastrtps_c.h
[0.979s] -- Up-to-date: /home/sunny/ros2_ws/install/yolov8_msgs/include/yolov8_msgs/yolov8_msgs/msg/detail/key_point2_d__rosidl_typesupport_fastrtps_c.h
[0.979s] -- Up-to-date: /home/sunny/ros2_ws/install/yolov8_msgs/include/yolov8_msgs/yolov8_msgs/msg/detail/detection_array__rosidl_typesupport_fastrtps_c.h
[0.979s] -- Up-to-date: /home/sunny/ros2_ws/install/yolov8_msgs/include/yolov8_msgs/yolov8_msgs/msg/detail/vector2__rosidl_typesupport_fastrtps_c.h
[0.979s] -- Up-to-date: /home/sunny/ros2_ws/install/yolov8_msgs/include/yolov8_msgs/yolov8_msgs/msg/detail/key_point3_d__rosidl_typesupport_fastrtps_c.h
[0.979s] -- Up-to-date: /home/sunny/ros2_ws/install/yolov8_msgs/include/yolov8_msgs/yolov8_msgs/msg/detail/bounding_box3_d__rosidl_typesupport_fastrtps_c.h
[0.979s] -- Up-to-date: /home/sunny/ros2_ws/install/yolov8_msgs/include/yolov8_msgs/yolov8_msgs/msg/detail/point2_d__rosidl_typesupport_fastrtps_c.h
[0.979s] -- Up-to-date: /home/sunny/ros2_ws/install/yolov8_msgs/include/yolov8_msgs/yolov8_msgs/msg/rosidl_typesupport_fastrtps_c__visibility_control.h
[0.980s] -- Up-to-date: /home/sunny/ros2_ws/install/yolov8_msgs/lib/libyolov8_msgs__rosidl_typesupport_fastrtps_c.so
[0.980s] -- Up-to-date: /home/sunny/ros2_ws/install/yolov8_msgs/include/yolov8_msgs/yolov8_msgs
[0.980s] -- Up-to-date: /home/sunny/ros2_ws/install/yolov8_msgs/include/yolov8_msgs/yolov8_msgs/msg
[0.980s] -- Up-to-date: /home/sunny/ros2_ws/install/yolov8_msgs/include/yolov8_msgs/yolov8_msgs/msg/detail
[0.980s] -- Up-to-date: /home/sunny/ros2_ws/install/yolov8_msgs/include/yolov8_msgs/yolov8_msgs/msg/detail/key_point2_d_array__type_support.c
[0.980s] -- Up-to-date: /home/sunny/ros2_ws/install/yolov8_msgs/include/yolov8_msgs/yolov8_msgs/msg/detail/pose2_d__rosidl_typesupport_introspection_c.h
[0.980s] -- Up-to-date: /home/sunny/ros2_ws/install/yolov8_msgs/include/yolov8_msgs/yolov8_msgs/msg/detail/key_point3_d_array__rosidl_typesupport_introspection_c.h
[0.980s] -- Up-to-date: /home/sunny/ros2_ws/install/yolov8_msgs/include/yolov8_msgs/yolov8_msgs/msg/detail/key_point2_d__rosidl_typesupport_introspection_c.h
[0.980s] -- Up-to-date: /home/sunny/ros2_ws/install/yolov8_msgs/include/yolov8_msgs/yolov8_msgs/msg/detail/bounding_box3_d__type_support.c
[0.980s] -- Up-to-date: /home/sunny/ros2_ws/install/yolov8_msgs/include/yolov8_msgs/yolov8_msgs/msg/detail/point2_d__type_support.c
[0.980s] -- Up-to-date: /home/sunny/ros2_ws/install/yolov8_msgs/include/yolov8_msgs/yolov8_msgs/msg/detail/key_point3_d__rosidl_typesupport_introspection_c.h
[0.980s] -- Up-to-date: /home/sunny/ros2_ws/install/yolov8_msgs/include/yolov8_msgs/yolov8_msgs/msg/detail/pose2_d__type_support.c
[0.980s] -- Up-to-date: /home/sunny/ros2_ws/install/yolov8_msgs/include/yolov8_msgs/yolov8_msgs/msg/detail/point2_d__rosidl_typesupport_introspection_c.h
[0.980s] -- Up-to-date: /home/sunny/ros2_ws/install/yolov8_msgs/include/yolov8_msgs/yolov8_msgs/msg/detail/key_point3_d__type_support.c
[0.980s] -- Up-to-date: /home/sunny/ros2_ws/install/yolov8_msgs/include/yolov8_msgs/yolov8_msgs/msg/detail/detection__type_support.c
[0.980s] -- Up-to-date: /home/sunny/ros2_ws/install/yolov8_msgs/include/yolov8_msgs/yolov8_msgs/msg/detail/mask__type_support.c
[0.980s] -- Up-to-date: /home/sunny/ros2_ws/install/yolov8_msgs/include/yolov8_msgs/yolov8_msgs/msg/detail/bounding_box3_d__rosidl_typesupport_introspection_c.h
[0.980s] -- Up-to-date: /home/sunny/ros2_ws/install/yolov8_msgs/include/yolov8_msgs/yolov8_msgs/msg/detail/vector2__type_support.c
[0.980s] -- Up-to-date: /home/sunny/ros2_ws/install/yolov8_msgs/include/yolov8_msgs/yolov8_msgs/msg/detail/bounding_box2_d__rosidl_typesupport_introspection_c.h
[0.980s] -- Up-to-date: /home/sunny/ros2_ws/install/yolov8_msgs/include/yolov8_msgs/yolov8_msgs/msg/detail/key_point2_d_array__rosidl_typesupport_introspection_c.h
[0.980s] -- Up-to-date: /home/sunny/ros2_ws/install/yolov8_msgs/include/yolov8_msgs/yolov8_msgs/msg/detail/bounding_box2_d__type_support.c
[0.980s] -- Up-to-date: /home/sunny/ros2_ws/install/yolov8_msgs/include/yolov8_msgs/yolov8_msgs/msg/detail/vector2__rosidl_typesupport_introspection_c.h
[0.980s] -- Up-to-date: /home/sunny/ros2_ws/install/yolov8_msgs/include/yolov8_msgs/yolov8_msgs/msg/detail/detection_array__rosidl_typesupport_introspection_c.h
[0.980s] -- Up-to-date: /home/sunny/ros2_ws/install/yolov8_msgs/include/yolov8_msgs/yolov8_msgs/msg/detail/detection_array__type_support.c
[0.980s] -- Up-to-date: /home/sunny/ros2_ws/install/yolov8_msgs/include/yolov8_msgs/yolov8_msgs/msg/detail/detection__rosidl_typesupport_introspection_c.h
[0.981s] -- Up-to-date: /home/sunny/ros2_ws/install/yolov8_msgs/include/yolov8_msgs/yolov8_msgs/msg/detail/mask__rosidl_typesupport_introspection_c.h
[0.981s] -- Up-to-date: /home/sunny/ros2_ws/install/yolov8_msgs/include/yolov8_msgs/yolov8_msgs/msg/detail/key_point3_d_array__type_support.c
[0.981s] -- Up-to-date: /home/sunny/ros2_ws/install/yolov8_msgs/include/yolov8_msgs/yolov8_msgs/msg/detail/key_point2_d__type_support.c
[0.981s] -- Up-to-date: /home/sunny/ros2_ws/install/yolov8_msgs/include/yolov8_msgs/yolov8_msgs/msg/rosidl_typesupport_introspection_c__visibility_control.h
[0.981s] -- Up-to-date: /home/sunny/ros2_ws/install/yolov8_msgs/lib/libyolov8_msgs__rosidl_typesupport_introspection_c.so
[0.982s] -- Up-to-date: /home/sunny/ros2_ws/install/yolov8_msgs/lib/libyolov8_msgs__rosidl_typesupport_c.so
[0.982s] -- Up-to-date: /home/sunny/ros2_ws/install/yolov8_msgs/include/yolov8_msgs/yolov8_msgs
[0.982s] -- Up-to-date: /home/sunny/ros2_ws/install/yolov8_msgs/include/yolov8_msgs/yolov8_msgs/msg
[0.982s] -- Up-to-date: /home/sunny/ros2_ws/install/yolov8_msgs/include/yolov8_msgs/yolov8_msgs/msg/rosidl_generator_cpp__visibility_control.hpp
[0.982s] -- Up-to-date: /home/sunny/ros2_ws/install/yolov8_msgs/include/yolov8_msgs/yolov8_msgs/msg/point2_d.hpp
[0.982s] -- Up-to-date: /home/sunny/ros2_ws/install/yolov8_msgs/include/yolov8_msgs/yolov8_msgs/msg/mask.hpp
[0.982s] -- Up-to-date: /home/sunny/ros2_ws/install/yolov8_msgs/include/yolov8_msgs/yolov8_msgs/msg/key_point3_d.hpp
[0.982s] -- Up-to-date: /home/sunny/ros2_ws/install/yolov8_msgs/include/yolov8_msgs/yolov8_msgs/msg/bounding_box3_d.hpp
[0.982s] -- Up-to-date: /home/sunny/ros2_ws/install/yolov8_msgs/include/yolov8_msgs/yolov8_msgs/msg/pose2_d.hpp
[0.982s] -- Up-to-date: /home/sunny/ros2_ws/install/yolov8_msgs/include/yolov8_msgs/yolov8_msgs/msg/detail
[0.982s] -- Up-to-date: /home/sunny/ros2_ws/install/yolov8_msgs/include/yolov8_msgs/yolov8_msgs/msg/detail/pose2_d__type_support.hpp
[0.982s] -- Up-to-date: /home/sunny/ros2_ws/install/yolov8_msgs/include/yolov8_msgs/yolov8_msgs/msg/detail/bounding_box2_d__traits.hpp
[0.982s] -- Up-to-date: /home/sunny/ros2_ws/install/yolov8_msgs/include/yolov8_msgs/yolov8_msgs/msg/detail/point2_d__builder.hpp
[0.982s] -- Up-to-date: /home/sunny/ros2_ws/install/yolov8_msgs/include/yolov8_msgs/yolov8_msgs/msg/detail/key_point3_d_array__type_support.hpp
[0.982s] -- Up-to-date: /home/sunny/ros2_ws/install/yolov8_msgs/include/yolov8_msgs/yolov8_msgs/msg/detail/key_point2_d_array__traits.hpp
[0.982s] -- Up-to-date: /home/sunny/ros2_ws/install/yolov8_msgs/include/yolov8_msgs/yolov8_msgs/msg/detail/detection__struct.hpp
[0.982s] -- Up-to-date: /home/sunny/ros2_ws/install/yolov8_msgs/include/yolov8_msgs/yolov8_msgs/msg/detail/detection__traits.hpp
[0.982s] -- Up-to-date: /home/sunny/ros2_ws/install/yolov8_msgs/include/yolov8_msgs/yolov8_msgs/msg/detail/pose2_d__builder.hpp
[0.982s] -- Up-to-date: /home/sunny/ros2_ws/install/yolov8_msgs/include/yolov8_msgs/yolov8_msgs/msg/detail/key_point2_d__type_support.hpp
[0.982s] -- Up-to-date: /home/sunny/ros2_ws/install/yolov8_msgs/include/yolov8_msgs/yolov8_msgs/msg/detail/key_point3_d_array__builder.hpp
[0.982s] -- Up-to-date: /home/sunny/ros2_ws/install/yolov8_msgs/include/yolov8_msgs/yolov8_msgs/msg/detail/bounding_box2_d__builder.hpp
[0.983s] -- Up-to-date: /home/sunny/ros2_ws/install/yolov8_msgs/include/yolov8_msgs/yolov8_msgs/msg/detail/mask__builder.hpp
[0.983s] -- Up-to-date: /home/sunny/ros2_ws/install/yolov8_msgs/include/yolov8_msgs/yolov8_msgs/msg/detail/key_point3_d__type_support.hpp
[0.983s] -- Up-to-date: /home/sunny/ros2_ws/install/yolov8_msgs/include/yolov8_msgs/yolov8_msgs/msg/detail/key_point2_d_array__type_support.hpp
[0.983s] -- Up-to-date: /home/sunny/ros2_ws/install/yolov8_msgs/include/yolov8_msgs/yolov8_msgs/msg/detail/key_point2_d__builder.hpp
[0.983s] -- Up-to-date: /home/sunny/ros2_ws/install/yolov8_msgs/include/yolov8_msgs/yolov8_msgs/msg/detail/bounding_box2_d__struct.hpp
[0.983s] -- Up-to-date: /home/sunny/ros2_ws/install/yolov8_msgs/include/yolov8_msgs/yolov8_msgs/msg/detail/vector2__struct.hpp
[0.983s] -- Up-to-date: /home/sunny/ros2_ws/install/yolov8_msgs/include/yolov8_msgs/yolov8_msgs/msg/detail/pose2_d__traits.hpp
[0.983s] -- Up-to-date: /home/sunny/ros2_ws/install/yolov8_msgs/include/yolov8_msgs/yolov8_msgs/msg/detail/key_point3_d__traits.hpp
[0.983s] -- Up-to-date: /home/sunny/ros2_ws/install/yolov8_msgs/include/yolov8_msgs/yolov8_msgs/msg/detail/vector2__type_support.hpp
[0.983s] -- Up-to-date: /home/sunny/ros2_ws/install/yolov8_msgs/include/yolov8_msgs/yolov8_msgs/msg/detail/detection__type_support.hpp
[0.983s] -- Up-to-date: /home/sunny/ros2_ws/install/yolov8_msgs/include/yolov8_msgs/yolov8_msgs/msg/detail/point2_d__struct.hpp
[0.983s] -- Up-to-date: /home/sunny/ros2_ws/install/yolov8_msgs/include/yolov8_msgs/yolov8_msgs/msg/detail/key_point2_d_array__builder.hpp
[0.983s] -- Up-to-date: /home/sunny/ros2_ws/install/yolov8_msgs/include/yolov8_msgs/yolov8_msgs/msg/detail/vector2__builder.hpp
[0.983s] -- Up-to-date: /home/sunny/ros2_ws/install/yolov8_msgs/include/yolov8_msgs/yolov8_msgs/msg/detail/mask__type_support.hpp
[0.983s] -- Up-to-date: /home/sunny/ros2_ws/install/yolov8_msgs/include/yolov8_msgs/yolov8_msgs/msg/detail/key_point3_d_array__traits.hpp
[0.983s] -- Up-to-date: /home/sunny/ros2_ws/install/yolov8_msgs/include/yolov8_msgs/yolov8_msgs/msg/detail/point2_d__type_support.hpp
[0.983s] -- Up-to-date: /home/sunny/ros2_ws/install/yolov8_msgs/include/yolov8_msgs/yolov8_msgs/msg/detail/key_point2_d_array__struct.hpp
[0.983s] -- Up-to-date: /home/sunny/ros2_ws/install/yolov8_msgs/include/yolov8_msgs/yolov8_msgs/msg/detail/key_point3_d__struct.hpp
[0.983s] -- Up-to-date: /home/sunny/ros2_ws/install/yolov8_msgs/include/yolov8_msgs/yolov8_msgs/msg/detail/bounding_box3_d__type_support.hpp
[0.983s] -- Up-to-date: /home/sunny/ros2_ws/install/yolov8_msgs/include/yolov8_msgs/yolov8_msgs/msg/detail/point2_d__traits.hpp
[0.983s] -- Up-to-date: /home/sunny/ros2_ws/install/yolov8_msgs/include/yolov8_msgs/yolov8_msgs/msg/detail/key_point3_d__builder.hpp
[0.983s] -- Up-to-date: /home/sunny/ros2_ws/install/yolov8_msgs/include/yolov8_msgs/yolov8_msgs/msg/detail/vector2__traits.hpp
[0.983s] -- Up-to-date: /home/sunny/ros2_ws/install/yolov8_msgs/include/yolov8_msgs/yolov8_msgs/msg/detail/bounding_box2_d__type_support.hpp
[0.983s] -- Up-to-date: /home/sunny/ros2_ws/install/yolov8_msgs/include/yolov8_msgs/yolov8_msgs/msg/detail/detection__builder.hpp
[0.983s] -- Up-to-date: /home/sunny/ros2_ws/install/yolov8_msgs/include/yolov8_msgs/yolov8_msgs/msg/detail/detection_array__type_support.hpp
[0.983s] -- Up-to-date: /home/sunny/ros2_ws/install/yolov8_msgs/include/yolov8_msgs/yolov8_msgs/msg/detail/key_point3_d_array__struct.hpp
[0.983s] -- Up-to-date: /home/sunny/ros2_ws/install/yolov8_msgs/include/yolov8_msgs/yolov8_msgs/msg/detail/detection_array__traits.hpp
[0.983s] -- Up-to-date: /home/sunny/ros2_ws/install/yolov8_msgs/include/yolov8_msgs/yolov8_msgs/msg/detail/key_point2_d__struct.hpp
[0.983s] -- Up-to-date: /home/sunny/ros2_ws/install/yolov8_msgs/include/yolov8_msgs/yolov8_msgs/msg/detail/bounding_box3_d__traits.hpp
[0.984s] -- Up-to-date: /home/sunny/ros2_ws/install/yolov8_msgs/include/yolov8_msgs/yolov8_msgs/msg/detail/bounding_box3_d__struct.hpp
[0.984s] -- Up-to-date: /home/sunny/ros2_ws/install/yolov8_msgs/include/yolov8_msgs/yolov8_msgs/msg/detail/detection_array__builder.hpp
[0.984s] -- Up-to-date: /home/sunny/ros2_ws/install/yolov8_msgs/include/yolov8_msgs/yolov8_msgs/msg/detail/mask__traits.hpp
[0.984s] -- Up-to-date: /home/sunny/ros2_ws/install/yolov8_msgs/include/yolov8_msgs/yolov8_msgs/msg/detail/mask__struct.hpp
[0.984s] -- Up-to-date: /home/sunny/ros2_ws/install/yolov8_msgs/include/yolov8_msgs/yolov8_msgs/msg/detail/bounding_box3_d__builder.hpp
[0.984s] -- Up-to-date: /home/sunny/ros2_ws/install/yolov8_msgs/include/yolov8_msgs/yolov8_msgs/msg/detail/key_point2_d__traits.hpp
[0.984s] -- Up-to-date: /home/sunny/ros2_ws/install/yolov8_msgs/include/yolov8_msgs/yolov8_msgs/msg/detail/detection_array__struct.hpp
[0.984s] -- Up-to-date: /home/sunny/ros2_ws/install/yolov8_msgs/include/yolov8_msgs/yolov8_msgs/msg/detail/pose2_d__struct.hpp
[0.984s] -- Up-to-date: /home/sunny/ros2_ws/install/yolov8_msgs/include/yolov8_msgs/yolov8_msgs/msg/key_point3_d_array.hpp
[0.984s] -- Up-to-date: /home/sunny/ros2_ws/install/yolov8_msgs/include/yolov8_msgs/yolov8_msgs/msg/key_point2_d.hpp
[0.984s] -- Up-to-date: /home/sunny/ros2_ws/install/yolov8_msgs/include/yolov8_msgs/yolov8_msgs/msg/vector2.hpp
[0.984s] -- Up-to-date: /home/sunny/ros2_ws/install/yolov8_msgs/include/yolov8_msgs/yolov8_msgs/msg/bounding_box2_d.hpp
[0.984s] -- Up-to-date: /home/sunny/ros2_ws/install/yolov8_msgs/include/yolov8_msgs/yolov8_msgs/msg/key_point2_d_array.hpp
[0.984s] -- Up-to-date: /home/sunny/ros2_ws/install/yolov8_msgs/include/yolov8_msgs/yolov8_msgs/msg/detection.hpp
[0.984s] -- Up-to-date: /home/sunny/ros2_ws/install/yolov8_msgs/include/yolov8_msgs/yolov8_msgs/msg/detection_array.hpp
[0.984s] -- Up-to-date: /home/sunny/ros2_ws/install/yolov8_msgs/include/yolov8_msgs/yolov8_msgs
[0.984s] -- Up-to-date: /home/sunny/ros2_ws/install/yolov8_msgs/include/yolov8_msgs/yolov8_msgs/msg
[0.984s] -- Up-to-date: /home/sunny/ros2_ws/install/yolov8_msgs/include/yolov8_msgs/yolov8_msgs/msg/detail
[0.984s] -- Up-to-date: /home/sunny/ros2_ws/install/yolov8_msgs/include/yolov8_msgs/yolov8_msgs/msg/detail/vector2__rosidl_typesupport_fastrtps_cpp.hpp
[0.984s] -- Up-to-date: /home/sunny/ros2_ws/install/yolov8_msgs/include/yolov8_msgs/yolov8_msgs/msg/detail/bounding_box3_d__rosidl_typesupport_fastrtps_cpp.hpp
[0.984s] -- Up-to-date: /home/sunny/ros2_ws/install/yolov8_msgs/include/yolov8_msgs/yolov8_msgs/msg/detail/mask__rosidl_typesupport_fastrtps_cpp.hpp
[0.984s] -- Up-to-date: /home/sunny/ros2_ws/install/yolov8_msgs/include/yolov8_msgs/yolov8_msgs/msg/detail/detection_array__rosidl_typesupport_fastrtps_cpp.hpp
[0.984s] -- Up-to-date: /home/sunny/ros2_ws/install/yolov8_msgs/include/yolov8_msgs/yolov8_msgs/msg/detail/key_point3_d__rosidl_typesupport_fastrtps_cpp.hpp
[0.984s] -- Up-to-date: /home/sunny/ros2_ws/install/yolov8_msgs/include/yolov8_msgs/yolov8_msgs/msg/detail/key_point2_d__rosidl_typesupport_fastrtps_cpp.hpp
[0.984s] -- Up-to-date: /home/sunny/ros2_ws/install/yolov8_msgs/include/yolov8_msgs/yolov8_msgs/msg/detail/point2_d__rosidl_typesupport_fastrtps_cpp.hpp
[0.984s] -- Up-to-date: /home/sunny/ros2_ws/install/yolov8_msgs/include/yolov8_msgs/yolov8_msgs/msg/detail/pose2_d__rosidl_typesupport_fastrtps_cpp.hpp
[0.984s] -- Up-to-date: /home/sunny/ros2_ws/install/yolov8_msgs/include/yolov8_msgs/yolov8_msgs/msg/detail/key_point3_d_array__rosidl_typesupport_fastrtps_cpp.hpp
[0.984s] -- Up-to-date: /home/sunny/ros2_ws/install/yolov8_msgs/include/yolov8_msgs/yolov8_msgs/msg/detail/bounding_box2_d__rosidl_typesupport_fastrtps_cpp.hpp
[0.984s] -- Up-to-date: /home/sunny/ros2_ws/install/yolov8_msgs/include/yolov8_msgs/yolov8_msgs/msg/detail/detection__rosidl_typesupport_fastrtps_cpp.hpp
[0.985s] -- Up-to-date: /home/sunny/ros2_ws/install/yolov8_msgs/include/yolov8_msgs/yolov8_msgs/msg/detail/key_point2_d_array__rosidl_typesupport_fastrtps_cpp.hpp
[0.985s] -- Up-to-date: /home/sunny/ros2_ws/install/yolov8_msgs/include/yolov8_msgs/yolov8_msgs/msg/detail/dds_fastrtps
[0.985s] -- Up-to-date: /home/sunny/ros2_ws/install/yolov8_msgs/include/yolov8_msgs/yolov8_msgs/msg/rosidl_typesupport_fastrtps_cpp__visibility_control.h
[0.985s] -- Up-to-date: /home/sunny/ros2_ws/install/yolov8_msgs/lib/libyolov8_msgs__rosidl_typesupport_fastrtps_cpp.so
[0.985s] -- Up-to-date: /home/sunny/ros2_ws/install/yolov8_msgs/include/yolov8_msgs/yolov8_msgs
[0.986s] -- Up-to-date: /home/sunny/ros2_ws/install/yolov8_msgs/include/yolov8_msgs/yolov8_msgs/msg
[0.986s] -- Up-to-date: /home/sunny/ros2_ws/install/yolov8_msgs/include/yolov8_msgs/yolov8_msgs/msg/detail
[0.986s] -- Up-to-date: /home/sunny/ros2_ws/install/yolov8_msgs/include/yolov8_msgs/yolov8_msgs/msg/detail/bounding_box2_d__rosidl_typesupport_introspection_cpp.hpp
[0.986s] -- Up-to-date: /home/sunny/ros2_ws/install/yolov8_msgs/include/yolov8_msgs/yolov8_msgs/msg/detail/mask__type_support.cpp
[0.986s] -- Up-to-date: /home/sunny/ros2_ws/install/yolov8_msgs/include/yolov8_msgs/yolov8_msgs/msg/detail/key_point3_d_array__rosidl_typesupport_introspection_cpp.hpp
[0.986s] -- Up-to-date: /home/sunny/ros2_ws/install/yolov8_msgs/include/yolov8_msgs/yolov8_msgs/msg/detail/key_point2_d__type_support.cpp
[0.986s] -- Up-to-date: /home/sunny/ros2_ws/install/yolov8_msgs/include/yolov8_msgs/yolov8_msgs/msg/detail/key_point3_d_array__type_support.cpp
[0.986s] -- Up-to-date: /home/sunny/ros2_ws/install/yolov8_msgs/include/yolov8_msgs/yolov8_msgs/msg/detail/point2_d__rosidl_typesupport_introspection_cpp.hpp
[0.986s] -- Up-to-date: /home/sunny/ros2_ws/install/yolov8_msgs/include/yolov8_msgs/yolov8_msgs/msg/detail/detection__rosidl_typesupport_introspection_cpp.hpp
[0.986s] -- Up-to-date: /home/sunny/ros2_ws/install/yolov8_msgs/include/yolov8_msgs/yolov8_msgs/msg/detail/mask__rosidl_typesupport_introspection_cpp.hpp
[0.986s] -- Up-to-date: /home/sunny/ros2_ws/install/yolov8_msgs/include/yolov8_msgs/yolov8_msgs/msg/detail/point2_d__type_support.cpp
[0.986s] -- Up-to-date: /home/sunny/ros2_ws/install/yolov8_msgs/include/yolov8_msgs/yolov8_msgs/msg/detail/key_point3_d__rosidl_typesupport_introspection_cpp.hpp
[0.986s] -- Up-to-date: /home/sunny/ros2_ws/install/yolov8_msgs/include/yolov8_msgs/yolov8_msgs/msg/detail/vector2__type_support.cpp
[0.986s] -- Up-to-date: /home/sunny/ros2_ws/install/yolov8_msgs/include/yolov8_msgs/yolov8_msgs/msg/detail/key_point3_d__type_support.cpp
[0.986s] -- Up-to-date: /home/sunny/ros2_ws/install/yolov8_msgs/include/yolov8_msgs/yolov8_msgs/msg/detail/pose2_d__type_support.cpp
[0.986s] -- Up-to-date: /home/sunny/ros2_ws/install/yolov8_msgs/include/yolov8_msgs/yolov8_msgs/msg/detail/detection__type_support.cpp
[0.986s] -- Up-to-date: /home/sunny/ros2_ws/install/yolov8_msgs/include/yolov8_msgs/yolov8_msgs/msg/detail/key_point2_d_array__rosidl_typesupport_introspection_cpp.hpp
[0.986s] -- Up-to-date: /home/sunny/ros2_ws/install/yolov8_msgs/include/yolov8_msgs/yolov8_msgs/msg/detail/detection_array__type_support.cpp
[0.986s] -- Up-to-date: /home/sunny/ros2_ws/install/yolov8_msgs/include/yolov8_msgs/yolov8_msgs/msg/detail/bounding_box2_d__type_support.cpp
[0.987s] -- Up-to-date: /home/sunny/ros2_ws/install/yolov8_msgs/include/yolov8_msgs/yolov8_msgs/msg/detail/key_point2_d__rosidl_typesupport_introspection_cpp.hpp
[0.987s] -- Up-to-date: /home/sunny/ros2_ws/install/yolov8_msgs/include/yolov8_msgs/yolov8_msgs/msg/detail/bounding_box3_d__type_support.cpp
[0.987s] -- Up-to-date: /home/sunny/ros2_ws/install/yolov8_msgs/include/yolov8_msgs/yolov8_msgs/msg/detail/bounding_box3_d__rosidl_typesupport_introspection_cpp.hpp
[0.987s] -- Up-to-date: /home/sunny/ros2_ws/install/yolov8_msgs/include/yolov8_msgs/yolov8_msgs/msg/detail/detection_array__rosidl_typesupport_introspection_cpp.hpp
[0.987s] -- Up-to-date: /home/sunny/ros2_ws/install/yolov8_msgs/include/yolov8_msgs/yolov8_msgs/msg/detail/pose2_d__rosidl_typesupport_introspection_cpp.hpp
[0.987s] -- Up-to-date: /home/sunny/ros2_ws/install/yolov8_msgs/include/yolov8_msgs/yolov8_msgs/msg/detail/vector2__rosidl_typesupport_introspection_cpp.hpp
[0.987s] -- Up-to-date: /home/sunny/ros2_ws/install/yolov8_msgs/include/yolov8_msgs/yolov8_msgs/msg/detail/key_point2_d_array__type_support.cpp
[0.987s] -- Up-to-date: /home/sunny/ros2_ws/install/yolov8_msgs/lib/libyolov8_msgs__rosidl_typesupport_introspection_cpp.so
[0.988s] -- Up-to-date: /home/sunny/ros2_ws/install/yolov8_msgs/lib/libyolov8_msgs__rosidl_typesupport_cpp.so
[0.988s] -- Up-to-date: /home/sunny/ros2_ws/install/yolov8_msgs/share/yolov8_msgs/environment/pythonpath.sh
[0.988s] -- Up-to-date: /home/sunny/ros2_ws/install/yolov8_msgs/share/yolov8_msgs/environment/pythonpath.dsv
[0.988s] -- Up-to-date: /home/sunny/ros2_ws/install/yolov8_msgs/local/lib/python3.10/dist-packages/yolov8_msgs-0.0.0-py3.10.egg-info
[0.988s] -- Installing: /home/sunny/ros2_ws/install/yolov8_msgs/local/lib/python3.10/dist-packages/yolov8_msgs-0.0.0-py3.10.egg-info/top_level.txt
[0.988s] -- Installing: /home/sunny/ros2_ws/install/yolov8_msgs/local/lib/python3.10/dist-packages/yolov8_msgs-0.0.0-py3.10.egg-info/PKG-INFO
[0.988s] -- Installing: /home/sunny/ros2_ws/install/yolov8_msgs/local/lib/python3.10/dist-packages/yolov8_msgs-0.0.0-py3.10.egg-info/SOURCES.txt
[0.988s] -- Installing: /home/sunny/ros2_ws/install/yolov8_msgs/local/lib/python3.10/dist-packages/yolov8_msgs-0.0.0-py3.10.egg-info/dependency_links.txt
[0.989s] -- Up-to-date: /home/sunny/ros2_ws/install/yolov8_msgs/local/lib/python3.10/dist-packages/yolov8_msgs
[0.989s] -- Up-to-date: /home/sunny/ros2_ws/install/yolov8_msgs/local/lib/python3.10/dist-packages/yolov8_msgs/yolov8_msgs_s__rosidl_typesupport_introspection_c.cpython-310-x86_64-linux-gnu.so
[0.989s] -- Up-to-date: /home/sunny/ros2_ws/install/yolov8_msgs/local/lib/python3.10/dist-packages/yolov8_msgs/yolov8_msgs_s__rosidl_typesupport_c.cpython-310-x86_64-linux-gnu.so
[0.989s] -- Up-to-date: /home/sunny/ros2_ws/install/yolov8_msgs/local/lib/python3.10/dist-packages/yolov8_msgs/msg
[0.989s] -- Up-to-date: /home/sunny/ros2_ws/install/yolov8_msgs/local/lib/python3.10/dist-packages/yolov8_msgs/msg/_vector2_s.c
[0.989s] -- Up-to-date: /home/sunny/ros2_ws/install/yolov8_msgs/local/lib/python3.10/dist-packages/yolov8_msgs/msg/_key_point3_d_array_s.c
[0.989s] -- Up-to-date: /home/sunny/ros2_ws/install/yolov8_msgs/local/lib/python3.10/dist-packages/yolov8_msgs/msg/_vector2.py
[0.989s] -- Up-to-date: /home/sunny/ros2_ws/install/yolov8_msgs/local/lib/python3.10/dist-packages/yolov8_msgs/msg/_mask_s.c
[0.989s] -- Up-to-date: /home/sunny/ros2_ws/install/yolov8_msgs/local/lib/python3.10/dist-packages/yolov8_msgs/msg/_detection_array_s.c
[0.989s] -- Up-to-date: /home/sunny/ros2_ws/install/yolov8_msgs/local/lib/python3.10/dist-packages/yolov8_msgs/msg/_key_point2_d_s.c
[0.989s] -- Up-to-date: /home/sunny/ros2_ws/install/yolov8_msgs/local/lib/python3.10/dist-packages/yolov8_msgs/msg/_point2_d.py
[0.989s] -- Up-to-date: /home/sunny/ros2_ws/install/yolov8_msgs/local/lib/python3.10/dist-packages/yolov8_msgs/msg/_key_point2_d_array.py
[0.989s] -- Up-to-date: /home/sunny/ros2_ws/install/yolov8_msgs/local/lib/python3.10/dist-packages/yolov8_msgs/msg/_mask.py
[0.989s] -- Up-to-date: /home/sunny/ros2_ws/install/yolov8_msgs/local/lib/python3.10/dist-packages/yolov8_msgs/msg/_bounding_box2_d.py
[0.989s] -- Up-to-date: /home/sunny/ros2_ws/install/yolov8_msgs/local/lib/python3.10/dist-packages/yolov8_msgs/msg/_point2_d_s.c
[0.989s] -- Up-to-date: /home/sunny/ros2_ws/install/yolov8_msgs/local/lib/python3.10/dist-packages/yolov8_msgs/msg/_key_point2_d.py
[0.989s] -- Up-to-date: /home/sunny/ros2_ws/install/yolov8_msgs/local/lib/python3.10/dist-packages/yolov8_msgs/msg/_bounding_box2_d_s.c
[0.989s] -- Up-to-date: /home/sunny/ros2_ws/install/yolov8_msgs/local/lib/python3.10/dist-packages/yolov8_msgs/msg/__init__.py
[0.989s] -- Up-to-date: /home/sunny/ros2_ws/install/yolov8_msgs/local/lib/python3.10/dist-packages/yolov8_msgs/msg/_detection.py
[0.989s] -- Up-to-date: /home/sunny/ros2_ws/install/yolov8_msgs/local/lib/python3.10/dist-packages/yolov8_msgs/msg/_key_point3_d_s.c
[0.989s] -- Up-to-date: /home/sunny/ros2_ws/install/yolov8_msgs/local/lib/python3.10/dist-packages/yolov8_msgs/msg/_detection_array.py
[0.989s] -- Up-to-date: /home/sunny/ros2_ws/install/yolov8_msgs/local/lib/python3.10/dist-packages/yolov8_msgs/msg/_key_point3_d.py
[0.989s] -- Up-to-date: /home/sunny/ros2_ws/install/yolov8_msgs/local/lib/python3.10/dist-packages/yolov8_msgs/msg/_detection_s.c
[0.989s] -- Up-to-date: /home/sunny/ros2_ws/install/yolov8_msgs/local/lib/python3.10/dist-packages/yolov8_msgs/msg/_key_point3_d_array.py
[0.989s] -- Up-to-date: /home/sunny/ros2_ws/install/yolov8_msgs/local/lib/python3.10/dist-packages/yolov8_msgs/msg/_key_point2_d_array_s.c
[0.989s] -- Up-to-date: /home/sunny/ros2_ws/install/yolov8_msgs/local/lib/python3.10/dist-packages/yolov8_msgs/msg/_bounding_box3_d.py
[0.989s] -- Up-to-date: /home/sunny/ros2_ws/install/yolov8_msgs/local/lib/python3.10/dist-packages/yolov8_msgs/msg/_pose2_d_s.c
[0.989s] -- Up-to-date: /home/sunny/ros2_ws/install/yolov8_msgs/local/lib/python3.10/dist-packages/yolov8_msgs/msg/_bounding_box3_d_s.c
[0.989s] -- Up-to-date: /home/sunny/ros2_ws/install/yolov8_msgs/local/lib/python3.10/dist-packages/yolov8_msgs/msg/_pose2_d.py
[0.989s] -- Up-to-date: /home/sunny/ros2_ws/install/yolov8_msgs/local/lib/python3.10/dist-packages/yolov8_msgs/_yolov8_msgs_s.ep.rosidl_typesupport_fastrtps_c.c
[0.990s] -- Up-to-date: /home/sunny/ros2_ws/install/yolov8_msgs/local/lib/python3.10/dist-packages/yolov8_msgs/__init__.py
[0.990s] -- Up-to-date: /home/sunny/ros2_ws/install/yolov8_msgs/local/lib/python3.10/dist-packages/yolov8_msgs/libyolov8_msgs__rosidl_generator_py.so
[0.990s] -- Up-to-date: /home/sunny/ros2_ws/install/yolov8_msgs/local/lib/python3.10/dist-packages/yolov8_msgs/yolov8_msgs_s__rosidl_typesupport_fastrtps_c.cpython-310-x86_64-linux-gnu.so
[0.990s] -- Up-to-date: /home/sunny/ros2_ws/install/yolov8_msgs/local/lib/python3.10/dist-packages/yolov8_msgs/_yolov8_msgs_s.ep.rosidl_typesupport_c.c
[0.990s] -- Up-to-date: /home/sunny/ros2_ws/install/yolov8_msgs/local/lib/python3.10/dist-packages/yolov8_msgs/_yolov8_msgs_s.ep.rosidl_typesupport_introspection_c.c
[1.014s] Listing '/home/sunny/ros2_ws/install/yolov8_msgs/local/lib/python3.10/dist-packages/yolov8_msgs'...
[1.014s] Listing '/home/sunny/ros2_ws/install/yolov8_msgs/local/lib/python3.10/dist-packages/yolov8_msgs/msg'...
[1.018s] -- Up-to-date: /home/sunny/ros2_ws/install/yolov8_msgs/local/lib/python3.10/dist-packages/yolov8_msgs/yolov8_msgs_s__rosidl_typesupport_fastrtps_c.cpython-310-x86_64-linux-gnu.so
[1.019s] -- Up-to-date: /home/sunny/ros2_ws/install/yolov8_msgs/local/lib/python3.10/dist-packages/yolov8_msgs/yolov8_msgs_s__rosidl_typesupport_introspection_c.cpython-310-x86_64-linux-gnu.so
[1.020s] -- Up-to-date: /home/sunny/ros2_ws/install/yolov8_msgs/local/lib/python3.10/dist-packages/yolov8_msgs/yolov8_msgs_s__rosidl_typesupport_c.cpython-310-x86_64-linux-gnu.so
[1.020s] -- Up-to-date: /home/sunny/ros2_ws/install/yolov8_msgs/lib/libyolov8_msgs__rosidl_generator_py.so
[1.021s] -- Up-to-date: /home/sunny/ros2_ws/install/yolov8_msgs/share/yolov8_msgs/msg/Point2D.idl
[1.021s] -- Up-to-date: /home/sunny/ros2_ws/install/yolov8_msgs/share/yolov8_msgs/msg/Vector2.idl
[1.021s] -- Up-to-date: /home/sunny/ros2_ws/install/yolov8_msgs/share/yolov8_msgs/msg/Pose2D.idl
[1.021s] -- Up-to-date: /home/sunny/ros2_ws/install/yolov8_msgs/share/yolov8_msgs/msg/BoundingBox2D.idl
[1.021s] -- Up-to-date: /home/sunny/ros2_ws/install/yolov8_msgs/share/yolov8_msgs/msg/BoundingBox3D.idl
[1.021s] -- Up-to-date: /home/sunny/ros2_ws/install/yolov8_msgs/share/yolov8_msgs/msg/Mask.idl
[1.021s] -- Up-to-date: /home/sunny/ros2_ws/install/yolov8_msgs/share/yolov8_msgs/msg/KeyPoint2D.idl
[1.021s] -- Up-to-date: /home/sunny/ros2_ws/install/yolov8_msgs/share/yolov8_msgs/msg/KeyPoint2DArray.idl
[1.022s] -- Up-to-date: /home/sunny/ros2_ws/install/yolov8_msgs/share/yolov8_msgs/msg/KeyPoint3D.idl
[1.022s] -- Up-to-date: /home/sunny/ros2_ws/install/yolov8_msgs/share/yolov8_msgs/msg/KeyPoint3DArray.idl
[1.022s] -- Up-to-date: /home/sunny/ros2_ws/install/yolov8_msgs/share/yolov8_msgs/msg/Detection.idl
[1.022s] -- Up-to-date: /home/sunny/ros2_ws/install/yolov8_msgs/share/yolov8_msgs/msg/DetectionArray.idl
[1.022s] -- Up-to-date: /home/sunny/ros2_ws/install/yolov8_msgs/share/yolov8_msgs/msg/Point2D.msg
[1.022s] -- Up-to-date: /home/sunny/ros2_ws/install/yolov8_msgs/share/yolov8_msgs/msg/Vector2.msg
[1.022s] -- Up-to-date: /home/sunny/ros2_ws/install/yolov8_msgs/share/yolov8_msgs/msg/Pose2D.msg
[1.022s] -- Up-to-date: /home/sunny/ros2_ws/install/yolov8_msgs/share/yolov8_msgs/msg/BoundingBox2D.msg
[1.022s] -- Up-to-date: /home/sunny/ros2_ws/install/yolov8_msgs/share/yolov8_msgs/msg/BoundingBox3D.msg
[1.022s] -- Up-to-date: /home/sunny/ros2_ws/install/yolov8_msgs/share/yolov8_msgs/msg/Mask.msg
[1.022s] -- Up-to-date: /home/sunny/ros2_ws/install/yolov8_msgs/share/yolov8_msgs/msg/KeyPoint2D.msg
[1.022s] -- Up-to-date: /home/sunny/ros2_ws/install/yolov8_msgs/share/yolov8_msgs/msg/KeyPoint2DArray.msg
[1.022s] -- Up-to-date: /home/sunny/ros2_ws/install/yolov8_msgs/share/yolov8_msgs/msg/KeyPoint3D.msg
[1.022s] -- Up-to-date: /home/sunny/ros2_ws/install/yolov8_msgs/share/yolov8_msgs/msg/KeyPoint3DArray.msg
[1.022s] -- Up-to-date: /home/sunny/ros2_ws/install/yolov8_msgs/share/yolov8_msgs/msg/Detection.msg
[1.022s] -- Up-to-date: /home/sunny/ros2_ws/install/yolov8_msgs/share/yolov8_msgs/msg/DetectionArray.msg
[1.022s] -- Up-to-date: /home/sunny/ros2_ws/install/yolov8_msgs/share/ament_index/resource_index/package_run_dependencies/yolov8_msgs
[1.022s] -- Up-to-date: /home/sunny/ros2_ws/install/yolov8_msgs/share/ament_index/resource_index/parent_prefix_path/yolov8_msgs
[1.022s] -- Up-to-date: /home/sunny/ros2_ws/install/yolov8_msgs/share/yolov8_msgs/environment/ament_prefix_path.sh
[1.022s] -- Up-to-date: /home/sunny/ros2_ws/install/yolov8_msgs/share/yolov8_msgs/environment/ament_prefix_path.dsv
[1.022s] -- Up-to-date: /home/sunny/ros2_ws/install/yolov8_msgs/share/yolov8_msgs/environment/path.sh
[1.022s] -- Up-to-date: /home/sunny/ros2_ws/install/yolov8_msgs/share/yolov8_msgs/environment/path.dsv
[1.022s] -- Up-to-date: /home/sunny/ros2_ws/install/yolov8_msgs/share/yolov8_msgs/local_setup.bash
[1.022s] -- Up-to-date: /home/sunny/ros2_ws/install/yolov8_msgs/share/yolov8_msgs/local_setup.sh
[1.023s] -- Up-to-date: /home/sunny/ros2_ws/install/yolov8_msgs/share/yolov8_msgs/local_setup.zsh
[1.023s] -- Up-to-date: /home/sunny/ros2_ws/install/yolov8_msgs/share/yolov8_msgs/local_setup.dsv
[1.023s] -- Installing: /home/sunny/ros2_ws/install/yolov8_msgs/share/yolov8_msgs/package.dsv
[1.023s] -- Up-to-date: /home/sunny/ros2_ws/install/yolov8_msgs/share/ament_index/resource_index/packages/yolov8_msgs
[1.023s] -- Up-to-date: /home/sunny/ros2_ws/install/yolov8_msgs/share/yolov8_msgs/cmake/export_yolov8_msgs__rosidl_generator_cExport.cmake
[1.023s] -- Up-to-date: /home/sunny/ros2_ws/install/yolov8_msgs/share/yolov8_msgs/cmake/export_yolov8_msgs__rosidl_generator_cExport-noconfig.cmake
[1.023s] -- Up-to-date: /home/sunny/ros2_ws/install/yolov8_msgs/share/yolov8_msgs/cmake/export_yolov8_msgs__rosidl_typesupport_fastrtps_cExport.cmake
[1.024s] -- Up-to-date: /home/sunny/ros2_ws/install/yolov8_msgs/share/yolov8_msgs/cmake/export_yolov8_msgs__rosidl_typesupport_fastrtps_cExport-noconfig.cmake
[1.024s] -- Up-to-date: /home/sunny/ros2_ws/install/yolov8_msgs/share/yolov8_msgs/cmake/yolov8_msgs__rosidl_typesupport_introspection_cExport.cmake
[1.024s] -- Up-to-date: /home/sunny/ros2_ws/install/yolov8_msgs/share/yolov8_msgs/cmake/yolov8_msgs__rosidl_typesupport_introspection_cExport-noconfig.cmake
[1.024s] -- Up-to-date: /home/sunny/ros2_ws/install/yolov8_msgs/share/yolov8_msgs/cmake/yolov8_msgs__rosidl_typesupport_cExport.cmake
[1.024s] -- Up-to-date: /home/sunny/ros2_ws/install/yolov8_msgs/share/yolov8_msgs/cmake/yolov8_msgs__rosidl_typesupport_cExport-noconfig.cmake
[1.024s] -- Up-to-date: /home/sunny/ros2_ws/install/yolov8_msgs/share/yolov8_msgs/cmake/export_yolov8_msgs__rosidl_generator_cppExport.cmake
[1.025s] -- Up-to-date: /home/sunny/ros2_ws/install/yolov8_msgs/share/yolov8_msgs/cmake/export_yolov8_msgs__rosidl_typesupport_fastrtps_cppExport.cmake
[1.025s] -- Up-to-date: /home/sunny/ros2_ws/install/yolov8_msgs/share/yolov8_msgs/cmake/export_yolov8_msgs__rosidl_typesupport_fastrtps_cppExport-noconfig.cmake
[1.025s] -- Up-to-date: /home/sunny/ros2_ws/install/yolov8_msgs/share/yolov8_msgs/cmake/yolov8_msgs__rosidl_typesupport_introspection_cppExport.cmake
[1.025s] -- Up-to-date: /home/sunny/ros2_ws/install/yolov8_msgs/share/yolov8_msgs/cmake/yolov8_msgs__rosidl_typesupport_introspection_cppExport-noconfig.cmake
[1.025s] -- Up-to-date: /home/sunny/ros2_ws/install/yolov8_msgs/share/yolov8_msgs/cmake/yolov8_msgs__rosidl_typesupport_cppExport.cmake
[1.025s] -- Up-to-date: /home/sunny/ros2_ws/install/yolov8_msgs/share/yolov8_msgs/cmake/yolov8_msgs__rosidl_typesupport_cppExport-noconfig.cmake
[1.025s] -- Up-to-date: /home/sunny/ros2_ws/install/yolov8_msgs/share/yolov8_msgs/cmake/export_yolov8_msgs__rosidl_generator_pyExport.cmake
[1.025s] -- Up-to-date: /home/sunny/ros2_ws/install/yolov8_msgs/share/yolov8_msgs/cmake/export_yolov8_msgs__rosidl_generator_pyExport-noconfig.cmake
[1.026s] -- Up-to-date: /home/sunny/ros2_ws/install/yolov8_msgs/share/yolov8_msgs/cmake/rosidl_cmake-extras.cmake
[1.026s] -- Up-to-date: /home/sunny/ros2_ws/install/yolov8_msgs/share/yolov8_msgs/cmake/ament_cmake_export_dependencies-extras.cmake
[1.026s] -- Up-to-date: /home/sunny/ros2_ws/install/yolov8_msgs/share/yolov8_msgs/cmake/ament_cmake_export_include_directories-extras.cmake
[1.026s] -- Up-to-date: /home/sunny/ros2_ws/install/yolov8_msgs/share/yolov8_msgs/cmake/ament_cmake_export_libraries-extras.cmake
[1.026s] -- Up-to-date: /home/sunny/ros2_ws/install/yolov8_msgs/share/yolov8_msgs/cmake/ament_cmake_export_targets-extras.cmake
[1.026s] -- Up-to-date: /home/sunny/ros2_ws/install/yolov8_msgs/share/yolov8_msgs/cmake/rosidl_cmake_export_typesupport_targets-extras.cmake
[1.026s] -- Up-to-date: /home/sunny/ros2_ws/install/yolov8_msgs/share/yolov8_msgs/cmake/rosidl_cmake_export_typesupport_libraries-extras.cmake
[1.026s] -- Up-to-date: /home/sunny/ros2_ws/install/yolov8_msgs/share/yolov8_msgs/cmake/yolov8_msgsConfig.cmake
[1.026s] -- Up-to-date: /home/sunny/ros2_ws/install/yolov8_msgs/share/yolov8_msgs/cmake/yolov8_msgsConfig-version.cmake
[1.026s] -- Up-to-date: /home/sunny/ros2_ws/install/yolov8_msgs/share/yolov8_msgs/package.xml
[1.028s] Invoked command in '/home/sunny/ros2_ws/build/yolov8_msgs' returned '0': CMAKE_PREFIX_PATH=${CMAKE_PREFIX_PATH}:/home/sunny/ros2_ws/install/yolov8_ros:/home/sunny/ros2_ws/install/gptapi:/opt/ros/humble /usr/bin/cmake --install /home/sunny/ros2_ws/build/yolov8_msgs
