[0.722s] Invoking command in '/home/sunny/ros2_ws/src/gptapi': PYTHONPATH=/home/sunny/ros2_ws/build/gptapi/prefix_override:/usr/lib/python3/dist-packages/colcon_core/task/python/colcon_distutils_commands:/home/sunny/ros2_ws/install/gptapi/lib/python3.10/site-packages:${PYTHONPATH} /usr/bin/python3 -W ignore:setup.py install is deprecated -W ignore:easy_install command is deprecated setup.py egg_info --egg-base ../../build/gptapi build --build-base /home/sunny/ros2_ws/build/gptapi/build install --record /home/sunny/ros2_ws/build/gptapi/install.log --single-version-externally-managed install_data
[0.891s] running egg_info
[0.891s] creating ../../build/gptapi/gptapi.egg-info
[0.891s] writing ../../build/gptapi/gptapi.egg-info/PKG-INFO
[0.892s] writing dependency_links to ../../build/gptapi/gptapi.egg-info/dependency_links.txt
[0.892s] writing entry points to ../../build/gptapi/gptapi.egg-info/entry_points.txt
[0.892s] writing requirements to ../../build/gptapi/gptapi.egg-info/requires.txt
[0.892s] writing top-level names to ../../build/gptapi/gptapi.egg-info/top_level.txt
[0.892s] writing manifest file '../../build/gptapi/gptapi.egg-info/SOURCES.txt'
[0.893s] reading manifest file '../../build/gptapi/gptapi.egg-info/SOURCES.txt'
[0.893s] writing manifest file '../../build/gptapi/gptapi.egg-info/SOURCES.txt'
[0.893s] running build
[0.893s] running build_py
[0.893s] creating /home/sunny/ros2_ws/build/gptapi/build
[0.893s] creating /home/sunny/ros2_ws/build/gptapi/build/lib
[0.893s] creating /home/sunny/ros2_ws/build/gptapi/build/lib/gptapi
[0.893s] copying gptapi/__init__.py -> /home/sunny/ros2_ws/build/gptapi/build/lib/gptapi
[0.893s] copying gptapi/action_generator.py -> /home/sunny/ros2_ws/build/gptapi/build/lib/gptapi
[0.893s] copying gptapi/action_interpreter.py -> /home/sunny/ros2_ws/build/gptapi/build/lib/gptapi
[0.894s] running install
[0.894s] running install_lib
[0.894s] creating /home/sunny/ros2_ws/install/gptapi/lib/python3.10/site-packages/gptapi
[0.894s] copying /home/sunny/ros2_ws/build/gptapi/build/lib/gptapi/__init__.py -> /home/sunny/ros2_ws/install/gptapi/lib/python3.10/site-packages/gptapi
[0.894s] copying /home/sunny/ros2_ws/build/gptapi/build/lib/gptapi/action_generator.py -> /home/sunny/ros2_ws/install/gptapi/lib/python3.10/site-packages/gptapi
[0.894s] copying /home/sunny/ros2_ws/build/gptapi/build/lib/gptapi/action_interpreter.py -> /home/sunny/ros2_ws/install/gptapi/lib/python3.10/site-packages/gptapi
[0.895s] byte-compiling /home/sunny/ros2_ws/install/gptapi/lib/python3.10/site-packages/gptapi/__init__.py to __init__.cpython-310.pyc
[0.895s] byte-compiling /home/sunny/ros2_ws/install/gptapi/lib/python3.10/site-packages/gptapi/action_generator.py to action_generator.cpython-310.pyc
[0.895s] byte-compiling /home/sunny/ros2_ws/install/gptapi/lib/python3.10/site-packages/gptapi/action_interpreter.py to action_interpreter.cpython-310.pyc
[0.896s] running install_data
[0.896s] creating /home/sunny/ros2_ws/install/gptapi/share/ament_index
[0.896s] creating /home/sunny/ros2_ws/install/gptapi/share/ament_index/resource_index
[0.896s] creating /home/sunny/ros2_ws/install/gptapi/share/ament_index/resource_index/packages
[0.896s] copying resource/gptapi -> /home/sunny/ros2_ws/install/gptapi/share/ament_index/resource_index/packages
[0.896s] copying package.xml -> /home/sunny/ros2_ws/install/gptapi/share/gptapi
[0.896s] running install_egg_info
[0.897s] Copying ../../build/gptapi/gptapi.egg-info to /home/sunny/ros2_ws/install/gptapi/lib/python3.10/site-packages/gptapi-0.0.0-py3.10.egg-info
[0.898s] running install_scripts
[0.911s] Installing action_generator script to /home/sunny/ros2_ws/install/gptapi/lib/gptapi
[0.911s] Installing action_interpreter script to /home/sunny/ros2_ws/install/gptapi/lib/gptapi
[0.911s] writing list of installed files to '/home/sunny/ros2_ws/build/gptapi/install.log'
[0.933s] Invoked command in '/home/sunny/ros2_ws/src/gptapi' returned '0': PYTHONPATH=/home/sunny/ros2_ws/build/gptapi/prefix_override:/usr/lib/python3/dist-packages/colcon_core/task/python/colcon_distutils_commands:/home/sunny/ros2_ws/install/gptapi/lib/python3.10/site-packages:${PYTHONPATH} /usr/bin/python3 -W ignore:setup.py install is deprecated -W ignore:easy_install command is deprecated setup.py egg_info --egg-base ../../build/gptapi build --build-base /home/sunny/ros2_ws/build/gptapi/build install --record /home/sunny/ros2_ws/build/gptapi/install.log --single-version-externally-managed install_data
