[0.903s] Invoking command in '/home/sunny/cleaner_ws/phyAI_ws/src/cleaner_system1': AMENT_PREFIX_PATH=/home/sunny/cleaner_ws/phyAI_ws/install/cleaner_msgs:${AMENT_PREFIX_PATH} CMAKE_PREFIX_PATH=/home/sunny/cleaner_ws/phyAI_ws/install/cleaner_msgs LD_LIBRARY_PATH=/home/sunny/cleaner_ws/phyAI_ws/install/cleaner_msgs/lib:${LD_LIBRARY_PATH} PYTHONPATH=/home/sunny/cleaner_ws/phyAI_ws/build/cleaner_system1/prefix_override:/usr/lib/python3/dist-packages/colcon_core/task/python/colcon_distutils_commands:/home/sunny/cleaner_ws/phyAI_ws/install/cleaner_system1/lib/python3.10/site-packages:/home/sunny/cleaner_ws/phyAI_ws/install/cleaner_msgs/local/lib/python3.10/dist-packages:${PYTHONPATH} /usr/bin/python3 -W ignore:setup.py install is deprecated -W ignore:easy_install command is deprecated setup.py egg_info --egg-base ../../build/cleaner_system1 build --build-base /home/sunny/cleaner_ws/phyAI_ws/build/cleaner_system1/build install --record /home/sunny/cleaner_ws/phyAI_ws/build/cleaner_system1/install.log --single-version-externally-managed install_data
[1.140s] running egg_info
[1.140s] writing ../../build/cleaner_system1/cleaner_system1.egg-info/PKG-INFO
[1.140s] writing dependency_links to ../../build/cleaner_system1/cleaner_system1.egg-info/dependency_links.txt
[1.140s] writing entry points to ../../build/cleaner_system1/cleaner_system1.egg-info/entry_points.txt
[1.141s] writing requirements to ../../build/cleaner_system1/cleaner_system1.egg-info/requires.txt
[1.141s] writing top-level names to ../../build/cleaner_system1/cleaner_system1.egg-info/top_level.txt
[1.146s] reading manifest file '../../build/cleaner_system1/cleaner_system1.egg-info/SOURCES.txt'
[1.146s] adding license file 'LICENSE'
[1.146s] writing manifest file '../../build/cleaner_system1/cleaner_system1.egg-info/SOURCES.txt'
[1.147s] running build
[1.147s] running build_py
[1.147s] copying cleaner_system1/nodes/ExecutorNode.py -> /home/sunny/cleaner_ws/phyAI_ws/build/cleaner_system1/build/lib/cleaner_system1/nodes
[1.148s] running install
[1.148s] running install_lib
[1.151s] copying /home/sunny/cleaner_ws/phyAI_ws/build/cleaner_system1/build/lib/cleaner_system1/nodes/ExecutorNode.py -> /home/sunny/cleaner_ws/phyAI_ws/install/cleaner_system1/lib/python3.10/site-packages/cleaner_system1/nodes
[1.154s] byte-compiling /home/sunny/cleaner_ws/phyAI_ws/install/cleaner_system1/lib/python3.10/site-packages/cleaner_system1/nodes/ExecutorNode.py to ExecutorNode.cpython-310.pyc
[1.157s] running install_data
[1.157s] running install_egg_info
[1.159s] removing '/home/sunny/cleaner_ws/phyAI_ws/install/cleaner_system1/lib/python3.10/site-packages/cleaner_system1-0.0.0-py3.10.egg-info' (and everything under it)
[1.159s] Copying ../../build/cleaner_system1/cleaner_system1.egg-info to /home/sunny/cleaner_ws/phyAI_ws/install/cleaner_system1/lib/python3.10/site-packages/cleaner_system1-0.0.0-py3.10.egg-info
[1.160s] running install_scripts
[1.179s] Installing system1_executor script to /home/sunny/cleaner_ws/phyAI_ws/install/cleaner_system1/lib/cleaner_system1
[1.179s] writing list of installed files to '/home/sunny/cleaner_ws/phyAI_ws/build/cleaner_system1/install.log'
[1.212s] Invoked command in '/home/sunny/cleaner_ws/phyAI_ws/src/cleaner_system1' returned '0': AMENT_PREFIX_PATH=/home/sunny/cleaner_ws/phyAI_ws/install/cleaner_msgs:${AMENT_PREFIX_PATH} CMAKE_PREFIX_PATH=/home/sunny/cleaner_ws/phyAI_ws/install/cleaner_msgs LD_LIBRARY_PATH=/home/sunny/cleaner_ws/phyAI_ws/install/cleaner_msgs/lib:${LD_LIBRARY_PATH} PYTHONPATH=/home/sunny/cleaner_ws/phyAI_ws/build/cleaner_system1/prefix_override:/usr/lib/python3/dist-packages/colcon_core/task/python/colcon_distutils_commands:/home/sunny/cleaner_ws/phyAI_ws/install/cleaner_system1/lib/python3.10/site-packages:/home/sunny/cleaner_ws/phyAI_ws/install/cleaner_msgs/local/lib/python3.10/dist-packages:${PYTHONPATH} /usr/bin/python3 -W ignore:setup.py install is deprecated -W ignore:easy_install command is deprecated setup.py egg_info --egg-base ../../build/cleaner_system1 build --build-base /home/sunny/cleaner_ws/phyAI_ws/build/cleaner_system1/build install --record /home/sunny/cleaner_ws/phyAI_ws/build/cleaner_system1/install.log --single-version-externally-managed install_data
