[  1%] Built target turtlesim__cpp
[  1%] Built target ament_cmake_python_copy_turtlesim
[ 11%] Built target turtlesim__rosidl_typesupport_introspection_cpp
running egg_info
writing turtlesim.egg-info/PKG-INFO
writing dependency_links to turtlesim.egg-info/dependency_links.txt
writing top-level names to turtlesim.egg-info/top_level.txt
reading manifest file 'turtlesim.egg-info/SOURCES.txt'
writing manifest file 'turtlesim.egg-info/SOURCES.txt'
[ 11%] Built target ament_cmake_python_build_turtlesim_egg
[ 21%] Built target turtlesim__rosidl_typesupport_fastrtps_cpp
[ 31%] Built target turtlesim__rosidl_typesupport_cpp
[ 41%] Built target turtlesim__rosidl_generator_c
[ 43%] Built target mimic
[ 53%] Built target turtlesim__rosidl_typesupport_c
[ 63%] Built target turtlesim__rosidl_typesupport_introspection_c
[ 73%] Built target turtlesim__rosidl_typesupport_fastrtps_c
[ 75%] Built target draw_square
[ 75%] Built target turtlesim
[ 77%] Built target turtle_teleop_key
[ 78%] Built target turtlesim__py
[ 84%] Built target turtlesim_node
[ 93%] Built target turtlesim__rosidl_generator_py
[ 95%] Built target turtlesim__rosidl_typesupport_fastrtps_c__pyext
[ 97%] Built target turtlesim__rosidl_typesupport_c__pyext
[100%] Built target turtlesim__rosidl_typesupport_introspection_c__pyext
