[ 10%] Built target cleaner_msgs__cpp
[ 12%] Built target cleaner_msgs__rs
[ 14%] Built target cleaner_msgs__rosidl_generator_c
[ 14%] Built target ament_cmake_python_copy_cleaner_msgs
[ 25%] Built target cleaner_msgs__rosidl_typesupport_c
[ 56%] Built target cleaner_msgs__rosidl_typesupport_fastrtps_cpp
[ 56%] Built target cleaner_msgs__rosidl_typesupport_fastrtps_c
[ 56%] Built target cleaner_msgs__rosidl_typesupport_introspection_cpp
[ 72%] Built target cleaner_msgs__rosidl_typesupport_introspection_c
[ 77%] Built target cleaner_msgs__rosidl_typesupport_cpp
[ 77%] Built target cleaner_msgs
[ 79%] Built target cleaner_msgs__py
[ 87%] Built target cleaner_msgs__rosidl_generator_py
[ 95%] Built target cleaner_msgs__rosidl_typesupport_c__pyext
[ 95%] Built target cleaner_msgs__rosidl_typesupport_introspection_c__pyext
[100%] Built target cleaner_msgs__rosidl_typesupport_fastrtps_c__pyext
running egg_info
writing cleaner_msgs.egg-info/PKG-INFO
writing dependency_links to cleaner_msgs.egg-info/dependency_links.txt
writing top-level names to cleaner_msgs.egg-info/top_level.txt
reading manifest file 'cleaner_msgs.egg-info/SOURCES.txt'
writing manifest file 'cleaner_msgs.egg-info/SOURCES.txt'
[100%] Built target ament_cmake_python_build_cleaner_msgs_egg
-- Install configuration: ""
-- Up-to-date: /home/sunny/cleaner_ws/phyAI_ws/install/cleaner_msgs/share/ament_index/resource_index/rosidl_interfaces/cleaner_msgs
-- Up-to-date: /home/sunny/cleaner_ws/phyAI_ws/install/cleaner_msgs/include/cleaner_msgs/cleaner_msgs
-- Up-to-date: /home/sunny/cleaner_ws/phyAI_ws/install/cleaner_msgs/include/cleaner_msgs/cleaner_msgs/msg
-- Up-to-date: /home/sunny/cleaner_ws/phyAI_ws/install/cleaner_msgs/include/cleaner_msgs/cleaner_msgs/msg/replan_request.h
-- Up-to-date: /home/sunny/cleaner_ws/phyAI_ws/install/cleaner_msgs/include/cleaner_msgs/cleaner_msgs/msg/cleaner_state.h
-- Up-to-date: /home/sunny/cleaner_ws/phyAI_ws/install/cleaner_msgs/include/cleaner_msgs/cleaner_msgs/msg/plan_command.h
-- Up-to-date: /home/sunny/cleaner_ws/phyAI_ws/install/cleaner_msgs/include/cleaner_msgs/cleaner_msgs/msg/detail
-- Up-to-date: /home/sunny/cleaner_ws/phyAI_ws/install/cleaner_msgs/include/cleaner_msgs/cleaner_msgs/msg/detail/cleaner_state__struct.h
-- Up-to-date: /home/sunny/cleaner_ws/phyAI_ws/install/cleaner_msgs/include/cleaner_msgs/cleaner_msgs/msg/detail/plan_command__struct.h
-- Up-to-date: /home/sunny/cleaner_ws/phyAI_ws/install/cleaner_msgs/include/cleaner_msgs/cleaner_msgs/msg/detail/plan_command__functions.c
-- Up-to-date: /home/sunny/cleaner_ws/phyAI_ws/install/cleaner_msgs/include/cleaner_msgs/cleaner_msgs/msg/detail/cleaner_state__functions.h
-- Up-to-date: /home/sunny/cleaner_ws/phyAI_ws/install/cleaner_msgs/include/cleaner_msgs/cleaner_msgs/msg/detail/replan_request__functions.h
-- Up-to-date: /home/sunny/cleaner_ws/phyAI_ws/install/cleaner_msgs/include/cleaner_msgs/cleaner_msgs/msg/detail/cleaner_state__functions.c
-- Up-to-date: /home/sunny/cleaner_ws/phyAI_ws/install/cleaner_msgs/include/cleaner_msgs/cleaner_msgs/msg/detail/replan_request__functions.c
-- Up-to-date: /home/sunny/cleaner_ws/phyAI_ws/install/cleaner_msgs/include/cleaner_msgs/cleaner_msgs/msg/detail/replan_request__struct.h
-- Up-to-date: /home/sunny/cleaner_ws/phyAI_ws/install/cleaner_msgs/include/cleaner_msgs/cleaner_msgs/msg/detail/plan_command__functions.h
-- Up-to-date: /home/sunny/cleaner_ws/phyAI_ws/install/cleaner_msgs/include/cleaner_msgs/cleaner_msgs/msg/detail/replan_request__type_support.h
-- Up-to-date: /home/sunny/cleaner_ws/phyAI_ws/install/cleaner_msgs/include/cleaner_msgs/cleaner_msgs/msg/detail/plan_command__type_support.h
-- Up-to-date: /home/sunny/cleaner_ws/phyAI_ws/install/cleaner_msgs/include/cleaner_msgs/cleaner_msgs/msg/detail/cleaner_state__type_support.h
-- Up-to-date: /home/sunny/cleaner_ws/phyAI_ws/install/cleaner_msgs/include/cleaner_msgs/cleaner_msgs/msg/rosidl_generator_c__visibility_control.h
-- Up-to-date: /home/sunny/cleaner_ws/phyAI_ws/install/cleaner_msgs/share/cleaner_msgs/environment/library_path.sh
-- Up-to-date: /home/sunny/cleaner_ws/phyAI_ws/install/cleaner_msgs/share/cleaner_msgs/environment/library_path.dsv
-- Up-to-date: /home/sunny/cleaner_ws/phyAI_ws/install/cleaner_msgs/lib/libcleaner_msgs__rosidl_generator_c.so
-- Up-to-date: /home/sunny/cleaner_ws/phyAI_ws/install/cleaner_msgs/include/cleaner_msgs/cleaner_msgs
-- Up-to-date: /home/sunny/cleaner_ws/phyAI_ws/install/cleaner_msgs/include/cleaner_msgs/cleaner_msgs/msg
-- Up-to-date: /home/sunny/cleaner_ws/phyAI_ws/install/cleaner_msgs/include/cleaner_msgs/cleaner_msgs/msg/detail
-- Up-to-date: /home/sunny/cleaner_ws/phyAI_ws/install/cleaner_msgs/include/cleaner_msgs/cleaner_msgs/msg/detail/cleaner_state__rosidl_typesupport_fastrtps_c.h
-- Up-to-date: /home/sunny/cleaner_ws/phyAI_ws/install/cleaner_msgs/include/cleaner_msgs/cleaner_msgs/msg/detail/plan_command__rosidl_typesupport_fastrtps_c.h
-- Up-to-date: /home/sunny/cleaner_ws/phyAI_ws/install/cleaner_msgs/include/cleaner_msgs/cleaner_msgs/msg/detail/replan_request__rosidl_typesupport_fastrtps_c.h
-- Up-to-date: /home/sunny/cleaner_ws/phyAI_ws/install/cleaner_msgs/include/cleaner_msgs/cleaner_msgs/msg/rosidl_typesupport_fastrtps_c__visibility_control.h
-- Up-to-date: /home/sunny/cleaner_ws/phyAI_ws/install/cleaner_msgs/lib/libcleaner_msgs__rosidl_typesupport_fastrtps_c.so
-- Up-to-date: /home/sunny/cleaner_ws/phyAI_ws/install/cleaner_msgs/include/cleaner_msgs/cleaner_msgs
-- Up-to-date: /home/sunny/cleaner_ws/phyAI_ws/install/cleaner_msgs/include/cleaner_msgs/cleaner_msgs/msg
-- Up-to-date: /home/sunny/cleaner_ws/phyAI_ws/install/cleaner_msgs/include/cleaner_msgs/cleaner_msgs/msg/detail
-- Up-to-date: /home/sunny/cleaner_ws/phyAI_ws/install/cleaner_msgs/include/cleaner_msgs/cleaner_msgs/msg/detail/replan_request__rosidl_typesupport_introspection_c.h
-- Up-to-date: /home/sunny/cleaner_ws/phyAI_ws/install/cleaner_msgs/include/cleaner_msgs/cleaner_msgs/msg/detail/cleaner_state__type_support.c
-- Up-to-date: /home/sunny/cleaner_ws/phyAI_ws/install/cleaner_msgs/include/cleaner_msgs/cleaner_msgs/msg/detail/cleaner_state__rosidl_typesupport_introspection_c.h
-- Up-to-date: /home/sunny/cleaner_ws/phyAI_ws/install/cleaner_msgs/include/cleaner_msgs/cleaner_msgs/msg/detail/plan_command__type_support.c
-- Up-to-date: /home/sunny/cleaner_ws/phyAI_ws/install/cleaner_msgs/include/cleaner_msgs/cleaner_msgs/msg/detail/plan_command__rosidl_typesupport_introspection_c.h
-- Up-to-date: /home/sunny/cleaner_ws/phyAI_ws/install/cleaner_msgs/include/cleaner_msgs/cleaner_msgs/msg/detail/replan_request__type_support.c
-- Up-to-date: /home/sunny/cleaner_ws/phyAI_ws/install/cleaner_msgs/include/cleaner_msgs/cleaner_msgs/msg/rosidl_typesupport_introspection_c__visibility_control.h
-- Up-to-date: /home/sunny/cleaner_ws/phyAI_ws/install/cleaner_msgs/lib/libcleaner_msgs__rosidl_typesupport_introspection_c.so
-- Up-to-date: /home/sunny/cleaner_ws/phyAI_ws/install/cleaner_msgs/lib/libcleaner_msgs__rosidl_typesupport_c.so
-- Up-to-date: /home/sunny/cleaner_ws/phyAI_ws/install/cleaner_msgs/include/cleaner_msgs/cleaner_msgs
-- Up-to-date: /home/sunny/cleaner_ws/phyAI_ws/install/cleaner_msgs/include/cleaner_msgs/cleaner_msgs/msg
-- Up-to-date: /home/sunny/cleaner_ws/phyAI_ws/install/cleaner_msgs/include/cleaner_msgs/cleaner_msgs/msg/plan_command.hpp
-- Up-to-date: /home/sunny/cleaner_ws/phyAI_ws/install/cleaner_msgs/include/cleaner_msgs/cleaner_msgs/msg/rosidl_generator_cpp__visibility_control.hpp
-- Up-to-date: /home/sunny/cleaner_ws/phyAI_ws/install/cleaner_msgs/include/cleaner_msgs/cleaner_msgs/msg/cleaner_state.hpp
-- Up-to-date: /home/sunny/cleaner_ws/phyAI_ws/install/cleaner_msgs/include/cleaner_msgs/cleaner_msgs/msg/replan_request.hpp
-- Up-to-date: /home/sunny/cleaner_ws/phyAI_ws/install/cleaner_msgs/include/cleaner_msgs/cleaner_msgs/msg/detail
-- Up-to-date: /home/sunny/cleaner_ws/phyAI_ws/install/cleaner_msgs/include/cleaner_msgs/cleaner_msgs/msg/detail/replan_request__traits.hpp
-- Up-to-date: /home/sunny/cleaner_ws/phyAI_ws/install/cleaner_msgs/include/cleaner_msgs/cleaner_msgs/msg/detail/replan_request__struct.hpp
-- Up-to-date: /home/sunny/cleaner_ws/phyAI_ws/install/cleaner_msgs/include/cleaner_msgs/cleaner_msgs/msg/detail/plan_command__struct.hpp
-- Up-to-date: /home/sunny/cleaner_ws/phyAI_ws/install/cleaner_msgs/include/cleaner_msgs/cleaner_msgs/msg/detail/plan_command__type_support.hpp
-- Up-to-date: /home/sunny/cleaner_ws/phyAI_ws/install/cleaner_msgs/include/cleaner_msgs/cleaner_msgs/msg/detail/cleaner_state__type_support.hpp
-- Up-to-date: /home/sunny/cleaner_ws/phyAI_ws/install/cleaner_msgs/include/cleaner_msgs/cleaner_msgs/msg/detail/cleaner_state__traits.hpp
-- Up-to-date: /home/sunny/cleaner_ws/phyAI_ws/install/cleaner_msgs/include/cleaner_msgs/cleaner_msgs/msg/detail/cleaner_state__builder.hpp
-- Up-to-date: /home/sunny/cleaner_ws/phyAI_ws/install/cleaner_msgs/include/cleaner_msgs/cleaner_msgs/msg/detail/replan_request__builder.hpp
-- Up-to-date: /home/sunny/cleaner_ws/phyAI_ws/install/cleaner_msgs/include/cleaner_msgs/cleaner_msgs/msg/detail/plan_command__traits.hpp
-- Up-to-date: /home/sunny/cleaner_ws/phyAI_ws/install/cleaner_msgs/include/cleaner_msgs/cleaner_msgs/msg/detail/plan_command__builder.hpp
-- Up-to-date: /home/sunny/cleaner_ws/phyAI_ws/install/cleaner_msgs/include/cleaner_msgs/cleaner_msgs/msg/detail/replan_request__type_support.hpp
-- Up-to-date: /home/sunny/cleaner_ws/phyAI_ws/install/cleaner_msgs/include/cleaner_msgs/cleaner_msgs/msg/detail/cleaner_state__struct.hpp
-- Up-to-date: /home/sunny/cleaner_ws/phyAI_ws/install/cleaner_msgs/include/cleaner_msgs/cleaner_msgs
-- Up-to-date: /home/sunny/cleaner_ws/phyAI_ws/install/cleaner_msgs/include/cleaner_msgs/cleaner_msgs/msg
-- Up-to-date: /home/sunny/cleaner_ws/phyAI_ws/install/cleaner_msgs/include/cleaner_msgs/cleaner_msgs/msg/detail
-- Up-to-date: /home/sunny/cleaner_ws/phyAI_ws/install/cleaner_msgs/include/cleaner_msgs/cleaner_msgs/msg/detail/cleaner_state__rosidl_typesupport_fastrtps_cpp.hpp
-- Up-to-date: /home/sunny/cleaner_ws/phyAI_ws/install/cleaner_msgs/include/cleaner_msgs/cleaner_msgs/msg/detail/replan_request__rosidl_typesupport_fastrtps_cpp.hpp
-- Up-to-date: /home/sunny/cleaner_ws/phyAI_ws/install/cleaner_msgs/include/cleaner_msgs/cleaner_msgs/msg/detail/plan_command__rosidl_typesupport_fastrtps_cpp.hpp
-- Up-to-date: /home/sunny/cleaner_ws/phyAI_ws/install/cleaner_msgs/include/cleaner_msgs/cleaner_msgs/msg/detail/dds_fastrtps
-- Up-to-date: /home/sunny/cleaner_ws/phyAI_ws/install/cleaner_msgs/include/cleaner_msgs/cleaner_msgs/msg/rosidl_typesupport_fastrtps_cpp__visibility_control.h
-- Up-to-date: /home/sunny/cleaner_ws/phyAI_ws/install/cleaner_msgs/lib/libcleaner_msgs__rosidl_typesupport_fastrtps_cpp.so
-- Up-to-date: /home/sunny/cleaner_ws/phyAI_ws/install/cleaner_msgs/include/cleaner_msgs/cleaner_msgs
-- Up-to-date: /home/sunny/cleaner_ws/phyAI_ws/install/cleaner_msgs/include/cleaner_msgs/cleaner_msgs/msg
-- Up-to-date: /home/sunny/cleaner_ws/phyAI_ws/install/cleaner_msgs/include/cleaner_msgs/cleaner_msgs/msg/detail
-- Up-to-date: /home/sunny/cleaner_ws/phyAI_ws/install/cleaner_msgs/include/cleaner_msgs/cleaner_msgs/msg/detail/replan_request__type_support.cpp
-- Up-to-date: /home/sunny/cleaner_ws/phyAI_ws/install/cleaner_msgs/include/cleaner_msgs/cleaner_msgs/msg/detail/plan_command__type_support.cpp
-- Up-to-date: /home/sunny/cleaner_ws/phyAI_ws/install/cleaner_msgs/include/cleaner_msgs/cleaner_msgs/msg/detail/replan_request__rosidl_typesupport_introspection_cpp.hpp
-- Up-to-date: /home/sunny/cleaner_ws/phyAI_ws/install/cleaner_msgs/include/cleaner_msgs/cleaner_msgs/msg/detail/plan_command__rosidl_typesupport_introspection_cpp.hpp
-- Up-to-date: /home/sunny/cleaner_ws/phyAI_ws/install/cleaner_msgs/include/cleaner_msgs/cleaner_msgs/msg/detail/cleaner_state__rosidl_typesupport_introspection_cpp.hpp
-- Up-to-date: /home/sunny/cleaner_ws/phyAI_ws/install/cleaner_msgs/include/cleaner_msgs/cleaner_msgs/msg/detail/cleaner_state__type_support.cpp
-- Up-to-date: /home/sunny/cleaner_ws/phyAI_ws/install/cleaner_msgs/lib/libcleaner_msgs__rosidl_typesupport_introspection_cpp.so
-- Up-to-date: /home/sunny/cleaner_ws/phyAI_ws/install/cleaner_msgs/lib/libcleaner_msgs__rosidl_typesupport_cpp.so
-- Up-to-date: /home/sunny/cleaner_ws/phyAI_ws/install/cleaner_msgs/share/cleaner_msgs/environment/pythonpath.sh
-- Up-to-date: /home/sunny/cleaner_ws/phyAI_ws/install/cleaner_msgs/share/cleaner_msgs/environment/pythonpath.dsv
-- Up-to-date: /home/sunny/cleaner_ws/phyAI_ws/install/cleaner_msgs/local/lib/python3.10/dist-packages/cleaner_msgs-0.0.1-py3.10.egg-info
-- Installing: /home/sunny/cleaner_ws/phyAI_ws/install/cleaner_msgs/local/lib/python3.10/dist-packages/cleaner_msgs-0.0.1-py3.10.egg-info/top_level.txt
-- Installing: /home/sunny/cleaner_ws/phyAI_ws/install/cleaner_msgs/local/lib/python3.10/dist-packages/cleaner_msgs-0.0.1-py3.10.egg-info/PKG-INFO
-- Installing: /home/sunny/cleaner_ws/phyAI_ws/install/cleaner_msgs/local/lib/python3.10/dist-packages/cleaner_msgs-0.0.1-py3.10.egg-info/SOURCES.txt
-- Installing: /home/sunny/cleaner_ws/phyAI_ws/install/cleaner_msgs/local/lib/python3.10/dist-packages/cleaner_msgs-0.0.1-py3.10.egg-info/dependency_links.txt
-- Up-to-date: /home/sunny/cleaner_ws/phyAI_ws/install/cleaner_msgs/local/lib/python3.10/dist-packages/cleaner_msgs
-- Up-to-date: /home/sunny/cleaner_ws/phyAI_ws/install/cleaner_msgs/local/lib/python3.10/dist-packages/cleaner_msgs/_cleaner_msgs_s.ep.rosidl_typesupport_fastrtps_c.c
-- Up-to-date: /home/sunny/cleaner_ws/phyAI_ws/install/cleaner_msgs/local/lib/python3.10/dist-packages/cleaner_msgs/cleaner_msgs_s__rosidl_typesupport_c.cpython-310-x86_64-linux-gnu.so
-- Up-to-date: /home/sunny/cleaner_ws/phyAI_ws/install/cleaner_msgs/local/lib/python3.10/dist-packages/cleaner_msgs/msg
-- Up-to-date: /home/sunny/cleaner_ws/phyAI_ws/install/cleaner_msgs/local/lib/python3.10/dist-packages/cleaner_msgs/msg/_replan_request.py
-- Up-to-date: /home/sunny/cleaner_ws/phyAI_ws/install/cleaner_msgs/local/lib/python3.10/dist-packages/cleaner_msgs/msg/_cleaner_state.py
-- Up-to-date: /home/sunny/cleaner_ws/phyAI_ws/install/cleaner_msgs/local/lib/python3.10/dist-packages/cleaner_msgs/msg/__init__.py
-- Up-to-date: /home/sunny/cleaner_ws/phyAI_ws/install/cleaner_msgs/local/lib/python3.10/dist-packages/cleaner_msgs/msg/_plan_command_s.c
-- Up-to-date: /home/sunny/cleaner_ws/phyAI_ws/install/cleaner_msgs/local/lib/python3.10/dist-packages/cleaner_msgs/msg/_plan_command.py
-- Up-to-date: /home/sunny/cleaner_ws/phyAI_ws/install/cleaner_msgs/local/lib/python3.10/dist-packages/cleaner_msgs/msg/_cleaner_state_s.c
-- Up-to-date: /home/sunny/cleaner_ws/phyAI_ws/install/cleaner_msgs/local/lib/python3.10/dist-packages/cleaner_msgs/msg/_replan_request_s.c
-- Up-to-date: /home/sunny/cleaner_ws/phyAI_ws/install/cleaner_msgs/local/lib/python3.10/dist-packages/cleaner_msgs/_cleaner_msgs_s.ep.rosidl_typesupport_c.c
-- Up-to-date: /home/sunny/cleaner_ws/phyAI_ws/install/cleaner_msgs/local/lib/python3.10/dist-packages/cleaner_msgs/cleaner_msgs_s__rosidl_typesupport_fastrtps_c.cpython-310-x86_64-linux-gnu.so
-- Up-to-date: /home/sunny/cleaner_ws/phyAI_ws/install/cleaner_msgs/local/lib/python3.10/dist-packages/cleaner_msgs/__init__.py
-- Up-to-date: /home/sunny/cleaner_ws/phyAI_ws/install/cleaner_msgs/local/lib/python3.10/dist-packages/cleaner_msgs/libcleaner_msgs__rosidl_generator_py.so
-- Up-to-date: /home/sunny/cleaner_ws/phyAI_ws/install/cleaner_msgs/local/lib/python3.10/dist-packages/cleaner_msgs/cleaner_msgs_s__rosidl_typesupport_introspection_c.cpython-310-x86_64-linux-gnu.so
-- Up-to-date: /home/sunny/cleaner_ws/phyAI_ws/install/cleaner_msgs/local/lib/python3.10/dist-packages/cleaner_msgs/_cleaner_msgs_s.ep.rosidl_typesupport_introspection_c.c
Listing '/home/sunny/cleaner_ws/phyAI_ws/install/cleaner_msgs/local/lib/python3.10/dist-packages/cleaner_msgs'...
Listing '/home/sunny/cleaner_ws/phyAI_ws/install/cleaner_msgs/local/lib/python3.10/dist-packages/cleaner_msgs/msg'...
-- Up-to-date: /home/sunny/cleaner_ws/phyAI_ws/install/cleaner_msgs/local/lib/python3.10/dist-packages/cleaner_msgs/cleaner_msgs_s__rosidl_typesupport_fastrtps_c.cpython-310-x86_64-linux-gnu.so
-- Up-to-date: /home/sunny/cleaner_ws/phyAI_ws/install/cleaner_msgs/local/lib/python3.10/dist-packages/cleaner_msgs/cleaner_msgs_s__rosidl_typesupport_introspection_c.cpython-310-x86_64-linux-gnu.so
-- Up-to-date: /home/sunny/cleaner_ws/phyAI_ws/install/cleaner_msgs/local/lib/python3.10/dist-packages/cleaner_msgs/cleaner_msgs_s__rosidl_typesupport_c.cpython-310-x86_64-linux-gnu.so
-- Up-to-date: /home/sunny/cleaner_ws/phyAI_ws/install/cleaner_msgs/lib/libcleaner_msgs__rosidl_generator_py.so
-- Up-to-date: /home/sunny/cleaner_ws/phyAI_ws/install/cleaner_msgs/share/ament_index/resource_index/rust_packages/cleaner_msgs
-- Up-to-date: /home/sunny/cleaner_ws/phyAI_ws/install/cleaner_msgs/share/cleaner_msgs/rust
-- Up-to-date: /home/sunny/cleaner_ws/phyAI_ws/install/cleaner_msgs/share/cleaner_msgs/rust/build.rs
-- Up-to-date: /home/sunny/cleaner_ws/phyAI_ws/install/cleaner_msgs/share/cleaner_msgs/rust/Cargo.toml
-- Up-to-date: /home/sunny/cleaner_ws/phyAI_ws/install/cleaner_msgs/share/cleaner_msgs/rust/src
-- Up-to-date: /home/sunny/cleaner_ws/phyAI_ws/install/cleaner_msgs/share/cleaner_msgs/rust/src/msg
-- Up-to-date: /home/sunny/cleaner_ws/phyAI_ws/install/cleaner_msgs/share/cleaner_msgs/rust/src/msg/rmw.rs
-- Up-to-date: /home/sunny/cleaner_ws/phyAI_ws/install/cleaner_msgs/share/cleaner_msgs/rust/src/lib.rs
-- Up-to-date: /home/sunny/cleaner_ws/phyAI_ws/install/cleaner_msgs/share/cleaner_msgs/rust/src/msg.rs
-- Up-to-date: /home/sunny/cleaner_ws/phyAI_ws/install/cleaner_msgs/share/cleaner_msgs/msg/CleanerState.idl
-- Up-to-date: /home/sunny/cleaner_ws/phyAI_ws/install/cleaner_msgs/share/cleaner_msgs/msg/PlanCommand.idl
-- Up-to-date: /home/sunny/cleaner_ws/phyAI_ws/install/cleaner_msgs/share/cleaner_msgs/msg/ReplanRequest.idl
-- Up-to-date: /home/sunny/cleaner_ws/phyAI_ws/install/cleaner_msgs/share/cleaner_msgs/msg/CleanerState.msg
-- Up-to-date: /home/sunny/cleaner_ws/phyAI_ws/install/cleaner_msgs/share/cleaner_msgs/msg/PlanCommand.msg
-- Up-to-date: /home/sunny/cleaner_ws/phyAI_ws/install/cleaner_msgs/share/cleaner_msgs/msg/ReplanRequest.msg
-- Up-to-date: /home/sunny/cleaner_ws/phyAI_ws/install/cleaner_msgs/share/ament_index/resource_index/package_run_dependencies/cleaner_msgs
-- Up-to-date: /home/sunny/cleaner_ws/phyAI_ws/install/cleaner_msgs/share/ament_index/resource_index/parent_prefix_path/cleaner_msgs
-- Up-to-date: /home/sunny/cleaner_ws/phyAI_ws/install/cleaner_msgs/share/cleaner_msgs/environment/ament_prefix_path.sh
-- Up-to-date: /home/sunny/cleaner_ws/phyAI_ws/install/cleaner_msgs/share/cleaner_msgs/environment/ament_prefix_path.dsv
-- Up-to-date: /home/sunny/cleaner_ws/phyAI_ws/install/cleaner_msgs/share/cleaner_msgs/environment/path.sh
-- Up-to-date: /home/sunny/cleaner_ws/phyAI_ws/install/cleaner_msgs/share/cleaner_msgs/environment/path.dsv
-- Up-to-date: /home/sunny/cleaner_ws/phyAI_ws/install/cleaner_msgs/share/cleaner_msgs/local_setup.bash
-- Up-to-date: /home/sunny/cleaner_ws/phyAI_ws/install/cleaner_msgs/share/cleaner_msgs/local_setup.sh
-- Up-to-date: /home/sunny/cleaner_ws/phyAI_ws/install/cleaner_msgs/share/cleaner_msgs/local_setup.zsh
-- Up-to-date: /home/sunny/cleaner_ws/phyAI_ws/install/cleaner_msgs/share/cleaner_msgs/local_setup.dsv
-- Installing: /home/sunny/cleaner_ws/phyAI_ws/install/cleaner_msgs/share/cleaner_msgs/package.dsv
-- Up-to-date: /home/sunny/cleaner_ws/phyAI_ws/install/cleaner_msgs/share/ament_index/resource_index/packages/cleaner_msgs
-- Up-to-date: /home/sunny/cleaner_ws/phyAI_ws/install/cleaner_msgs/share/cleaner_msgs/cmake/export_cleaner_msgs__rosidl_generator_cExport.cmake
-- Up-to-date: /home/sunny/cleaner_ws/phyAI_ws/install/cleaner_msgs/share/cleaner_msgs/cmake/export_cleaner_msgs__rosidl_generator_cExport-noconfig.cmake
-- Up-to-date: /home/sunny/cleaner_ws/phyAI_ws/install/cleaner_msgs/share/cleaner_msgs/cmake/export_cleaner_msgs__rosidl_typesupport_fastrtps_cExport.cmake
-- Up-to-date: /home/sunny/cleaner_ws/phyAI_ws/install/cleaner_msgs/share/cleaner_msgs/cmake/export_cleaner_msgs__rosidl_typesupport_fastrtps_cExport-noconfig.cmake
-- Up-to-date: /home/sunny/cleaner_ws/phyAI_ws/install/cleaner_msgs/share/cleaner_msgs/cmake/cleaner_msgs__rosidl_typesupport_introspection_cExport.cmake
-- Up-to-date: /home/sunny/cleaner_ws/phyAI_ws/install/cleaner_msgs/share/cleaner_msgs/cmake/cleaner_msgs__rosidl_typesupport_introspection_cExport-noconfig.cmake
-- Up-to-date: /home/sunny/cleaner_ws/phyAI_ws/install/cleaner_msgs/share/cleaner_msgs/cmake/cleaner_msgs__rosidl_typesupport_cExport.cmake
-- Up-to-date: /home/sunny/cleaner_ws/phyAI_ws/install/cleaner_msgs/share/cleaner_msgs/cmake/cleaner_msgs__rosidl_typesupport_cExport-noconfig.cmake
-- Up-to-date: /home/sunny/cleaner_ws/phyAI_ws/install/cleaner_msgs/share/cleaner_msgs/cmake/export_cleaner_msgs__rosidl_generator_cppExport.cmake
-- Up-to-date: /home/sunny/cleaner_ws/phyAI_ws/install/cleaner_msgs/share/cleaner_msgs/cmake/export_cleaner_msgs__rosidl_typesupport_fastrtps_cppExport.cmake
-- Up-to-date: /home/sunny/cleaner_ws/phyAI_ws/install/cleaner_msgs/share/cleaner_msgs/cmake/export_cleaner_msgs__rosidl_typesupport_fastrtps_cppExport-noconfig.cmake
-- Up-to-date: /home/sunny/cleaner_ws/phyAI_ws/install/cleaner_msgs/share/cleaner_msgs/cmake/cleaner_msgs__rosidl_typesupport_introspection_cppExport.cmake
-- Up-to-date: /home/sunny/cleaner_ws/phyAI_ws/install/cleaner_msgs/share/cleaner_msgs/cmake/cleaner_msgs__rosidl_typesupport_introspection_cppExport-noconfig.cmake
-- Up-to-date: /home/sunny/cleaner_ws/phyAI_ws/install/cleaner_msgs/share/cleaner_msgs/cmake/cleaner_msgs__rosidl_typesupport_cppExport.cmake
-- Up-to-date: /home/sunny/cleaner_ws/phyAI_ws/install/cleaner_msgs/share/cleaner_msgs/cmake/cleaner_msgs__rosidl_typesupport_cppExport-noconfig.cmake
-- Up-to-date: /home/sunny/cleaner_ws/phyAI_ws/install/cleaner_msgs/share/cleaner_msgs/cmake/export_cleaner_msgs__rosidl_generator_pyExport.cmake
-- Up-to-date: /home/sunny/cleaner_ws/phyAI_ws/install/cleaner_msgs/share/cleaner_msgs/cmake/export_cleaner_msgs__rosidl_generator_pyExport-noconfig.cmake
-- Up-to-date: /home/sunny/cleaner_ws/phyAI_ws/install/cleaner_msgs/share/cleaner_msgs/cmake/rosidl_cmake-extras.cmake
-- Up-to-date: /home/sunny/cleaner_ws/phyAI_ws/install/cleaner_msgs/share/cleaner_msgs/cmake/ament_cmake_export_dependencies-extras.cmake
-- Up-to-date: /home/sunny/cleaner_ws/phyAI_ws/install/cleaner_msgs/share/cleaner_msgs/cmake/ament_cmake_export_include_directories-extras.cmake
-- Up-to-date: /home/sunny/cleaner_ws/phyAI_ws/install/cleaner_msgs/share/cleaner_msgs/cmake/ament_cmake_export_libraries-extras.cmake
-- Up-to-date: /home/sunny/cleaner_ws/phyAI_ws/install/cleaner_msgs/share/cleaner_msgs/cmake/ament_cmake_export_targets-extras.cmake
-- Up-to-date: /home/sunny/cleaner_ws/phyAI_ws/install/cleaner_msgs/share/cleaner_msgs/cmake/rosidl_cmake_export_typesupport_targets-extras.cmake
-- Up-to-date: /home/sunny/cleaner_ws/phyAI_ws/install/cleaner_msgs/share/cleaner_msgs/cmake/rosidl_cmake_export_typesupport_libraries-extras.cmake
-- Up-to-date: /home/sunny/cleaner_ws/phyAI_ws/install/cleaner_msgs/share/cleaner_msgs/cmake/cleaner_msgsConfig.cmake
-- Up-to-date: /home/sunny/cleaner_ws/phyAI_ws/install/cleaner_msgs/share/cleaner_msgs/cmake/cleaner_msgsConfig-version.cmake
-- Up-to-date: /home/sunny/cleaner_ws/phyAI_ws/install/cleaner_msgs/share/cleaner_msgs/package.xml
