[0.070s] Invoking command in '/home/sunny/cleaner_ws/phyAI_ws/build/cleaner_msgs': CMAKE_PREFIX_PATH=/opt/ros/humble /usr/bin/cmake --build /home/sunny/cleaner_ws/phyAI_ws/build/cleaner_msgs -- -j16 -l16
[1.905s] [ 10%] Built target cleaner_msgs__cpp
[1.906s] [ 12%] Built target cleaner_msgs__rs
[1.907s] [ 14%] Built target cleaner_msgs__rosidl_generator_c
[1.907s] [ 14%] Built target ament_cmake_python_copy_cleaner_msgs
[1.907s] [ 25%] Built target cleaner_msgs__rosidl_typesupport_c
[1.907s] [ 56%] Built target cleaner_msgs__rosidl_typesupport_fastrtps_cpp
[1.907s] [ 56%] Built target cleaner_msgs__rosidl_typesupport_fastrtps_c
[1.907s] [ 56%] Built target cleaner_msgs__rosidl_typesupport_introspection_cpp
[1.908s] [ 72%] Built target cleaner_msgs__rosidl_typesupport_introspection_c
[1.908s] [ 77%] Built target cleaner_msgs__rosidl_typesupport_cpp
[1.908s] [ 77%] Built target cleaner_msgs
[1.908s] [ 79%] Built target cleaner_msgs__py
[1.908s] [ 87%] Built target cleaner_msgs__rosidl_generator_py
[1.908s] [ 95%] Built target cleaner_msgs__rosidl_typesupport_c__pyext
[1.908s] [ 95%] Built target cleaner_msgs__rosidl_typesupport_introspection_c__pyext
[1.908s] [100%] Built target cleaner_msgs__rosidl_typesupport_fastrtps_c__pyext
[1.909s] running egg_info
[1.909s] writing cleaner_msgs.egg-info/PKG-INFO
[1.910s] writing dependency_links to cleaner_msgs.egg-info/dependency_links.txt
[1.911s] writing top-level names to cleaner_msgs.egg-info/top_level.txt
[1.911s] reading manifest file 'cleaner_msgs.egg-info/SOURCES.txt'
[1.911s] writing manifest file 'cleaner_msgs.egg-info/SOURCES.txt'
[1.912s] [100%] Built target ament_cmake_python_build_cleaner_msgs_egg
[1.913s] Invoked command in '/home/sunny/cleaner_ws/phyAI_ws/build/cleaner_msgs' returned '0': CMAKE_PREFIX_PATH=/opt/ros/humble /usr/bin/cmake --build /home/sunny/cleaner_ws/phyAI_ws/build/cleaner_msgs -- -j16 -l16
[1.930s] Invoking command in '/home/sunny/cleaner_ws/phyAI_ws/build/cleaner_msgs': CMAKE_PREFIX_PATH=/opt/ros/humble /usr/bin/cmake --install /home/sunny/cleaner_ws/phyAI_ws/build/cleaner_msgs
[1.952s] -- Install configuration: ""
[1.953s] -- Up-to-date: /home/sunny/cleaner_ws/phyAI_ws/install/cleaner_msgs/share/ament_index/resource_index/rosidl_interfaces/cleaner_msgs
[1.953s] -- Up-to-date: /home/sunny/cleaner_ws/phyAI_ws/install/cleaner_msgs/include/cleaner_msgs/cleaner_msgs
[1.954s] -- Up-to-date: /home/sunny/cleaner_ws/phyAI_ws/install/cleaner_msgs/include/cleaner_msgs/cleaner_msgs/msg
[1.954s] -- Up-to-date: /home/sunny/cleaner_ws/phyAI_ws/install/cleaner_msgs/include/cleaner_msgs/cleaner_msgs/msg/replan_request.h
[1.954s] -- Up-to-date: /home/sunny/cleaner_ws/phyAI_ws/install/cleaner_msgs/include/cleaner_msgs/cleaner_msgs/msg/cleaner_state.h
[1.954s] -- Up-to-date: /home/sunny/cleaner_ws/phyAI_ws/install/cleaner_msgs/include/cleaner_msgs/cleaner_msgs/msg/plan_command.h
[1.955s] -- Up-to-date: /home/sunny/cleaner_ws/phyAI_ws/install/cleaner_msgs/include/cleaner_msgs/cleaner_msgs/msg/detail
[1.955s] -- Up-to-date: /home/sunny/cleaner_ws/phyAI_ws/install/cleaner_msgs/include/cleaner_msgs/cleaner_msgs/msg/detail/cleaner_state__struct.h
[1.955s] -- Up-to-date: /home/sunny/cleaner_ws/phyAI_ws/install/cleaner_msgs/include/cleaner_msgs/cleaner_msgs/msg/detail/plan_command__struct.h
[1.955s] -- Up-to-date: /home/sunny/cleaner_ws/phyAI_ws/install/cleaner_msgs/include/cleaner_msgs/cleaner_msgs/msg/detail/plan_command__functions.c
[1.955s] -- Up-to-date: /home/sunny/cleaner_ws/phyAI_ws/install/cleaner_msgs/include/cleaner_msgs/cleaner_msgs/msg/detail/cleaner_state__functions.h
[1.956s] -- Up-to-date: /home/sunny/cleaner_ws/phyAI_ws/install/cleaner_msgs/include/cleaner_msgs/cleaner_msgs/msg/detail/replan_request__functions.h
[1.956s] -- Up-to-date: /home/sunny/cleaner_ws/phyAI_ws/install/cleaner_msgs/include/cleaner_msgs/cleaner_msgs/msg/detail/cleaner_state__functions.c
[1.956s] -- Up-to-date: /home/sunny/cleaner_ws/phyAI_ws/install/cleaner_msgs/include/cleaner_msgs/cleaner_msgs/msg/detail/replan_request__functions.c
[1.956s] -- Up-to-date: /home/sunny/cleaner_ws/phyAI_ws/install/cleaner_msgs/include/cleaner_msgs/cleaner_msgs/msg/detail/replan_request__struct.h
[1.956s] -- Up-to-date: /home/sunny/cleaner_ws/phyAI_ws/install/cleaner_msgs/include/cleaner_msgs/cleaner_msgs/msg/detail/plan_command__functions.h
[1.956s] -- Up-to-date: /home/sunny/cleaner_ws/phyAI_ws/install/cleaner_msgs/include/cleaner_msgs/cleaner_msgs/msg/detail/replan_request__type_support.h
[1.957s] -- Up-to-date: /home/sunny/cleaner_ws/phyAI_ws/install/cleaner_msgs/include/cleaner_msgs/cleaner_msgs/msg/detail/plan_command__type_support.h
[1.957s] -- Up-to-date: /home/sunny/cleaner_ws/phyAI_ws/install/cleaner_msgs/include/cleaner_msgs/cleaner_msgs/msg/detail/cleaner_state__type_support.h
[1.958s] -- Up-to-date: /home/sunny/cleaner_ws/phyAI_ws/install/cleaner_msgs/include/cleaner_msgs/cleaner_msgs/msg/rosidl_generator_c__visibility_control.h
[1.958s] -- Up-to-date: /home/sunny/cleaner_ws/phyAI_ws/install/cleaner_msgs/share/cleaner_msgs/environment/library_path.sh
[1.958s] -- Up-to-date: /home/sunny/cleaner_ws/phyAI_ws/install/cleaner_msgs/share/cleaner_msgs/environment/library_path.dsv
[1.958s] -- Up-to-date: /home/sunny/cleaner_ws/phyAI_ws/install/cleaner_msgs/lib/libcleaner_msgs__rosidl_generator_c.so
[1.958s] -- Up-to-date: /home/sunny/cleaner_ws/phyAI_ws/install/cleaner_msgs/include/cleaner_msgs/cleaner_msgs
[1.958s] -- Up-to-date: /home/sunny/cleaner_ws/phyAI_ws/install/cleaner_msgs/include/cleaner_msgs/cleaner_msgs/msg
[1.958s] -- Up-to-date: /home/sunny/cleaner_ws/phyAI_ws/install/cleaner_msgs/include/cleaner_msgs/cleaner_msgs/msg/detail
[1.959s] -- Up-to-date: /home/sunny/cleaner_ws/phyAI_ws/install/cleaner_msgs/include/cleaner_msgs/cleaner_msgs/msg/detail/cleaner_state__rosidl_typesupport_fastrtps_c.h
[1.959s] -- Up-to-date: /home/sunny/cleaner_ws/phyAI_ws/install/cleaner_msgs/include/cleaner_msgs/cleaner_msgs/msg/detail/plan_command__rosidl_typesupport_fastrtps_c.h
[1.959s] -- Up-to-date: /home/sunny/cleaner_ws/phyAI_ws/install/cleaner_msgs/include/cleaner_msgs/cleaner_msgs/msg/detail/replan_request__rosidl_typesupport_fastrtps_c.h
[1.959s] -- Up-to-date: /home/sunny/cleaner_ws/phyAI_ws/install/cleaner_msgs/include/cleaner_msgs/cleaner_msgs/msg/rosidl_typesupport_fastrtps_c__visibility_control.h
[1.959s] -- Up-to-date: /home/sunny/cleaner_ws/phyAI_ws/install/cleaner_msgs/lib/libcleaner_msgs__rosidl_typesupport_fastrtps_c.so
[1.959s] -- Up-to-date: /home/sunny/cleaner_ws/phyAI_ws/install/cleaner_msgs/include/cleaner_msgs/cleaner_msgs
[1.960s] -- Up-to-date: /home/sunny/cleaner_ws/phyAI_ws/install/cleaner_msgs/include/cleaner_msgs/cleaner_msgs/msg
[1.960s] -- Up-to-date: /home/sunny/cleaner_ws/phyAI_ws/install/cleaner_msgs/include/cleaner_msgs/cleaner_msgs/msg/detail
[1.960s] -- Up-to-date: /home/sunny/cleaner_ws/phyAI_ws/install/cleaner_msgs/include/cleaner_msgs/cleaner_msgs/msg/detail/replan_request__rosidl_typesupport_introspection_c.h
[1.960s] -- Up-to-date: /home/sunny/cleaner_ws/phyAI_ws/install/cleaner_msgs/include/cleaner_msgs/cleaner_msgs/msg/detail/cleaner_state__type_support.c
[1.960s] -- Up-to-date: /home/sunny/cleaner_ws/phyAI_ws/install/cleaner_msgs/include/cleaner_msgs/cleaner_msgs/msg/detail/cleaner_state__rosidl_typesupport_introspection_c.h
[1.960s] -- Up-to-date: /home/sunny/cleaner_ws/phyAI_ws/install/cleaner_msgs/include/cleaner_msgs/cleaner_msgs/msg/detail/plan_command__type_support.c
[1.961s] -- Up-to-date: /home/sunny/cleaner_ws/phyAI_ws/install/cleaner_msgs/include/cleaner_msgs/cleaner_msgs/msg/detail/plan_command__rosidl_typesupport_introspection_c.h
[1.961s] -- Up-to-date: /home/sunny/cleaner_ws/phyAI_ws/install/cleaner_msgs/include/cleaner_msgs/cleaner_msgs/msg/detail/replan_request__type_support.c
[1.961s] -- Up-to-date: /home/sunny/cleaner_ws/phyAI_ws/install/cleaner_msgs/include/cleaner_msgs/cleaner_msgs/msg/rosidl_typesupport_introspection_c__visibility_control.h
[1.961s] -- Up-to-date: /home/sunny/cleaner_ws/phyAI_ws/install/cleaner_msgs/lib/libcleaner_msgs__rosidl_typesupport_introspection_c.so
[1.961s] -- Up-to-date: /home/sunny/cleaner_ws/phyAI_ws/install/cleaner_msgs/lib/libcleaner_msgs__rosidl_typesupport_c.so
[1.961s] -- Up-to-date: /home/sunny/cleaner_ws/phyAI_ws/install/cleaner_msgs/include/cleaner_msgs/cleaner_msgs
[1.962s] -- Up-to-date: /home/sunny/cleaner_ws/phyAI_ws/install/cleaner_msgs/include/cleaner_msgs/cleaner_msgs/msg
[1.962s] -- Up-to-date: /home/sunny/cleaner_ws/phyAI_ws/install/cleaner_msgs/include/cleaner_msgs/cleaner_msgs/msg/plan_command.hpp
[1.963s] -- Up-to-date: /home/sunny/cleaner_ws/phyAI_ws/install/cleaner_msgs/include/cleaner_msgs/cleaner_msgs/msg/rosidl_generator_cpp__visibility_control.hpp
[1.963s] -- Up-to-date: /home/sunny/cleaner_ws/phyAI_ws/install/cleaner_msgs/include/cleaner_msgs/cleaner_msgs/msg/cleaner_state.hpp
[1.963s] -- Up-to-date: /home/sunny/cleaner_ws/phyAI_ws/install/cleaner_msgs/include/cleaner_msgs/cleaner_msgs/msg/replan_request.hpp
[1.963s] -- Up-to-date: /home/sunny/cleaner_ws/phyAI_ws/install/cleaner_msgs/include/cleaner_msgs/cleaner_msgs/msg/detail
[1.964s] -- Up-to-date: /home/sunny/cleaner_ws/phyAI_ws/install/cleaner_msgs/include/cleaner_msgs/cleaner_msgs/msg/detail/replan_request__traits.hpp
[1.964s] -- Up-to-date: /home/sunny/cleaner_ws/phyAI_ws/install/cleaner_msgs/include/cleaner_msgs/cleaner_msgs/msg/detail/replan_request__struct.hpp
[1.964s] -- Up-to-date: /home/sunny/cleaner_ws/phyAI_ws/install/cleaner_msgs/include/cleaner_msgs/cleaner_msgs/msg/detail/plan_command__struct.hpp
[1.964s] -- Up-to-date: /home/sunny/cleaner_ws/phyAI_ws/install/cleaner_msgs/include/cleaner_msgs/cleaner_msgs/msg/detail/plan_command__type_support.hpp
[1.965s] -- Up-to-date: /home/sunny/cleaner_ws/phyAI_ws/install/cleaner_msgs/include/cleaner_msgs/cleaner_msgs/msg/detail/cleaner_state__type_support.hpp
[1.965s] -- Up-to-date: /home/sunny/cleaner_ws/phyAI_ws/install/cleaner_msgs/include/cleaner_msgs/cleaner_msgs/msg/detail/cleaner_state__traits.hpp
[1.965s] -- Up-to-date: /home/sunny/cleaner_ws/phyAI_ws/install/cleaner_msgs/include/cleaner_msgs/cleaner_msgs/msg/detail/cleaner_state__builder.hpp
[1.965s] -- Up-to-date: /home/sunny/cleaner_ws/phyAI_ws/install/cleaner_msgs/include/cleaner_msgs/cleaner_msgs/msg/detail/replan_request__builder.hpp
[1.965s] -- Up-to-date: /home/sunny/cleaner_ws/phyAI_ws/install/cleaner_msgs/include/cleaner_msgs/cleaner_msgs/msg/detail/plan_command__traits.hpp
[1.965s] -- Up-to-date: /home/sunny/cleaner_ws/phyAI_ws/install/cleaner_msgs/include/cleaner_msgs/cleaner_msgs/msg/detail/plan_command__builder.hpp
[1.966s] -- Up-to-date: /home/sunny/cleaner_ws/phyAI_ws/install/cleaner_msgs/include/cleaner_msgs/cleaner_msgs/msg/detail/replan_request__type_support.hpp
[1.966s] -- Up-to-date: /home/sunny/cleaner_ws/phyAI_ws/install/cleaner_msgs/include/cleaner_msgs/cleaner_msgs/msg/detail/cleaner_state__struct.hpp
[1.966s] -- Up-to-date: /home/sunny/cleaner_ws/phyAI_ws/install/cleaner_msgs/include/cleaner_msgs/cleaner_msgs
[1.966s] -- Up-to-date: /home/sunny/cleaner_ws/phyAI_ws/install/cleaner_msgs/include/cleaner_msgs/cleaner_msgs/msg
[1.967s] -- Up-to-date: /home/sunny/cleaner_ws/phyAI_ws/install/cleaner_msgs/include/cleaner_msgs/cleaner_msgs/msg/detail
[1.967s] -- Up-to-date: /home/sunny/cleaner_ws/phyAI_ws/install/cleaner_msgs/include/cleaner_msgs/cleaner_msgs/msg/detail/cleaner_state__rosidl_typesupport_fastrtps_cpp.hpp
[1.967s] -- Up-to-date: /home/sunny/cleaner_ws/phyAI_ws/install/cleaner_msgs/include/cleaner_msgs/cleaner_msgs/msg/detail/replan_request__rosidl_typesupport_fastrtps_cpp.hpp
[1.967s] -- Up-to-date: /home/sunny/cleaner_ws/phyAI_ws/install/cleaner_msgs/include/cleaner_msgs/cleaner_msgs/msg/detail/plan_command__rosidl_typesupport_fastrtps_cpp.hpp
[1.968s] -- Up-to-date: /home/sunny/cleaner_ws/phyAI_ws/install/cleaner_msgs/include/cleaner_msgs/cleaner_msgs/msg/detail/dds_fastrtps
[1.968s] -- Up-to-date: /home/sunny/cleaner_ws/phyAI_ws/install/cleaner_msgs/include/cleaner_msgs/cleaner_msgs/msg/rosidl_typesupport_fastrtps_cpp__visibility_control.h
[1.968s] -- Up-to-date: /home/sunny/cleaner_ws/phyAI_ws/install/cleaner_msgs/lib/libcleaner_msgs__rosidl_typesupport_fastrtps_cpp.so
[1.968s] -- Up-to-date: /home/sunny/cleaner_ws/phyAI_ws/install/cleaner_msgs/include/cleaner_msgs/cleaner_msgs
[1.968s] -- Up-to-date: /home/sunny/cleaner_ws/phyAI_ws/install/cleaner_msgs/include/cleaner_msgs/cleaner_msgs/msg
[1.969s] -- Up-to-date: /home/sunny/cleaner_ws/phyAI_ws/install/cleaner_msgs/include/cleaner_msgs/cleaner_msgs/msg/detail
[1.969s] -- Up-to-date: /home/sunny/cleaner_ws/phyAI_ws/install/cleaner_msgs/include/cleaner_msgs/cleaner_msgs/msg/detail/replan_request__type_support.cpp
[1.969s] -- Up-to-date: /home/sunny/cleaner_ws/phyAI_ws/install/cleaner_msgs/include/cleaner_msgs/cleaner_msgs/msg/detail/plan_command__type_support.cpp
[1.969s] -- Up-to-date: /home/sunny/cleaner_ws/phyAI_ws/install/cleaner_msgs/include/cleaner_msgs/cleaner_msgs/msg/detail/replan_request__rosidl_typesupport_introspection_cpp.hpp
[1.969s] -- Up-to-date: /home/sunny/cleaner_ws/phyAI_ws/install/cleaner_msgs/include/cleaner_msgs/cleaner_msgs/msg/detail/plan_command__rosidl_typesupport_introspection_cpp.hpp
[1.970s] -- Up-to-date: /home/sunny/cleaner_ws/phyAI_ws/install/cleaner_msgs/include/cleaner_msgs/cleaner_msgs/msg/detail/cleaner_state__rosidl_typesupport_introspection_cpp.hpp
[1.970s] -- Up-to-date: /home/sunny/cleaner_ws/phyAI_ws/install/cleaner_msgs/include/cleaner_msgs/cleaner_msgs/msg/detail/cleaner_state__type_support.cpp
[1.970s] -- Up-to-date: /home/sunny/cleaner_ws/phyAI_ws/install/cleaner_msgs/lib/libcleaner_msgs__rosidl_typesupport_introspection_cpp.so
[1.970s] -- Up-to-date: /home/sunny/cleaner_ws/phyAI_ws/install/cleaner_msgs/lib/libcleaner_msgs__rosidl_typesupport_cpp.so
[1.970s] -- Up-to-date: /home/sunny/cleaner_ws/phyAI_ws/install/cleaner_msgs/share/cleaner_msgs/environment/pythonpath.sh
[1.970s] -- Up-to-date: /home/sunny/cleaner_ws/phyAI_ws/install/cleaner_msgs/share/cleaner_msgs/environment/pythonpath.dsv
[1.970s] -- Up-to-date: /home/sunny/cleaner_ws/phyAI_ws/install/cleaner_msgs/local/lib/python3.10/dist-packages/cleaner_msgs-0.0.1-py3.10.egg-info
[1.971s] -- Installing: /home/sunny/cleaner_ws/phyAI_ws/install/cleaner_msgs/local/lib/python3.10/dist-packages/cleaner_msgs-0.0.1-py3.10.egg-info/top_level.txt
[1.971s] -- Installing: /home/sunny/cleaner_ws/phyAI_ws/install/cleaner_msgs/local/lib/python3.10/dist-packages/cleaner_msgs-0.0.1-py3.10.egg-info/PKG-INFO
[1.971s] -- Installing: /home/sunny/cleaner_ws/phyAI_ws/install/cleaner_msgs/local/lib/python3.10/dist-packages/cleaner_msgs-0.0.1-py3.10.egg-info/SOURCES.txt
[1.971s] -- Installing: /home/sunny/cleaner_ws/phyAI_ws/install/cleaner_msgs/local/lib/python3.10/dist-packages/cleaner_msgs-0.0.1-py3.10.egg-info/dependency_links.txt
[1.972s] -- Up-to-date: /home/sunny/cleaner_ws/phyAI_ws/install/cleaner_msgs/local/lib/python3.10/dist-packages/cleaner_msgs
[1.972s] -- Up-to-date: /home/sunny/cleaner_ws/phyAI_ws/install/cleaner_msgs/local/lib/python3.10/dist-packages/cleaner_msgs/_cleaner_msgs_s.ep.rosidl_typesupport_fastrtps_c.c
[1.972s] -- Up-to-date: /home/sunny/cleaner_ws/phyAI_ws/install/cleaner_msgs/local/lib/python3.10/dist-packages/cleaner_msgs/cleaner_msgs_s__rosidl_typesupport_c.cpython-310-x86_64-linux-gnu.so
[1.972s] -- Up-to-date: /home/sunny/cleaner_ws/phyAI_ws/install/cleaner_msgs/local/lib/python3.10/dist-packages/cleaner_msgs/msg
[1.972s] -- Up-to-date: /home/sunny/cleaner_ws/phyAI_ws/install/cleaner_msgs/local/lib/python3.10/dist-packages/cleaner_msgs/msg/_replan_request.py
[1.972s] -- Up-to-date: /home/sunny/cleaner_ws/phyAI_ws/install/cleaner_msgs/local/lib/python3.10/dist-packages/cleaner_msgs/msg/_cleaner_state.py
[1.972s] -- Up-to-date: /home/sunny/cleaner_ws/phyAI_ws/install/cleaner_msgs/local/lib/python3.10/dist-packages/cleaner_msgs/msg/__init__.py
[1.973s] -- Up-to-date: /home/sunny/cleaner_ws/phyAI_ws/install/cleaner_msgs/local/lib/python3.10/dist-packages/cleaner_msgs/msg/_plan_command_s.c
[1.973s] -- Up-to-date: /home/sunny/cleaner_ws/phyAI_ws/install/cleaner_msgs/local/lib/python3.10/dist-packages/cleaner_msgs/msg/_plan_command.py
[1.973s] -- Up-to-date: /home/sunny/cleaner_ws/phyAI_ws/install/cleaner_msgs/local/lib/python3.10/dist-packages/cleaner_msgs/msg/_cleaner_state_s.c
[1.973s] -- Up-to-date: /home/sunny/cleaner_ws/phyAI_ws/install/cleaner_msgs/local/lib/python3.10/dist-packages/cleaner_msgs/msg/_replan_request_s.c
[1.973s] -- Up-to-date: /home/sunny/cleaner_ws/phyAI_ws/install/cleaner_msgs/local/lib/python3.10/dist-packages/cleaner_msgs/_cleaner_msgs_s.ep.rosidl_typesupport_c.c
[1.973s] -- Up-to-date: /home/sunny/cleaner_ws/phyAI_ws/install/cleaner_msgs/local/lib/python3.10/dist-packages/cleaner_msgs/cleaner_msgs_s__rosidl_typesupport_fastrtps_c.cpython-310-x86_64-linux-gnu.so
[1.973s] -- Up-to-date: /home/sunny/cleaner_ws/phyAI_ws/install/cleaner_msgs/local/lib/python3.10/dist-packages/cleaner_msgs/__init__.py
[1.973s] -- Up-to-date: /home/sunny/cleaner_ws/phyAI_ws/install/cleaner_msgs/local/lib/python3.10/dist-packages/cleaner_msgs/libcleaner_msgs__rosidl_generator_py.so
[1.973s] -- Up-to-date: /home/sunny/cleaner_ws/phyAI_ws/install/cleaner_msgs/local/lib/python3.10/dist-packages/cleaner_msgs/cleaner_msgs_s__rosidl_typesupport_introspection_c.cpython-310-x86_64-linux-gnu.so
[1.973s] -- Up-to-date: /home/sunny/cleaner_ws/phyAI_ws/install/cleaner_msgs/local/lib/python3.10/dist-packages/cleaner_msgs/_cleaner_msgs_s.ep.rosidl_typesupport_introspection_c.c
[2.027s] Listing '/home/sunny/cleaner_ws/phyAI_ws/install/cleaner_msgs/local/lib/python3.10/dist-packages/cleaner_msgs'...
[2.027s] Listing '/home/sunny/cleaner_ws/phyAI_ws/install/cleaner_msgs/local/lib/python3.10/dist-packages/cleaner_msgs/msg'...
[2.038s] -- Up-to-date: /home/sunny/cleaner_ws/phyAI_ws/install/cleaner_msgs/local/lib/python3.10/dist-packages/cleaner_msgs/cleaner_msgs_s__rosidl_typesupport_fastrtps_c.cpython-310-x86_64-linux-gnu.so
[2.038s] -- Up-to-date: /home/sunny/cleaner_ws/phyAI_ws/install/cleaner_msgs/local/lib/python3.10/dist-packages/cleaner_msgs/cleaner_msgs_s__rosidl_typesupport_introspection_c.cpython-310-x86_64-linux-gnu.so
[2.038s] -- Up-to-date: /home/sunny/cleaner_ws/phyAI_ws/install/cleaner_msgs/local/lib/python3.10/dist-packages/cleaner_msgs/cleaner_msgs_s__rosidl_typesupport_c.cpython-310-x86_64-linux-gnu.so
[2.039s] -- Up-to-date: /home/sunny/cleaner_ws/phyAI_ws/install/cleaner_msgs/lib/libcleaner_msgs__rosidl_generator_py.so
[2.039s] -- Up-to-date: /home/sunny/cleaner_ws/phyAI_ws/install/cleaner_msgs/share/ament_index/resource_index/rust_packages/cleaner_msgs
[2.039s] -- Up-to-date: /home/sunny/cleaner_ws/phyAI_ws/install/cleaner_msgs/share/cleaner_msgs/rust
[2.040s] -- Up-to-date: /home/sunny/cleaner_ws/phyAI_ws/install/cleaner_msgs/share/cleaner_msgs/rust/build.rs
[2.043s] -- Up-to-date: /home/sunny/cleaner_ws/phyAI_ws/install/cleaner_msgs/share/cleaner_msgs/rust/Cargo.toml
[2.043s] -- Up-to-date: /home/sunny/cleaner_ws/phyAI_ws/install/cleaner_msgs/share/cleaner_msgs/rust/src
[2.043s] -- Up-to-date: /home/sunny/cleaner_ws/phyAI_ws/install/cleaner_msgs/share/cleaner_msgs/rust/src/msg
[2.043s] -- Up-to-date: /home/sunny/cleaner_ws/phyAI_ws/install/cleaner_msgs/share/cleaner_msgs/rust/src/msg/rmw.rs
[2.043s] -- Up-to-date: /home/sunny/cleaner_ws/phyAI_ws/install/cleaner_msgs/share/cleaner_msgs/rust/src/lib.rs
[2.043s] -- Up-to-date: /home/sunny/cleaner_ws/phyAI_ws/install/cleaner_msgs/share/cleaner_msgs/rust/src/msg.rs
[2.044s] -- Up-to-date: /home/sunny/cleaner_ws/phyAI_ws/install/cleaner_msgs/share/cleaner_msgs/msg/CleanerState.idl
[2.044s] -- Up-to-date: /home/sunny/cleaner_ws/phyAI_ws/install/cleaner_msgs/share/cleaner_msgs/msg/PlanCommand.idl
[2.044s] -- Up-to-date: /home/sunny/cleaner_ws/phyAI_ws/install/cleaner_msgs/share/cleaner_msgs/msg/ReplanRequest.idl
[2.044s] -- Up-to-date: /home/sunny/cleaner_ws/phyAI_ws/install/cleaner_msgs/share/cleaner_msgs/msg/CleanerState.msg
[2.044s] -- Up-to-date: /home/sunny/cleaner_ws/phyAI_ws/install/cleaner_msgs/share/cleaner_msgs/msg/PlanCommand.msg
[2.044s] -- Up-to-date: /home/sunny/cleaner_ws/phyAI_ws/install/cleaner_msgs/share/cleaner_msgs/msg/ReplanRequest.msg
[2.044s] -- Up-to-date: /home/sunny/cleaner_ws/phyAI_ws/install/cleaner_msgs/share/ament_index/resource_index/package_run_dependencies/cleaner_msgs
[2.044s] -- Up-to-date: /home/sunny/cleaner_ws/phyAI_ws/install/cleaner_msgs/share/ament_index/resource_index/parent_prefix_path/cleaner_msgs
[2.044s] -- Up-to-date: /home/sunny/cleaner_ws/phyAI_ws/install/cleaner_msgs/share/cleaner_msgs/environment/ament_prefix_path.sh
[2.044s] -- Up-to-date: /home/sunny/cleaner_ws/phyAI_ws/install/cleaner_msgs/share/cleaner_msgs/environment/ament_prefix_path.dsv
[2.045s] -- Up-to-date: /home/sunny/cleaner_ws/phyAI_ws/install/cleaner_msgs/share/cleaner_msgs/environment/path.sh
[2.045s] -- Up-to-date: /home/sunny/cleaner_ws/phyAI_ws/install/cleaner_msgs/share/cleaner_msgs/environment/path.dsv
[2.045s] -- Up-to-date: /home/sunny/cleaner_ws/phyAI_ws/install/cleaner_msgs/share/cleaner_msgs/local_setup.bash
[2.045s] -- Up-to-date: /home/sunny/cleaner_ws/phyAI_ws/install/cleaner_msgs/share/cleaner_msgs/local_setup.sh
[2.045s] -- Up-to-date: /home/sunny/cleaner_ws/phyAI_ws/install/cleaner_msgs/share/cleaner_msgs/local_setup.zsh
[2.045s] -- Up-to-date: /home/sunny/cleaner_ws/phyAI_ws/install/cleaner_msgs/share/cleaner_msgs/local_setup.dsv
[2.045s] -- Installing: /home/sunny/cleaner_ws/phyAI_ws/install/cleaner_msgs/share/cleaner_msgs/package.dsv
[2.045s] -- Up-to-date: /home/sunny/cleaner_ws/phyAI_ws/install/cleaner_msgs/share/ament_index/resource_index/packages/cleaner_msgs
[2.045s] -- Up-to-date: /home/sunny/cleaner_ws/phyAI_ws/install/cleaner_msgs/share/cleaner_msgs/cmake/export_cleaner_msgs__rosidl_generator_cExport.cmake
[2.045s] -- Up-to-date: /home/sunny/cleaner_ws/phyAI_ws/install/cleaner_msgs/share/cleaner_msgs/cmake/export_cleaner_msgs__rosidl_generator_cExport-noconfig.cmake
[2.049s] -- Up-to-date: /home/sunny/cleaner_ws/phyAI_ws/install/cleaner_msgs/share/cleaner_msgs/cmake/export_cleaner_msgs__rosidl_typesupport_fastrtps_cExport.cmake
[2.052s] -- Up-to-date: /home/sunny/cleaner_ws/phyAI_ws/install/cleaner_msgs/share/cleaner_msgs/cmake/export_cleaner_msgs__rosidl_typesupport_fastrtps_cExport-noconfig.cmake
[2.053s] -- Up-to-date: /home/sunny/cleaner_ws/phyAI_ws/install/cleaner_msgs/share/cleaner_msgs/cmake/cleaner_msgs__rosidl_typesupport_introspection_cExport.cmake
[2.053s] -- Up-to-date: /home/sunny/cleaner_ws/phyAI_ws/install/cleaner_msgs/share/cleaner_msgs/cmake/cleaner_msgs__rosidl_typesupport_introspection_cExport-noconfig.cmake
[2.053s] -- Up-to-date: /home/sunny/cleaner_ws/phyAI_ws/install/cleaner_msgs/share/cleaner_msgs/cmake/cleaner_msgs__rosidl_typesupport_cExport.cmake
[2.053s] -- Up-to-date: /home/sunny/cleaner_ws/phyAI_ws/install/cleaner_msgs/share/cleaner_msgs/cmake/cleaner_msgs__rosidl_typesupport_cExport-noconfig.cmake
[2.053s] -- Up-to-date: /home/sunny/cleaner_ws/phyAI_ws/install/cleaner_msgs/share/cleaner_msgs/cmake/export_cleaner_msgs__rosidl_generator_cppExport.cmake
[2.053s] -- Up-to-date: /home/sunny/cleaner_ws/phyAI_ws/install/cleaner_msgs/share/cleaner_msgs/cmake/export_cleaner_msgs__rosidl_typesupport_fastrtps_cppExport.cmake
[2.053s] -- Up-to-date: /home/sunny/cleaner_ws/phyAI_ws/install/cleaner_msgs/share/cleaner_msgs/cmake/export_cleaner_msgs__rosidl_typesupport_fastrtps_cppExport-noconfig.cmake
[2.053s] -- Up-to-date: /home/sunny/cleaner_ws/phyAI_ws/install/cleaner_msgs/share/cleaner_msgs/cmake/cleaner_msgs__rosidl_typesupport_introspection_cppExport.cmake
[2.053s] -- Up-to-date: /home/sunny/cleaner_ws/phyAI_ws/install/cleaner_msgs/share/cleaner_msgs/cmake/cleaner_msgs__rosidl_typesupport_introspection_cppExport-noconfig.cmake
[2.053s] -- Up-to-date: /home/sunny/cleaner_ws/phyAI_ws/install/cleaner_msgs/share/cleaner_msgs/cmake/cleaner_msgs__rosidl_typesupport_cppExport.cmake
[2.053s] -- Up-to-date: /home/sunny/cleaner_ws/phyAI_ws/install/cleaner_msgs/share/cleaner_msgs/cmake/cleaner_msgs__rosidl_typesupport_cppExport-noconfig.cmake
[2.054s] -- Up-to-date: /home/sunny/cleaner_ws/phyAI_ws/install/cleaner_msgs/share/cleaner_msgs/cmake/export_cleaner_msgs__rosidl_generator_pyExport.cmake
[2.054s] -- Up-to-date: /home/sunny/cleaner_ws/phyAI_ws/install/cleaner_msgs/share/cleaner_msgs/cmake/export_cleaner_msgs__rosidl_generator_pyExport-noconfig.cmake
[2.054s] -- Up-to-date: /home/sunny/cleaner_ws/phyAI_ws/install/cleaner_msgs/share/cleaner_msgs/cmake/rosidl_cmake-extras.cmake
[2.054s] -- Up-to-date: /home/sunny/cleaner_ws/phyAI_ws/install/cleaner_msgs/share/cleaner_msgs/cmake/ament_cmake_export_dependencies-extras.cmake
[2.054s] -- Up-to-date: /home/sunny/cleaner_ws/phyAI_ws/install/cleaner_msgs/share/cleaner_msgs/cmake/ament_cmake_export_include_directories-extras.cmake
[2.054s] -- Up-to-date: /home/sunny/cleaner_ws/phyAI_ws/install/cleaner_msgs/share/cleaner_msgs/cmake/ament_cmake_export_libraries-extras.cmake
[2.054s] -- Up-to-date: /home/sunny/cleaner_ws/phyAI_ws/install/cleaner_msgs/share/cleaner_msgs/cmake/ament_cmake_export_targets-extras.cmake
[2.054s] -- Up-to-date: /home/sunny/cleaner_ws/phyAI_ws/install/cleaner_msgs/share/cleaner_msgs/cmake/rosidl_cmake_export_typesupport_targets-extras.cmake
[2.054s] -- Up-to-date: /home/sunny/cleaner_ws/phyAI_ws/install/cleaner_msgs/share/cleaner_msgs/cmake/rosidl_cmake_export_typesupport_libraries-extras.cmake
[2.054s] -- Up-to-date: /home/sunny/cleaner_ws/phyAI_ws/install/cleaner_msgs/share/cleaner_msgs/cmake/cleaner_msgsConfig.cmake
[2.054s] -- Up-to-date: /home/sunny/cleaner_ws/phyAI_ws/install/cleaner_msgs/share/cleaner_msgs/cmake/cleaner_msgsConfig-version.cmake
[2.054s] -- Up-to-date: /home/sunny/cleaner_ws/phyAI_ws/install/cleaner_msgs/share/cleaner_msgs/package.xml
[2.055s] Invoked command in '/home/sunny/cleaner_ws/phyAI_ws/build/cleaner_msgs' returned '0': CMAKE_PREFIX_PATH=/opt/ros/humble /usr/bin/cmake --install /home/sunny/cleaner_ws/phyAI_ws/build/cleaner_msgs
