running egg_info
writing ../../build/vision_context_builder/vision_context_builder.egg-info/PKG-INFO
writing dependency_links to ../../build/vision_context_builder/vision_context_builder.egg-info/dependency_links.txt
writing entry points to ../../build/vision_context_builder/vision_context_builder.egg-info/entry_points.txt
writing requirements to ../../build/vision_context_builder/vision_context_builder.egg-info/requires.txt
writing top-level names to ../../build/vision_context_builder/vision_context_builder.egg-info/top_level.txt
reading manifest file '../../build/vision_context_builder/vision_context_builder.egg-info/SOURCES.txt'
adding license file 'LICENSE'
writing manifest file '../../build/vision_context_builder/vision_context_builder.egg-info/SOURCES.txt'
running build
running build_py
running install
running install_lib
running install_data
running install_egg_info
removing '/home/sunny/cleaner_ws/phyAI_ws/install/vision_context_builder/lib/python3.10/site-packages/vision_context_builder-0.0.0-py3.10.egg-info' (and everything under it)
Copying ../../build/vision_context_builder/vision_context_builder.egg-info to /home/sunny/cleaner_ws/phyAI_ws/install/vision_context_builder/lib/python3.10/site-packages/vision_context_builder-0.0.0-py3.10.egg-info
running install_scripts
Installing vision_context_builder_node script to /home/sunny/cleaner_ws/phyAI_ws/install/vision_context_builder/lib/vision_context_builder
writing list of installed files to '/home/sunny/cleaner_ws/phyAI_ws/build/vision_context_builder/install.log'
