[0.511s] Invoking command in '/home/sunny/cleaner_ws/phyAI_ws/src/vision_context_builder': CMAKE_PREFIX_PATH=/home/sunny/cleaner_ws/phyAI_ws/install/yolov8_msgs:/home/sunny/cleaner_ws/phyAI_ws/install/yolov8_bringup:/home/sunny/cleaner_ws/phyAI_ws/install/usb_cam:/home/sunny/cleaner_ws/phyAI_ws/install/cleaner_msgs PYTHONPATH=/home/sunny/cleaner_ws/phyAI_ws/build/vision_context_builder/prefix_override:/usr/lib/python3/dist-packages/colcon_core/task/python/colcon_distutils_commands:/home/sunny/cleaner_ws/phyAI_ws/install/vision_context_builder/lib/python3.10/site-packages:${PYTHONPATH} /usr/bin/python3 -W ignore:setup.py install is deprecated -W ignore:easy_install command is deprecated setup.py egg_info --egg-base ../../build/vision_context_builder build --build-base /home/sunny/cleaner_ws/phyAI_ws/build/vision_context_builder/build install --record /home/sunny/cleaner_ws/phyAI_ws/build/vision_context_builder/install.log --single-version-externally-managed install_data
[0.692s] running egg_info
[0.693s] writing ../../build/vision_context_builder/vision_context_builder.egg-info/PKG-INFO
[0.693s] writing dependency_links to ../../build/vision_context_builder/vision_context_builder.egg-info/dependency_links.txt
[0.693s] writing entry points to ../../build/vision_context_builder/vision_context_builder.egg-info/entry_points.txt
[0.693s] writing requirements to ../../build/vision_context_builder/vision_context_builder.egg-info/requires.txt
[0.693s] writing top-level names to ../../build/vision_context_builder/vision_context_builder.egg-info/top_level.txt
[0.694s] reading manifest file '../../build/vision_context_builder/vision_context_builder.egg-info/SOURCES.txt'
[0.695s] adding license file 'LICENSE'
[0.695s] writing manifest file '../../build/vision_context_builder/vision_context_builder.egg-info/SOURCES.txt'
[0.695s] running build
[0.695s] running build_py
[0.695s] running install
[0.695s] running install_lib
[0.696s] running install_data
[0.696s] running install_egg_info
[0.698s] removing '/home/sunny/cleaner_ws/phyAI_ws/install/vision_context_builder/lib/python3.10/site-packages/vision_context_builder-0.0.0-py3.10.egg-info' (and everything under it)
[0.698s] Copying ../../build/vision_context_builder/vision_context_builder.egg-info to /home/sunny/cleaner_ws/phyAI_ws/install/vision_context_builder/lib/python3.10/site-packages/vision_context_builder-0.0.0-py3.10.egg-info
[0.699s] running install_scripts
[0.713s] Installing vision_context_builder_node script to /home/sunny/cleaner_ws/phyAI_ws/install/vision_context_builder/lib/vision_context_builder
[0.713s] writing list of installed files to '/home/sunny/cleaner_ws/phyAI_ws/build/vision_context_builder/install.log'
[0.734s] Invoked command in '/home/sunny/cleaner_ws/phyAI_ws/src/vision_context_builder' returned '0': CMAKE_PREFIX_PATH=/home/sunny/cleaner_ws/phyAI_ws/install/yolov8_msgs:/home/sunny/cleaner_ws/phyAI_ws/install/yolov8_bringup:/home/sunny/cleaner_ws/phyAI_ws/install/usb_cam:/home/sunny/cleaner_ws/phyAI_ws/install/cleaner_msgs PYTHONPATH=/home/sunny/cleaner_ws/phyAI_ws/build/vision_context_builder/prefix_override:/usr/lib/python3/dist-packages/colcon_core/task/python/colcon_distutils_commands:/home/sunny/cleaner_ws/phyAI_ws/install/vision_context_builder/lib/python3.10/site-packages:${PYTHONPATH} /usr/bin/python3 -W ignore:setup.py install is deprecated -W ignore:easy_install command is deprecated setup.py egg_info --egg-base ../../build/vision_context_builder build --build-base /home/sunny/cleaner_ws/phyAI_ws/build/vision_context_builder/build install --record /home/sunny/cleaner_ws/phyAI_ws/build/vision_context_builder/install.log --single-version-externally-managed install_data
