[0.196s] Invoking command in '/home/sunny/cleaner_ws/phyAI_ws/build/ats_msgs': CMAKE_PREFIX_PATH=/opt/ros/humble /usr/bin/cmake /home/sunny/cleaner_ws/phyAI_ws/src/cleaner_msgs -DCMAKE_INSTALL_PREFIX=/home/sunny/cleaner_ws/phyAI_ws/install/ats_msgs
[0.762s] [31mCMake Error at /opt/ros/humble/share/rosidl_cmake/cmake/rosidl_generate_interfaces.cmake:93 (message):
[0.762s]   rosidl_generate_interfaces() the passed file 'msg/AtsState.msg' doesn't
[0.762s]   exist relative to the CMAKE_CURRENT_SOURCE_DIR
[0.762s]   '/home/sunny/cleaner_ws/phyAI_ws/src/cleaner_msgs'
[0.763s] Call Stack (most recent call first):
[0.763s]   CMakeLists.txt:13 (rosidl_generate_interfaces)
[0.763s] 
[0.763s] [0m
[0.763s] -- The C compiler identification is GNU 11.4.0
[0.763s] -- The CXX compiler identification is GNU 11.4.0
[0.764s] -- Detecting C compiler ABI info
[0.764s] -- Detecting C compiler ABI info - done
[0.764s] -- Check for working C compiler: /usr/bin/cc - skipped
[0.764s] -- Detecting C compile features
[0.764s] -- Detecting C compile features - done
[0.765s] -- Detecting CXX compiler ABI info
[0.765s] -- Detecting CXX compiler ABI info - done
[0.765s] -- Check for working CXX compiler: /usr/bin/c++ - skipped
[0.765s] -- Detecting CXX compile features
[0.765s] -- Detecting CXX compile features - done
[0.765s] -- Found ament_cmake: 1.3.14 (/opt/ros/humble/share/ament_cmake/cmake)
[0.765s] -- Found Python3: /usr/bin/python3 (found version "3.10.12") found components: Interpreter 
[0.766s] -- Found rosidl_default_generators: 1.2.1 (/opt/ros/humble/share/rosidl_default_generators/cmake)
[0.766s] -- Using all available rosidl_typesupport_c: rosidl_typesupport_fastrtps_c;rosidl_typesupport_introspection_c
[0.766s] -- Found rosidl_adapter: 3.1.8 (/opt/ros/humble/share/rosidl_adapter/cmake)
[0.766s] -- Using all available rosidl_typesupport_cpp: rosidl_typesupport_fastrtps_cpp;rosidl_typesupport_introspection_cpp
[0.766s] -- Found builtin_interfaces: 1.2.2 (/opt/ros/humble/share/builtin_interfaces/cmake)
[0.767s] -- Configuring incomplete, errors occurred!
[0.767s] See also "/home/sunny/cleaner_ws/phyAI_ws/build/ats_msgs/CMakeFiles/CMakeOutput.log".
[0.768s] Invoked command in '/home/sunny/cleaner_ws/phyAI_ws/build/ats_msgs' returned '1': CMAKE_PREFIX_PATH=/opt/ros/humble /usr/bin/cmake /home/sunny/cleaner_ws/phyAI_ws/src/cleaner_msgs -DCMAKE_INSTALL_PREFIX=/home/sunny/cleaner_ws/phyAI_ws/install/ats_msgs
