[0.217s] Invoking command in '/home/sunny/ros2_ws/build/cpp_svcli': CMAKE_PREFIX_PATH=${CMAKE_PREFIX_PATH}:/home/sunny/ros2_ws/install/yolov8_ros:/home/sunny/ros2_ws/install/gptapi:/opt/ros/humble /usr/bin/cmake /home/sunny/ros2_ws/src/cpp_svcli -DCMAKE_INSTALL_PREFIX=/home/sunny/ros2_ws/install/cpp_svcli
[0.421s] -- Found ament_cmake: 1.3.12 (/opt/ros/humble/share/ament_cmake/cmake)
[0.421s] -- Found rclcpp: 16.0.15 (/opt/ros/humble/share/rclcpp/cmake)
[0.421s] -- Found rosidl_generator_c: 3.1.7 (/opt/ros/humble/share/rosidl_generator_c/cmake)
[0.421s] -- Found rosidl_adapter: 3.1.7 (/opt/ros/humble/share/rosidl_adapter/cmake)
[0.421s] -- Found rosidl_generator_cpp: 3.1.7 (/opt/ros/humble/share/rosidl_generator_cpp/cmake)
[0.421s] -- Using all available rosidl_typesupport_c: rosidl_typesupport_fastrtps_c;rosidl_typesupport_introspection_c
[0.422s] -- Using all available rosidl_typesupport_cpp: rosidl_typesupport_fastrtps_cpp;rosidl_typesupport_introspection_cpp
[0.422s] -- Found rmw_implementation_cmake: 6.1.2 (/opt/ros/humble/share/rmw_implementation_cmake/cmake)
[0.422s] -- Found rmw_fastrtps_cpp: 6.2.9 (/opt/ros/humble/share/rmw_fastrtps_cpp/cmake)
[0.474s] -- Using RMW implementation 'rmw_fastrtps_cpp' as default
[0.522s] [31mCMake Error at CMakeLists.txt:11 (find_package):
[0.522s]   By not providing "Findexample_interface.cmake" in CMAKE_MODULE_PATH this
[0.523s]   project has asked CMake to find a package configuration file provided by
[0.523s]   "example_interface", but CMake did not find one.
[0.523s] 
[0.523s]   Could not find a package configuration file provided by "example_interface"
[0.523s]   with any of the following names:
[0.523s] 
[0.523s]     example_interfaceConfig.cmake
[0.523s]     example_interface-config.cmake
[0.523s] 
[0.523s]   Add the installation prefix of "example_interface" to CMAKE_PREFIX_PATH or
[0.523s]   set "example_interface_DIR" to a directory containing one of the above
[0.523s]   files.  If "example_interface" provides a separate development package or
[0.523s]   SDK, be sure it has been installed.
[0.523s] 
[0.523s] [0m
[0.523s] -- Configuring incomplete, errors occurred!
[0.523s] See also "/home/sunny/ros2_ws/build/cpp_svcli/CMakeFiles/CMakeOutput.log".
[0.536s] Invoked command in '/home/sunny/ros2_ws/build/cpp_svcli' returned '1': CMAKE_PREFIX_PATH=${CMAKE_PREFIX_PATH}:/home/sunny/ros2_ws/install/yolov8_ros:/home/sunny/ros2_ws/install/gptapi:/opt/ros/humble /usr/bin/cmake /home/sunny/ros2_ws/src/cpp_svcli -DCMAKE_INSTALL_PREFIX=/home/sunny/ros2_ws/install/cpp_svcli
