[0.005s] Invoking command in '/home/sunny/cleaner_ws/phyAI_ws/build/cleaner_msgs': /usr/bin/cmake /home/sunny/cleaner_ws/phyAI_ws/src/cleaner_msgs -DCMAKE_INSTALL_PREFIX=/home/sunny/cleaner_ws/phyAI_ws/install/cleaner_msgs
[0.049s] -- The C compiler identification is GNU 11.4.0
[0.092s] -- The CXX compiler identification is GNU 11.4.0
[0.098s] -- Detecting C compiler ABI info
[0.156s] -- Detecting C compiler ABI info - done
[0.160s] -- Check for working C compiler: /usr/bin/cc - skipped
[0.160s] -- Detecting C compile features
[0.161s] -- Detecting C compile features - done
[0.163s] -- Detecting CXX compiler ABI info
[0.233s] -- Detecting CXX compiler ABI info - done
[0.237s] -- Check for working CXX compiler: /usr/bin/c++ - skipped
[0.237s] -- Detecting CXX compile features
[0.237s] -- Detecting CXX compile features - done
[0.247s] CMake Error at CMakeLists.txt:4 (find_package):
[0.247s]   By not providing "Findament_cmake.cmake" in CMAKE_MODULE_PATH this project
[0.247s]   has asked CMake to find a package configuration file provided by
[0.247s]   "ament_cmake", but CMake did not find one.
[0.247s] 
[0.247s]   Could not find a package configuration file provided by "ament_cmake" with
[0.248s]   any of the following names:
[0.248s] 
[0.248s]     ament_cmakeConfig.cmake
[0.248s]     ament_cmake-config.cmake
[0.248s] 
[0.248s]   Add the installation prefix of "ament_cmake" to CMAKE_PREFIX_PATH or set
[0.248s]   "ament_cmake_DIR" to a directory containing one of the above files.  If
[0.248s]   "ament_cmake" provides a separate development package or SDK, be sure it
[0.248s]   has been installed.
[0.248s] 
[0.248s] 
[0.248s] -- Configuring incomplete, errors occurred!
[0.248s] See also "/home/sunny/cleaner_ws/phyAI_ws/build/cleaner_msgs/CMakeFiles/CMakeOutput.log".
[30.031s] Invoked command in '/home/sunny/cleaner_ws/phyAI_ws/build/cleaner_msgs' returned '1': /usr/bin/cmake /home/sunny/cleaner_ws/phyAI_ws/src/cleaner_msgs -DCMAKE_INSTALL_PREFIX=/home/sunny/cleaner_ws/phyAI_ws/install/cleaner_msgs
