[0.898s] Invoking command in '/home/sunny/cleaner_ws/phyAI_ws/src/cleaner_system2': AMENT_PREFIX_PATH=/home/sunny/cleaner_ws/phyAI_ws/install/cleaner_msgs:${AMENT_PREFIX_PATH} CMAKE_PREFIX_PATH=/home/sunny/cleaner_ws/phyAI_ws/install/cleaner_msgs LD_LIBRARY_PATH=/home/sunny/cleaner_ws/phyAI_ws/install/cleaner_msgs/lib:${LD_LIBRARY_PATH} PYTHONPATH=/home/sunny/cleaner_ws/phyAI_ws/build/cleaner_system2/prefix_override:/usr/lib/python3/dist-packages/colcon_core/task/python/colcon_distutils_commands:/home/sunny/cleaner_ws/phyAI_ws/install/cleaner_system2/lib/python3.10/site-packages:/home/sunny/cleaner_ws/phyAI_ws/install/cleaner_msgs/local/lib/python3.10/dist-packages:${PYTHONPATH} /usr/bin/python3 -W ignore:setup.py install is deprecated -W ignore:easy_install command is deprecated setup.py egg_info --egg-base ../../build/cleaner_system2 build --build-base /home/sunny/cleaner_ws/phyAI_ws/build/cleaner_system2/build install --record /home/sunny/cleaner_ws/phyAI_ws/build/cleaner_system2/install.log --single-version-externally-managed install_data
[1.138s] running egg_info
[1.140s] writing ../../build/cleaner_system2/cleaner_system2.egg-info/PKG-INFO
[1.140s] writing dependency_links to ../../build/cleaner_system2/cleaner_system2.egg-info/dependency_links.txt
[1.140s] writing entry points to ../../build/cleaner_system2/cleaner_system2.egg-info/entry_points.txt
[1.140s] writing requirements to ../../build/cleaner_system2/cleaner_system2.egg-info/requires.txt
[1.140s] writing top-level names to ../../build/cleaner_system2/cleaner_system2.egg-info/top_level.txt
[1.142s] reading manifest file '../../build/cleaner_system2/cleaner_system2.egg-info/SOURCES.txt'
[1.142s] adding license file 'LICENSE'
[1.143s] writing manifest file '../../build/cleaner_system2/cleaner_system2.egg-info/SOURCES.txt'
[1.143s] running build
[1.143s] running build_py
[1.144s] copying cleaner_system2/system2_node.py -> /home/sunny/cleaner_ws/phyAI_ws/build/cleaner_system2/build/lib/cleaner_system2
[1.144s] running install
[1.144s] running install_lib
[1.148s] copying /home/sunny/cleaner_ws/phyAI_ws/build/cleaner_system2/build/lib/cleaner_system2/system2_node.py -> /home/sunny/cleaner_ws/phyAI_ws/install/cleaner_system2/lib/python3.10/site-packages/cleaner_system2
[1.148s] byte-compiling /home/sunny/cleaner_ws/phyAI_ws/install/cleaner_system2/lib/python3.10/site-packages/cleaner_system2/system2_node.py to system2_node.cpython-310.pyc
[1.150s] running install_data
[1.150s] running install_egg_info
[1.152s] removing '/home/sunny/cleaner_ws/phyAI_ws/install/cleaner_system2/lib/python3.10/site-packages/cleaner_system2-0.0.1-py3.10.egg-info' (and everything under it)
[1.152s] Copying ../../build/cleaner_system2/cleaner_system2.egg-info to /home/sunny/cleaner_ws/phyAI_ws/install/cleaner_system2/lib/python3.10/site-packages/cleaner_system2-0.0.1-py3.10.egg-info
[1.153s] running install_scripts
[1.171s] Installing system2_node script to /home/sunny/cleaner_ws/phyAI_ws/install/cleaner_system2/lib/cleaner_system2
[1.172s] writing list of installed files to '/home/sunny/cleaner_ws/phyAI_ws/build/cleaner_system2/install.log'
[1.215s] Invoked command in '/home/sunny/cleaner_ws/phyAI_ws/src/cleaner_system2' returned '0': AMENT_PREFIX_PATH=/home/sunny/cleaner_ws/phyAI_ws/install/cleaner_msgs:${AMENT_PREFIX_PATH} CMAKE_PREFIX_PATH=/home/sunny/cleaner_ws/phyAI_ws/install/cleaner_msgs LD_LIBRARY_PATH=/home/sunny/cleaner_ws/phyAI_ws/install/cleaner_msgs/lib:${LD_LIBRARY_PATH} PYTHONPATH=/home/sunny/cleaner_ws/phyAI_ws/build/cleaner_system2/prefix_override:/usr/lib/python3/dist-packages/colcon_core/task/python/colcon_distutils_commands:/home/sunny/cleaner_ws/phyAI_ws/install/cleaner_system2/lib/python3.10/site-packages:/home/sunny/cleaner_ws/phyAI_ws/install/cleaner_msgs/local/lib/python3.10/dist-packages:${PYTHONPATH} /usr/bin/python3 -W ignore:setup.py install is deprecated -W ignore:easy_install command is deprecated setup.py egg_info --egg-base ../../build/cleaner_system2 build --build-base /home/sunny/cleaner_ws/phyAI_ws/build/cleaner_system2/build install --record /home/sunny/cleaner_ws/phyAI_ws/build/cleaner_system2/install.log --single-version-externally-managed install_data
