[0.012s] Invoking command in '/home/sunny/ros2_ws/build/action_tutorials_cpp': CMAKE_PREFIX_PATH=/home/sunny/ros2_ws/install/action_tutorials_interfaces:/home/sunny/ros2_ws/install/action_tutorials_cpp:/home/sunny/ros2_ws/install/yolov8_bringup:/home/sunny/ros2_ws/install/yolov8_msgs:/home/sunny/ros2_ws/install/usb_cam:/home/sunny/ros2_ws/install/turtlesim:/home/sunny/ros2_ws/install/my_package:/home/sunny/ros2_ws/install/cpp_svcli:/home/sunny/ros2_ws/install/cpp_pubsub:/home/sunny/ros2_ws/install/yolov8_ros:/home/sunny/ros2_ws/install/gptapi:/opt/ros/humble LD_LIBRARY_PATH=/home/sunny/ros2_ws/install/action_tutorials_interfaces/lib:/home/sunny/ros2_ws/install/action_tutorials_cpp/lib:/usr/local/cuda/lib64:/home/sunny/ros2_ws/install/yolov8_msgs/lib:/home/sunny/ros2_ws/install/usb_cam/lib:/home/sunny/ros2_ws/install/turtlesim/lib:/opt/ros/humble/opt/rviz_ogre_vendor/lib:/opt/ros/humble/lib/x86_64-linux-gnu:/opt/ros/humble/lib /usr/bin/cmake --build /home/sunny/ros2_ws/build/action_tutorials_cpp -- -j16 -l16
[0.067s] [35m[1mConsolidate compiler generated dependencies of target action_server[0m
[0.087s] [ 25%] Built target action_server
[0.100s] [35m[1mConsolidate compiler generated dependencies of target fibonacci_action_client[0m
[0.120s] [ 50%] Built target fibonacci_action_client
[0.135s] [35m[1mConsolidate compiler generated dependencies of target fibonacci_action_server[0m
[0.156s] [ 75%] Built target fibonacci_action_server
[0.169s] [35m[1mConsolidate compiler generated dependencies of target action_client[0m
[0.189s] [100%] Built target action_client
[0.201s] Invoked command in '/home/sunny/ros2_ws/build/action_tutorials_cpp' returned '0': CMAKE_PREFIX_PATH=/home/sunny/ros2_ws/install/action_tutorials_interfaces:/home/sunny/ros2_ws/install/action_tutorials_cpp:/home/sunny/ros2_ws/install/yolov8_bringup:/home/sunny/ros2_ws/install/yolov8_msgs:/home/sunny/ros2_ws/install/usb_cam:/home/sunny/ros2_ws/install/turtlesim:/home/sunny/ros2_ws/install/my_package:/home/sunny/ros2_ws/install/cpp_svcli:/home/sunny/ros2_ws/install/cpp_pubsub:/home/sunny/ros2_ws/install/yolov8_ros:/home/sunny/ros2_ws/install/gptapi:/opt/ros/humble LD_LIBRARY_PATH=/home/sunny/ros2_ws/install/action_tutorials_interfaces/lib:/home/sunny/ros2_ws/install/action_tutorials_cpp/lib:/usr/local/cuda/lib64:/home/sunny/ros2_ws/install/yolov8_msgs/lib:/home/sunny/ros2_ws/install/usb_cam/lib:/home/sunny/ros2_ws/install/turtlesim/lib:/opt/ros/humble/opt/rviz_ogre_vendor/lib:/opt/ros/humble/lib/x86_64-linux-gnu:/opt/ros/humble/lib /usr/bin/cmake --build /home/sunny/ros2_ws/build/action_tutorials_cpp -- -j16 -l16
[0.203s] Invoking command in '/home/sunny/ros2_ws/build/action_tutorials_cpp': CMAKE_PREFIX_PATH=/home/sunny/ros2_ws/install/action_tutorials_interfaces:/home/sunny/ros2_ws/install/action_tutorials_cpp:/home/sunny/ros2_ws/install/yolov8_bringup:/home/sunny/ros2_ws/install/yolov8_msgs:/home/sunny/ros2_ws/install/usb_cam:/home/sunny/ros2_ws/install/turtlesim:/home/sunny/ros2_ws/install/my_package:/home/sunny/ros2_ws/install/cpp_svcli:/home/sunny/ros2_ws/install/cpp_pubsub:/home/sunny/ros2_ws/install/yolov8_ros:/home/sunny/ros2_ws/install/gptapi:/opt/ros/humble LD_LIBRARY_PATH=/home/sunny/ros2_ws/install/action_tutorials_interfaces/lib:/home/sunny/ros2_ws/install/action_tutorials_cpp/lib:/usr/local/cuda/lib64:/home/sunny/ros2_ws/install/yolov8_msgs/lib:/home/sunny/ros2_ws/install/usb_cam/lib:/home/sunny/ros2_ws/install/turtlesim/lib:/opt/ros/humble/opt/rviz_ogre_vendor/lib:/opt/ros/humble/lib/x86_64-linux-gnu:/opt/ros/humble/lib /usr/bin/cmake --install /home/sunny/ros2_ws/build/action_tutorials_cpp
[0.212s] -- Install configuration: ""
[0.212s] -- Up-to-date: /home/sunny/ros2_ws/install/action_tutorials_cpp/lib/action_tutorials_cpp/fibonacci_action_server
[0.212s] -- Up-to-date: /home/sunny/ros2_ws/install/action_tutorials_cpp/lib/action_tutorials_cpp/fibonacci_action_client
[0.213s] -- Up-to-date: /home/sunny/ros2_ws/install/action_tutorials_cpp/lib/libaction_server.so
[0.213s] -- Up-to-date: /home/sunny/ros2_ws/install/action_tutorials_cpp/lib/libaction_client.so
[0.213s] -- Up-to-date: /home/sunny/ros2_ws/install/action_tutorials_cpp/share/ament_index/resource_index/package_run_dependencies/action_tutorials_cpp
[0.213s] -- Up-to-date: /home/sunny/ros2_ws/install/action_tutorials_cpp/share/ament_index/resource_index/parent_prefix_path/action_tutorials_cpp
[0.213s] -- Up-to-date: /home/sunny/ros2_ws/install/action_tutorials_cpp/share/action_tutorials_cpp/environment/ament_prefix_path.sh
[0.213s] -- Up-to-date: /home/sunny/ros2_ws/install/action_tutorials_cpp/share/action_tutorials_cpp/environment/ament_prefix_path.dsv
[0.213s] -- Up-to-date: /home/sunny/ros2_ws/install/action_tutorials_cpp/share/action_tutorials_cpp/environment/path.sh
[0.214s] -- Up-to-date: /home/sunny/ros2_ws/install/action_tutorials_cpp/share/action_tutorials_cpp/environment/path.dsv
[0.214s] -- Up-to-date: /home/sunny/ros2_ws/install/action_tutorials_cpp/share/action_tutorials_cpp/local_setup.bash
[0.214s] -- Up-to-date: /home/sunny/ros2_ws/install/action_tutorials_cpp/share/action_tutorials_cpp/local_setup.sh
[0.214s] -- Up-to-date: /home/sunny/ros2_ws/install/action_tutorials_cpp/share/action_tutorials_cpp/local_setup.zsh
[0.214s] -- Up-to-date: /home/sunny/ros2_ws/install/action_tutorials_cpp/share/action_tutorials_cpp/local_setup.dsv
[0.214s] -- Installing: /home/sunny/ros2_ws/install/action_tutorials_cpp/share/action_tutorials_cpp/package.dsv
[0.214s] -- Up-to-date: /home/sunny/ros2_ws/install/action_tutorials_cpp/share/ament_index/resource_index/packages/action_tutorials_cpp
[0.214s] -- Up-to-date: /home/sunny/ros2_ws/install/action_tutorials_cpp/share/ament_index/resource_index/rclcpp_components/action_tutorials_cpp
[0.214s] -- Up-to-date: /home/sunny/ros2_ws/install/action_tutorials_cpp/share/action_tutorials_cpp/cmake/action_tutorials_cppConfig.cmake
[0.214s] -- Up-to-date: /home/sunny/ros2_ws/install/action_tutorials_cpp/share/action_tutorials_cpp/cmake/action_tutorials_cppConfig-version.cmake
[0.214s] -- Up-to-date: /home/sunny/ros2_ws/install/action_tutorials_cpp/share/action_tutorials_cpp/package.xml
[0.216s] Invoked command in '/home/sunny/ros2_ws/build/action_tutorials_cpp' returned '0': CMAKE_PREFIX_PATH=/home/sunny/ros2_ws/install/action_tutorials_interfaces:/home/sunny/ros2_ws/install/action_tutorials_cpp:/home/sunny/ros2_ws/install/yolov8_bringup:/home/sunny/ros2_ws/install/yolov8_msgs:/home/sunny/ros2_ws/install/usb_cam:/home/sunny/ros2_ws/install/turtlesim:/home/sunny/ros2_ws/install/my_package:/home/sunny/ros2_ws/install/cpp_svcli:/home/sunny/ros2_ws/install/cpp_pubsub:/home/sunny/ros2_ws/install/yolov8_ros:/home/sunny/ros2_ws/install/gptapi:/opt/ros/humble LD_LIBRARY_PATH=/home/sunny/ros2_ws/install/action_tutorials_interfaces/lib:/home/sunny/ros2_ws/install/action_tutorials_cpp/lib:/usr/local/cuda/lib64:/home/sunny/ros2_ws/install/yolov8_msgs/lib:/home/sunny/ros2_ws/install/usb_cam/lib:/home/sunny/ros2_ws/install/turtlesim/lib:/opt/ros/humble/opt/rviz_ogre_vendor/lib:/opt/ros/humble/lib/x86_64-linux-gnu:/opt/ros/humble/lib /usr/bin/cmake --install /home/sunny/ros2_ws/build/action_tutorials_cpp
