running egg_info
creating ../../build/cleaner_system2/cleaner_system2.egg-info
writing ../../build/cleaner_system2/cleaner_system2.egg-info/PKG-INFO
writing dependency_links to ../../build/cleaner_system2/cleaner_system2.egg-info/dependency_links.txt
writing entry points to ../../build/cleaner_system2/cleaner_system2.egg-info/entry_points.txt
writing requirements to ../../build/cleaner_system2/cleaner_system2.egg-info/requires.txt
writing top-level names to ../../build/cleaner_system2/cleaner_system2.egg-info/top_level.txt
writing manifest file '../../build/cleaner_system2/cleaner_system2.egg-info/SOURCES.txt'
reading manifest file '../../build/cleaner_system2/cleaner_system2.egg-info/SOURCES.txt'
adding license file 'LICENSE'
writing manifest file '../../build/cleaner_system2/cleaner_system2.egg-info/SOURCES.txt'
running build
running build_py
creating /home/sunny/cleaner_ws/phyAI_ws/build/cleaner_system2/build
creating /home/sunny/cleaner_ws/phyAI_ws/build/cleaner_system2/build/lib
creating /home/sunny/cleaner_ws/phyAI_ws/build/cleaner_system2/build/lib/cleaner_system2
copying cleaner_system2/models.py -> /home/sunny/cleaner_ws/phyAI_ws/build/cleaner_system2/build/lib/cleaner_system2
copying cleaner_system2/__init__.py -> /home/sunny/cleaner_ws/phyAI_ws/build/cleaner_system2/build/lib/cleaner_system2
copying cleaner_system2/system2_node.py -> /home/sunny/cleaner_ws/phyAI_ws/build/cleaner_system2/build/lib/cleaner_system2
copying cleaner_system2/llm_planner.py -> /home/sunny/cleaner_ws/phyAI_ws/build/cleaner_system2/build/lib/cleaner_system2
creating /home/sunny/cleaner_ws/phyAI_ws/build/cleaner_system2/build/lib/cleaner_system2/utils
copying cleaner_system2/utils/__init__.py -> /home/sunny/cleaner_ws/phyAI_ws/build/cleaner_system2/build/lib/cleaner_system2/utils
copying cleaner_system2/utils/visualizer.py -> /home/sunny/cleaner_ws/phyAI_ws/build/cleaner_system2/build/lib/cleaner_system2/utils
running install
running install_lib
creating /home/sunny/cleaner_ws/phyAI_ws/install/cleaner_system2/lib/python3.10/site-packages/cleaner_system2
copying /home/sunny/cleaner_ws/phyAI_ws/build/cleaner_system2/build/lib/cleaner_system2/models.py -> /home/sunny/cleaner_ws/phyAI_ws/install/cleaner_system2/lib/python3.10/site-packages/cleaner_system2
copying /home/sunny/cleaner_ws/phyAI_ws/build/cleaner_system2/build/lib/cleaner_system2/__init__.py -> /home/sunny/cleaner_ws/phyAI_ws/install/cleaner_system2/lib/python3.10/site-packages/cleaner_system2
copying /home/sunny/cleaner_ws/phyAI_ws/build/cleaner_system2/build/lib/cleaner_system2/system2_node.py -> /home/sunny/cleaner_ws/phyAI_ws/install/cleaner_system2/lib/python3.10/site-packages/cleaner_system2
creating /home/sunny/cleaner_ws/phyAI_ws/install/cleaner_system2/lib/python3.10/site-packages/cleaner_system2/utils
copying /home/sunny/cleaner_ws/phyAI_ws/build/cleaner_system2/build/lib/cleaner_system2/utils/__init__.py -> /home/sunny/cleaner_ws/phyAI_ws/install/cleaner_system2/lib/python3.10/site-packages/cleaner_system2/utils
copying /home/sunny/cleaner_ws/phyAI_ws/build/cleaner_system2/build/lib/cleaner_system2/utils/visualizer.py -> /home/sunny/cleaner_ws/phyAI_ws/install/cleaner_system2/lib/python3.10/site-packages/cleaner_system2/utils
copying /home/sunny/cleaner_ws/phyAI_ws/build/cleaner_system2/build/lib/cleaner_system2/llm_planner.py -> /home/sunny/cleaner_ws/phyAI_ws/install/cleaner_system2/lib/python3.10/site-packages/cleaner_system2
byte-compiling /home/sunny/cleaner_ws/phyAI_ws/install/cleaner_system2/lib/python3.10/site-packages/cleaner_system2/models.py to models.cpython-310.pyc
byte-compiling /home/sunny/cleaner_ws/phyAI_ws/install/cleaner_system2/lib/python3.10/site-packages/cleaner_system2/__init__.py to __init__.cpython-310.pyc
byte-compiling /home/sunny/cleaner_ws/phyAI_ws/install/cleaner_system2/lib/python3.10/site-packages/cleaner_system2/system2_node.py to system2_node.cpython-310.pyc
byte-compiling /home/sunny/cleaner_ws/phyAI_ws/install/cleaner_system2/lib/python3.10/site-packages/cleaner_system2/utils/__init__.py to __init__.cpython-310.pyc
byte-compiling /home/sunny/cleaner_ws/phyAI_ws/install/cleaner_system2/lib/python3.10/site-packages/cleaner_system2/utils/visualizer.py to visualizer.cpython-310.pyc
byte-compiling /home/sunny/cleaner_ws/phyAI_ws/install/cleaner_system2/lib/python3.10/site-packages/cleaner_system2/llm_planner.py to llm_planner.cpython-310.pyc
running install_data
creating /home/sunny/cleaner_ws/phyAI_ws/install/cleaner_system2/share/ament_index
creating /home/sunny/cleaner_ws/phyAI_ws/install/cleaner_system2/share/ament_index/resource_index
creating /home/sunny/cleaner_ws/phyAI_ws/install/cleaner_system2/share/ament_index/resource_index/packages
copying resource/cleaner_system2 -> /home/sunny/cleaner_ws/phyAI_ws/install/cleaner_system2/share/ament_index/resource_index/packages
copying package.xml -> /home/sunny/cleaner_ws/phyAI_ws/install/cleaner_system2/share/cleaner_system2
running install_egg_info
Copying ../../build/cleaner_system2/cleaner_system2.egg-info to /home/sunny/cleaner_ws/phyAI_ws/install/cleaner_system2/lib/python3.10/site-packages/cleaner_system2-0.0.1-py3.10.egg-info
running install_scripts
Installing system2_node script to /home/sunny/cleaner_ws/phyAI_ws/install/cleaner_system2/lib/cleaner_system2
writing list of installed files to '/home/sunny/cleaner_ws/phyAI_ws/build/cleaner_system2/install.log'
