[1.335s] Invoking command in '/home/sunny/cleaner_ws/phyAI_ws/src/cleaner_system2': PYTHONPATH=/home/sunny/cleaner_ws/phyAI_ws/build/cleaner_system2/prefix_override:/usr/lib/python3/dist-packages/colcon_core/task/python/colcon_distutils_commands:/home/sunny/cleaner_ws/phyAI_ws/install/cleaner_system2/lib/python3.10/site-packages:${PYTHONPATH} /usr/bin/python3 -W ignore:setup.py install is deprecated -W ignore:easy_install command is deprecated setup.py egg_info --egg-base ../../build/cleaner_system2 build --build-base /home/sunny/cleaner_ws/phyAI_ws/build/cleaner_system2/build install --record /home/sunny/cleaner_ws/phyAI_ws/build/cleaner_system2/install.log --single-version-externally-managed install_data
[1.700s] running egg_info
[1.700s] creating ../../build/cleaner_system2/cleaner_system2.egg-info
[1.700s] writing ../../build/cleaner_system2/cleaner_system2.egg-info/PKG-INFO
[1.700s] writing dependency_links to ../../build/cleaner_system2/cleaner_system2.egg-info/dependency_links.txt
[1.700s] writing entry points to ../../build/cleaner_system2/cleaner_system2.egg-info/entry_points.txt
[1.700s] writing requirements to ../../build/cleaner_system2/cleaner_system2.egg-info/requires.txt
[1.704s] writing top-level names to ../../build/cleaner_system2/cleaner_system2.egg-info/top_level.txt
[1.704s] writing manifest file '../../build/cleaner_system2/cleaner_system2.egg-info/SOURCES.txt'
[1.704s] reading manifest file '../../build/cleaner_system2/cleaner_system2.egg-info/SOURCES.txt'
[1.704s] adding license file 'LICENSE'
[1.704s] writing manifest file '../../build/cleaner_system2/cleaner_system2.egg-info/SOURCES.txt'
[1.704s] running build
[1.704s] running build_py
[1.704s] creating /home/sunny/cleaner_ws/phyAI_ws/build/cleaner_system2/build
[1.704s] creating /home/sunny/cleaner_ws/phyAI_ws/build/cleaner_system2/build/lib
[1.704s] creating /home/sunny/cleaner_ws/phyAI_ws/build/cleaner_system2/build/lib/cleaner_system2
[1.704s] copying cleaner_system2/models.py -> /home/sunny/cleaner_ws/phyAI_ws/build/cleaner_system2/build/lib/cleaner_system2
[1.708s] copying cleaner_system2/__init__.py -> /home/sunny/cleaner_ws/phyAI_ws/build/cleaner_system2/build/lib/cleaner_system2
[1.708s] copying cleaner_system2/system2_node.py -> /home/sunny/cleaner_ws/phyAI_ws/build/cleaner_system2/build/lib/cleaner_system2
[1.708s] copying cleaner_system2/llm_planner.py -> /home/sunny/cleaner_ws/phyAI_ws/build/cleaner_system2/build/lib/cleaner_system2
[1.708s] creating /home/sunny/cleaner_ws/phyAI_ws/build/cleaner_system2/build/lib/cleaner_system2/utils
[1.708s] copying cleaner_system2/utils/__init__.py -> /home/sunny/cleaner_ws/phyAI_ws/build/cleaner_system2/build/lib/cleaner_system2/utils
[1.708s] copying cleaner_system2/utils/visualizer.py -> /home/sunny/cleaner_ws/phyAI_ws/build/cleaner_system2/build/lib/cleaner_system2/utils
[1.708s] running install
[1.708s] running install_lib
[1.708s] creating /home/sunny/cleaner_ws/phyAI_ws/install/cleaner_system2/lib/python3.10/site-packages/cleaner_system2
[1.708s] copying /home/sunny/cleaner_ws/phyAI_ws/build/cleaner_system2/build/lib/cleaner_system2/models.py -> /home/sunny/cleaner_ws/phyAI_ws/install/cleaner_system2/lib/python3.10/site-packages/cleaner_system2
[1.709s] copying /home/sunny/cleaner_ws/phyAI_ws/build/cleaner_system2/build/lib/cleaner_system2/__init__.py -> /home/sunny/cleaner_ws/phyAI_ws/install/cleaner_system2/lib/python3.10/site-packages/cleaner_system2
[1.709s] copying /home/sunny/cleaner_ws/phyAI_ws/build/cleaner_system2/build/lib/cleaner_system2/system2_node.py -> /home/sunny/cleaner_ws/phyAI_ws/install/cleaner_system2/lib/python3.10/site-packages/cleaner_system2
[1.709s] creating /home/sunny/cleaner_ws/phyAI_ws/install/cleaner_system2/lib/python3.10/site-packages/cleaner_system2/utils
[1.709s] copying /home/sunny/cleaner_ws/phyAI_ws/build/cleaner_system2/build/lib/cleaner_system2/utils/__init__.py -> /home/sunny/cleaner_ws/phyAI_ws/install/cleaner_system2/lib/python3.10/site-packages/cleaner_system2/utils
[1.709s] copying /home/sunny/cleaner_ws/phyAI_ws/build/cleaner_system2/build/lib/cleaner_system2/utils/visualizer.py -> /home/sunny/cleaner_ws/phyAI_ws/install/cleaner_system2/lib/python3.10/site-packages/cleaner_system2/utils
[1.709s] copying /home/sunny/cleaner_ws/phyAI_ws/build/cleaner_system2/build/lib/cleaner_system2/llm_planner.py -> /home/sunny/cleaner_ws/phyAI_ws/install/cleaner_system2/lib/python3.10/site-packages/cleaner_system2
[1.709s] byte-compiling /home/sunny/cleaner_ws/phyAI_ws/install/cleaner_system2/lib/python3.10/site-packages/cleaner_system2/models.py to models.cpython-310.pyc
[1.709s] byte-compiling /home/sunny/cleaner_ws/phyAI_ws/install/cleaner_system2/lib/python3.10/site-packages/cleaner_system2/__init__.py to __init__.cpython-310.pyc
[1.709s] byte-compiling /home/sunny/cleaner_ws/phyAI_ws/install/cleaner_system2/lib/python3.10/site-packages/cleaner_system2/system2_node.py to system2_node.cpython-310.pyc
[1.710s] byte-compiling /home/sunny/cleaner_ws/phyAI_ws/install/cleaner_system2/lib/python3.10/site-packages/cleaner_system2/utils/__init__.py to __init__.cpython-310.pyc
[1.711s] byte-compiling /home/sunny/cleaner_ws/phyAI_ws/install/cleaner_system2/lib/python3.10/site-packages/cleaner_system2/utils/visualizer.py to visualizer.cpython-310.pyc
[1.712s] byte-compiling /home/sunny/cleaner_ws/phyAI_ws/install/cleaner_system2/lib/python3.10/site-packages/cleaner_system2/llm_planner.py to llm_planner.cpython-310.pyc
[1.713s] running install_data
[1.713s] creating /home/sunny/cleaner_ws/phyAI_ws/install/cleaner_system2/share/ament_index
[1.713s] creating /home/sunny/cleaner_ws/phyAI_ws/install/cleaner_system2/share/ament_index/resource_index
[1.713s] creating /home/sunny/cleaner_ws/phyAI_ws/install/cleaner_system2/share/ament_index/resource_index/packages
[1.713s] copying resource/cleaner_system2 -> /home/sunny/cleaner_ws/phyAI_ws/install/cleaner_system2/share/ament_index/resource_index/packages
[1.713s] copying package.xml -> /home/sunny/cleaner_ws/phyAI_ws/install/cleaner_system2/share/cleaner_system2
[1.713s] running install_egg_info
[1.717s] Copying ../../build/cleaner_system2/cleaner_system2.egg-info to /home/sunny/cleaner_ws/phyAI_ws/install/cleaner_system2/lib/python3.10/site-packages/cleaner_system2-0.0.1-py3.10.egg-info
[1.717s] running install_scripts
[1.744s] Installing system2_node script to /home/sunny/cleaner_ws/phyAI_ws/install/cleaner_system2/lib/cleaner_system2
[1.745s] writing list of installed files to '/home/sunny/cleaner_ws/phyAI_ws/build/cleaner_system2/install.log'
[1.841s] Invoked command in '/home/sunny/cleaner_ws/phyAI_ws/src/cleaner_system2' returned '0': PYTHONPATH=/home/sunny/cleaner_ws/phyAI_ws/build/cleaner_system2/prefix_override:/usr/lib/python3/dist-packages/colcon_core/task/python/colcon_distutils_commands:/home/sunny/cleaner_ws/phyAI_ws/install/cleaner_system2/lib/python3.10/site-packages:${PYTHONPATH} /usr/bin/python3 -W ignore:setup.py install is deprecated -W ignore:easy_install command is deprecated setup.py egg_info --egg-base ../../build/cleaner_system2 build --build-base /home/sunny/cleaner_ws/phyAI_ws/build/cleaner_system2/build install --record /home/sunny/cleaner_ws/phyAI_ws/build/cleaner_system2/install.log --single-version-externally-managed install_data
