[0.747s] Invoking command in '/home/sunny/ros2_ws/src/gptapi': PYTHONPATH=/home/sunny/ros2_ws/build/gptapi/prefix_override:/usr/lib/python3/dist-packages/colcon_core/task/python/colcon_distutils_commands:/home/sunny/ros2_ws/install/gptapi/lib/python3.10/site-packages:${PYTHONPATH} /usr/bin/python3 -W ignore:setup.py install is deprecated -W ignore:easy_install command is deprecated setup.py egg_info --egg-base ../../build/gptapi build --build-base /home/sunny/ros2_ws/build/gptapi/build install --record /home/sunny/ros2_ws/build/gptapi/install.log --single-version-externally-managed install_data
[0.940s] running egg_info
[0.941s] writing ../../build/gptapi/gptapi.egg-info/PKG-INFO
[0.941s] writing dependency_links to ../../build/gptapi/gptapi.egg-info/dependency_links.txt
[0.941s] writing entry points to ../../build/gptapi/gptapi.egg-info/entry_points.txt
[0.941s] writing requirements to ../../build/gptapi/gptapi.egg-info/requires.txt
[0.941s] writing top-level names to ../../build/gptapi/gptapi.egg-info/top_level.txt
[0.942s] reading manifest file '../../build/gptapi/gptapi.egg-info/SOURCES.txt'
[0.942s] writing manifest file '../../build/gptapi/gptapi.egg-info/SOURCES.txt'
[0.942s] running build
[0.942s] running build_py
[0.942s] running install
[0.943s] running install_lib
[0.944s] running install_data
[0.944s] running install_egg_info
[0.945s] removing '/home/sunny/ros2_ws/install/gptapi/lib/python3.10/site-packages/gptapi-0.0.0-py3.10.egg-info' (and everything under it)
[0.945s] Copying ../../build/gptapi/gptapi.egg-info to /home/sunny/ros2_ws/install/gptapi/lib/python3.10/site-packages/gptapi-0.0.0-py3.10.egg-info
[0.946s] running install_scripts
[0.962s] Installing action_generator script to /home/sunny/ros2_ws/install/gptapi/lib/gptapi
[0.962s] Installing action_interpreter script to /home/sunny/ros2_ws/install/gptapi/lib/gptapi
[0.962s] writing list of installed files to '/home/sunny/ros2_ws/build/gptapi/install.log'
[0.995s] Invoked command in '/home/sunny/ros2_ws/src/gptapi' returned '0': PYTHONPATH=/home/sunny/ros2_ws/build/gptapi/prefix_override:/usr/lib/python3/dist-packages/colcon_core/task/python/colcon_distutils_commands:/home/sunny/ros2_ws/install/gptapi/lib/python3.10/site-packages:${PYTHONPATH} /usr/bin/python3 -W ignore:setup.py install is deprecated -W ignore:easy_install command is deprecated setup.py egg_info --egg-base ../../build/gptapi build --build-base /home/sunny/ros2_ws/build/gptapi/build install --record /home/sunny/ros2_ws/build/gptapi/install.log --single-version-externally-managed install_data
