[0.918s] Invoking command in '/home/sunny/ros2_ws/src/gptapi': PYTHONPATH=/home/sunny/ros2_ws/build/gptapi/prefix_override:/usr/lib/python3/dist-packages/colcon_core/task/python/colcon_distutils_commands:/home/sunny/ros2_ws/install/gptapi/lib/python3.10/site-packages:${PYTHONPATH} /usr/bin/python3 -W ignore:setup.py install is deprecated -W ignore:easy_install command is deprecated setup.py egg_info --egg-base ../../build/gptapi build --build-base /home/sunny/ros2_ws/build/gptapi/build install --record /home/sunny/ros2_ws/build/gptapi/install.log --single-version-externally-managed install_data
[1.158s] running egg_info
[1.158s] writing ../../build/gptapi/gptapi.egg-info/PKG-INFO
[1.159s] writing dependency_links to ../../build/gptapi/gptapi.egg-info/dependency_links.txt
[1.159s] writing entry points to ../../build/gptapi/gptapi.egg-info/entry_points.txt
[1.159s] writing requirements to ../../build/gptapi/gptapi.egg-info/requires.txt
[1.159s] writing top-level names to ../../build/gptapi/gptapi.egg-info/top_level.txt
[1.161s] reading manifest file '../../build/gptapi/gptapi.egg-info/SOURCES.txt'
[1.162s] writing manifest file '../../build/gptapi/gptapi.egg-info/SOURCES.txt'
[1.162s] running build
[1.162s] running build_py
[1.162s] running install
[1.163s] running install_lib
[1.165s] running install_data
[1.166s] running install_egg_info
[1.169s] removing '/home/sunny/ros2_ws/install/gptapi/lib/python3.10/site-packages/gptapi-0.0.0-py3.10.egg-info' (and everything under it)
[1.169s] Copying ../../build/gptapi/gptapi.egg-info to /home/sunny/ros2_ws/install/gptapi/lib/python3.10/site-packages/gptapi-0.0.0-py3.10.egg-info
[1.170s] running install_scripts
[1.189s] Installing action_generator script to /home/sunny/ros2_ws/install/gptapi/lib/gptapi
[1.189s] Installing action_interpreter script to /home/sunny/ros2_ws/install/gptapi/lib/gptapi
[1.189s] writing list of installed files to '/home/sunny/ros2_ws/build/gptapi/install.log'
[1.218s] Invoked command in '/home/sunny/ros2_ws/src/gptapi' returned '0': PYTHONPATH=/home/sunny/ros2_ws/build/gptapi/prefix_override:/usr/lib/python3/dist-packages/colcon_core/task/python/colcon_distutils_commands:/home/sunny/ros2_ws/install/gptapi/lib/python3.10/site-packages:${PYTHONPATH} /usr/bin/python3 -W ignore:setup.py install is deprecated -W ignore:easy_install command is deprecated setup.py egg_info --egg-base ../../build/gptapi build --build-base /home/sunny/ros2_ws/build/gptapi/build install --record /home/sunny/ros2_ws/build/gptapi/install.log --single-version-externally-managed install_data
