[0.380s] Invoking command in '/home/sunny/ros2_ws/build/usb_cam': CMAKE_PREFIX_PATH=/opt/ros/humble /usr/bin/cmake /home/sunny/ros2_ws/src/usb_cam -DCMAKE_INSTALL_PREFIX=/home/sunny/ros2_ws/install/usb_cam
[0.425s] -- The C compiler identification is GNU 11.4.0
[0.469s] -- The CXX compiler identification is GNU 11.4.0
[0.475s] -- Detecting C compiler ABI info
[0.537s] -- Detecting C compiler ABI info - done
[0.542s] -- Check for working C compiler: /usr/bin/cc - skipped
[0.542s] -- Detecting C compile features
[0.542s] -- Detecting C compile features - done
[0.544s] -- Detecting CXX compiler ABI info
[0.614s] -- Detecting CXX compiler ABI info - done
[0.618s] -- Check for working CXX compiler: /usr/bin/c++ - skipped
[0.618s] -- Detecting CXX compile features
[0.618s] -- Detecting CXX compile features - done
[0.620s] -- Found ament_cmake_auto: 1.3.12 (/opt/ros/humble/share/ament_cmake_auto/cmake)
[0.746s] -- Found Python3: /usr/bin/python3 (found version "3.10.12") found components: Interpreter 
[0.884s] -- Found rosidl_generator_c: 3.1.7 (/opt/ros/humble/share/rosidl_generator_c/cmake)
[0.888s] -- Found rosidl_adapter: 3.1.7 (/opt/ros/humble/share/rosidl_adapter/cmake)
[0.893s] -- Found rosidl_generator_cpp: 3.1.7 (/opt/ros/humble/share/rosidl_generator_cpp/cmake)
[0.901s] -- Using all available rosidl_typesupport_c: rosidl_typesupport_fastrtps_c;rosidl_typesupport_introspection_c
[0.912s] -- Using all available rosidl_typesupport_cpp: rosidl_typesupport_fastrtps_cpp;rosidl_typesupport_introspection_cpp
[0.944s] -- Found rmw_implementation_cmake: 6.1.2 (/opt/ros/humble/share/rmw_implementation_cmake/cmake)
[0.946s] -- Found rmw_fastrtps_cpp: 6.2.9 (/opt/ros/humble/share/rmw_fastrtps_cpp/cmake)
[1.013s] -- Found OpenSSL: /usr/lib/x86_64-linux-gnu/libcrypto.so (found version "3.0.2")  
[1.038s] -- Found FastRTPS: /opt/ros/humble/include  
[1.071s] -- Using RMW implementation 'rmw_fastrtps_cpp' as default
[1.078s] -- Looking for pthread.h
[1.133s] -- Looking for pthread.h - found
[1.133s] -- Performing Test CMAKE_HAVE_LIBC_PTHREAD
[1.194s] -- Performing Test CMAKE_HAVE_LIBC_PTHREAD - Success
[1.194s] -- Found Threads: TRUE  
[1.352s] -- Found OpenCV: /usr (found version "4.5.4") 
[1.357s] -- Found PkgConfig: /usr/bin/pkg-config (found version "0.29.2") 
[1.357s] -- Checking for module 'libavcodec'
[1.374s] --   Found libavcodec, version 58.134.100
[1.412s] -- Checking for module 'libavutil'
[1.426s] --   Found libavutil, version 56.70.100
[1.454s] -- Checking for module 'libswscale'
[1.466s] --   Found libswscale, version 5.9.100
[1.499s] -- Found ament_lint_auto: 0.12.14 (/opt/ros/humble/share/ament_lint_auto/cmake)
[1.520s] -- Found gtest sources under '/opt/ros/humble/src/gtest_vendor': C++ tests using 'Google Test' will be built
[1.525s] [0mIn this package, headers install destination is set to `include` by ament_auto_package. It is recommended to install `include/usb_cam` instead and will be the default behavior of ament_auto_package from ROS 2 Kilted Kaiju. On distributions before Kilted, ament_auto_package behaves the same way when you use USE_SCOPED_HEADER_INSTALL_DIR option.[0m
[1.527s] -- Added test 'copyright' to check source files copyright and LICENSE
[1.532s] -- Added test 'cppcheck' to perform static code analysis on C / C++ code
[1.532s] -- Configured cppcheck include dirs: /home/sunny/ros2_ws/src/usb_cam/include
[1.533s] -- Configured cppcheck exclude dirs and/or files: 
[1.537s] -- Added test 'cpplint' to check C / C++ code against the Google style
[1.538s] -- Configured cpplint exclude dirs and/or files: 
[1.538s] -- Added test 'flake8' to check Python code syntax and style conventions
[1.540s] -- Added test 'lint_cmake' to check CMake code style
[1.541s] -- Added test 'pep257' to check Python code against some of the docstring style conventions in PEP 257
[1.546s] -- Added test 'uncrustify' to check C / C++ code style
[1.546s] -- Configured uncrustify additional arguments: 
[1.546s] -- Added test 'xmllint' to check XML markup files
[1.548s] -- Configuring done
[1.571s] -- Generating done
[1.578s] -- Build files have been written to: /home/sunny/ros2_ws/build/usb_cam
[1.590s] Invoked command in '/home/sunny/ros2_ws/build/usb_cam' returned '0': CMAKE_PREFIX_PATH=/opt/ros/humble /usr/bin/cmake /home/sunny/ros2_ws/src/usb_cam -DCMAKE_INSTALL_PREFIX=/home/sunny/ros2_ws/install/usb_cam
[1.592s] Invoking command in '/home/sunny/ros2_ws/build/usb_cam': CMAKE_PREFIX_PATH=/opt/ros/humble /usr/bin/cmake --build /home/sunny/ros2_ws/build/usb_cam -- -j16 -l16
[1.640s] [  7%] [32mBuilding CXX object CMakeFiles/usb_cam.dir/src/usb_cam.cpp.o[0m
[2.908s] [ 14%] [32m[1mLinking CXX shared library libusb_cam.so[0m
[3.087s] [ 14%] Built target usb_cam
[3.109s] [ 21%] [32mBuilding CXX object gtest/CMakeFiles/gtest.dir/src/gtest-all.cc.o[0m
[5.013s] [ 28%] [32m[1mLinking CXX static library libgtest.a[0m
[5.066s] [ 28%] Built target gtest
[5.087s] [ 35%] [32mBuilding CXX object CMakeFiles/usb_cam_node.dir/src/usb_cam_node.cpp.o[0m
[10.046s] [ 42%] [32m[1mLinking CXX shared library libusb_cam_node.so[0m
[10.356s] [ 42%] Built target usb_cam_node
[10.375s] [ 50%] [32mBuilding CXX object gtest/CMakeFiles/gtest_main.dir/src/gtest_main.cc.o[0m
[10.924s] [ 57%] [32m[1mLinking CXX static library libgtest_main.a[0m
[10.954s] [ 57%] Built target gtest_main
[10.972s] [ 64%] [32mBuilding CXX object CMakeFiles/usb_cam_node_exe.dir/rclcpp_components/node_main_usb_cam_node_exe.cpp.o[0m
[12.943s] [ 71%] [32m[1mLinking CXX executable usb_cam_node_exe[0m
[13.086s] [ 71%] Built target usb_cam_node_exe
[13.107s] [ 78%] [32mBuilding CXX object CMakeFiles/test_pixel_formats.dir/test/test_pixel_formats.cpp.o[0m
[14.074s] [ 85%] [32m[1mLinking CXX executable test_pixel_formats[0m
[14.223s] [ 85%] Built target test_pixel_formats
[14.244s] [ 92%] [32mBuilding CXX object CMakeFiles/test_usb_cam_utils.dir/test/test_usb_cam_utils.cpp.o[0m
[15.036s] [100%] [32m[1mLinking CXX executable test_usb_cam_utils[0m
[15.197s] [100%] Built target test_usb_cam_utils
[15.209s] Invoked command in '/home/sunny/ros2_ws/build/usb_cam' returned '0': CMAKE_PREFIX_PATH=/opt/ros/humble /usr/bin/cmake --build /home/sunny/ros2_ws/build/usb_cam -- -j16 -l16
[15.210s] Invoking command in '/home/sunny/ros2_ws/build/usb_cam': CMAKE_PREFIX_PATH=/opt/ros/humble /usr/bin/cmake --install /home/sunny/ros2_ws/build/usb_cam
[15.216s] -- Install configuration: ""
[15.216s] -- Installing: /home/sunny/ros2_ws/install/usb_cam/share/usb_cam/environment/library_path.sh
[15.216s] -- Installing: /home/sunny/ros2_ws/install/usb_cam/share/usb_cam/environment/library_path.dsv
[15.216s] -- Installing: /home/sunny/ros2_ws/install/usb_cam/lib/usb_cam/usb_cam_node_exe
[15.217s] -- Set runtime path of "/home/sunny/ros2_ws/install/usb_cam/lib/usb_cam/usb_cam_node_exe" to ""
[15.217s] -- Installing: /home/sunny/ros2_ws/install/usb_cam/lib/usb_cam/show_image.py
[15.218s] -- Installing: /home/sunny/ros2_ws/install/usb_cam/lib/libusb_cam.so
[15.219s] -- Installing: /home/sunny/ros2_ws/install/usb_cam/lib/libusb_cam_node.so
[15.223s] -- Set runtime path of "/home/sunny/ros2_ws/install/usb_cam/lib/libusb_cam_node.so" to ""
[15.223s] -- Installing: /home/sunny/ros2_ws/install/usb_cam/include
[15.223s] -- Installing: /home/sunny/ros2_ws/install/usb_cam/include/usb_cam
[15.223s] -- Installing: /home/sunny/ros2_ws/install/usb_cam/include/usb_cam/usb_cam_node.hpp
[15.223s] -- Installing: /home/sunny/ros2_ws/install/usb_cam/include/usb_cam/formats
[15.223s] -- Installing: /home/sunny/ros2_ws/install/usb_cam/include/usb_cam/formats/mono.hpp
[15.223s] -- Installing: /home/sunny/ros2_ws/install/usb_cam/include/usb_cam/formats/pixel_format_base.hpp
[15.223s] -- Installing: /home/sunny/ros2_ws/install/usb_cam/include/usb_cam/formats/av_pixel_format_helper.hpp
[15.223s] -- Installing: /home/sunny/ros2_ws/install/usb_cam/include/usb_cam/formats/utils.hpp
[15.223s] -- Installing: /home/sunny/ros2_ws/install/usb_cam/include/usb_cam/formats/m420.hpp
[15.223s] -- Installing: /home/sunny/ros2_ws/install/usb_cam/include/usb_cam/formats/yuyv.hpp
[15.223s] -- Installing: /home/sunny/ros2_ws/install/usb_cam/include/usb_cam/formats/uyvy.hpp
[15.223s] -- Installing: /home/sunny/ros2_ws/install/usb_cam/include/usb_cam/formats/mjpeg.hpp
[15.223s] -- Installing: /home/sunny/ros2_ws/install/usb_cam/include/usb_cam/formats/rgb.hpp
[15.223s] -- Installing: /home/sunny/ros2_ws/install/usb_cam/include/usb_cam/constants.hpp
[15.223s] -- Installing: /home/sunny/ros2_ws/install/usb_cam/include/usb_cam/usb_cam.hpp
[15.224s] -- Installing: /home/sunny/ros2_ws/install/usb_cam/include/usb_cam/conversions.hpp
[15.224s] -- Installing: /home/sunny/ros2_ws/install/usb_cam/include/usb_cam/utils.hpp
[15.224s] -- Up-to-date: /home/sunny/ros2_ws/install/usb_cam/lib/libusb_cam_node.so
[15.224s] -- Installing: /home/sunny/ros2_ws/install/usb_cam/share/usb_cam/launch
[15.224s] -- Installing: /home/sunny/ros2_ws/install/usb_cam/share/usb_cam/launch/__init__.py
[15.224s] -- Installing: /home/sunny/ros2_ws/install/usb_cam/share/usb_cam/launch/camera.launch.py
[15.224s] -- Installing: /home/sunny/ros2_ws/install/usb_cam/share/usb_cam/launch/__pycache__
[15.224s] -- Installing: /home/sunny/ros2_ws/install/usb_cam/share/usb_cam/launch/__pycache__/camera_config.cpython-310.pyc
[15.225s] -- Installing: /home/sunny/ros2_ws/install/usb_cam/share/usb_cam/launch/camera_config.py
[15.225s] -- Installing: /home/sunny/ros2_ws/install/usb_cam/share/usb_cam/config
[15.225s] -- Installing: /home/sunny/ros2_ws/install/usb_cam/share/usb_cam/config/params_2.yaml
[15.225s] -- Installing: /home/sunny/ros2_ws/install/usb_cam/share/usb_cam/config/params_1.yaml
[15.225s] -- Installing: /home/sunny/ros2_ws/install/usb_cam/share/usb_cam/config/camera_info.yaml
[15.226s] -- Installing: /home/sunny/ros2_ws/install/usb_cam/share/ament_index/resource_index/package_run_dependencies/usb_cam
[15.226s] -- Installing: /home/sunny/ros2_ws/install/usb_cam/share/ament_index/resource_index/parent_prefix_path/usb_cam
[15.226s] -- Installing: /home/sunny/ros2_ws/install/usb_cam/share/usb_cam/environment/ament_prefix_path.sh
[15.226s] -- Installing: /home/sunny/ros2_ws/install/usb_cam/share/usb_cam/environment/ament_prefix_path.dsv
[15.226s] -- Installing: /home/sunny/ros2_ws/install/usb_cam/share/usb_cam/environment/path.sh
[15.226s] -- Installing: /home/sunny/ros2_ws/install/usb_cam/share/usb_cam/environment/path.dsv
[15.226s] -- Installing: /home/sunny/ros2_ws/install/usb_cam/share/usb_cam/local_setup.bash
[15.227s] -- Installing: /home/sunny/ros2_ws/install/usb_cam/share/usb_cam/local_setup.sh
[15.227s] -- Installing: /home/sunny/ros2_ws/install/usb_cam/share/usb_cam/local_setup.zsh
[15.227s] -- Installing: /home/sunny/ros2_ws/install/usb_cam/share/usb_cam/local_setup.dsv
[15.227s] -- Installing: /home/sunny/ros2_ws/install/usb_cam/share/usb_cam/package.dsv
[15.227s] -- Installing: /home/sunny/ros2_ws/install/usb_cam/share/ament_index/resource_index/packages/usb_cam
[15.227s] -- Installing: /home/sunny/ros2_ws/install/usb_cam/share/ament_index/resource_index/rclcpp_components/usb_cam
[15.227s] -- Installing: /home/sunny/ros2_ws/install/usb_cam/share/usb_cam/cmake/ament_cmake_export_libraries-extras.cmake
[15.227s] -- Installing: /home/sunny/ros2_ws/install/usb_cam/share/usb_cam/cmake/ament_cmake_export_dependencies-extras.cmake
[15.227s] -- Installing: /home/sunny/ros2_ws/install/usb_cam/share/usb_cam/cmake/ament_cmake_export_include_directories-extras.cmake
[15.227s] -- Installing: /home/sunny/ros2_ws/install/usb_cam/share/usb_cam/cmake/usb_camConfig.cmake
[15.228s] -- Installing: /home/sunny/ros2_ws/install/usb_cam/share/usb_cam/cmake/usb_camConfig-version.cmake
[15.228s] -- Installing: /home/sunny/ros2_ws/install/usb_cam/share/usb_cam/package.xml
[15.230s] Invoked command in '/home/sunny/ros2_ws/build/usb_cam' returned '0': CMAKE_PREFIX_PATH=/opt/ros/humble /usr/bin/cmake --install /home/sunny/ros2_ws/build/usb_cam
