[0.112s] DEBUG:colcon:Command line arguments: ['/usr/bin/colcon', 'build', '--packages-select', 'cleaner_system1', 'cleaner_system2']
[0.112s] DEBUG:colcon:Parsed command line arguments: Namespace(log_base=None, log_level=None, verb_name='build', build_base='build', install_base='install', merge_install=False, symlink_install=False, test_result_base=None, continue_on_error=False, executor='parallel', parallel_workers=16, event_handlers=None, ignore_user_meta=False, metas=['./colcon.meta'], base_paths=['.'], packages_ignore=None, packages_ignore_regex=None, paths=None, packages_up_to=None, packages_up_to_regex=None, packages_above=None, packages_above_and_dependencies=None, packages_above_depth=None, packages_select_by_dep=None, packages_skip_by_dep=None, packages_skip_up_to=None, packages_select_build_failed=False, packages_skip_build_finished=False, packages_select_test_failures=False, packages_skip_test_passed=False, packages_select=['cleaner_system1', 'cleaner_system2'], packages_skip=None, packages_select_regex=None, packages_skip_regex=None, packages_start=None, packages_end=None, allow_overriding=[], cmake_args=None, cmake_target=None, cmake_target_skip_unavailable=False, cmake_clean_cache=False, cmake_clean_first=False, cmake_force_configure=False, ament_cmake_args=None, catkin_cmake_args=None, catkin_skip_building_tests=False, mixin_files=None, mixin=None, verb_parser=<colcon_mixin.mixin.mixin_argument.MixinArgumentDecorator object at 0x720dc0c867d0>, verb_extension=<colcon_core.verb.build.BuildVerb object at 0x720dc0d97e80>, main=<bound method BuildVerb.main of <colcon_core.verb.build.BuildVerb object at 0x720dc0d97e80>>, mixin_verb=('build',))
[0.295s] Level 1:colcon.colcon_core.package_discovery:discover_packages(colcon_meta) check parameters
[0.295s] Level 1:colcon.colcon_core.package_discovery:discover_packages(recursive) check parameters
[0.295s] Level 1:colcon.colcon_core.package_discovery:discover_packages(ignore) check parameters
[0.295s] Level 1:colcon.colcon_core.package_discovery:discover_packages(path) check parameters
[0.295s] Level 1:colcon.colcon_core.package_discovery:discover_packages(colcon_meta) discover
[0.295s] Level 1:colcon.colcon_core.package_discovery:discover_packages(recursive) discover
[0.295s] INFO:colcon.colcon_core.package_discovery:Crawling recursively for packages in '/home/sunny/cleaner_ws/phyAI_ws'
[0.295s] Level 1:colcon.colcon_core.package_identification:_identify(.) by extensions ['ignore', 'ignore_ament_install']
[0.295s] Level 1:colcon.colcon_core.package_identification:_identify(.) by extension 'ignore'
[0.296s] Level 1:colcon.colcon_core.package_identification:_identify(.) by extension 'ignore_ament_install'
[0.296s] Level 1:colcon.colcon_core.package_identification:_identify(.) by extensions ['colcon_pkg']
[0.296s] Level 1:colcon.colcon_core.package_identification:_identify(.) by extension 'colcon_pkg'
[0.296s] Level 1:colcon.colcon_core.package_identification:_identify(.) by extensions ['colcon_meta']
[0.296s] Level 1:colcon.colcon_core.package_identification:_identify(.) by extension 'colcon_meta'
[0.296s] Level 1:colcon.colcon_core.package_identification:_identify(.) by extensions ['ros']
[0.296s] Level 1:colcon.colcon_core.package_identification:_identify(.) by extension 'ros'
[0.306s] Level 1:colcon.colcon_core.package_identification:_identify(.) by extensions ['cmake', 'python']
[0.306s] Level 1:colcon.colcon_core.package_identification:_identify(.) by extension 'cmake'
[0.306s] Level 1:colcon.colcon_core.package_identification:_identify(.) by extension 'python'
[0.306s] Level 1:colcon.colcon_core.package_identification:_identify(.) by extensions ['python_setup_py']
[0.306s] Level 1:colcon.colcon_core.package_identification:_identify(.) by extension 'python_setup_py'
[0.306s] Level 1:colcon.colcon_core.package_identification:_identify(build) by extensions ['ignore', 'ignore_ament_install']
[0.306s] Level 1:colcon.colcon_core.package_identification:_identify(build) by extension 'ignore'
[0.306s] Level 1:colcon.colcon_core.package_identification:_identify(build) ignored
[0.306s] Level 1:colcon.colcon_core.package_identification:_identify(install) by extensions ['ignore', 'ignore_ament_install']
[0.306s] Level 1:colcon.colcon_core.package_identification:_identify(install) by extension 'ignore'
[0.306s] Level 1:colcon.colcon_core.package_identification:_identify(install) ignored
[0.306s] Level 1:colcon.colcon_core.package_identification:_identify(log) by extensions ['ignore', 'ignore_ament_install']
[0.306s] Level 1:colcon.colcon_core.package_identification:_identify(log) by extension 'ignore'
[0.307s] Level 1:colcon.colcon_core.package_identification:_identify(log) ignored
[0.307s] Level 1:colcon.colcon_core.package_identification:_identify(map) by extensions ['ignore', 'ignore_ament_install']
[0.307s] Level 1:colcon.colcon_core.package_identification:_identify(map) by extension 'ignore'
[0.307s] Level 1:colcon.colcon_core.package_identification:_identify(map) by extension 'ignore_ament_install'
[0.307s] Level 1:colcon.colcon_core.package_identification:_identify(map) by extensions ['colcon_pkg']
[0.307s] Level 1:colcon.colcon_core.package_identification:_identify(map) by extension 'colcon_pkg'
[0.307s] Level 1:colcon.colcon_core.package_identification:_identify(map) by extensions ['colcon_meta']
[0.307s] Level 1:colcon.colcon_core.package_identification:_identify(map) by extension 'colcon_meta'
[0.307s] Level 1:colcon.colcon_core.package_identification:_identify(map) by extensions ['ros']
[0.307s] Level 1:colcon.colcon_core.package_identification:_identify(map) by extension 'ros'
[0.307s] Level 1:colcon.colcon_core.package_identification:_identify(map) by extensions ['cmake', 'python']
[0.307s] Level 1:colcon.colcon_core.package_identification:_identify(map) by extension 'cmake'
[0.307s] Level 1:colcon.colcon_core.package_identification:_identify(map) by extension 'python'
[0.307s] Level 1:colcon.colcon_core.package_identification:_identify(map) by extensions ['python_setup_py']
[0.307s] Level 1:colcon.colcon_core.package_identification:_identify(map) by extension 'python_setup_py'
[0.307s] Level 1:colcon.colcon_core.package_identification:_identify(src) by extensions ['ignore', 'ignore_ament_install']
[0.307s] Level 1:colcon.colcon_core.package_identification:_identify(src) by extension 'ignore'
[0.307s] Level 1:colcon.colcon_core.package_identification:_identify(src) by extension 'ignore_ament_install'
[0.307s] Level 1:colcon.colcon_core.package_identification:_identify(src) by extensions ['colcon_pkg']
[0.307s] Level 1:colcon.colcon_core.package_identification:_identify(src) by extension 'colcon_pkg'
[0.307s] Level 1:colcon.colcon_core.package_identification:_identify(src) by extensions ['colcon_meta']
[0.307s] Level 1:colcon.colcon_core.package_identification:_identify(src) by extension 'colcon_meta'
[0.307s] Level 1:colcon.colcon_core.package_identification:_identify(src) by extensions ['ros']
[0.307s] Level 1:colcon.colcon_core.package_identification:_identify(src) by extension 'ros'
[0.307s] Level 1:colcon.colcon_core.package_identification:_identify(src) by extensions ['cmake', 'python']
[0.307s] Level 1:colcon.colcon_core.package_identification:_identify(src) by extension 'cmake'
[0.307s] Level 1:colcon.colcon_core.package_identification:_identify(src) by extension 'python'
[0.307s] Level 1:colcon.colcon_core.package_identification:_identify(src) by extensions ['python_setup_py']
[0.307s] Level 1:colcon.colcon_core.package_identification:_identify(src) by extension 'python_setup_py'
[0.307s] Level 1:colcon.colcon_core.package_identification:_identify(src/cleaner_msgs) by extensions ['ignore', 'ignore_ament_install']
[0.307s] Level 1:colcon.colcon_core.package_identification:_identify(src/cleaner_msgs) by extension 'ignore'
[0.307s] Level 1:colcon.colcon_core.package_identification:_identify(src/cleaner_msgs) by extension 'ignore_ament_install'
[0.308s] Level 1:colcon.colcon_core.package_identification:_identify(src/cleaner_msgs) by extensions ['colcon_pkg']
[0.308s] Level 1:colcon.colcon_core.package_identification:_identify(src/cleaner_msgs) by extension 'colcon_pkg'
[0.308s] Level 1:colcon.colcon_core.package_identification:_identify(src/cleaner_msgs) by extensions ['colcon_meta']
[0.308s] Level 1:colcon.colcon_core.package_identification:_identify(src/cleaner_msgs) by extension 'colcon_meta'
[0.308s] Level 1:colcon.colcon_core.package_identification:_identify(src/cleaner_msgs) by extensions ['ros']
[0.308s] Level 1:colcon.colcon_core.package_identification:_identify(src/cleaner_msgs) by extension 'ros'
[0.310s] DEBUG:colcon.colcon_core.package_identification:Package 'src/cleaner_msgs' with type 'ros.ament_cmake' and name 'cleaner_msgs'
[0.311s] Level 1:colcon.colcon_core.package_identification:_identify(src/cleaner_system1) by extensions ['ignore', 'ignore_ament_install']
[0.311s] Level 1:colcon.colcon_core.package_identification:_identify(src/cleaner_system1) by extension 'ignore'
[0.311s] Level 1:colcon.colcon_core.package_identification:_identify(src/cleaner_system1) by extension 'ignore_ament_install'
[0.311s] Level 1:colcon.colcon_core.package_identification:_identify(src/cleaner_system1) by extensions ['colcon_pkg']
[0.311s] Level 1:colcon.colcon_core.package_identification:_identify(src/cleaner_system1) by extension 'colcon_pkg'
[0.312s] INFO:colcon.colcon_metadata.metadata.colcon_pkg:Setting type 'ros.ament_python' of package 'src/cleaner_system1' from colcon.pkg
[0.312s] INFO:colcon.colcon_metadata.metadata.colcon_pkg:Setting name 'cleaner_system1' of package 'src/cleaner_system1' from colcon.pkg
[0.312s] DEBUG:colcon.colcon_core.package_identification:Package 'src/cleaner_system1' with type 'ros.ament_python' and name 'cleaner_system1'
[0.312s] Level 1:colcon.colcon_core.package_identification:_identify(src/cleaner_system2) by extensions ['ignore', 'ignore_ament_install']
[0.312s] Level 1:colcon.colcon_core.package_identification:_identify(src/cleaner_system2) by extension 'ignore'
[0.312s] Level 1:colcon.colcon_core.package_identification:_identify(src/cleaner_system2) by extension 'ignore_ament_install'
[0.312s] Level 1:colcon.colcon_core.package_identification:_identify(src/cleaner_system2) by extensions ['colcon_pkg']
[0.312s] Level 1:colcon.colcon_core.package_identification:_identify(src/cleaner_system2) by extension 'colcon_pkg'
[0.312s] Level 1:colcon.colcon_core.package_identification:_identify(src/cleaner_system2) by extensions ['colcon_meta']
[0.312s] Level 1:colcon.colcon_core.package_identification:_identify(src/cleaner_system2) by extension 'colcon_meta'
[0.312s] Level 1:colcon.colcon_core.package_identification:_identify(src/cleaner_system2) by extensions ['ros']
[0.312s] Level 1:colcon.colcon_core.package_identification:_identify(src/cleaner_system2) by extension 'ros'
[0.313s] DEBUG:colcon.colcon_core.package_identification:Package 'src/cleaner_system2' with type 'ros.ament_python' and name 'cleaner_system2'
[0.313s] Level 1:colcon.colcon_core.package_identification:_identify(src/gptapi) by extensions ['ignore', 'ignore_ament_install']
[0.313s] Level 1:colcon.colcon_core.package_identification:_identify(src/gptapi) by extension 'ignore'
[0.313s] Level 1:colcon.colcon_core.package_identification:_identify(src/gptapi) by extension 'ignore_ament_install'
[0.313s] Level 1:colcon.colcon_core.package_identification:_identify(src/gptapi) by extensions ['colcon_pkg']
[0.313s] Level 1:colcon.colcon_core.package_identification:_identify(src/gptapi) by extension 'colcon_pkg'
[0.314s] Level 1:colcon.colcon_core.package_identification:_identify(src/gptapi) by extensions ['colcon_meta']
[0.314s] Level 1:colcon.colcon_core.package_identification:_identify(src/gptapi) by extension 'colcon_meta'
[0.314s] Level 1:colcon.colcon_core.package_identification:_identify(src/gptapi) by extensions ['ros']
[0.314s] Level 1:colcon.colcon_core.package_identification:_identify(src/gptapi) by extension 'ros'
[0.314s] DEBUG:colcon.colcon_core.package_identification:Package 'src/gptapi' with type 'ros.ament_python' and name 'gptapi'
[0.315s] Level 1:colcon.colcon_core.package_identification:_identify(src/usb_cam) by extensions ['ignore', 'ignore_ament_install']
[0.315s] Level 1:colcon.colcon_core.package_identification:_identify(src/usb_cam) by extension 'ignore'
[0.315s] Level 1:colcon.colcon_core.package_identification:_identify(src/usb_cam) by extension 'ignore_ament_install'
[0.315s] Level 1:colcon.colcon_core.package_identification:_identify(src/usb_cam) by extensions ['colcon_pkg']
[0.315s] Level 1:colcon.colcon_core.package_identification:_identify(src/usb_cam) by extension 'colcon_pkg'
[0.315s] Level 1:colcon.colcon_core.package_identification:_identify(src/usb_cam) by extensions ['colcon_meta']
[0.315s] Level 1:colcon.colcon_core.package_identification:_identify(src/usb_cam) by extension 'colcon_meta'
[0.315s] Level 1:colcon.colcon_core.package_identification:_identify(src/usb_cam) by extensions ['ros']
[0.315s] Level 1:colcon.colcon_core.package_identification:_identify(src/usb_cam) by extension 'ros'
[0.319s] DEBUG:colcon.colcon_core.package_identification:Package 'src/usb_cam' with type 'ros.ament_cmake' and name 'usb_cam'
[0.319s] Level 1:colcon.colcon_core.package_identification:_identify(src/vision_context_builder) by extensions ['ignore', 'ignore_ament_install']
[0.319s] Level 1:colcon.colcon_core.package_identification:_identify(src/vision_context_builder) by extension 'ignore'
[0.319s] Level 1:colcon.colcon_core.package_identification:_identify(src/vision_context_builder) by extension 'ignore_ament_install'
[0.319s] Level 1:colcon.colcon_core.package_identification:_identify(src/vision_context_builder) by extensions ['colcon_pkg']
[0.319s] Level 1:colcon.colcon_core.package_identification:_identify(src/vision_context_builder) by extension 'colcon_pkg'
[0.319s] Level 1:colcon.colcon_core.package_identification:_identify(src/vision_context_builder) by extensions ['colcon_meta']
[0.319s] Level 1:colcon.colcon_core.package_identification:_identify(src/vision_context_builder) by extension 'colcon_meta'
[0.320s] Level 1:colcon.colcon_core.package_identification:_identify(src/vision_context_builder) by extensions ['ros']
[0.320s] Level 1:colcon.colcon_core.package_identification:_identify(src/vision_context_builder) by extension 'ros'
[0.320s] DEBUG:colcon.colcon_core.package_identification:Package 'src/vision_context_builder' with type 'ros.ament_python' and name 'vision_context_builder'
[0.321s] Level 1:colcon.colcon_core.package_identification:_identify(src/yolov8_ros) by extensions ['ignore', 'ignore_ament_install']
[0.321s] Level 1:colcon.colcon_core.package_identification:_identify(src/yolov8_ros) by extension 'ignore'
[0.321s] Level 1:colcon.colcon_core.package_identification:_identify(src/yolov8_ros) by extension 'ignore_ament_install'
[0.321s] Level 1:colcon.colcon_core.package_identification:_identify(src/yolov8_ros) by extensions ['colcon_pkg']
[0.321s] Level 1:colcon.colcon_core.package_identification:_identify(src/yolov8_ros) by extension 'colcon_pkg'
[0.321s] Level 1:colcon.colcon_core.package_identification:_identify(src/yolov8_ros) by extensions ['colcon_meta']
[0.321s] Level 1:colcon.colcon_core.package_identification:_identify(src/yolov8_ros) by extension 'colcon_meta'
[0.321s] Level 1:colcon.colcon_core.package_identification:_identify(src/yolov8_ros) by extensions ['ros']
[0.321s] Level 1:colcon.colcon_core.package_identification:_identify(src/yolov8_ros) by extension 'ros'
[0.321s] Level 1:colcon.colcon_core.package_identification:_identify(src/yolov8_ros) by extensions ['cmake', 'python']
[0.321s] Level 1:colcon.colcon_core.package_identification:_identify(src/yolov8_ros) by extension 'cmake'
[0.321s] Level 1:colcon.colcon_core.package_identification:_identify(src/yolov8_ros) by extension 'python'
[0.321s] Level 1:colcon.colcon_core.package_identification:_identify(src/yolov8_ros) by extensions ['python_setup_py']
[0.321s] Level 1:colcon.colcon_core.package_identification:_identify(src/yolov8_ros) by extension 'python_setup_py'
[0.322s] Level 1:colcon.colcon_core.package_identification:_identify(src/yolov8_ros/yolov8_bringup) by extensions ['ignore', 'ignore_ament_install']
[0.322s] Level 1:colcon.colcon_core.package_identification:_identify(src/yolov8_ros/yolov8_bringup) by extension 'ignore'
[0.322s] Level 1:colcon.colcon_core.package_identification:_identify(src/yolov8_ros/yolov8_bringup) by extension 'ignore_ament_install'
[0.322s] Level 1:colcon.colcon_core.package_identification:_identify(src/yolov8_ros/yolov8_bringup) by extensions ['colcon_pkg']
[0.322s] Level 1:colcon.colcon_core.package_identification:_identify(src/yolov8_ros/yolov8_bringup) by extension 'colcon_pkg'
[0.322s] Level 1:colcon.colcon_core.package_identification:_identify(src/yolov8_ros/yolov8_bringup) by extensions ['colcon_meta']
[0.322s] Level 1:colcon.colcon_core.package_identification:_identify(src/yolov8_ros/yolov8_bringup) by extension 'colcon_meta'
[0.322s] Level 1:colcon.colcon_core.package_identification:_identify(src/yolov8_ros/yolov8_bringup) by extensions ['ros']
[0.322s] Level 1:colcon.colcon_core.package_identification:_identify(src/yolov8_ros/yolov8_bringup) by extension 'ros'
[0.323s] DEBUG:colcon.colcon_core.package_identification:Package 'src/yolov8_ros/yolov8_bringup' with type 'ros.ament_cmake' and name 'yolov8_bringup'
[0.323s] Level 1:colcon.colcon_core.package_identification:_identify(src/yolov8_ros/yolov8_msgs) by extensions ['ignore', 'ignore_ament_install']
[0.323s] Level 1:colcon.colcon_core.package_identification:_identify(src/yolov8_ros/yolov8_msgs) by extension 'ignore'
[0.323s] Level 1:colcon.colcon_core.package_identification:_identify(src/yolov8_ros/yolov8_msgs) by extension 'ignore_ament_install'
[0.323s] Level 1:colcon.colcon_core.package_identification:_identify(src/yolov8_ros/yolov8_msgs) by extensions ['colcon_pkg']
[0.323s] Level 1:colcon.colcon_core.package_identification:_identify(src/yolov8_ros/yolov8_msgs) by extension 'colcon_pkg'
[0.323s] Level 1:colcon.colcon_core.package_identification:_identify(src/yolov8_ros/yolov8_msgs) by extensions ['colcon_meta']
[0.323s] Level 1:colcon.colcon_core.package_identification:_identify(src/yolov8_ros/yolov8_msgs) by extension 'colcon_meta'
[0.324s] Level 1:colcon.colcon_core.package_identification:_identify(src/yolov8_ros/yolov8_msgs) by extensions ['ros']
[0.324s] Level 1:colcon.colcon_core.package_identification:_identify(src/yolov8_ros/yolov8_msgs) by extension 'ros'
[0.324s] DEBUG:colcon.colcon_core.package_identification:Package 'src/yolov8_ros/yolov8_msgs' with type 'ros.ament_cmake' and name 'yolov8_msgs'
[0.325s] Level 1:colcon.colcon_core.package_identification:_identify(src/yolov8_ros/yolov8_ros) by extensions ['ignore', 'ignore_ament_install']
[0.325s] Level 1:colcon.colcon_core.package_identification:_identify(src/yolov8_ros/yolov8_ros) by extension 'ignore'
[0.325s] Level 1:colcon.colcon_core.package_identification:_identify(src/yolov8_ros/yolov8_ros) by extension 'ignore_ament_install'
[0.325s] Level 1:colcon.colcon_core.package_identification:_identify(src/yolov8_ros/yolov8_ros) by extensions ['colcon_pkg']
[0.325s] Level 1:colcon.colcon_core.package_identification:_identify(src/yolov8_ros/yolov8_ros) by extension 'colcon_pkg'
[0.325s] Level 1:colcon.colcon_core.package_identification:_identify(src/yolov8_ros/yolov8_ros) by extensions ['colcon_meta']
[0.325s] Level 1:colcon.colcon_core.package_identification:_identify(src/yolov8_ros/yolov8_ros) by extension 'colcon_meta'
[0.325s] Level 1:colcon.colcon_core.package_identification:_identify(src/yolov8_ros/yolov8_ros) by extensions ['ros']
[0.325s] Level 1:colcon.colcon_core.package_identification:_identify(src/yolov8_ros/yolov8_ros) by extension 'ros'
[0.326s] DEBUG:colcon.colcon_core.package_identification:Package 'src/yolov8_ros/yolov8_ros' with type 'ros.ament_python' and name 'yolov8_ros'
[0.326s] Level 1:colcon.colcon_core.package_discovery:discover_packages(recursive) using defaults
[0.326s] Level 1:colcon.colcon_core.package_discovery:discover_packages(ignore) discover
[0.326s] Level 1:colcon.colcon_core.package_discovery:discover_packages(ignore) using defaults
[0.326s] Level 1:colcon.colcon_core.package_discovery:discover_packages(path) discover
[0.326s] Level 1:colcon.colcon_core.package_discovery:discover_packages(path) using defaults
[0.350s] INFO:colcon.colcon_metadata.metadata.colcon_pkg:Updating descriptor of package 'src/cleaner_system1' from colcon.pkg: {'name': 'cleaner_system1', 'type': 'ros.ament_python'}
[0.351s] DEBUG:colcon.colcon_core.package_identification:Failed to parse potential ROS package manifest in'src/cleaner_system1': Error(s) in package 'src/cleaner_system1/package.xml':
The manifest contains invalid XML:
not well-formed (invalid token): line 6, column 86
[0.353s] INFO:colcon.colcon_core.package_selection:Skipping not selected package 'cleaner_msgs' in 'src/cleaner_msgs'
[0.353s] INFO:colcon.colcon_core.package_selection:Skipping not selected package 'gptapi' in 'src/gptapi'
[0.353s] INFO:colcon.colcon_core.package_selection:Skipping not selected package 'usb_cam' in 'src/usb_cam'
[0.353s] INFO:colcon.colcon_core.package_selection:Skipping not selected package 'yolov8_msgs' in 'src/yolov8_ros/yolov8_msgs'
[0.353s] INFO:colcon.colcon_core.package_selection:Skipping not selected package 'yolov8_ros' in 'src/yolov8_ros/yolov8_ros'
[0.353s] INFO:colcon.colcon_core.package_selection:Skipping not selected package 'vision_context_builder' in 'src/vision_context_builder'
[0.353s] INFO:colcon.colcon_core.package_selection:Skipping not selected package 'yolov8_bringup' in 'src/yolov8_ros/yolov8_bringup'
[0.354s] Level 1:colcon.colcon_core.package_discovery:discover_packages(prefix_path) check parameters
[0.354s] Level 1:colcon.colcon_core.package_discovery:discover_packages(prefix_path) discover
[0.358s] DEBUG:colcon.colcon_installed_package_information.package_discovery:Found 451 installed packages in /opt/ros/humble
[0.361s] Level 1:colcon.colcon_core.package_discovery:discover_packages(prefix_path) using defaults
[0.421s] Level 5:colcon.colcon_core.verb:set package 'cleaner_system1' build argument 'cmake_args' from command line to 'None'
[0.421s] Level 5:colcon.colcon_core.verb:set package 'cleaner_system1' build argument 'cmake_target' from command line to 'None'
[0.421s] Level 5:colcon.colcon_core.verb:set package 'cleaner_system1' build argument 'cmake_target_skip_unavailable' from command line to 'False'
[0.421s] Level 5:colcon.colcon_core.verb:set package 'cleaner_system1' build argument 'cmake_clean_cache' from command line to 'False'
[0.421s] Level 5:colcon.colcon_core.verb:set package 'cleaner_system1' build argument 'cmake_clean_first' from command line to 'False'
[0.421s] Level 5:colcon.colcon_core.verb:set package 'cleaner_system1' build argument 'cmake_force_configure' from command line to 'False'
[0.421s] Level 5:colcon.colcon_core.verb:set package 'cleaner_system1' build argument 'ament_cmake_args' from command line to 'None'
[0.421s] Level 5:colcon.colcon_core.verb:set package 'cleaner_system1' build argument 'catkin_cmake_args' from command line to 'None'
[0.421s] Level 5:colcon.colcon_core.verb:set package 'cleaner_system1' build argument 'catkin_skip_building_tests' from command line to 'False'
[0.421s] DEBUG:colcon.colcon_core.verb:Building package 'cleaner_system1' with the following arguments: {'ament_cmake_args': None, 'build_base': '/home/sunny/cleaner_ws/phyAI_ws/build/cleaner_system1', 'catkin_cmake_args': None, 'catkin_skip_building_tests': False, 'cmake_args': None, 'cmake_clean_cache': False, 'cmake_clean_first': False, 'cmake_force_configure': False, 'cmake_target': None, 'cmake_target_skip_unavailable': False, 'install_base': '/home/sunny/cleaner_ws/phyAI_ws/install/cleaner_system1', 'merge_install': False, 'path': '/home/sunny/cleaner_ws/phyAI_ws/src/cleaner_system1', 'symlink_install': False, 'test_result_base': None}
[0.422s] Level 5:colcon.colcon_core.verb:set package 'cleaner_system2' build argument 'cmake_args' from command line to 'None'
[0.422s] Level 5:colcon.colcon_core.verb:set package 'cleaner_system2' build argument 'cmake_target' from command line to 'None'
[0.422s] Level 5:colcon.colcon_core.verb:set package 'cleaner_system2' build argument 'cmake_target_skip_unavailable' from command line to 'False'
[0.422s] Level 5:colcon.colcon_core.verb:set package 'cleaner_system2' build argument 'cmake_clean_cache' from command line to 'False'
[0.422s] Level 5:colcon.colcon_core.verb:set package 'cleaner_system2' build argument 'cmake_clean_first' from command line to 'False'
[0.422s] Level 5:colcon.colcon_core.verb:set package 'cleaner_system2' build argument 'cmake_force_configure' from command line to 'False'
[0.422s] Level 5:colcon.colcon_core.verb:set package 'cleaner_system2' build argument 'ament_cmake_args' from command line to 'None'
[0.422s] Level 5:colcon.colcon_core.verb:set package 'cleaner_system2' build argument 'catkin_cmake_args' from command line to 'None'
[0.422s] Level 5:colcon.colcon_core.verb:set package 'cleaner_system2' build argument 'catkin_skip_building_tests' from command line to 'False'
[0.422s] DEBUG:colcon.colcon_core.verb:Building package 'cleaner_system2' with the following arguments: {'ament_cmake_args': None, 'build_base': '/home/sunny/cleaner_ws/phyAI_ws/build/cleaner_system2', 'catkin_cmake_args': None, 'catkin_skip_building_tests': False, 'cmake_args': None, 'cmake_clean_cache': False, 'cmake_clean_first': False, 'cmake_force_configure': False, 'cmake_target': None, 'cmake_target_skip_unavailable': False, 'install_base': '/home/sunny/cleaner_ws/phyAI_ws/install/cleaner_system2', 'merge_install': False, 'path': '/home/sunny/cleaner_ws/phyAI_ws/src/cleaner_system2', 'symlink_install': False, 'test_result_base': None}
[0.422s] INFO:colcon.colcon_core.executor:Executing jobs using 'parallel' executor
[0.423s] DEBUG:colcon.colcon_parallel_executor.executor.parallel:run_until_complete
[0.423s] INFO:colcon.colcon_ros.task.ament_python.build:Building ROS package in '/home/sunny/cleaner_ws/phyAI_ws/src/cleaner_system1' with build type 'ament_python'
[0.423s] Level 1:colcon.colcon_core.shell:create_environment_hook('cleaner_system1', 'ament_prefix_path')
[0.425s] INFO:colcon.colcon_core.plugin_system:Skipping extension 'colcon_core.shell.bat': Not used on non-Windows systems
[0.425s] INFO:colcon.colcon_core.shell:Creating environment hook '/home/sunny/cleaner_ws/phyAI_ws/install/cleaner_system1/share/cleaner_system1/hook/ament_prefix_path.ps1'
[0.426s] INFO:colcon.colcon_core.shell:Creating environment descriptor '/home/sunny/cleaner_ws/phyAI_ws/install/cleaner_system1/share/cleaner_system1/hook/ament_prefix_path.dsv'
[0.427s] INFO:colcon.colcon_core.shell:Creating environment hook '/home/sunny/cleaner_ws/phyAI_ws/install/cleaner_system1/share/cleaner_system1/hook/ament_prefix_path.sh'
[0.428s] INFO:colcon.colcon_core.shell:Skip shell extension 'powershell' for command environment: Not usable outside of PowerShell
[0.428s] DEBUG:colcon.colcon_core.shell:Skip shell extension 'dsv' for command environment
[0.432s] INFO:colcon.colcon_ros.task.ament_python.build:Building ROS package in '/home/sunny/cleaner_ws/phyAI_ws/src/cleaner_system2' with build type 'ament_python'
[0.432s] Level 1:colcon.colcon_core.shell:create_environment_hook('cleaner_system2', 'ament_prefix_path')
[0.433s] INFO:colcon.colcon_core.shell:Creating environment hook '/home/sunny/cleaner_ws/phyAI_ws/install/cleaner_system2/share/cleaner_system2/hook/ament_prefix_path.ps1'
[0.433s] INFO:colcon.colcon_core.shell:Creating environment descriptor '/home/sunny/cleaner_ws/phyAI_ws/install/cleaner_system2/share/cleaner_system2/hook/ament_prefix_path.dsv'
[0.434s] INFO:colcon.colcon_core.shell:Creating environment hook '/home/sunny/cleaner_ws/phyAI_ws/install/cleaner_system2/share/cleaner_system2/hook/ament_prefix_path.sh'
[0.434s] INFO:colcon.colcon_core.shell:Skip shell extension 'powershell' for command environment: Not usable outside of PowerShell
[0.435s] DEBUG:colcon.colcon_core.shell:Skip shell extension 'dsv' for command environment
[0.714s] INFO:colcon.colcon_core.task.python.build:Building Python package in '/home/sunny/cleaner_ws/phyAI_ws/src/cleaner_system1'
[0.714s] INFO:colcon.colcon_core.shell:Skip shell extension 'powershell' for command environment: Not usable outside of PowerShell
[0.714s] DEBUG:colcon.colcon_core.shell:Skip shell extension 'dsv' for command environment
[0.997s] INFO:colcon.colcon_core.task.python.build:Building Python package in '/home/sunny/cleaner_ws/phyAI_ws/src/cleaner_system2'
[0.997s] INFO:colcon.colcon_core.shell:Skip shell extension 'powershell' for command environment: Not usable outside of PowerShell
[0.997s] DEBUG:colcon.colcon_core.shell:Skip shell extension 'dsv' for command environment
[1.406s] DEBUG:colcon.colcon_core.event_handler.log_command:Invoking command in '/home/sunny/cleaner_ws/phyAI_ws/src/cleaner_system1': PYTHONPATH=/home/sunny/cleaner_ws/phyAI_ws/build/cleaner_system1/prefix_override:/usr/lib/python3/dist-packages/colcon_core/task/python/colcon_distutils_commands:/home/sunny/cleaner_ws/phyAI_ws/install/cleaner_system1/lib/python3.10/site-packages:${PYTHONPATH} /usr/bin/python3 -W ignore:setup.py install is deprecated -W ignore:easy_install command is deprecated setup.py egg_info --egg-base ../../build/cleaner_system1 build --build-base /home/sunny/cleaner_ws/phyAI_ws/build/cleaner_system1/build install --record /home/sunny/cleaner_ws/phyAI_ws/build/cleaner_system1/install.log --single-version-externally-managed install_data
[1.420s] DEBUG:colcon.colcon_core.event_handler.log_command:Invoking command in '/home/sunny/cleaner_ws/phyAI_ws/src/cleaner_system2': PYTHONPATH=/home/sunny/cleaner_ws/phyAI_ws/build/cleaner_system2/prefix_override:/usr/lib/python3/dist-packages/colcon_core/task/python/colcon_distutils_commands:/home/sunny/cleaner_ws/phyAI_ws/install/cleaner_system2/lib/python3.10/site-packages:${PYTHONPATH} /usr/bin/python3 -W ignore:setup.py install is deprecated -W ignore:easy_install command is deprecated setup.py egg_info --egg-base ../../build/cleaner_system2 build --build-base /home/sunny/cleaner_ws/phyAI_ws/build/cleaner_system2/build install --record /home/sunny/cleaner_ws/phyAI_ws/build/cleaner_system2/install.log --single-version-externally-managed install_data
[1.774s] DEBUG:colcon.colcon_core.event_handler.log_command:Invoked command in '/home/sunny/cleaner_ws/phyAI_ws/src/cleaner_system1' returned '0': PYTHONPATH=/home/sunny/cleaner_ws/phyAI_ws/build/cleaner_system1/prefix_override:/usr/lib/python3/dist-packages/colcon_core/task/python/colcon_distutils_commands:/home/sunny/cleaner_ws/phyAI_ws/install/cleaner_system1/lib/python3.10/site-packages:${PYTHONPATH} /usr/bin/python3 -W ignore:setup.py install is deprecated -W ignore:easy_install command is deprecated setup.py egg_info --egg-base ../../build/cleaner_system1 build --build-base /home/sunny/cleaner_ws/phyAI_ws/build/cleaner_system1/build install --record /home/sunny/cleaner_ws/phyAI_ws/build/cleaner_system1/install.log --single-version-externally-managed install_data
[1.775s] Level 1:colcon.colcon_core.environment:checking '/home/sunny/cleaner_ws/phyAI_ws/install/cleaner_system1' for CMake module files
[1.776s] Level 1:colcon.colcon_core.environment:checking '/home/sunny/cleaner_ws/phyAI_ws/install/cleaner_system1' for CMake config files
[1.777s] Level 1:colcon.colcon_core.environment:checking '/home/sunny/cleaner_ws/phyAI_ws/install/cleaner_system1/lib'
[1.777s] Level 1:colcon.colcon_core.environment:checking '/home/sunny/cleaner_ws/phyAI_ws/install/cleaner_system1/bin'
[1.777s] Level 1:colcon.colcon_core.environment:checking '/home/sunny/cleaner_ws/phyAI_ws/install/cleaner_system1/lib/pkgconfig/cleaner_system1.pc'
[1.777s] Level 1:colcon.colcon_core.environment:checking '/home/sunny/cleaner_ws/phyAI_ws/install/cleaner_system1/lib/python3.10/site-packages'
[1.777s] Level 1:colcon.colcon_core.shell:create_environment_hook('cleaner_system1', 'pythonpath')
[1.777s] INFO:colcon.colcon_core.shell:Creating environment hook '/home/sunny/cleaner_ws/phyAI_ws/install/cleaner_system1/share/cleaner_system1/hook/pythonpath.ps1'
[1.778s] INFO:colcon.colcon_core.shell:Creating environment descriptor '/home/sunny/cleaner_ws/phyAI_ws/install/cleaner_system1/share/cleaner_system1/hook/pythonpath.dsv'
[1.778s] INFO:colcon.colcon_core.shell:Creating environment hook '/home/sunny/cleaner_ws/phyAI_ws/install/cleaner_system1/share/cleaner_system1/hook/pythonpath.sh'
[1.779s] Level 1:colcon.colcon_core.environment:checking '/home/sunny/cleaner_ws/phyAI_ws/install/cleaner_system1/bin'
[1.779s] Level 1:colcon.colcon_core.environment:create_environment_scripts_only(cleaner_system1)
[1.779s] INFO:colcon.colcon_core.shell:Creating package script '/home/sunny/cleaner_ws/phyAI_ws/install/cleaner_system1/share/cleaner_system1/package.ps1'
[1.780s] INFO:colcon.colcon_core.shell:Creating package descriptor '/home/sunny/cleaner_ws/phyAI_ws/install/cleaner_system1/share/cleaner_system1/package.dsv'
[1.781s] INFO:colcon.colcon_core.shell:Creating package script '/home/sunny/cleaner_ws/phyAI_ws/install/cleaner_system1/share/cleaner_system1/package.sh'
[1.781s] INFO:colcon.colcon_core.shell:Creating package script '/home/sunny/cleaner_ws/phyAI_ws/install/cleaner_system1/share/cleaner_system1/package.bash'
[1.782s] INFO:colcon.colcon_core.shell:Creating package script '/home/sunny/cleaner_ws/phyAI_ws/install/cleaner_system1/share/cleaner_system1/package.zsh'
[1.783s] Level 1:colcon.colcon_core.environment:create_file_with_runtime_dependencies(/home/sunny/cleaner_ws/phyAI_ws/install/cleaner_system1/share/colcon-core/packages/cleaner_system1)
[1.783s] Level 1:colcon.colcon_core.environment:checking '/home/sunny/cleaner_ws/phyAI_ws/install/cleaner_system2' for CMake module files
[1.784s] DEBUG:colcon.colcon_core.event_handler.log_command:Invoked command in '/home/sunny/cleaner_ws/phyAI_ws/src/cleaner_system2' returned '0': PYTHONPATH=/home/sunny/cleaner_ws/phyAI_ws/build/cleaner_system2/prefix_override:/usr/lib/python3/dist-packages/colcon_core/task/python/colcon_distutils_commands:/home/sunny/cleaner_ws/phyAI_ws/install/cleaner_system2/lib/python3.10/site-packages:${PYTHONPATH} /usr/bin/python3 -W ignore:setup.py install is deprecated -W ignore:easy_install command is deprecated setup.py egg_info --egg-base ../../build/cleaner_system2 build --build-base /home/sunny/cleaner_ws/phyAI_ws/build/cleaner_system2/build install --record /home/sunny/cleaner_ws/phyAI_ws/build/cleaner_system2/install.log --single-version-externally-managed install_data
[1.784s] Level 1:colcon.colcon_core.environment:checking '/home/sunny/cleaner_ws/phyAI_ws/install/cleaner_system2' for CMake config files
[1.785s] Level 1:colcon.colcon_core.environment:checking '/home/sunny/cleaner_ws/phyAI_ws/install/cleaner_system2/lib'
[1.785s] Level 1:colcon.colcon_core.environment:checking '/home/sunny/cleaner_ws/phyAI_ws/install/cleaner_system2/bin'
[1.785s] Level 1:colcon.colcon_core.environment:checking '/home/sunny/cleaner_ws/phyAI_ws/install/cleaner_system2/lib/pkgconfig/cleaner_system2.pc'
[1.785s] Level 1:colcon.colcon_core.environment:checking '/home/sunny/cleaner_ws/phyAI_ws/install/cleaner_system2/lib/python3.10/site-packages'
[1.785s] Level 1:colcon.colcon_core.shell:create_environment_hook('cleaner_system2', 'pythonpath')
[1.786s] INFO:colcon.colcon_core.shell:Creating environment hook '/home/sunny/cleaner_ws/phyAI_ws/install/cleaner_system2/share/cleaner_system2/hook/pythonpath.ps1'
[1.786s] INFO:colcon.colcon_core.shell:Creating environment descriptor '/home/sunny/cleaner_ws/phyAI_ws/install/cleaner_system2/share/cleaner_system2/hook/pythonpath.dsv'
[1.786s] INFO:colcon.colcon_core.shell:Creating environment hook '/home/sunny/cleaner_ws/phyAI_ws/install/cleaner_system2/share/cleaner_system2/hook/pythonpath.sh'
[1.787s] Level 1:colcon.colcon_core.environment:checking '/home/sunny/cleaner_ws/phyAI_ws/install/cleaner_system2/bin'
[1.787s] Level 1:colcon.colcon_core.environment:create_environment_scripts_only(cleaner_system2)
[1.788s] INFO:colcon.colcon_core.shell:Creating package script '/home/sunny/cleaner_ws/phyAI_ws/install/cleaner_system2/share/cleaner_system2/package.ps1'
[1.788s] INFO:colcon.colcon_core.shell:Creating package descriptor '/home/sunny/cleaner_ws/phyAI_ws/install/cleaner_system2/share/cleaner_system2/package.dsv'
[1.788s] INFO:colcon.colcon_core.shell:Creating package script '/home/sunny/cleaner_ws/phyAI_ws/install/cleaner_system2/share/cleaner_system2/package.sh'
[1.789s] INFO:colcon.colcon_core.shell:Creating package script '/home/sunny/cleaner_ws/phyAI_ws/install/cleaner_system2/share/cleaner_system2/package.bash'
[1.789s] INFO:colcon.colcon_core.shell:Creating package script '/home/sunny/cleaner_ws/phyAI_ws/install/cleaner_system2/share/cleaner_system2/package.zsh'
[1.789s] Level 1:colcon.colcon_core.environment:create_file_with_runtime_dependencies(/home/sunny/cleaner_ws/phyAI_ws/install/cleaner_system2/share/colcon-core/packages/cleaner_system2)
[1.789s] DEBUG:colcon.colcon_parallel_executor.executor.parallel:closing loop
[1.789s] DEBUG:colcon.colcon_parallel_executor.executor.parallel:loop closed
[1.790s] DEBUG:colcon.colcon_parallel_executor.executor.parallel:run_until_complete finished with '0'
[1.790s] DEBUG:colcon.colcon_core.event_reactor:joining thread
[1.794s] INFO:colcon.colcon_core.plugin_system:Skipping extension 'colcon_notification.desktop_notification.terminal_notifier': Not used on non-Darwin systems
[1.794s] INFO:colcon.colcon_core.plugin_system:Skipping extension 'colcon_notification.desktop_notification.win32': Not used on non-Windows systems
[1.794s] INFO:colcon.colcon_notification.desktop_notification:Sending desktop notification using 'notify2'
[1.795s] DEBUG:colcon.colcon_notification.desktop_notification.notify2:Failed to initialize notify2: org.freedesktop.DBus.Error.AccessDenied: Failed to connect to socket /run/user/1000/bus: Operation not permitted
[1.795s] DEBUG:colcon.colcon_core.event_reactor:joined thread
[1.795s] INFO:colcon.colcon_core.shell:Creating prefix script '/home/sunny/cleaner_ws/phyAI_ws/install/local_setup.ps1'
[1.796s] INFO:colcon.colcon_core.shell:Creating prefix util module '/home/sunny/cleaner_ws/phyAI_ws/install/_local_setup_util_ps1.py'
[1.797s] INFO:colcon.colcon_core.shell:Creating prefix chain script '/home/sunny/cleaner_ws/phyAI_ws/install/setup.ps1'
[1.798s] INFO:colcon.colcon_core.shell:Creating prefix script '/home/sunny/cleaner_ws/phyAI_ws/install/local_setup.sh'
[1.798s] INFO:colcon.colcon_core.shell:Creating prefix util module '/home/sunny/cleaner_ws/phyAI_ws/install/_local_setup_util_sh.py'
[1.798s] INFO:colcon.colcon_core.shell:Creating prefix chain script '/home/sunny/cleaner_ws/phyAI_ws/install/setup.sh'
[1.799s] INFO:colcon.colcon_core.shell:Creating prefix script '/home/sunny/cleaner_ws/phyAI_ws/install/local_setup.bash'
[1.799s] INFO:colcon.colcon_core.shell:Creating prefix chain script '/home/sunny/cleaner_ws/phyAI_ws/install/setup.bash'
[1.800s] INFO:colcon.colcon_core.shell:Creating prefix script '/home/sunny/cleaner_ws/phyAI_ws/install/local_setup.zsh'
[1.800s] INFO:colcon.colcon_core.shell:Creating prefix chain script '/home/sunny/cleaner_ws/phyAI_ws/install/setup.zsh'
