[0.012s] Invoking command in '/home/sunny/cleaner_ws/phyAI_ws/build/yolov8_bringup': AMENT_PREFIX_PATH=/home/sunny/cleaner_ws/phyAI_ws/install/yolov8_ros:/home/sunny/cleaner_ws/phyAI_ws/install/yolov8_bringup:/home/sunny/cleaner_ws/phyAI_ws/install/vision_context_builder:/home/sunny/cleaner_ws/phyAI_ws/install/yolov8_msgs:/home/sunny/cleaner_ws/phyAI_ws/install/usb_cam:/home/sunny/cleaner_ws/phyAI_ws/install/gptapi:/home/sunny/cleaner_ws/phyAI_ws/install/cleaner_system2:/home/sunny/cleaner_ws/phyAI_ws/install/cleaner_system1:/home/sunny/cleaner_ws/phyAI_ws/install/cleaner_msgs:/opt/ros/humble CMAKE_PREFIX_PATH=${CMAKE_PREFIX_PATH}:/home/sunny/cleaner_ws/phyAI_ws/install/yolov8_ros:/home/sunny/cleaner_ws/phyAI_ws/install/vision_context_builder:/home/sunny/cleaner_ws/phyAI_ws/install/gptapi:/home/sunny/cleaner_ws/phyAI_ws/install/cleaner_system2:/home/sunny/cleaner_ws/phyAI_ws/install/cleaner_system1:/opt/ros/humble /usr/bin/cmake --build /home/sunny/cleaner_ws/phyAI_ws/build/yolov8_bringup -- -j16 -l16
[0.047s] Invoked command in '/home/sunny/cleaner_ws/phyAI_ws/build/yolov8_bringup' returned '0': AMENT_PREFIX_PATH=/home/sunny/cleaner_ws/phyAI_ws/install/yolov8_ros:/home/sunny/cleaner_ws/phyAI_ws/install/yolov8_bringup:/home/sunny/cleaner_ws/phyAI_ws/install/vision_context_builder:/home/sunny/cleaner_ws/phyAI_ws/install/yolov8_msgs:/home/sunny/cleaner_ws/phyAI_ws/install/usb_cam:/home/sunny/cleaner_ws/phyAI_ws/install/gptapi:/home/sunny/cleaner_ws/phyAI_ws/install/cleaner_system2:/home/sunny/cleaner_ws/phyAI_ws/install/cleaner_system1:/home/sunny/cleaner_ws/phyAI_ws/install/cleaner_msgs:/opt/ros/humble CMAKE_PREFIX_PATH=${CMAKE_PREFIX_PATH}:/home/sunny/cleaner_ws/phyAI_ws/install/yolov8_ros:/home/sunny/cleaner_ws/phyAI_ws/install/vision_context_builder:/home/sunny/cleaner_ws/phyAI_ws/install/gptapi:/home/sunny/cleaner_ws/phyAI_ws/install/cleaner_system2:/home/sunny/cleaner_ws/phyAI_ws/install/cleaner_system1:/opt/ros/humble /usr/bin/cmake --build /home/sunny/cleaner_ws/phyAI_ws/build/yolov8_bringup -- -j16 -l16
[0.048s] Invoking command in '/home/sunny/cleaner_ws/phyAI_ws/build/yolov8_bringup': AMENT_PREFIX_PATH=/home/sunny/cleaner_ws/phyAI_ws/install/yolov8_ros:/home/sunny/cleaner_ws/phyAI_ws/install/yolov8_bringup:/home/sunny/cleaner_ws/phyAI_ws/install/vision_context_builder:/home/sunny/cleaner_ws/phyAI_ws/install/yolov8_msgs:/home/sunny/cleaner_ws/phyAI_ws/install/usb_cam:/home/sunny/cleaner_ws/phyAI_ws/install/gptapi:/home/sunny/cleaner_ws/phyAI_ws/install/cleaner_system2:/home/sunny/cleaner_ws/phyAI_ws/install/cleaner_system1:/home/sunny/cleaner_ws/phyAI_ws/install/cleaner_msgs:/opt/ros/humble CMAKE_PREFIX_PATH=${CMAKE_PREFIX_PATH}:/home/sunny/cleaner_ws/phyAI_ws/install/yolov8_ros:/home/sunny/cleaner_ws/phyAI_ws/install/vision_context_builder:/home/sunny/cleaner_ws/phyAI_ws/install/gptapi:/home/sunny/cleaner_ws/phyAI_ws/install/cleaner_system2:/home/sunny/cleaner_ws/phyAI_ws/install/cleaner_system1:/opt/ros/humble /usr/bin/cmake --install /home/sunny/cleaner_ws/phyAI_ws/build/yolov8_bringup
[0.056s] -- Install configuration: ""
[0.057s] -- Up-to-date: /home/sunny/cleaner_ws/phyAI_ws/install/yolov8_bringup/share/yolov8_bringup//launch
[0.057s] -- Up-to-date: /home/sunny/cleaner_ws/phyAI_ws/install/yolov8_bringup/share/yolov8_bringup//launch/yolov8.launch.py
[0.057s] -- Up-to-date: /home/sunny/cleaner_ws/phyAI_ws/install/yolov8_bringup/share/yolov8_bringup//launch/yolov8_3d.launch.py
[0.057s] -- Up-to-date: /home/sunny/cleaner_ws/phyAI_ws/install/yolov8_bringup/share/ament_index/resource_index/package_run_dependencies/yolov8_bringup
[0.057s] -- Up-to-date: /home/sunny/cleaner_ws/phyAI_ws/install/yolov8_bringup/share/ament_index/resource_index/parent_prefix_path/yolov8_bringup
[0.057s] -- Up-to-date: /home/sunny/cleaner_ws/phyAI_ws/install/yolov8_bringup/share/yolov8_bringup/environment/ament_prefix_path.sh
[0.057s] -- Up-to-date: /home/sunny/cleaner_ws/phyAI_ws/install/yolov8_bringup/share/yolov8_bringup/environment/ament_prefix_path.dsv
[0.057s] -- Up-to-date: /home/sunny/cleaner_ws/phyAI_ws/install/yolov8_bringup/share/yolov8_bringup/environment/path.sh
[0.057s] -- Up-to-date: /home/sunny/cleaner_ws/phyAI_ws/install/yolov8_bringup/share/yolov8_bringup/environment/path.dsv
[0.058s] -- Up-to-date: /home/sunny/cleaner_ws/phyAI_ws/install/yolov8_bringup/share/yolov8_bringup/local_setup.bash
[0.058s] -- Up-to-date: /home/sunny/cleaner_ws/phyAI_ws/install/yolov8_bringup/share/yolov8_bringup/local_setup.sh
[0.058s] -- Up-to-date: /home/sunny/cleaner_ws/phyAI_ws/install/yolov8_bringup/share/yolov8_bringup/local_setup.zsh
[0.058s] -- Up-to-date: /home/sunny/cleaner_ws/phyAI_ws/install/yolov8_bringup/share/yolov8_bringup/local_setup.dsv
[0.058s] -- Up-to-date: /home/sunny/cleaner_ws/phyAI_ws/install/yolov8_bringup/share/yolov8_bringup/package.dsv
[0.058s] -- Up-to-date: /home/sunny/cleaner_ws/phyAI_ws/install/yolov8_bringup/share/ament_index/resource_index/packages/yolov8_bringup
[0.058s] -- Up-to-date: /home/sunny/cleaner_ws/phyAI_ws/install/yolov8_bringup/share/yolov8_bringup/cmake/yolov8_bringupConfig.cmake
[0.058s] -- Up-to-date: /home/sunny/cleaner_ws/phyAI_ws/install/yolov8_bringup/share/yolov8_bringup/cmake/yolov8_bringupConfig-version.cmake
[0.058s] -- Up-to-date: /home/sunny/cleaner_ws/phyAI_ws/install/yolov8_bringup/share/yolov8_bringup/package.xml
[0.059s] Invoked command in '/home/sunny/cleaner_ws/phyAI_ws/build/yolov8_bringup' returned '0': AMENT_PREFIX_PATH=/home/sunny/cleaner_ws/phyAI_ws/install/yolov8_ros:/home/sunny/cleaner_ws/phyAI_ws/install/yolov8_bringup:/home/sunny/cleaner_ws/phyAI_ws/install/vision_context_builder:/home/sunny/cleaner_ws/phyAI_ws/install/yolov8_msgs:/home/sunny/cleaner_ws/phyAI_ws/install/usb_cam:/home/sunny/cleaner_ws/phyAI_ws/install/gptapi:/home/sunny/cleaner_ws/phyAI_ws/install/cleaner_system2:/home/sunny/cleaner_ws/phyAI_ws/install/cleaner_system1:/home/sunny/cleaner_ws/phyAI_ws/install/cleaner_msgs:/opt/ros/humble CMAKE_PREFIX_PATH=${CMAKE_PREFIX_PATH}:/home/sunny/cleaner_ws/phyAI_ws/install/yolov8_ros:/home/sunny/cleaner_ws/phyAI_ws/install/vision_context_builder:/home/sunny/cleaner_ws/phyAI_ws/install/gptapi:/home/sunny/cleaner_ws/phyAI_ws/install/cleaner_system2:/home/sunny/cleaner_ws/phyAI_ws/install/cleaner_system1:/opt/ros/humble /usr/bin/cmake --install /home/sunny/cleaner_ws/phyAI_ws/build/yolov8_bringup
