[0.038s] Invoking command in '/home/sunny/ros2_ws/build/action_tutorials_interfaces': CMAKE_PREFIX_PATH=${CMAKE_PREFIX_PATH}:/home/sunny/ros2_ws/install/yolov8_ros:/home/sunny/ros2_ws/install/gptapi:/opt/ros/humble /usr/bin/cmake --build /home/sunny/ros2_ws/build/action_tutorials_interfaces -- -j16 -l16
[0.449s] [  2%] Built target action_tutorials_interfaces__cpp
[0.449s] [  2%] Built target ament_cmake_python_copy_action_tutorials_interfaces
[0.449s] [ 12%] Built target action_tutorials_interfaces__rosidl_typesupport_introspection_cpp
[0.449s] running egg_info
[0.449s] writing action_tutorials_interfaces.egg-info/PKG-INFO
[0.449s] writing dependency_links to action_tutorials_interfaces.egg-info/dependency_links.txt
[0.449s] writing top-level names to action_tutorials_interfaces.egg-info/top_level.txt
[0.450s] reading manifest file 'action_tutorials_interfaces.egg-info/SOURCES.txt'
[0.450s] writing manifest file 'action_tutorials_interfaces.egg-info/SOURCES.txt'
[0.450s] [ 12%] Built target ament_cmake_python_build_action_tutorials_interfaces_egg
[0.462s] [ 23%] Built target action_tutorials_interfaces__rosidl_typesupport_fastrtps_cpp
[0.484s] [ 33%] Built target action_tutorials_interfaces__rosidl_typesupport_cpp
[0.510s] [ 43%] Built target action_tutorials_interfaces__rosidl_generator_c
[0.535s] [ 53%] Built target action_tutorials_interfaces__rosidl_typesupport_fastrtps_c
[0.558s] [ 64%] Built target action_tutorials_interfaces__rosidl_typesupport_c
[0.583s] [ 74%] Built target action_tutorials_interfaces__rosidl_typesupport_introspection_c
[0.603s] [ 74%] Built target action_tutorials_interfaces
[0.628s] [ 76%] Built target action_tutorials_interfaces__py
[0.657s] [ 84%] Built target action_tutorials_interfaces__rosidl_generator_py
[0.682s] [ 89%] Built target action_tutorials_interfaces__rosidl_typesupport_fastrtps_c__pyext
[0.708s] [ 94%] Built target action_tutorials_interfaces__rosidl_typesupport_c__pyext
[0.732s] [100%] Built target action_tutorials_interfaces__rosidl_typesupport_introspection_c__pyext
[0.744s] Invoked command in '/home/sunny/ros2_ws/build/action_tutorials_interfaces' returned '0': CMAKE_PREFIX_PATH=${CMAKE_PREFIX_PATH}:/home/sunny/ros2_ws/install/yolov8_ros:/home/sunny/ros2_ws/install/gptapi:/opt/ros/humble /usr/bin/cmake --build /home/sunny/ros2_ws/build/action_tutorials_interfaces -- -j16 -l16
[0.746s] Invoking command in '/home/sunny/ros2_ws/build/action_tutorials_interfaces': CMAKE_PREFIX_PATH=${CMAKE_PREFIX_PATH}:/home/sunny/ros2_ws/install/yolov8_ros:/home/sunny/ros2_ws/install/gptapi:/opt/ros/humble /usr/bin/cmake --install /home/sunny/ros2_ws/build/action_tutorials_interfaces
[0.755s] -- Install configuration: ""
[0.756s] -- Up-to-date: /home/sunny/ros2_ws/install/action_tutorials_interfaces/share/ament_index/resource_index/rosidl_interfaces/action_tutorials_interfaces
[0.756s] -- Up-to-date: /home/sunny/ros2_ws/install/action_tutorials_interfaces/include/action_tutorials_interfaces/action_tutorials_interfaces
[0.756s] -- Up-to-date: /home/sunny/ros2_ws/install/action_tutorials_interfaces/include/action_tutorials_interfaces/action_tutorials_interfaces/action
[0.756s] -- Up-to-date: /home/sunny/ros2_ws/install/action_tutorials_interfaces/include/action_tutorials_interfaces/action_tutorials_interfaces/action/detail
[0.756s] -- Up-to-date: /home/sunny/ros2_ws/install/action_tutorials_interfaces/include/action_tutorials_interfaces/action_tutorials_interfaces/action/detail/fibonacci__type_support.h
[0.756s] -- Up-to-date: /home/sunny/ros2_ws/install/action_tutorials_interfaces/include/action_tutorials_interfaces/action_tutorials_interfaces/action/detail/youngrok__type_support.h
[0.756s] -- Up-to-date: /home/sunny/ros2_ws/install/action_tutorials_interfaces/include/action_tutorials_interfaces/action_tutorials_interfaces/action/detail/youngrok__functions.h
[0.756s] -- Up-to-date: /home/sunny/ros2_ws/install/action_tutorials_interfaces/include/action_tutorials_interfaces/action_tutorials_interfaces/action/detail/fibonacci__functions.h
[0.756s] -- Up-to-date: /home/sunny/ros2_ws/install/action_tutorials_interfaces/include/action_tutorials_interfaces/action_tutorials_interfaces/action/detail/youngrok__struct.h
[0.756s] -- Up-to-date: /home/sunny/ros2_ws/install/action_tutorials_interfaces/include/action_tutorials_interfaces/action_tutorials_interfaces/action/detail/fibonacci__functions.c
[0.756s] -- Up-to-date: /home/sunny/ros2_ws/install/action_tutorials_interfaces/include/action_tutorials_interfaces/action_tutorials_interfaces/action/detail/fibonacci__struct.h
[0.756s] -- Up-to-date: /home/sunny/ros2_ws/install/action_tutorials_interfaces/include/action_tutorials_interfaces/action_tutorials_interfaces/action/detail/youngrok__functions.c
[0.756s] -- Up-to-date: /home/sunny/ros2_ws/install/action_tutorials_interfaces/include/action_tutorials_interfaces/action_tutorials_interfaces/action/fibonacci.h
[0.756s] -- Up-to-date: /home/sunny/ros2_ws/install/action_tutorials_interfaces/include/action_tutorials_interfaces/action_tutorials_interfaces/action/youngrok.h
[0.756s] -- Up-to-date: /home/sunny/ros2_ws/install/action_tutorials_interfaces/include/action_tutorials_interfaces/action_tutorials_interfaces/msg
[0.756s] -- Up-to-date: /home/sunny/ros2_ws/install/action_tutorials_interfaces/include/action_tutorials_interfaces/action_tutorials_interfaces/msg/rosidl_generator_c__visibility_control.h
[0.756s] -- Up-to-date: /home/sunny/ros2_ws/install/action_tutorials_interfaces/share/action_tutorials_interfaces/environment/library_path.sh
[0.756s] -- Up-to-date: /home/sunny/ros2_ws/install/action_tutorials_interfaces/share/action_tutorials_interfaces/environment/library_path.dsv
[0.756s] -- Up-to-date: /home/sunny/ros2_ws/install/action_tutorials_interfaces/lib/libaction_tutorials_interfaces__rosidl_generator_c.so
[0.756s] -- Up-to-date: /home/sunny/ros2_ws/install/action_tutorials_interfaces/include/action_tutorials_interfaces/action_tutorials_interfaces
[0.756s] -- Up-to-date: /home/sunny/ros2_ws/install/action_tutorials_interfaces/include/action_tutorials_interfaces/action_tutorials_interfaces/action
[0.757s] -- Up-to-date: /home/sunny/ros2_ws/install/action_tutorials_interfaces/include/action_tutorials_interfaces/action_tutorials_interfaces/action/detail
[0.757s] -- Up-to-date: /home/sunny/ros2_ws/install/action_tutorials_interfaces/include/action_tutorials_interfaces/action_tutorials_interfaces/action/detail/fibonacci__rosidl_typesupport_fastrtps_c.h
[0.757s] -- Up-to-date: /home/sunny/ros2_ws/install/action_tutorials_interfaces/include/action_tutorials_interfaces/action_tutorials_interfaces/action/detail/youngrok__rosidl_typesupport_fastrtps_c.h
[0.757s] -- Up-to-date: /home/sunny/ros2_ws/install/action_tutorials_interfaces/include/action_tutorials_interfaces/action_tutorials_interfaces/msg
[0.757s] -- Up-to-date: /home/sunny/ros2_ws/install/action_tutorials_interfaces/include/action_tutorials_interfaces/action_tutorials_interfaces/msg/rosidl_typesupport_fastrtps_c__visibility_control.h
[0.757s] -- Up-to-date: /home/sunny/ros2_ws/install/action_tutorials_interfaces/lib/libaction_tutorials_interfaces__rosidl_typesupport_fastrtps_c.so
[0.757s] -- Up-to-date: /home/sunny/ros2_ws/install/action_tutorials_interfaces/include/action_tutorials_interfaces/action_tutorials_interfaces
[0.757s] -- Up-to-date: /home/sunny/ros2_ws/install/action_tutorials_interfaces/include/action_tutorials_interfaces/action_tutorials_interfaces/action
[0.757s] -- Up-to-date: /home/sunny/ros2_ws/install/action_tutorials_interfaces/include/action_tutorials_interfaces/action_tutorials_interfaces/action/detail
[0.757s] -- Up-to-date: /home/sunny/ros2_ws/install/action_tutorials_interfaces/include/action_tutorials_interfaces/action_tutorials_interfaces/action/detail/fibonacci__type_support.c
[0.757s] -- Up-to-date: /home/sunny/ros2_ws/install/action_tutorials_interfaces/include/action_tutorials_interfaces/action_tutorials_interfaces/action/detail/fibonacci__rosidl_typesupport_introspection_c.h
[0.757s] -- Up-to-date: /home/sunny/ros2_ws/install/action_tutorials_interfaces/include/action_tutorials_interfaces/action_tutorials_interfaces/action/detail/youngrok__type_support.c
[0.757s] -- Up-to-date: /home/sunny/ros2_ws/install/action_tutorials_interfaces/include/action_tutorials_interfaces/action_tutorials_interfaces/action/detail/youngrok__rosidl_typesupport_introspection_c.h
[0.757s] -- Up-to-date: /home/sunny/ros2_ws/install/action_tutorials_interfaces/include/action_tutorials_interfaces/action_tutorials_interfaces/msg
[0.757s] -- Up-to-date: /home/sunny/ros2_ws/install/action_tutorials_interfaces/include/action_tutorials_interfaces/action_tutorials_interfaces/msg/rosidl_typesupport_introspection_c__visibility_control.h
[0.758s] -- Up-to-date: /home/sunny/ros2_ws/install/action_tutorials_interfaces/lib/libaction_tutorials_interfaces__rosidl_typesupport_introspection_c.so
[0.759s] -- Up-to-date: /home/sunny/ros2_ws/install/action_tutorials_interfaces/lib/libaction_tutorials_interfaces__rosidl_typesupport_c.so
[0.759s] -- Up-to-date: /home/sunny/ros2_ws/install/action_tutorials_interfaces/include/action_tutorials_interfaces/action_tutorials_interfaces
[0.759s] -- Up-to-date: /home/sunny/ros2_ws/install/action_tutorials_interfaces/include/action_tutorials_interfaces/action_tutorials_interfaces/action
[0.759s] -- Up-to-date: /home/sunny/ros2_ws/install/action_tutorials_interfaces/include/action_tutorials_interfaces/action_tutorials_interfaces/action/fibonacci.hpp
[0.759s] -- Up-to-date: /home/sunny/ros2_ws/install/action_tutorials_interfaces/include/action_tutorials_interfaces/action_tutorials_interfaces/action/youngrok.hpp
[0.759s] -- Up-to-date: /home/sunny/ros2_ws/install/action_tutorials_interfaces/include/action_tutorials_interfaces/action_tutorials_interfaces/action/detail
[0.759s] -- Up-to-date: /home/sunny/ros2_ws/install/action_tutorials_interfaces/include/action_tutorials_interfaces/action_tutorials_interfaces/action/detail/youngrok__traits.hpp
[0.759s] -- Up-to-date: /home/sunny/ros2_ws/install/action_tutorials_interfaces/include/action_tutorials_interfaces/action_tutorials_interfaces/action/detail/youngrok__builder.hpp
[0.759s] -- Up-to-date: /home/sunny/ros2_ws/install/action_tutorials_interfaces/include/action_tutorials_interfaces/action_tutorials_interfaces/action/detail/youngrok__type_support.hpp
[0.759s] -- Up-to-date: /home/sunny/ros2_ws/install/action_tutorials_interfaces/include/action_tutorials_interfaces/action_tutorials_interfaces/action/detail/fibonacci__struct.hpp
[0.759s] -- Up-to-date: /home/sunny/ros2_ws/install/action_tutorials_interfaces/include/action_tutorials_interfaces/action_tutorials_interfaces/action/detail/fibonacci__traits.hpp
[0.759s] -- Up-to-date: /home/sunny/ros2_ws/install/action_tutorials_interfaces/include/action_tutorials_interfaces/action_tutorials_interfaces/action/detail/fibonacci__builder.hpp
[0.759s] -- Up-to-date: /home/sunny/ros2_ws/install/action_tutorials_interfaces/include/action_tutorials_interfaces/action_tutorials_interfaces/action/detail/fibonacci__type_support.hpp
[0.759s] -- Up-to-date: /home/sunny/ros2_ws/install/action_tutorials_interfaces/include/action_tutorials_interfaces/action_tutorials_interfaces/action/detail/youngrok__struct.hpp
[0.759s] -- Up-to-date: /home/sunny/ros2_ws/install/action_tutorials_interfaces/include/action_tutorials_interfaces/action_tutorials_interfaces/msg
[0.759s] -- Up-to-date: /home/sunny/ros2_ws/install/action_tutorials_interfaces/include/action_tutorials_interfaces/action_tutorials_interfaces/msg/rosidl_generator_cpp__visibility_control.hpp
[0.759s] -- Up-to-date: /home/sunny/ros2_ws/install/action_tutorials_interfaces/include/action_tutorials_interfaces/action_tutorials_interfaces
[0.759s] -- Up-to-date: /home/sunny/ros2_ws/install/action_tutorials_interfaces/include/action_tutorials_interfaces/action_tutorials_interfaces/action
[0.759s] -- Up-to-date: /home/sunny/ros2_ws/install/action_tutorials_interfaces/include/action_tutorials_interfaces/action_tutorials_interfaces/action/detail
[0.759s] -- Up-to-date: /home/sunny/ros2_ws/install/action_tutorials_interfaces/include/action_tutorials_interfaces/action_tutorials_interfaces/action/detail/youngrok__rosidl_typesupport_fastrtps_cpp.hpp
[0.759s] -- Up-to-date: /home/sunny/ros2_ws/install/action_tutorials_interfaces/include/action_tutorials_interfaces/action_tutorials_interfaces/action/detail/fibonacci__rosidl_typesupport_fastrtps_cpp.hpp
[0.759s] -- Up-to-date: /home/sunny/ros2_ws/install/action_tutorials_interfaces/include/action_tutorials_interfaces/action_tutorials_interfaces/action/detail/dds_fastrtps
[0.759s] -- Up-to-date: /home/sunny/ros2_ws/install/action_tutorials_interfaces/include/action_tutorials_interfaces/action_tutorials_interfaces/msg
[0.759s] -- Up-to-date: /home/sunny/ros2_ws/install/action_tutorials_interfaces/include/action_tutorials_interfaces/action_tutorials_interfaces/msg/rosidl_typesupport_fastrtps_cpp__visibility_control.h
[0.760s] -- Up-to-date: /home/sunny/ros2_ws/install/action_tutorials_interfaces/lib/libaction_tutorials_interfaces__rosidl_typesupport_fastrtps_cpp.so
[0.760s] -- Up-to-date: /home/sunny/ros2_ws/install/action_tutorials_interfaces/include/action_tutorials_interfaces/action_tutorials_interfaces
[0.760s] -- Up-to-date: /home/sunny/ros2_ws/install/action_tutorials_interfaces/include/action_tutorials_interfaces/action_tutorials_interfaces/action
[0.760s] -- Up-to-date: /home/sunny/ros2_ws/install/action_tutorials_interfaces/include/action_tutorials_interfaces/action_tutorials_interfaces/action/detail
[0.760s] -- Up-to-date: /home/sunny/ros2_ws/install/action_tutorials_interfaces/include/action_tutorials_interfaces/action_tutorials_interfaces/action/detail/youngrok__type_support.cpp
[0.760s] -- Up-to-date: /home/sunny/ros2_ws/install/action_tutorials_interfaces/include/action_tutorials_interfaces/action_tutorials_interfaces/action/detail/fibonacci__type_support.cpp
[0.760s] -- Up-to-date: /home/sunny/ros2_ws/install/action_tutorials_interfaces/include/action_tutorials_interfaces/action_tutorials_interfaces/action/detail/fibonacci__rosidl_typesupport_introspection_cpp.hpp
[0.760s] -- Up-to-date: /home/sunny/ros2_ws/install/action_tutorials_interfaces/include/action_tutorials_interfaces/action_tutorials_interfaces/action/detail/youngrok__rosidl_typesupport_introspection_cpp.hpp
[0.761s] -- Up-to-date: /home/sunny/ros2_ws/install/action_tutorials_interfaces/lib/libaction_tutorials_interfaces__rosidl_typesupport_introspection_cpp.so
[0.761s] -- Up-to-date: /home/sunny/ros2_ws/install/action_tutorials_interfaces/lib/libaction_tutorials_interfaces__rosidl_typesupport_cpp.so
[0.762s] -- Up-to-date: /home/sunny/ros2_ws/install/action_tutorials_interfaces/share/action_tutorials_interfaces/environment/pythonpath.sh
[0.762s] -- Up-to-date: /home/sunny/ros2_ws/install/action_tutorials_interfaces/share/action_tutorials_interfaces/environment/pythonpath.dsv
[0.762s] -- Up-to-date: /home/sunny/ros2_ws/install/action_tutorials_interfaces/local/lib/python3.10/dist-packages/action_tutorials_interfaces-0.0.0-py3.10.egg-info
[0.762s] -- Installing: /home/sunny/ros2_ws/install/action_tutorials_interfaces/local/lib/python3.10/dist-packages/action_tutorials_interfaces-0.0.0-py3.10.egg-info/top_level.txt
[0.762s] -- Installing: /home/sunny/ros2_ws/install/action_tutorials_interfaces/local/lib/python3.10/dist-packages/action_tutorials_interfaces-0.0.0-py3.10.egg-info/PKG-INFO
[0.762s] -- Installing: /home/sunny/ros2_ws/install/action_tutorials_interfaces/local/lib/python3.10/dist-packages/action_tutorials_interfaces-0.0.0-py3.10.egg-info/SOURCES.txt
[0.762s] -- Installing: /home/sunny/ros2_ws/install/action_tutorials_interfaces/local/lib/python3.10/dist-packages/action_tutorials_interfaces-0.0.0-py3.10.egg-info/dependency_links.txt
[0.762s] -- Up-to-date: /home/sunny/ros2_ws/install/action_tutorials_interfaces/local/lib/python3.10/dist-packages/action_tutorials_interfaces
[0.762s] -- Up-to-date: /home/sunny/ros2_ws/install/action_tutorials_interfaces/local/lib/python3.10/dist-packages/action_tutorials_interfaces/action
[0.762s] -- Up-to-date: /home/sunny/ros2_ws/install/action_tutorials_interfaces/local/lib/python3.10/dist-packages/action_tutorials_interfaces/action/_youngrok.py
[0.762s] -- Up-to-date: /home/sunny/ros2_ws/install/action_tutorials_interfaces/local/lib/python3.10/dist-packages/action_tutorials_interfaces/action/__init__.py
[0.762s] -- Up-to-date: /home/sunny/ros2_ws/install/action_tutorials_interfaces/local/lib/python3.10/dist-packages/action_tutorials_interfaces/action/_fibonacci_s.c
[0.762s] -- Up-to-date: /home/sunny/ros2_ws/install/action_tutorials_interfaces/local/lib/python3.10/dist-packages/action_tutorials_interfaces/action/_fibonacci.py
[0.762s] -- Up-to-date: /home/sunny/ros2_ws/install/action_tutorials_interfaces/local/lib/python3.10/dist-packages/action_tutorials_interfaces/action/_youngrok_s.c
[0.763s] -- Up-to-date: /home/sunny/ros2_ws/install/action_tutorials_interfaces/local/lib/python3.10/dist-packages/action_tutorials_interfaces/__init__.py
[0.763s] -- Up-to-date: /home/sunny/ros2_ws/install/action_tutorials_interfaces/local/lib/python3.10/dist-packages/action_tutorials_interfaces/_action_tutorials_interfaces_s.ep.rosidl_typesupport_fastrtps_c.c
[0.763s] -- Up-to-date: /home/sunny/ros2_ws/install/action_tutorials_interfaces/local/lib/python3.10/dist-packages/action_tutorials_interfaces/_action_tutorials_interfaces_s.ep.rosidl_typesupport_introspection_c.c
[0.763s] -- Up-to-date: /home/sunny/ros2_ws/install/action_tutorials_interfaces/local/lib/python3.10/dist-packages/action_tutorials_interfaces/_action_tutorials_interfaces_s.ep.rosidl_typesupport_c.c
[0.763s] -- Up-to-date: /home/sunny/ros2_ws/install/action_tutorials_interfaces/local/lib/python3.10/dist-packages/action_tutorials_interfaces/libaction_tutorials_interfaces__rosidl_generator_py.so
[0.763s] -- Up-to-date: /home/sunny/ros2_ws/install/action_tutorials_interfaces/local/lib/python3.10/dist-packages/action_tutorials_interfaces/action_tutorials_interfaces_s__rosidl_typesupport_fastrtps_c.cpython-310-x86_64-linux-gnu.so
[0.763s] -- Up-to-date: /home/sunny/ros2_ws/install/action_tutorials_interfaces/local/lib/python3.10/dist-packages/action_tutorials_interfaces/action_tutorials_interfaces_s__rosidl_typesupport_introspection_c.cpython-310-x86_64-linux-gnu.so
[0.763s] -- Up-to-date: /home/sunny/ros2_ws/install/action_tutorials_interfaces/local/lib/python3.10/dist-packages/action_tutorials_interfaces/action_tutorials_interfaces_s__rosidl_typesupport_c.cpython-310-x86_64-linux-gnu.so
[0.788s] Listing '/home/sunny/ros2_ws/install/action_tutorials_interfaces/local/lib/python3.10/dist-packages/action_tutorials_interfaces'...
[0.788s] Listing '/home/sunny/ros2_ws/install/action_tutorials_interfaces/local/lib/python3.10/dist-packages/action_tutorials_interfaces/action'...
[0.792s] -- Up-to-date: /home/sunny/ros2_ws/install/action_tutorials_interfaces/local/lib/python3.10/dist-packages/action_tutorials_interfaces/action_tutorials_interfaces_s__rosidl_typesupport_fastrtps_c.cpython-310-x86_64-linux-gnu.so
[0.793s] -- Up-to-date: /home/sunny/ros2_ws/install/action_tutorials_interfaces/local/lib/python3.10/dist-packages/action_tutorials_interfaces/action_tutorials_interfaces_s__rosidl_typesupport_introspection_c.cpython-310-x86_64-linux-gnu.so
[0.794s] -- Up-to-date: /home/sunny/ros2_ws/install/action_tutorials_interfaces/local/lib/python3.10/dist-packages/action_tutorials_interfaces/action_tutorials_interfaces_s__rosidl_typesupport_c.cpython-310-x86_64-linux-gnu.so
[0.795s] -- Up-to-date: /home/sunny/ros2_ws/install/action_tutorials_interfaces/lib/libaction_tutorials_interfaces__rosidl_generator_py.so
[0.795s] -- Up-to-date: /home/sunny/ros2_ws/install/action_tutorials_interfaces/share/action_tutorials_interfaces/action/Fibonacci.idl
[0.795s] -- Up-to-date: /home/sunny/ros2_ws/install/action_tutorials_interfaces/share/action_tutorials_interfaces/action/Youngrok.idl
[0.795s] -- Up-to-date: /home/sunny/ros2_ws/install/action_tutorials_interfaces/share/action_tutorials_interfaces/action/Fibonacci.action
[0.795s] -- Up-to-date: /home/sunny/ros2_ws/install/action_tutorials_interfaces/share/action_tutorials_interfaces/action/Youngrok.action
[0.795s] -- Up-to-date: /home/sunny/ros2_ws/install/action_tutorials_interfaces/share/ament_index/resource_index/package_run_dependencies/action_tutorials_interfaces
[0.795s] -- Up-to-date: /home/sunny/ros2_ws/install/action_tutorials_interfaces/share/ament_index/resource_index/parent_prefix_path/action_tutorials_interfaces
[0.795s] -- Up-to-date: /home/sunny/ros2_ws/install/action_tutorials_interfaces/share/action_tutorials_interfaces/environment/ament_prefix_path.sh
[0.795s] -- Up-to-date: /home/sunny/ros2_ws/install/action_tutorials_interfaces/share/action_tutorials_interfaces/environment/ament_prefix_path.dsv
[0.795s] -- Up-to-date: /home/sunny/ros2_ws/install/action_tutorials_interfaces/share/action_tutorials_interfaces/environment/path.sh
[0.795s] -- Up-to-date: /home/sunny/ros2_ws/install/action_tutorials_interfaces/share/action_tutorials_interfaces/environment/path.dsv
[0.795s] -- Up-to-date: /home/sunny/ros2_ws/install/action_tutorials_interfaces/share/action_tutorials_interfaces/local_setup.bash
[0.795s] -- Up-to-date: /home/sunny/ros2_ws/install/action_tutorials_interfaces/share/action_tutorials_interfaces/local_setup.sh
[0.795s] -- Up-to-date: /home/sunny/ros2_ws/install/action_tutorials_interfaces/share/action_tutorials_interfaces/local_setup.zsh
[0.795s] -- Up-to-date: /home/sunny/ros2_ws/install/action_tutorials_interfaces/share/action_tutorials_interfaces/local_setup.dsv
[0.795s] -- Installing: /home/sunny/ros2_ws/install/action_tutorials_interfaces/share/action_tutorials_interfaces/package.dsv
[0.796s] -- Up-to-date: /home/sunny/ros2_ws/install/action_tutorials_interfaces/share/ament_index/resource_index/packages/action_tutorials_interfaces
[0.796s] -- Up-to-date: /home/sunny/ros2_ws/install/action_tutorials_interfaces/share/action_tutorials_interfaces/cmake/export_action_tutorials_interfaces__rosidl_generator_cExport.cmake
[0.796s] -- Up-to-date: /home/sunny/ros2_ws/install/action_tutorials_interfaces/share/action_tutorials_interfaces/cmake/export_action_tutorials_interfaces__rosidl_generator_cExport-noconfig.cmake
[0.796s] -- Up-to-date: /home/sunny/ros2_ws/install/action_tutorials_interfaces/share/action_tutorials_interfaces/cmake/export_action_tutorials_interfaces__rosidl_typesupport_fastrtps_cExport.cmake
[0.796s] -- Up-to-date: /home/sunny/ros2_ws/install/action_tutorials_interfaces/share/action_tutorials_interfaces/cmake/export_action_tutorials_interfaces__rosidl_typesupport_fastrtps_cExport-noconfig.cmake
[0.797s] -- Up-to-date: /home/sunny/ros2_ws/install/action_tutorials_interfaces/share/action_tutorials_interfaces/cmake/action_tutorials_interfaces__rosidl_typesupport_introspection_cExport.cmake
[0.797s] -- Up-to-date: /home/sunny/ros2_ws/install/action_tutorials_interfaces/share/action_tutorials_interfaces/cmake/action_tutorials_interfaces__rosidl_typesupport_introspection_cExport-noconfig.cmake
[0.797s] -- Up-to-date: /home/sunny/ros2_ws/install/action_tutorials_interfaces/share/action_tutorials_interfaces/cmake/action_tutorials_interfaces__rosidl_typesupport_cExport.cmake
[0.797s] -- Up-to-date: /home/sunny/ros2_ws/install/action_tutorials_interfaces/share/action_tutorials_interfaces/cmake/action_tutorials_interfaces__rosidl_typesupport_cExport-noconfig.cmake
[0.797s] -- Up-to-date: /home/sunny/ros2_ws/install/action_tutorials_interfaces/share/action_tutorials_interfaces/cmake/export_action_tutorials_interfaces__rosidl_generator_cppExport.cmake
[0.797s] -- Up-to-date: /home/sunny/ros2_ws/install/action_tutorials_interfaces/share/action_tutorials_interfaces/cmake/export_action_tutorials_interfaces__rosidl_typesupport_fastrtps_cppExport.cmake
[0.797s] -- Up-to-date: /home/sunny/ros2_ws/install/action_tutorials_interfaces/share/action_tutorials_interfaces/cmake/export_action_tutorials_interfaces__rosidl_typesupport_fastrtps_cppExport-noconfig.cmake
[0.798s] -- Up-to-date: /home/sunny/ros2_ws/install/action_tutorials_interfaces/share/action_tutorials_interfaces/cmake/action_tutorials_interfaces__rosidl_typesupport_introspection_cppExport.cmake
[0.798s] -- Up-to-date: /home/sunny/ros2_ws/install/action_tutorials_interfaces/share/action_tutorials_interfaces/cmake/action_tutorials_interfaces__rosidl_typesupport_introspection_cppExport-noconfig.cmake
[0.798s] -- Up-to-date: /home/sunny/ros2_ws/install/action_tutorials_interfaces/share/action_tutorials_interfaces/cmake/action_tutorials_interfaces__rosidl_typesupport_cppExport.cmake
[0.798s] -- Up-to-date: /home/sunny/ros2_ws/install/action_tutorials_interfaces/share/action_tutorials_interfaces/cmake/action_tutorials_interfaces__rosidl_typesupport_cppExport-noconfig.cmake
[0.798s] -- Up-to-date: /home/sunny/ros2_ws/install/action_tutorials_interfaces/share/action_tutorials_interfaces/cmake/export_action_tutorials_interfaces__rosidl_generator_pyExport.cmake
[0.798s] -- Up-to-date: /home/sunny/ros2_ws/install/action_tutorials_interfaces/share/action_tutorials_interfaces/cmake/export_action_tutorials_interfaces__rosidl_generator_pyExport-noconfig.cmake
[0.798s] -- Up-to-date: /home/sunny/ros2_ws/install/action_tutorials_interfaces/share/action_tutorials_interfaces/cmake/rosidl_cmake-extras.cmake
[0.798s] -- Up-to-date: /home/sunny/ros2_ws/install/action_tutorials_interfaces/share/action_tutorials_interfaces/cmake/ament_cmake_export_dependencies-extras.cmake
[0.798s] -- Up-to-date: /home/sunny/ros2_ws/install/action_tutorials_interfaces/share/action_tutorials_interfaces/cmake/ament_cmake_export_include_directories-extras.cmake
[0.798s] -- Up-to-date: /home/sunny/ros2_ws/install/action_tutorials_interfaces/share/action_tutorials_interfaces/cmake/ament_cmake_export_libraries-extras.cmake
[0.798s] -- Up-to-date: /home/sunny/ros2_ws/install/action_tutorials_interfaces/share/action_tutorials_interfaces/cmake/ament_cmake_export_targets-extras.cmake
[0.798s] -- Up-to-date: /home/sunny/ros2_ws/install/action_tutorials_interfaces/share/action_tutorials_interfaces/cmake/rosidl_cmake_export_typesupport_targets-extras.cmake
[0.798s] -- Up-to-date: /home/sunny/ros2_ws/install/action_tutorials_interfaces/share/action_tutorials_interfaces/cmake/rosidl_cmake_export_typesupport_libraries-extras.cmake
[0.799s] -- Up-to-date: /home/sunny/ros2_ws/install/action_tutorials_interfaces/share/action_tutorials_interfaces/cmake/action_tutorials_interfacesConfig.cmake
[0.799s] -- Up-to-date: /home/sunny/ros2_ws/install/action_tutorials_interfaces/share/action_tutorials_interfaces/cmake/action_tutorials_interfacesConfig-version.cmake
[0.799s] -- Up-to-date: /home/sunny/ros2_ws/install/action_tutorials_interfaces/share/action_tutorials_interfaces/package.xml
[0.801s] Invoked command in '/home/sunny/ros2_ws/build/action_tutorials_interfaces' returned '0': CMAKE_PREFIX_PATH=${CMAKE_PREFIX_PATH}:/home/sunny/ros2_ws/install/yolov8_ros:/home/sunny/ros2_ws/install/gptapi:/opt/ros/humble /usr/bin/cmake --install /home/sunny/ros2_ws/build/action_tutorials_interfaces
