[0.786s] Invoking command in '/home/sunny/cleaner_ws/phyAI_ws/build/usb_cam': CMAKE_PREFIX_PATH=${CMAKE_PREFIX_PATH}:/home/sunny/cleaner_ws/phyAI_ws/install/yolov8_ros:/home/sunny/cleaner_ws/phyAI_ws/install/vision_context_builder:/home/sunny/cleaner_ws/phyAI_ws/install/gptapi:/home/sunny/cleaner_ws/phyAI_ws/install/cleaner_system2:/home/sunny/cleaner_ws/phyAI_ws/install/cleaner_system1:/opt/ros/humble /usr/bin/cmake --build /home/sunny/cleaner_ws/phyAI_ws/build/usb_cam -- -j16 -l16
[0.824s] [35m[1mConsolidate compiler generated dependencies of target usb_cam[0m
[0.824s] [35m[1mConsolidate compiler generated dependencies of target usb_cam_node_exe[0m
[0.825s] [35m[1mConsolidate compiler generated dependencies of target gtest[0m
[0.825s] [35m[1mConsolidate compiler generated dependencies of target gtest_main[0m
[0.846s] [ 28%] Built target usb_cam_node_exe
[0.846s] [ 28%] Built target gtest
[0.847s] [ 57%] Built target gtest_main
[0.847s] [ 57%] Built target usb_cam
[0.854s] [35m[1mConsolidate compiler generated dependencies of target test_usb_cam_utils[0m
[0.854s] [35m[1mConsolidate compiler generated dependencies of target usb_cam_node[0m
[0.854s] [35m[1mConsolidate compiler generated dependencies of target test_pixel_formcleaner[0m
[0.866s] [ 71%] Built target test_usb_cam_utils
[0.869s] [ 85%] Built target test_pixel_formcleaner
[0.874s] [100%] Built target usb_cam_node
[0.888s] Invoked command in '/home/sunny/cleaner_ws/phyAI_ws/build/usb_cam' returned '0': CMAKE_PREFIX_PATH=${CMAKE_PREFIX_PATH}:/home/sunny/cleaner_ws/phyAI_ws/install/yolov8_ros:/home/sunny/cleaner_ws/phyAI_ws/install/vision_context_builder:/home/sunny/cleaner_ws/phyAI_ws/install/gptapi:/home/sunny/cleaner_ws/phyAI_ws/install/cleaner_system2:/home/sunny/cleaner_ws/phyAI_ws/install/cleaner_system1:/opt/ros/humble /usr/bin/cmake --build /home/sunny/cleaner_ws/phyAI_ws/build/usb_cam -- -j16 -l16
[0.889s] Invoking command in '/home/sunny/cleaner_ws/phyAI_ws/build/usb_cam': CMAKE_PREFIX_PATH=${CMAKE_PREFIX_PATH}:/home/sunny/cleaner_ws/phyAI_ws/install/yolov8_ros:/home/sunny/cleaner_ws/phyAI_ws/install/vision_context_builder:/home/sunny/cleaner_ws/phyAI_ws/install/gptapi:/home/sunny/cleaner_ws/phyAI_ws/install/cleaner_system2:/home/sunny/cleaner_ws/phyAI_ws/install/cleaner_system1:/opt/ros/humble /usr/bin/cmake --install /home/sunny/cleaner_ws/phyAI_ws/build/usb_cam
[0.897s] -- Install configuration: ""
[0.897s] -- Up-to-date: /home/sunny/cleaner_ws/phyAI_ws/install/usb_cam/share/usb_cam/environment/library_path.sh
[0.897s] -- Up-to-date: /home/sunny/cleaner_ws/phyAI_ws/install/usb_cam/share/usb_cam/environment/library_path.dsv
[0.897s] -- Up-to-date: /home/sunny/cleaner_ws/phyAI_ws/install/usb_cam/lib/usb_cam/usb_cam_node_exe
[0.897s] -- Up-to-date: /home/sunny/cleaner_ws/phyAI_ws/install/usb_cam/lib/usb_cam/show_image.py
[0.898s] -- Up-to-date: /home/sunny/cleaner_ws/phyAI_ws/install/usb_cam/lib/libusb_cam.so
[0.898s] -- Up-to-date: /home/sunny/cleaner_ws/phyAI_ws/install/usb_cam/lib/libusb_cam_node.so
[0.898s] -- Up-to-date: /home/sunny/cleaner_ws/phyAI_ws/install/usb_cam/include
[0.898s] -- Up-to-date: /home/sunny/cleaner_ws/phyAI_ws/install/usb_cam/include/usb_cam
[0.898s] -- Up-to-date: /home/sunny/cleaner_ws/phyAI_ws/install/usb_cam/include/usb_cam/usb_cam_node.hpp
[0.898s] -- Up-to-date: /home/sunny/cleaner_ws/phyAI_ws/install/usb_cam/include/usb_cam/formcleaner
[0.898s] -- Up-to-date: /home/sunny/cleaner_ws/phyAI_ws/install/usb_cam/include/usb_cam/formcleaner/mono.hpp
[0.898s] -- Up-to-date: /home/sunny/cleaner_ws/phyAI_ws/install/usb_cam/include/usb_cam/formcleaner/pixel_format_base.hpp
[0.898s] -- Up-to-date: /home/sunny/cleaner_ws/phyAI_ws/install/usb_cam/include/usb_cam/formcleaner/av_pixel_format_helper.hpp
[0.898s] -- Up-to-date: /home/sunny/cleaner_ws/phyAI_ws/install/usb_cam/include/usb_cam/formcleaner/utils.hpp
[0.898s] -- Up-to-date: /home/sunny/cleaner_ws/phyAI_ws/install/usb_cam/include/usb_cam/formcleaner/m420.hpp
[0.899s] -- Up-to-date: /home/sunny/cleaner_ws/phyAI_ws/install/usb_cam/include/usb_cam/formcleaner/yuyv.hpp
[0.899s] -- Up-to-date: /home/sunny/cleaner_ws/phyAI_ws/install/usb_cam/include/usb_cam/formcleaner/uyvy.hpp
[0.899s] -- Up-to-date: /home/sunny/cleaner_ws/phyAI_ws/install/usb_cam/include/usb_cam/formcleaner/mjpeg.hpp
[0.899s] -- Up-to-date: /home/sunny/cleaner_ws/phyAI_ws/install/usb_cam/include/usb_cam/formcleaner/rgb.hpp
[0.899s] -- Up-to-date: /home/sunny/cleaner_ws/phyAI_ws/install/usb_cam/include/usb_cam/constants.hpp
[0.899s] -- Up-to-date: /home/sunny/cleaner_ws/phyAI_ws/install/usb_cam/include/usb_cam/usb_cam.hpp
[0.899s] -- Up-to-date: /home/sunny/cleaner_ws/phyAI_ws/install/usb_cam/include/usb_cam/conversions.hpp
[0.899s] -- Up-to-date: /home/sunny/cleaner_ws/phyAI_ws/install/usb_cam/include/usb_cam/utils.hpp
[0.899s] -- Up-to-date: /home/sunny/cleaner_ws/phyAI_ws/install/usb_cam/lib/libusb_cam_node.so
[0.899s] -- Up-to-date: /home/sunny/cleaner_ws/phyAI_ws/install/usb_cam/share/usb_cam/launch
[0.899s] -- Up-to-date: /home/sunny/cleaner_ws/phyAI_ws/install/usb_cam/share/usb_cam/launch/__init__.py
[0.899s] -- Up-to-date: /home/sunny/cleaner_ws/phyAI_ws/install/usb_cam/share/usb_cam/launch/camera.launch.py
[0.899s] -- Up-to-date: /home/sunny/cleaner_ws/phyAI_ws/install/usb_cam/share/usb_cam/launch/camera_config.py
[0.899s] -- Up-to-date: /home/sunny/cleaner_ws/phyAI_ws/install/usb_cam/share/usb_cam/config
[0.899s] -- Up-to-date: /home/sunny/cleaner_ws/phyAI_ws/install/usb_cam/share/usb_cam/config/params_2.yaml
[0.899s] -- Up-to-date: /home/sunny/cleaner_ws/phyAI_ws/install/usb_cam/share/usb_cam/config/params_1.yaml
[0.899s] -- Up-to-date: /home/sunny/cleaner_ws/phyAI_ws/install/usb_cam/share/usb_cam/config/camera_info.yaml
[0.899s] -- Up-to-date: /home/sunny/cleaner_ws/phyAI_ws/install/usb_cam/share/ament_index/resource_index/package_run_dependencies/usb_cam
[0.899s] -- Up-to-date: /home/sunny/cleaner_ws/phyAI_ws/install/usb_cam/share/ament_index/resource_index/parent_prefix_path/usb_cam
[0.899s] -- Up-to-date: /home/sunny/cleaner_ws/phyAI_ws/install/usb_cam/share/usb_cam/environment/ament_prefix_path.sh
[0.899s] -- Up-to-date: /home/sunny/cleaner_ws/phyAI_ws/install/usb_cam/share/usb_cam/environment/ament_prefix_path.dsv
[0.899s] -- Up-to-date: /home/sunny/cleaner_ws/phyAI_ws/install/usb_cam/share/usb_cam/environment/path.sh
[0.899s] -- Up-to-date: /home/sunny/cleaner_ws/phyAI_ws/install/usb_cam/share/usb_cam/environment/path.dsv
[0.899s] -- Up-to-date: /home/sunny/cleaner_ws/phyAI_ws/install/usb_cam/share/usb_cam/local_setup.bash
[0.900s] -- Up-to-date: /home/sunny/cleaner_ws/phyAI_ws/install/usb_cam/share/usb_cam/local_setup.sh
[0.900s] -- Up-to-date: /home/sunny/cleaner_ws/phyAI_ws/install/usb_cam/share/usb_cam/local_setup.zsh
[0.900s] -- Up-to-date: /home/sunny/cleaner_ws/phyAI_ws/install/usb_cam/share/usb_cam/local_setup.dsv
[0.900s] -- Installing: /home/sunny/cleaner_ws/phyAI_ws/install/usb_cam/share/usb_cam/package.dsv
[0.900s] -- Up-to-date: /home/sunny/cleaner_ws/phyAI_ws/install/usb_cam/share/ament_index/resource_index/packages/usb_cam
[0.900s] -- Up-to-date: /home/sunny/cleaner_ws/phyAI_ws/install/usb_cam/share/ament_index/resource_index/rclcpp_components/usb_cam
[0.900s] -- Up-to-date: /home/sunny/cleaner_ws/phyAI_ws/install/usb_cam/share/usb_cam/cmake/ament_cmake_export_libraries-extras.cmake
[0.900s] -- Up-to-date: /home/sunny/cleaner_ws/phyAI_ws/install/usb_cam/share/usb_cam/cmake/ament_cmake_export_dependencies-extras.cmake
[0.900s] -- Up-to-date: /home/sunny/cleaner_ws/phyAI_ws/install/usb_cam/share/usb_cam/cmake/ament_cmake_export_include_directories-extras.cmake
[0.900s] -- Up-to-date: /home/sunny/cleaner_ws/phyAI_ws/install/usb_cam/share/usb_cam/cmake/usb_camConfig.cmake
[0.900s] -- Up-to-date: /home/sunny/cleaner_ws/phyAI_ws/install/usb_cam/share/usb_cam/cmake/usb_camConfig-version.cmake
[0.900s] -- Up-to-date: /home/sunny/cleaner_ws/phyAI_ws/install/usb_cam/share/usb_cam/package.xml
[1.098s] Invoked command in '/home/sunny/cleaner_ws/phyAI_ws/build/usb_cam' returned '0': CMAKE_PREFIX_PATH=${CMAKE_PREFIX_PATH}:/home/sunny/cleaner_ws/phyAI_ws/install/yolov8_ros:/home/sunny/cleaner_ws/phyAI_ws/install/vision_context_builder:/home/sunny/cleaner_ws/phyAI_ws/install/gptapi:/home/sunny/cleaner_ws/phyAI_ws/install/cleaner_system2:/home/sunny/cleaner_ws/phyAI_ws/install/cleaner_system1:/opt/ros/humble /usr/bin/cmake --install /home/sunny/cleaner_ws/phyAI_ws/build/usb_cam
