[0.192s] Invoking command in '/home/sunny/ros2_ws/build/cpp_pubsub': CMAKE_PREFIX_PATH=${CMAKE_PREFIX_PATH}:/home/sunny/ros2_ws/install/yolov8_ros:/home/sunny/ros2_ws/install/gptapi:/opt/ros/humble /usr/bin/cmake --build /home/sunny/ros2_ws/build/cpp_pubsub -- -j16 -l16
[0.386s] [ 50%] Built target talker
[0.386s] [ 75%] [32mBuilding CXX object CMakeFiles/listener.dir/src/subscriber_member_function.cpp.o[0m
[5.467s] [100%] [32m[1mLinking CXX executable listener[0m
[5.688s] [100%] Built target listener
[5.698s] Invoked command in '/home/sunny/ros2_ws/build/cpp_pubsub' returned '0': CMAKE_PREFIX_PATH=${CMAKE_PREFIX_PATH}:/home/sunny/ros2_ws/install/yolov8_ros:/home/sunny/ros2_ws/install/gptapi:/opt/ros/humble /usr/bin/cmake --build /home/sunny/ros2_ws/build/cpp_pubsub -- -j16 -l16
[5.699s] Invoking command in '/home/sunny/ros2_ws/build/cpp_pubsub': CMAKE_PREFIX_PATH=${CMAKE_PREFIX_PATH}:/home/sunny/ros2_ws/install/yolov8_ros:/home/sunny/ros2_ws/install/gptapi:/opt/ros/humble /usr/bin/cmake --install /home/sunny/ros2_ws/build/cpp_pubsub
[5.706s] -- Install configuration: ""
[5.706s] -- Up-to-date: /home/sunny/ros2_ws/install/cpp_pubsub/lib/cpp_pubsub/talker
[5.706s] -- Up-to-date: /home/sunny/ros2_ws/install/cpp_pubsub/share/ament_index/resource_index/package_run_dependencies/cpp_pubsub
[5.706s] -- Up-to-date: /home/sunny/ros2_ws/install/cpp_pubsub/share/ament_index/resource_index/parent_prefix_path/cpp_pubsub
[5.706s] -- Up-to-date: /home/sunny/ros2_ws/install/cpp_pubsub/share/cpp_pubsub/environment/ament_prefix_path.sh
[5.706s] -- Up-to-date: /home/sunny/ros2_ws/install/cpp_pubsub/share/cpp_pubsub/environment/ament_prefix_path.dsv
[5.706s] -- Up-to-date: /home/sunny/ros2_ws/install/cpp_pubsub/share/cpp_pubsub/environment/path.sh
[5.706s] -- Up-to-date: /home/sunny/ros2_ws/install/cpp_pubsub/share/cpp_pubsub/environment/path.dsv
[5.706s] -- Up-to-date: /home/sunny/ros2_ws/install/cpp_pubsub/share/cpp_pubsub/local_setup.bash
[5.706s] -- Up-to-date: /home/sunny/ros2_ws/install/cpp_pubsub/share/cpp_pubsub/local_setup.sh
[5.706s] -- Up-to-date: /home/sunny/ros2_ws/install/cpp_pubsub/share/cpp_pubsub/local_setup.zsh
[5.706s] -- Up-to-date: /home/sunny/ros2_ws/install/cpp_pubsub/share/cpp_pubsub/local_setup.dsv
[5.706s] -- Installing: /home/sunny/ros2_ws/install/cpp_pubsub/share/cpp_pubsub/package.dsv
[5.707s] -- Up-to-date: /home/sunny/ros2_ws/install/cpp_pubsub/share/ament_index/resource_index/packages/cpp_pubsub
[5.707s] -- Up-to-date: /home/sunny/ros2_ws/install/cpp_pubsub/share/cpp_pubsub/cmake/cpp_pubsubConfig.cmake
[5.707s] -- Up-to-date: /home/sunny/ros2_ws/install/cpp_pubsub/share/cpp_pubsub/cmake/cpp_pubsubConfig-version.cmake
[5.707s] -- Up-to-date: /home/sunny/ros2_ws/install/cpp_pubsub/share/cpp_pubsub/package.xml
[5.709s] Invoked command in '/home/sunny/ros2_ws/build/cpp_pubsub' returned '0': CMAKE_PREFIX_PATH=${CMAKE_PREFIX_PATH}:/home/sunny/ros2_ws/install/yolov8_ros:/home/sunny/ros2_ws/install/gptapi:/opt/ros/humble /usr/bin/cmake --install /home/sunny/ros2_ws/build/cpp_pubsub
