-- Found ament_cmake: 1.3.12 (/opt/ros/humble/share/ament_cmake/cmake)
-- Found action_tutorials_interfaces: 0.0.0 (/home/sunny/ros2_ws/install/action_tutorials_interfaces/share/action_tutorials_interfaces/cmake)
-- Found rosidl_generator_c: 3.1.7 (/opt/ros/humble/share/rosidl_generator_c/cmake)
-- Found rosidl_adapter: 3.1.7 (/opt/ros/humble/share/rosidl_adapter/cmake)
-- Found rosidl_generator_cpp: 3.1.7 (/opt/ros/humble/share/rosidl_generator_cpp/cmake)
-- Using all available rosidl_typesupport_c: rosidl_typesupport_fastrtps_c;rosidl_typesupport_introspection_c
-- Using all available rosidl_typesupport_cpp: rosidl_typesupport_fastrtps_cpp;rosidl_typesupport_introspection_cpp
-- Found rclcpp: 16.0.15 (/opt/ros/humble/share/rclcpp/cmake)
-- Found rmw_implementation_cmake: 6.1.2 (/opt/ros/humble/share/rmw_implementation_cmake/cmake)
-- Found rmw_fastrtps_cpp: 6.2.9 (/opt/ros/humble/share/rmw_fastrtps_cpp/cmake)
-- Using RMW implementation 'rmw_fastrtps_cpp' as default
-- Found rclcpp_action: 16.0.15 (/opt/ros/humble/share/rclcpp_action/cmake)
-- Found rclcpp_components: 16.0.15 (/opt/ros/humble/share/rclcpp_components/cmake)
-- Configuring done
-- Generating done
-- Build files have been written to: /home/sunny/ros2_ws/build/action_tutorials_cpp
[35m[1mConsolidate compiler generated dependencies of target action_server[0m
[ 12%] [32mBuilding CXX object CMakeFiles/action_server.dir/src/fibonacci_action_server.cpp.o[0m
[ 25%] [32m[1mLinking CXX shared library libaction_server.so[0m
[ 25%] Built target action_server
[35m[1mConsolidate compiler generated dependencies of target fibonacci_action_client[0m
[ 50%] Built target fibonacci_action_client
[35m[1mConsolidate compiler generated dependencies of target fibonacci_action_server[0m
[ 75%] Built target fibonacci_action_server
[35m[1mConsolidate compiler generated dependencies of target action_client[0m
[ 87%] [32mBuilding CXX object CMakeFiles/action_client.dir/src/fibonacci_action_client.cpp.o[0m
[100%] [32m[1mLinking CXX shared library libaction_client.so[0m
[100%] Built target action_client
-- Install configuration: ""
-- Up-to-date: /home/sunny/ros2_ws/install/action_tutorials_cpp/lib/action_tutorials_cpp/fibonacci_action_server
-- Up-to-date: /home/sunny/ros2_ws/install/action_tutorials_cpp/lib/action_tutorials_cpp/fibonacci_action_client
-- Installing: /home/sunny/ros2_ws/install/action_tutorials_cpp/lib/libaction_server.so
-- Set runtime path of "/home/sunny/ros2_ws/install/action_tutorials_cpp/lib/libaction_server.so" to ""
-- Installing: /home/sunny/ros2_ws/install/action_tutorials_cpp/lib/libaction_client.so
-- Set runtime path of "/home/sunny/ros2_ws/install/action_tutorials_cpp/lib/libaction_client.so" to ""
-- Up-to-date: /home/sunny/ros2_ws/install/action_tutorials_cpp/share/ament_index/resource_index/package_run_dependencies/action_tutorials_cpp
-- Installing: /home/sunny/ros2_ws/install/action_tutorials_cpp/share/ament_index/resource_index/parent_prefix_path/action_tutorials_cpp
-- Up-to-date: /home/sunny/ros2_ws/install/action_tutorials_cpp/share/action_tutorials_cpp/environment/ament_prefix_path.sh
-- Installing: /home/sunny/ros2_ws/install/action_tutorials_cpp/share/action_tutorials_cpp/environment/ament_prefix_path.dsv
-- Up-to-date: /home/sunny/ros2_ws/install/action_tutorials_cpp/share/action_tutorials_cpp/environment/path.sh
-- Installing: /home/sunny/ros2_ws/install/action_tutorials_cpp/share/action_tutorials_cpp/environment/path.dsv
-- Up-to-date: /home/sunny/ros2_ws/install/action_tutorials_cpp/share/action_tutorials_cpp/local_setup.bash
-- Up-to-date: /home/sunny/ros2_ws/install/action_tutorials_cpp/share/action_tutorials_cpp/local_setup.sh
-- Up-to-date: /home/sunny/ros2_ws/install/action_tutorials_cpp/share/action_tutorials_cpp/local_setup.zsh
-- Installing: /home/sunny/ros2_ws/install/action_tutorials_cpp/share/action_tutorials_cpp/local_setup.dsv
-- Installing: /home/sunny/ros2_ws/install/action_tutorials_cpp/share/action_tutorials_cpp/package.dsv
-- Up-to-date: /home/sunny/ros2_ws/install/action_tutorials_cpp/share/ament_index/resource_index/packages/action_tutorials_cpp
-- Up-to-date: /home/sunny/ros2_ws/install/action_tutorials_cpp/share/ament_index/resource_index/rclcpp_components/action_tutorials_cpp
-- Up-to-date: /home/sunny/ros2_ws/install/action_tutorials_cpp/share/action_tutorials_cpp/cmake/action_tutorials_cppConfig.cmake
-- Up-to-date: /home/sunny/ros2_ws/install/action_tutorials_cpp/share/action_tutorials_cpp/cmake/action_tutorials_cppConfig-version.cmake
-- Up-to-date: /home/sunny/ros2_ws/install/action_tutorials_cpp/share/action_tutorials_cpp/package.xml
