[0.009s] Invoking command in '/home/sunny/ros2_ws/build/action_tutorials_cpp': CMAKE_PREFIX_PATH=/home/sunny/ros2_ws/install/action_tutorials_interfaces:/home/sunny/ros2_ws/install/action_tutorials_cpp:/home/sunny/ros2_ws/install/yolov8_bringup:/home/sunny/ros2_ws/install/yolov8_msgs:/home/sunny/ros2_ws/install/usb_cam:/home/sunny/ros2_ws/install/turtlesim:/home/sunny/ros2_ws/install/my_package:/home/sunny/ros2_ws/install/cpp_svcli:/home/sunny/ros2_ws/install/cpp_pubsub:/home/sunny/ros2_ws/install/yolov8_ros:/home/sunny/ros2_ws/install/gptapi:/opt/ros/humble LD_LIBRARY_PATH=/home/sunny/ros2_ws/install/action_tutorials_interfaces/lib:/home/sunny/ros2_ws/install/action_tutorials_cpp/lib:/usr/local/cuda/lib64:/home/sunny/ros2_ws/install/yolov8_msgs/lib:/home/sunny/ros2_ws/install/usb_cam/lib:/home/sunny/ros2_ws/install/turtlesim/lib:/opt/ros/humble/opt/rviz_ogre_vendor/lib:/opt/ros/humble/lib/x86_64-linux-gnu:/opt/ros/humble/lib /usr/bin/cmake --build /home/sunny/ros2_ws/build/action_tutorials_cpp -- -j16 -l16
[0.033s] -- Found ament_cmake: 1.3.12 (/opt/ros/humble/share/ament_cmake/cmake)
[0.122s] -- Found action_tutorials_interfaces: 0.0.0 (/home/sunny/ros2_ws/install/action_tutorials_interfaces/share/action_tutorials_interfaces/cmake)
[0.140s] -- Found rosidl_generator_c: 3.1.7 (/opt/ros/humble/share/rosidl_generator_c/cmake)
[0.142s] -- Found rosidl_adapter: 3.1.7 (/opt/ros/humble/share/rosidl_adapter/cmake)
[0.145s] -- Found rosidl_generator_cpp: 3.1.7 (/opt/ros/humble/share/rosidl_generator_cpp/cmake)
[0.151s] -- Using all available rosidl_typesupport_c: rosidl_typesupport_fastrtps_c;rosidl_typesupport_introspection_c
[0.158s] -- Using all available rosidl_typesupport_cpp: rosidl_typesupport_fastrtps_cpp;rosidl_typesupport_introspection_cpp
[0.184s] -- Found rclcpp: 16.0.15 (/opt/ros/humble/share/rclcpp/cmake)
[0.199s] -- Found rmw_implementation_cmake: 6.1.2 (/opt/ros/humble/share/rmw_implementation_cmake/cmake)
[0.200s] -- Found rmw_fastrtps_cpp: 6.2.9 (/opt/ros/humble/share/rmw_fastrtps_cpp/cmake)
[0.287s] -- Using RMW implementation 'rmw_fastrtps_cpp' as default
[0.314s] -- Found rclcpp_action: 16.0.15 (/opt/ros/humble/share/rclcpp_action/cmake)
[0.319s] -- Found rclcpp_components: 16.0.15 (/opt/ros/humble/share/rclcpp_components/cmake)
[0.377s] -- Configuring done
[0.392s] -- Generating done
[0.396s] -- Build files have been written to: /home/sunny/ros2_ws/build/action_tutorials_cpp
[0.427s] [35m[1mConsolidate compiler generated dependencies of target action_server[0m
[0.444s] [ 12%] [32mBuilding CXX object CMakeFiles/action_server.dir/src/fibonacci_action_server.cpp.o[0m
[3.407s] [ 25%] [32m[1mLinking CXX shared library libaction_server.so[0m
[3.532s] [ 25%] Built target action_server
[3.543s] [35m[1mConsolidate compiler generated dependencies of target fibonacci_action_client[0m
[3.561s] [ 50%] Built target fibonacci_action_client
[3.573s] [35m[1mConsolidate compiler generated dependencies of target fibonacci_action_server[0m
[3.591s] [ 75%] Built target fibonacci_action_server
[3.602s] [35m[1mConsolidate compiler generated dependencies of target action_client[0m
[3.620s] [ 87%] [32mBuilding CXX object CMakeFiles/action_client.dir/src/fibonacci_action_client.cpp.o[0m
[6.542s] [100%] [32m[1mLinking CXX shared library libaction_client.so[0m
[6.664s] [100%] Built target action_client
[6.676s] Invoked command in '/home/sunny/ros2_ws/build/action_tutorials_cpp' returned '0': CMAKE_PREFIX_PATH=/home/sunny/ros2_ws/install/action_tutorials_interfaces:/home/sunny/ros2_ws/install/action_tutorials_cpp:/home/sunny/ros2_ws/install/yolov8_bringup:/home/sunny/ros2_ws/install/yolov8_msgs:/home/sunny/ros2_ws/install/usb_cam:/home/sunny/ros2_ws/install/turtlesim:/home/sunny/ros2_ws/install/my_package:/home/sunny/ros2_ws/install/cpp_svcli:/home/sunny/ros2_ws/install/cpp_pubsub:/home/sunny/ros2_ws/install/yolov8_ros:/home/sunny/ros2_ws/install/gptapi:/opt/ros/humble LD_LIBRARY_PATH=/home/sunny/ros2_ws/install/action_tutorials_interfaces/lib:/home/sunny/ros2_ws/install/action_tutorials_cpp/lib:/usr/local/cuda/lib64:/home/sunny/ros2_ws/install/yolov8_msgs/lib:/home/sunny/ros2_ws/install/usb_cam/lib:/home/sunny/ros2_ws/install/turtlesim/lib:/opt/ros/humble/opt/rviz_ogre_vendor/lib:/opt/ros/humble/lib/x86_64-linux-gnu:/opt/ros/humble/lib /usr/bin/cmake --build /home/sunny/ros2_ws/build/action_tutorials_cpp -- -j16 -l16
[6.678s] Invoking command in '/home/sunny/ros2_ws/build/action_tutorials_cpp': CMAKE_PREFIX_PATH=/home/sunny/ros2_ws/install/action_tutorials_interfaces:/home/sunny/ros2_ws/install/action_tutorials_cpp:/home/sunny/ros2_ws/install/yolov8_bringup:/home/sunny/ros2_ws/install/yolov8_msgs:/home/sunny/ros2_ws/install/usb_cam:/home/sunny/ros2_ws/install/turtlesim:/home/sunny/ros2_ws/install/my_package:/home/sunny/ros2_ws/install/cpp_svcli:/home/sunny/ros2_ws/install/cpp_pubsub:/home/sunny/ros2_ws/install/yolov8_ros:/home/sunny/ros2_ws/install/gptapi:/opt/ros/humble LD_LIBRARY_PATH=/home/sunny/ros2_ws/install/action_tutorials_interfaces/lib:/home/sunny/ros2_ws/install/action_tutorials_cpp/lib:/usr/local/cuda/lib64:/home/sunny/ros2_ws/install/yolov8_msgs/lib:/home/sunny/ros2_ws/install/usb_cam/lib:/home/sunny/ros2_ws/install/turtlesim/lib:/opt/ros/humble/opt/rviz_ogre_vendor/lib:/opt/ros/humble/lib/x86_64-linux-gnu:/opt/ros/humble/lib /usr/bin/cmake --install /home/sunny/ros2_ws/build/action_tutorials_cpp
[6.685s] -- Install configuration: ""
[6.685s] -- Up-to-date: /home/sunny/ros2_ws/install/action_tutorials_cpp/lib/action_tutorials_cpp/fibonacci_action_server
[6.686s] -- Up-to-date: /home/sunny/ros2_ws/install/action_tutorials_cpp/lib/action_tutorials_cpp/fibonacci_action_client
[6.686s] -- Installing: /home/sunny/ros2_ws/install/action_tutorials_cpp/lib/libaction_server.so
[6.688s] -- Set runtime path of "/home/sunny/ros2_ws/install/action_tutorials_cpp/lib/libaction_server.so" to ""
[6.688s] -- Installing: /home/sunny/ros2_ws/install/action_tutorials_cpp/lib/libaction_client.so
[6.690s] -- Set runtime path of "/home/sunny/ros2_ws/install/action_tutorials_cpp/lib/libaction_client.so" to ""
[6.690s] -- Up-to-date: /home/sunny/ros2_ws/install/action_tutorials_cpp/share/ament_index/resource_index/package_run_dependencies/action_tutorials_cpp
[6.690s] -- Installing: /home/sunny/ros2_ws/install/action_tutorials_cpp/share/ament_index/resource_index/parent_prefix_path/action_tutorials_cpp
[6.690s] -- Up-to-date: /home/sunny/ros2_ws/install/action_tutorials_cpp/share/action_tutorials_cpp/environment/ament_prefix_path.sh
[6.690s] -- Installing: /home/sunny/ros2_ws/install/action_tutorials_cpp/share/action_tutorials_cpp/environment/ament_prefix_path.dsv
[6.690s] -- Up-to-date: /home/sunny/ros2_ws/install/action_tutorials_cpp/share/action_tutorials_cpp/environment/path.sh
[6.690s] -- Installing: /home/sunny/ros2_ws/install/action_tutorials_cpp/share/action_tutorials_cpp/environment/path.dsv
[6.690s] -- Up-to-date: /home/sunny/ros2_ws/install/action_tutorials_cpp/share/action_tutorials_cpp/local_setup.bash
[6.690s] -- Up-to-date: /home/sunny/ros2_ws/install/action_tutorials_cpp/share/action_tutorials_cpp/local_setup.sh
[6.690s] -- Up-to-date: /home/sunny/ros2_ws/install/action_tutorials_cpp/share/action_tutorials_cpp/local_setup.zsh
[6.690s] -- Installing: /home/sunny/ros2_ws/install/action_tutorials_cpp/share/action_tutorials_cpp/local_setup.dsv
[6.690s] -- Installing: /home/sunny/ros2_ws/install/action_tutorials_cpp/share/action_tutorials_cpp/package.dsv
[6.690s] -- Up-to-date: /home/sunny/ros2_ws/install/action_tutorials_cpp/share/ament_index/resource_index/packages/action_tutorials_cpp
[6.690s] -- Up-to-date: /home/sunny/ros2_ws/install/action_tutorials_cpp/share/ament_index/resource_index/rclcpp_components/action_tutorials_cpp
[6.690s] -- Up-to-date: /home/sunny/ros2_ws/install/action_tutorials_cpp/share/action_tutorials_cpp/cmake/action_tutorials_cppConfig.cmake
[6.690s] -- Up-to-date: /home/sunny/ros2_ws/install/action_tutorials_cpp/share/action_tutorials_cpp/cmake/action_tutorials_cppConfig-version.cmake
[6.691s] -- Up-to-date: /home/sunny/ros2_ws/install/action_tutorials_cpp/share/action_tutorials_cpp/package.xml
[6.693s] Invoked command in '/home/sunny/ros2_ws/build/action_tutorials_cpp' returned '0': CMAKE_PREFIX_PATH=/home/sunny/ros2_ws/install/action_tutorials_interfaces:/home/sunny/ros2_ws/install/action_tutorials_cpp:/home/sunny/ros2_ws/install/yolov8_bringup:/home/sunny/ros2_ws/install/yolov8_msgs:/home/sunny/ros2_ws/install/usb_cam:/home/sunny/ros2_ws/install/turtlesim:/home/sunny/ros2_ws/install/my_package:/home/sunny/ros2_ws/install/cpp_svcli:/home/sunny/ros2_ws/install/cpp_pubsub:/home/sunny/ros2_ws/install/yolov8_ros:/home/sunny/ros2_ws/install/gptapi:/opt/ros/humble LD_LIBRARY_PATH=/home/sunny/ros2_ws/install/action_tutorials_interfaces/lib:/home/sunny/ros2_ws/install/action_tutorials_cpp/lib:/usr/local/cuda/lib64:/home/sunny/ros2_ws/install/yolov8_msgs/lib:/home/sunny/ros2_ws/install/usb_cam/lib:/home/sunny/ros2_ws/install/turtlesim/lib:/opt/ros/humble/opt/rviz_ogre_vendor/lib:/opt/ros/humble/lib/x86_64-linux-gnu:/opt/ros/humble/lib /usr/bin/cmake --install /home/sunny/ros2_ws/build/action_tutorials_cpp
