[0.014s] Invoking command in '/home/sunny/ros2_ws/build/action_tutorials_cpp': CMAKE_PREFIX_PATH=/home/sunny/ros2_ws/install/action_tutorials_interfaces:/home/sunny/ros2_ws/install/action_tutorials_cpp:/home/sunny/ros2_ws/install/yolov8_bringup:/home/sunny/ros2_ws/install/yolov8_msgs:/home/sunny/ros2_ws/install/usb_cam:/home/sunny/ros2_ws/install/turtlesim:/home/sunny/ros2_ws/install/my_package:/home/sunny/ros2_ws/install/cpp_svcli:/home/sunny/ros2_ws/install/cpp_pubsub:/home/sunny/ros2_ws/install/yolov8_ros:/home/sunny/ros2_ws/install/gptapi:/opt/ros/humble LD_LIBRARY_PATH=/home/sunny/ros2_ws/install/action_tutorials_interfaces/lib:/home/sunny/ros2_ws/install/action_tutorials_cpp/lib:/usr/local/cuda/lib64:/home/sunny/ros2_ws/install/yolov8_msgs/lib:/home/sunny/ros2_ws/install/usb_cam/lib:/home/sunny/ros2_ws/install/turtlesim/lib:/opt/ros/humble/opt/rviz_ogre_vendor/lib:/opt/ros/humble/lib/x86_64-linux-gnu:/opt/ros/humble/lib /usr/bin/cmake --build /home/sunny/ros2_ws/build/action_tutorials_cpp -- -j16 -l16
[0.042s] -- Found ament_cmake: 1.3.12 (/opt/ros/humble/share/ament_cmake/cmake)
[0.151s] -- Found action_tutorials_interfaces: 0.0.0 (/home/sunny/ros2_ws/install/action_tutorials_interfaces/share/action_tutorials_interfaces/cmake)
[0.174s] -- Found rosidl_generator_c: 3.1.7 (/opt/ros/humble/share/rosidl_generator_c/cmake)
[0.176s] -- Found rosidl_adapter: 3.1.7 (/opt/ros/humble/share/rosidl_adapter/cmake)
[0.180s] -- Found rosidl_generator_cpp: 3.1.7 (/opt/ros/humble/share/rosidl_generator_cpp/cmake)
[0.188s] -- Using all available rosidl_typesupport_c: rosidl_typesupport_fastrtps_c;rosidl_typesupport_introspection_c
[0.197s] -- Using all available rosidl_typesupport_cpp: rosidl_typesupport_fastrtps_cpp;rosidl_typesupport_introspection_cpp
[0.232s] -- Found rclcpp: 16.0.15 (/opt/ros/humble/share/rclcpp/cmake)
[0.252s] -- Found rmw_implementation_cmake: 6.1.2 (/opt/ros/humble/share/rmw_implementation_cmake/cmake)
[0.253s] -- Found rmw_fastrtps_cpp: 6.2.9 (/opt/ros/humble/share/rmw_fastrtps_cpp/cmake)
[0.362s] -- Using RMW implementation 'rmw_fastrtps_cpp' as default
[0.396s] -- Found rclcpp_action: 16.0.15 (/opt/ros/humble/share/rclcpp_action/cmake)
[0.402s] -- Found rclcpp_components: 16.0.15 (/opt/ros/humble/share/rclcpp_components/cmake)
[0.467s] -- Configuring done
[0.482s] -- Generating done
[0.488s] -- Build files have been written to: /home/sunny/ros2_ws/build/action_tutorials_cpp
[0.515s] [35m[1mConsolidate compiler generated dependencies of target action_server[0m
[0.534s] [ 25%] Built target action_server
[0.547s] [35m[1mConsolidate compiler generated dependencies of target fibonacci_action_client[0m
[0.565s] [ 50%] Built target fibonacci_action_client
[0.577s] [35m[1mConsolidate compiler generated dependencies of target fibonacci_action_server[0m
[0.594s] [ 75%] Built target fibonacci_action_server
[0.604s] [35m[1mConsolidate compiler generated dependencies of target action_client[0m
[0.623s] [100%] Built target action_client
[0.634s] Invoked command in '/home/sunny/ros2_ws/build/action_tutorials_cpp' returned '0': CMAKE_PREFIX_PATH=/home/sunny/ros2_ws/install/action_tutorials_interfaces:/home/sunny/ros2_ws/install/action_tutorials_cpp:/home/sunny/ros2_ws/install/yolov8_bringup:/home/sunny/ros2_ws/install/yolov8_msgs:/home/sunny/ros2_ws/install/usb_cam:/home/sunny/ros2_ws/install/turtlesim:/home/sunny/ros2_ws/install/my_package:/home/sunny/ros2_ws/install/cpp_svcli:/home/sunny/ros2_ws/install/cpp_pubsub:/home/sunny/ros2_ws/install/yolov8_ros:/home/sunny/ros2_ws/install/gptapi:/opt/ros/humble LD_LIBRARY_PATH=/home/sunny/ros2_ws/install/action_tutorials_interfaces/lib:/home/sunny/ros2_ws/install/action_tutorials_cpp/lib:/usr/local/cuda/lib64:/home/sunny/ros2_ws/install/yolov8_msgs/lib:/home/sunny/ros2_ws/install/usb_cam/lib:/home/sunny/ros2_ws/install/turtlesim/lib:/opt/ros/humble/opt/rviz_ogre_vendor/lib:/opt/ros/humble/lib/x86_64-linux-gnu:/opt/ros/humble/lib /usr/bin/cmake --build /home/sunny/ros2_ws/build/action_tutorials_cpp -- -j16 -l16
[0.635s] Invoking command in '/home/sunny/ros2_ws/build/action_tutorials_cpp': CMAKE_PREFIX_PATH=/home/sunny/ros2_ws/install/action_tutorials_interfaces:/home/sunny/ros2_ws/install/action_tutorials_cpp:/home/sunny/ros2_ws/install/yolov8_bringup:/home/sunny/ros2_ws/install/yolov8_msgs:/home/sunny/ros2_ws/install/usb_cam:/home/sunny/ros2_ws/install/turtlesim:/home/sunny/ros2_ws/install/my_package:/home/sunny/ros2_ws/install/cpp_svcli:/home/sunny/ros2_ws/install/cpp_pubsub:/home/sunny/ros2_ws/install/yolov8_ros:/home/sunny/ros2_ws/install/gptapi:/opt/ros/humble LD_LIBRARY_PATH=/home/sunny/ros2_ws/install/action_tutorials_interfaces/lib:/home/sunny/ros2_ws/install/action_tutorials_cpp/lib:/usr/local/cuda/lib64:/home/sunny/ros2_ws/install/yolov8_msgs/lib:/home/sunny/ros2_ws/install/usb_cam/lib:/home/sunny/ros2_ws/install/turtlesim/lib:/opt/ros/humble/opt/rviz_ogre_vendor/lib:/opt/ros/humble/lib/x86_64-linux-gnu:/opt/ros/humble/lib /usr/bin/cmake --install /home/sunny/ros2_ws/build/action_tutorials_cpp
[0.643s] -- Install configuration: ""
[0.643s] -- Up-to-date: /home/sunny/ros2_ws/install/action_tutorials_cpp/lib/action_tutorials_cpp/fibonacci_action_server
[0.643s] -- Up-to-date: /home/sunny/ros2_ws/install/action_tutorials_cpp/lib/action_tutorials_cpp/fibonacci_action_client
[0.644s] -- Up-to-date: /home/sunny/ros2_ws/install/action_tutorials_cpp/lib/libaction_server.so
[0.644s] -- Up-to-date: /home/sunny/ros2_ws/install/action_tutorials_cpp/lib/libaction_client.so
[0.644s] -- Up-to-date: /home/sunny/ros2_ws/install/action_tutorials_cpp/share/ament_index/resource_index/package_run_dependencies/action_tutorials_cpp
[0.644s] -- Up-to-date: /home/sunny/ros2_ws/install/action_tutorials_cpp/share/ament_index/resource_index/parent_prefix_path/action_tutorials_cpp
[0.644s] -- Up-to-date: /home/sunny/ros2_ws/install/action_tutorials_cpp/share/action_tutorials_cpp/environment/ament_prefix_path.sh
[0.644s] -- Installing: /home/sunny/ros2_ws/install/action_tutorials_cpp/share/action_tutorials_cpp/environment/ament_prefix_path.dsv
[0.644s] -- Up-to-date: /home/sunny/ros2_ws/install/action_tutorials_cpp/share/action_tutorials_cpp/environment/path.sh
[0.644s] -- Installing: /home/sunny/ros2_ws/install/action_tutorials_cpp/share/action_tutorials_cpp/environment/path.dsv
[0.644s] -- Up-to-date: /home/sunny/ros2_ws/install/action_tutorials_cpp/share/action_tutorials_cpp/local_setup.bash
[0.645s] -- Up-to-date: /home/sunny/ros2_ws/install/action_tutorials_cpp/share/action_tutorials_cpp/local_setup.sh
[0.645s] -- Up-to-date: /home/sunny/ros2_ws/install/action_tutorials_cpp/share/action_tutorials_cpp/local_setup.zsh
[0.645s] -- Installing: /home/sunny/ros2_ws/install/action_tutorials_cpp/share/action_tutorials_cpp/local_setup.dsv
[0.645s] -- Installing: /home/sunny/ros2_ws/install/action_tutorials_cpp/share/action_tutorials_cpp/package.dsv
[0.645s] -- Up-to-date: /home/sunny/ros2_ws/install/action_tutorials_cpp/share/ament_index/resource_index/packages/action_tutorials_cpp
[0.645s] -- Up-to-date: /home/sunny/ros2_ws/install/action_tutorials_cpp/share/ament_index/resource_index/rclcpp_components/action_tutorials_cpp
[0.645s] -- Up-to-date: /home/sunny/ros2_ws/install/action_tutorials_cpp/share/action_tutorials_cpp/cmake/action_tutorials_cppConfig.cmake
[0.645s] -- Up-to-date: /home/sunny/ros2_ws/install/action_tutorials_cpp/share/action_tutorials_cpp/cmake/action_tutorials_cppConfig-version.cmake
[0.645s] -- Up-to-date: /home/sunny/ros2_ws/install/action_tutorials_cpp/share/action_tutorials_cpp/package.xml
[0.647s] Invoked command in '/home/sunny/ros2_ws/build/action_tutorials_cpp' returned '0': CMAKE_PREFIX_PATH=/home/sunny/ros2_ws/install/action_tutorials_interfaces:/home/sunny/ros2_ws/install/action_tutorials_cpp:/home/sunny/ros2_ws/install/yolov8_bringup:/home/sunny/ros2_ws/install/yolov8_msgs:/home/sunny/ros2_ws/install/usb_cam:/home/sunny/ros2_ws/install/turtlesim:/home/sunny/ros2_ws/install/my_package:/home/sunny/ros2_ws/install/cpp_svcli:/home/sunny/ros2_ws/install/cpp_pubsub:/home/sunny/ros2_ws/install/yolov8_ros:/home/sunny/ros2_ws/install/gptapi:/opt/ros/humble LD_LIBRARY_PATH=/home/sunny/ros2_ws/install/action_tutorials_interfaces/lib:/home/sunny/ros2_ws/install/action_tutorials_cpp/lib:/usr/local/cuda/lib64:/home/sunny/ros2_ws/install/yolov8_msgs/lib:/home/sunny/ros2_ws/install/usb_cam/lib:/home/sunny/ros2_ws/install/turtlesim/lib:/opt/ros/humble/opt/rviz_ogre_vendor/lib:/opt/ros/humble/lib/x86_64-linux-gnu:/opt/ros/humble/lib /usr/bin/cmake --install /home/sunny/ros2_ws/build/action_tutorials_cpp
