[0.022s] Invoking command in '/home/sunny/cleaner_ws/phyAI_ws/build/cleaner_msgs': CMAKE_PREFIX_PATH=/opt/ros/humble /usr/bin/cmake --build /home/sunny/cleaner_ws/phyAI_ws/build/cleaner_msgs -- -j16 -l16
[0.357s] [  4%] Built target cleaner_msgs__rs
[0.358s] [  4%] Built target cleaner_msgs__cpp
[0.358s] [ 14%] Built target cleaner_msgs__rosidl_generator_c
[0.358s] [ 14%] Built target ament_cmake_python_copy_cleaner_msgs
[0.358s] [ 25%] Built target cleaner_msgs__rosidl_typesupport_c
[0.358s] [ 35%] Built target cleaner_msgs__rosidl_typesupport_cpp
[0.358s] [ 45%] Built target cleaner_msgs__rosidl_typesupport_introspection_cpp
[0.358s] [ 56%] Built target cleaner_msgs__rosidl_typesupport_fastrtps_c
[0.358s] [ 68%] Built target cleaner_msgs__rosidl_typesupport_fastrtps_cpp
[0.359s] [ 77%] Built target cleaner_msgs__rosidl_typesupport_introspection_c
[0.359s] [ 77%] Built target cleaner_msgs
[0.359s] [ 79%] Built target cleaner_msgs__py
[0.359s] [ 87%] Built target cleaner_msgs__rosidl_generator_py
[0.359s] [100%] Built target cleaner_msgs__rosidl_typesupport_fastrtps_c__pyext
[0.359s] [100%] Built target cleaner_msgs__rosidl_typesupport_introspection_c__pyext
[0.359s] [100%] Built target cleaner_msgs__rosidl_typesupport_c__pyext
[0.665s] running egg_info
[0.665s] writing cleaner_msgs.egg-info/PKG-INFO
[0.665s] writing dependency_links to cleaner_msgs.egg-info/dependency_links.txt
[0.665s] writing top-level names to cleaner_msgs.egg-info/top_level.txt
[0.665s] reading manifest file 'cleaner_msgs.egg-info/SOURCES.txt'
[0.666s] writing manifest file 'cleaner_msgs.egg-info/SOURCES.txt'
[0.666s] [100%] Built target ament_cmake_python_build_cleaner_msgs_egg
[0.666s] Invoked command in '/home/sunny/cleaner_ws/phyAI_ws/build/cleaner_msgs' returned '0': CMAKE_PREFIX_PATH=/opt/ros/humble /usr/bin/cmake --build /home/sunny/cleaner_ws/phyAI_ws/build/cleaner_msgs -- -j16 -l16
[0.677s] Invoking command in '/home/sunny/cleaner_ws/phyAI_ws/build/cleaner_msgs': CMAKE_PREFIX_PATH=/opt/ros/humble /usr/bin/cmake --install /home/sunny/cleaner_ws/phyAI_ws/build/cleaner_msgs
[0.687s] -- Install configuration: ""
[0.688s] -- Up-to-date: /home/sunny/cleaner_ws/phyAI_ws/install/cleaner_msgs/share/ament_index/resource_index/rosidl_interfaces/cleaner_msgs
[0.688s] -- Up-to-date: /home/sunny/cleaner_ws/phyAI_ws/install/cleaner_msgs/include/cleaner_msgs/cleaner_msgs
[0.688s] -- Up-to-date: /home/sunny/cleaner_ws/phyAI_ws/install/cleaner_msgs/include/cleaner_msgs/cleaner_msgs/msg
[0.688s] -- Up-to-date: /home/sunny/cleaner_ws/phyAI_ws/install/cleaner_msgs/include/cleaner_msgs/cleaner_msgs/msg/replan_request.h
[0.688s] -- Up-to-date: /home/sunny/cleaner_ws/phyAI_ws/install/cleaner_msgs/include/cleaner_msgs/cleaner_msgs/msg/cleaner_state.h
[0.688s] -- Up-to-date: /home/sunny/cleaner_ws/phyAI_ws/install/cleaner_msgs/include/cleaner_msgs/cleaner_msgs/msg/plan_command.h
[0.688s] -- Up-to-date: /home/sunny/cleaner_ws/phyAI_ws/install/cleaner_msgs/include/cleaner_msgs/cleaner_msgs/msg/detail
[0.688s] -- Up-to-date: /home/sunny/cleaner_ws/phyAI_ws/install/cleaner_msgs/include/cleaner_msgs/cleaner_msgs/msg/detail/cleaner_state__struct.h
[0.688s] -- Up-to-date: /home/sunny/cleaner_ws/phyAI_ws/install/cleaner_msgs/include/cleaner_msgs/cleaner_msgs/msg/detail/plan_command__struct.h
[0.689s] -- Up-to-date: /home/sunny/cleaner_ws/phyAI_ws/install/cleaner_msgs/include/cleaner_msgs/cleaner_msgs/msg/detail/plan_command__functions.c
[0.689s] -- Up-to-date: /home/sunny/cleaner_ws/phyAI_ws/install/cleaner_msgs/include/cleaner_msgs/cleaner_msgs/msg/detail/cleaner_state__functions.h
[0.689s] -- Up-to-date: /home/sunny/cleaner_ws/phyAI_ws/install/cleaner_msgs/include/cleaner_msgs/cleaner_msgs/msg/detail/replan_request__functions.h
[0.689s] -- Up-to-date: /home/sunny/cleaner_ws/phyAI_ws/install/cleaner_msgs/include/cleaner_msgs/cleaner_msgs/msg/detail/cleaner_state__functions.c
[0.689s] -- Up-to-date: /home/sunny/cleaner_ws/phyAI_ws/install/cleaner_msgs/include/cleaner_msgs/cleaner_msgs/msg/detail/replan_request__functions.c
[0.689s] -- Up-to-date: /home/sunny/cleaner_ws/phyAI_ws/install/cleaner_msgs/include/cleaner_msgs/cleaner_msgs/msg/detail/replan_request__struct.h
[0.689s] -- Up-to-date: /home/sunny/cleaner_ws/phyAI_ws/install/cleaner_msgs/include/cleaner_msgs/cleaner_msgs/msg/detail/plan_command__functions.h
[0.689s] -- Up-to-date: /home/sunny/cleaner_ws/phyAI_ws/install/cleaner_msgs/include/cleaner_msgs/cleaner_msgs/msg/detail/replan_request__type_support.h
[0.689s] -- Up-to-date: /home/sunny/cleaner_ws/phyAI_ws/install/cleaner_msgs/include/cleaner_msgs/cleaner_msgs/msg/detail/plan_command__type_support.h
[0.689s] -- Up-to-date: /home/sunny/cleaner_ws/phyAI_ws/install/cleaner_msgs/include/cleaner_msgs/cleaner_msgs/msg/detail/cleaner_state__type_support.h
[0.689s] -- Up-to-date: /home/sunny/cleaner_ws/phyAI_ws/install/cleaner_msgs/include/cleaner_msgs/cleaner_msgs/msg/rosidl_generator_c__visibility_control.h
[0.690s] -- Up-to-date: /home/sunny/cleaner_ws/phyAI_ws/install/cleaner_msgs/share/cleaner_msgs/environment/library_path.sh
[0.690s] -- Up-to-date: /home/sunny/cleaner_ws/phyAI_ws/install/cleaner_msgs/share/cleaner_msgs/environment/library_path.dsv
[0.690s] -- Up-to-date: /home/sunny/cleaner_ws/phyAI_ws/install/cleaner_msgs/lib/libcleaner_msgs__rosidl_generator_c.so
[0.690s] -- Up-to-date: /home/sunny/cleaner_ws/phyAI_ws/install/cleaner_msgs/include/cleaner_msgs/cleaner_msgs
[0.690s] -- Up-to-date: /home/sunny/cleaner_ws/phyAI_ws/install/cleaner_msgs/include/cleaner_msgs/cleaner_msgs/msg
[0.690s] -- Up-to-date: /home/sunny/cleaner_ws/phyAI_ws/install/cleaner_msgs/include/cleaner_msgs/cleaner_msgs/msg/detail
[0.690s] -- Up-to-date: /home/sunny/cleaner_ws/phyAI_ws/install/cleaner_msgs/include/cleaner_msgs/cleaner_msgs/msg/detail/cleaner_state__rosidl_typesupport_fastrtps_c.h
[0.690s] -- Up-to-date: /home/sunny/cleaner_ws/phyAI_ws/install/cleaner_msgs/include/cleaner_msgs/cleaner_msgs/msg/detail/plan_command__rosidl_typesupport_fastrtps_c.h
[0.691s] -- Up-to-date: /home/sunny/cleaner_ws/phyAI_ws/install/cleaner_msgs/include/cleaner_msgs/cleaner_msgs/msg/detail/replan_request__rosidl_typesupport_fastrtps_c.h
[0.691s] -- Up-to-date: /home/sunny/cleaner_ws/phyAI_ws/install/cleaner_msgs/include/cleaner_msgs/cleaner_msgs/msg/rosidl_typesupport_fastrtps_c__visibility_control.h
[0.691s] -- Up-to-date: /home/sunny/cleaner_ws/phyAI_ws/install/cleaner_msgs/lib/libcleaner_msgs__rosidl_typesupport_fastrtps_c.so
[0.691s] -- Up-to-date: /home/sunny/cleaner_ws/phyAI_ws/install/cleaner_msgs/include/cleaner_msgs/cleaner_msgs
[0.691s] -- Up-to-date: /home/sunny/cleaner_ws/phyAI_ws/install/cleaner_msgs/include/cleaner_msgs/cleaner_msgs/msg
[0.691s] -- Up-to-date: /home/sunny/cleaner_ws/phyAI_ws/install/cleaner_msgs/include/cleaner_msgs/cleaner_msgs/msg/detail
[0.691s] -- Up-to-date: /home/sunny/cleaner_ws/phyAI_ws/install/cleaner_msgs/include/cleaner_msgs/cleaner_msgs/msg/detail/replan_request__rosidl_typesupport_introspection_c.h
[0.691s] -- Up-to-date: /home/sunny/cleaner_ws/phyAI_ws/install/cleaner_msgs/include/cleaner_msgs/cleaner_msgs/msg/detail/cleaner_state__type_support.c
[0.691s] -- Up-to-date: /home/sunny/cleaner_ws/phyAI_ws/install/cleaner_msgs/include/cleaner_msgs/cleaner_msgs/msg/detail/cleaner_state__rosidl_typesupport_introspection_c.h
[0.691s] -- Up-to-date: /home/sunny/cleaner_ws/phyAI_ws/install/cleaner_msgs/include/cleaner_msgs/cleaner_msgs/msg/detail/plan_command__type_support.c
[0.691s] -- Up-to-date: /home/sunny/cleaner_ws/phyAI_ws/install/cleaner_msgs/include/cleaner_msgs/cleaner_msgs/msg/detail/plan_command__rosidl_typesupport_introspection_c.h
[0.691s] -- Up-to-date: /home/sunny/cleaner_ws/phyAI_ws/install/cleaner_msgs/include/cleaner_msgs/cleaner_msgs/msg/detail/replan_request__type_support.c
[0.692s] -- Up-to-date: /home/sunny/cleaner_ws/phyAI_ws/install/cleaner_msgs/include/cleaner_msgs/cleaner_msgs/msg/rosidl_typesupport_introspection_c__visibility_control.h
[0.692s] -- Up-to-date: /home/sunny/cleaner_ws/phyAI_ws/install/cleaner_msgs/lib/libcleaner_msgs__rosidl_typesupport_introspection_c.so
[0.692s] -- Up-to-date: /home/sunny/cleaner_ws/phyAI_ws/install/cleaner_msgs/lib/libcleaner_msgs__rosidl_typesupport_c.so
[0.692s] -- Up-to-date: /home/sunny/cleaner_ws/phyAI_ws/install/cleaner_msgs/include/cleaner_msgs/cleaner_msgs
[0.692s] -- Up-to-date: /home/sunny/cleaner_ws/phyAI_ws/install/cleaner_msgs/include/cleaner_msgs/cleaner_msgs/msg
[0.692s] -- Up-to-date: /home/sunny/cleaner_ws/phyAI_ws/install/cleaner_msgs/include/cleaner_msgs/cleaner_msgs/msg/plan_command.hpp
[0.692s] -- Up-to-date: /home/sunny/cleaner_ws/phyAI_ws/install/cleaner_msgs/include/cleaner_msgs/cleaner_msgs/msg/rosidl_generator_cpp__visibility_control.hpp
[0.692s] -- Up-to-date: /home/sunny/cleaner_ws/phyAI_ws/install/cleaner_msgs/include/cleaner_msgs/cleaner_msgs/msg/cleaner_state.hpp
[0.692s] -- Up-to-date: /home/sunny/cleaner_ws/phyAI_ws/install/cleaner_msgs/include/cleaner_msgs/cleaner_msgs/msg/replan_request.hpp
[0.692s] -- Up-to-date: /home/sunny/cleaner_ws/phyAI_ws/install/cleaner_msgs/include/cleaner_msgs/cleaner_msgs/msg/detail
[0.692s] -- Up-to-date: /home/sunny/cleaner_ws/phyAI_ws/install/cleaner_msgs/include/cleaner_msgs/cleaner_msgs/msg/detail/replan_request__traits.hpp
[0.692s] -- Up-to-date: /home/sunny/cleaner_ws/phyAI_ws/install/cleaner_msgs/include/cleaner_msgs/cleaner_msgs/msg/detail/replan_request__struct.hpp
[0.692s] -- Up-to-date: /home/sunny/cleaner_ws/phyAI_ws/install/cleaner_msgs/include/cleaner_msgs/cleaner_msgs/msg/detail/plan_command__struct.hpp
[0.692s] -- Up-to-date: /home/sunny/cleaner_ws/phyAI_ws/install/cleaner_msgs/include/cleaner_msgs/cleaner_msgs/msg/detail/plan_command__type_support.hpp
[0.692s] -- Up-to-date: /home/sunny/cleaner_ws/phyAI_ws/install/cleaner_msgs/include/cleaner_msgs/cleaner_msgs/msg/detail/cleaner_state__type_support.hpp
[0.693s] -- Up-to-date: /home/sunny/cleaner_ws/phyAI_ws/install/cleaner_msgs/include/cleaner_msgs/cleaner_msgs/msg/detail/cleaner_state__traits.hpp
[0.693s] -- Up-to-date: /home/sunny/cleaner_ws/phyAI_ws/install/cleaner_msgs/include/cleaner_msgs/cleaner_msgs/msg/detail/cleaner_state__builder.hpp
[0.693s] -- Up-to-date: /home/sunny/cleaner_ws/phyAI_ws/install/cleaner_msgs/include/cleaner_msgs/cleaner_msgs/msg/detail/replan_request__builder.hpp
[0.693s] -- Up-to-date: /home/sunny/cleaner_ws/phyAI_ws/install/cleaner_msgs/include/cleaner_msgs/cleaner_msgs/msg/detail/plan_command__traits.hpp
[0.693s] -- Up-to-date: /home/sunny/cleaner_ws/phyAI_ws/install/cleaner_msgs/include/cleaner_msgs/cleaner_msgs/msg/detail/plan_command__builder.hpp
[0.693s] -- Up-to-date: /home/sunny/cleaner_ws/phyAI_ws/install/cleaner_msgs/include/cleaner_msgs/cleaner_msgs/msg/detail/replan_request__type_support.hpp
[0.693s] -- Up-to-date: /home/sunny/cleaner_ws/phyAI_ws/install/cleaner_msgs/include/cleaner_msgs/cleaner_msgs/msg/detail/cleaner_state__struct.hpp
[0.694s] -- Up-to-date: /home/sunny/cleaner_ws/phyAI_ws/install/cleaner_msgs/include/cleaner_msgs/cleaner_msgs
[0.694s] -- Up-to-date: /home/sunny/cleaner_ws/phyAI_ws/install/cleaner_msgs/include/cleaner_msgs/cleaner_msgs/msg
[0.694s] -- Up-to-date: /home/sunny/cleaner_ws/phyAI_ws/install/cleaner_msgs/include/cleaner_msgs/cleaner_msgs/msg/detail
[0.694s] -- Up-to-date: /home/sunny/cleaner_ws/phyAI_ws/install/cleaner_msgs/include/cleaner_msgs/cleaner_msgs/msg/detail/cleaner_state__rosidl_typesupport_fastrtps_cpp.hpp
[0.694s] -- Up-to-date: /home/sunny/cleaner_ws/phyAI_ws/install/cleaner_msgs/include/cleaner_msgs/cleaner_msgs/msg/detail/replan_request__rosidl_typesupport_fastrtps_cpp.hpp
[0.694s] -- Up-to-date: /home/sunny/cleaner_ws/phyAI_ws/install/cleaner_msgs/include/cleaner_msgs/cleaner_msgs/msg/detail/plan_command__rosidl_typesupport_fastrtps_cpp.hpp
[0.694s] -- Up-to-date: /home/sunny/cleaner_ws/phyAI_ws/install/cleaner_msgs/include/cleaner_msgs/cleaner_msgs/msg/detail/dds_fastrtps
[0.695s] -- Up-to-date: /home/sunny/cleaner_ws/phyAI_ws/install/cleaner_msgs/include/cleaner_msgs/cleaner_msgs/msg/rosidl_typesupport_fastrtps_cpp__visibility_control.h
[0.695s] -- Up-to-date: /home/sunny/cleaner_ws/phyAI_ws/install/cleaner_msgs/lib/libcleaner_msgs__rosidl_typesupport_fastrtps_cpp.so
[0.695s] -- Up-to-date: /home/sunny/cleaner_ws/phyAI_ws/install/cleaner_msgs/include/cleaner_msgs/cleaner_msgs
[0.695s] -- Up-to-date: /home/sunny/cleaner_ws/phyAI_ws/install/cleaner_msgs/include/cleaner_msgs/cleaner_msgs/msg
[0.695s] -- Up-to-date: /home/sunny/cleaner_ws/phyAI_ws/install/cleaner_msgs/include/cleaner_msgs/cleaner_msgs/msg/detail
[0.695s] -- Up-to-date: /home/sunny/cleaner_ws/phyAI_ws/install/cleaner_msgs/include/cleaner_msgs/cleaner_msgs/msg/detail/replan_request__type_support.cpp
[0.695s] -- Up-to-date: /home/sunny/cleaner_ws/phyAI_ws/install/cleaner_msgs/include/cleaner_msgs/cleaner_msgs/msg/detail/plan_command__type_support.cpp
[0.695s] -- Up-to-date: /home/sunny/cleaner_ws/phyAI_ws/install/cleaner_msgs/include/cleaner_msgs/cleaner_msgs/msg/detail/replan_request__rosidl_typesupport_introspection_cpp.hpp
[0.695s] -- Up-to-date: /home/sunny/cleaner_ws/phyAI_ws/install/cleaner_msgs/include/cleaner_msgs/cleaner_msgs/msg/detail/plan_command__rosidl_typesupport_introspection_cpp.hpp
[0.695s] -- Up-to-date: /home/sunny/cleaner_ws/phyAI_ws/install/cleaner_msgs/include/cleaner_msgs/cleaner_msgs/msg/detail/cleaner_state__rosidl_typesupport_introspection_cpp.hpp
[0.695s] -- Up-to-date: /home/sunny/cleaner_ws/phyAI_ws/install/cleaner_msgs/include/cleaner_msgs/cleaner_msgs/msg/detail/cleaner_state__type_support.cpp
[0.696s] -- Up-to-date: /home/sunny/cleaner_ws/phyAI_ws/install/cleaner_msgs/lib/libcleaner_msgs__rosidl_typesupport_introspection_cpp.so
[0.696s] -- Up-to-date: /home/sunny/cleaner_ws/phyAI_ws/install/cleaner_msgs/lib/libcleaner_msgs__rosidl_typesupport_cpp.so
[0.696s] -- Up-to-date: /home/sunny/cleaner_ws/phyAI_ws/install/cleaner_msgs/share/cleaner_msgs/environment/pythonpath.sh
[0.696s] -- Up-to-date: /home/sunny/cleaner_ws/phyAI_ws/install/cleaner_msgs/share/cleaner_msgs/environment/pythonpath.dsv
[0.696s] -- Up-to-date: /home/sunny/cleaner_ws/phyAI_ws/install/cleaner_msgs/local/lib/python3.10/dist-packages/cleaner_msgs-0.0.1-py3.10.egg-info
[0.696s] -- Installing: /home/sunny/cleaner_ws/phyAI_ws/install/cleaner_msgs/local/lib/python3.10/dist-packages/cleaner_msgs-0.0.1-py3.10.egg-info/top_level.txt
[0.696s] -- Installing: /home/sunny/cleaner_ws/phyAI_ws/install/cleaner_msgs/local/lib/python3.10/dist-packages/cleaner_msgs-0.0.1-py3.10.egg-info/PKG-INFO
[0.696s] -- Installing: /home/sunny/cleaner_ws/phyAI_ws/install/cleaner_msgs/local/lib/python3.10/dist-packages/cleaner_msgs-0.0.1-py3.10.egg-info/SOURCES.txt
[0.696s] -- Installing: /home/sunny/cleaner_ws/phyAI_ws/install/cleaner_msgs/local/lib/python3.10/dist-packages/cleaner_msgs-0.0.1-py3.10.egg-info/dependency_links.txt
[0.696s] -- Up-to-date: /home/sunny/cleaner_ws/phyAI_ws/install/cleaner_msgs/local/lib/python3.10/dist-packages/cleaner_msgs
[0.696s] -- Up-to-date: /home/sunny/cleaner_ws/phyAI_ws/install/cleaner_msgs/local/lib/python3.10/dist-packages/cleaner_msgs/_cleaner_msgs_s.ep.rosidl_typesupport_fastrtps_c.c
[0.696s] -- Up-to-date: /home/sunny/cleaner_ws/phyAI_ws/install/cleaner_msgs/local/lib/python3.10/dist-packages/cleaner_msgs/cleaner_msgs_s__rosidl_typesupport_c.cpython-310-x86_64-linux-gnu.so
[0.697s] -- Up-to-date: /home/sunny/cleaner_ws/phyAI_ws/install/cleaner_msgs/local/lib/python3.10/dist-packages/cleaner_msgs/msg
[0.697s] -- Up-to-date: /home/sunny/cleaner_ws/phyAI_ws/install/cleaner_msgs/local/lib/python3.10/dist-packages/cleaner_msgs/msg/_replan_request.py
[0.697s] -- Up-to-date: /home/sunny/cleaner_ws/phyAI_ws/install/cleaner_msgs/local/lib/python3.10/dist-packages/cleaner_msgs/msg/_cleaner_state.py
[0.697s] -- Up-to-date: /home/sunny/cleaner_ws/phyAI_ws/install/cleaner_msgs/local/lib/python3.10/dist-packages/cleaner_msgs/msg/__init__.py
[0.697s] -- Up-to-date: /home/sunny/cleaner_ws/phyAI_ws/install/cleaner_msgs/local/lib/python3.10/dist-packages/cleaner_msgs/msg/_plan_command_s.c
[0.697s] -- Up-to-date: /home/sunny/cleaner_ws/phyAI_ws/install/cleaner_msgs/local/lib/python3.10/dist-packages/cleaner_msgs/msg/_plan_command.py
[0.697s] -- Up-to-date: /home/sunny/cleaner_ws/phyAI_ws/install/cleaner_msgs/local/lib/python3.10/dist-packages/cleaner_msgs/msg/_cleaner_state_s.c
[0.697s] -- Up-to-date: /home/sunny/cleaner_ws/phyAI_ws/install/cleaner_msgs/local/lib/python3.10/dist-packages/cleaner_msgs/msg/_replan_request_s.c
[0.697s] -- Up-to-date: /home/sunny/cleaner_ws/phyAI_ws/install/cleaner_msgs/local/lib/python3.10/dist-packages/cleaner_msgs/_cleaner_msgs_s.ep.rosidl_typesupport_c.c
[0.697s] -- Up-to-date: /home/sunny/cleaner_ws/phyAI_ws/install/cleaner_msgs/local/lib/python3.10/dist-packages/cleaner_msgs/cleaner_msgs_s__rosidl_typesupport_fastrtps_c.cpython-310-x86_64-linux-gnu.so
[0.697s] -- Up-to-date: /home/sunny/cleaner_ws/phyAI_ws/install/cleaner_msgs/local/lib/python3.10/dist-packages/cleaner_msgs/__init__.py
[0.697s] -- Up-to-date: /home/sunny/cleaner_ws/phyAI_ws/install/cleaner_msgs/local/lib/python3.10/dist-packages/cleaner_msgs/libcleaner_msgs__rosidl_generator_py.so
[0.697s] -- Up-to-date: /home/sunny/cleaner_ws/phyAI_ws/install/cleaner_msgs/local/lib/python3.10/dist-packages/cleaner_msgs/cleaner_msgs_s__rosidl_typesupport_introspection_c.cpython-310-x86_64-linux-gnu.so
[0.697s] -- Up-to-date: /home/sunny/cleaner_ws/phyAI_ws/install/cleaner_msgs/local/lib/python3.10/dist-packages/cleaner_msgs/_cleaner_msgs_s.ep.rosidl_typesupport_introspection_c.c
[0.733s] Listing '/home/sunny/cleaner_ws/phyAI_ws/install/cleaner_msgs/local/lib/python3.10/dist-packages/cleaner_msgs'...
[0.733s] Listing '/home/sunny/cleaner_ws/phyAI_ws/install/cleaner_msgs/local/lib/python3.10/dist-packages/cleaner_msgs/msg'...
[0.740s] -- Up-to-date: /home/sunny/cleaner_ws/phyAI_ws/install/cleaner_msgs/local/lib/python3.10/dist-packages/cleaner_msgs/cleaner_msgs_s__rosidl_typesupport_fastrtps_c.cpython-310-x86_64-linux-gnu.so
[0.741s] -- Up-to-date: /home/sunny/cleaner_ws/phyAI_ws/install/cleaner_msgs/local/lib/python3.10/dist-packages/cleaner_msgs/cleaner_msgs_s__rosidl_typesupport_introspection_c.cpython-310-x86_64-linux-gnu.so
[0.742s] -- Up-to-date: /home/sunny/cleaner_ws/phyAI_ws/install/cleaner_msgs/local/lib/python3.10/dist-packages/cleaner_msgs/cleaner_msgs_s__rosidl_typesupport_c.cpython-310-x86_64-linux-gnu.so
[0.742s] -- Up-to-date: /home/sunny/cleaner_ws/phyAI_ws/install/cleaner_msgs/lib/libcleaner_msgs__rosidl_generator_py.so
[0.743s] -- Up-to-date: /home/sunny/cleaner_ws/phyAI_ws/install/cleaner_msgs/share/ament_index/resource_index/rust_packages/cleaner_msgs
[0.743s] -- Up-to-date: /home/sunny/cleaner_ws/phyAI_ws/install/cleaner_msgs/share/cleaner_msgs/rust
[0.743s] -- Up-to-date: /home/sunny/cleaner_ws/phyAI_ws/install/cleaner_msgs/share/cleaner_msgs/rust/build.rs
[0.743s] -- Up-to-date: /home/sunny/cleaner_ws/phyAI_ws/install/cleaner_msgs/share/cleaner_msgs/rust/Cargo.toml
[0.743s] -- Up-to-date: /home/sunny/cleaner_ws/phyAI_ws/install/cleaner_msgs/share/cleaner_msgs/rust/src
[0.743s] -- Up-to-date: /home/sunny/cleaner_ws/phyAI_ws/install/cleaner_msgs/share/cleaner_msgs/rust/src/msg
[0.743s] -- Up-to-date: /home/sunny/cleaner_ws/phyAI_ws/install/cleaner_msgs/share/cleaner_msgs/rust/src/msg/rmw.rs
[0.743s] -- Up-to-date: /home/sunny/cleaner_ws/phyAI_ws/install/cleaner_msgs/share/cleaner_msgs/rust/src/lib.rs
[0.744s] -- Up-to-date: /home/sunny/cleaner_ws/phyAI_ws/install/cleaner_msgs/share/cleaner_msgs/rust/src/msg.rs
[0.744s] -- Up-to-date: /home/sunny/cleaner_ws/phyAI_ws/install/cleaner_msgs/share/cleaner_msgs/msg/CleanerState.idl
[0.744s] -- Up-to-date: /home/sunny/cleaner_ws/phyAI_ws/install/cleaner_msgs/share/cleaner_msgs/msg/PlanCommand.idl
[0.744s] -- Up-to-date: /home/sunny/cleaner_ws/phyAI_ws/install/cleaner_msgs/share/cleaner_msgs/msg/ReplanRequest.idl
[0.744s] -- Up-to-date: /home/sunny/cleaner_ws/phyAI_ws/install/cleaner_msgs/share/cleaner_msgs/msg/CleanerState.msg
[0.744s] -- Up-to-date: /home/sunny/cleaner_ws/phyAI_ws/install/cleaner_msgs/share/cleaner_msgs/msg/PlanCommand.msg
[0.744s] -- Up-to-date: /home/sunny/cleaner_ws/phyAI_ws/install/cleaner_msgs/share/cleaner_msgs/msg/ReplanRequest.msg
[0.744s] -- Up-to-date: /home/sunny/cleaner_ws/phyAI_ws/install/cleaner_msgs/share/ament_index/resource_index/package_run_dependencies/cleaner_msgs
[0.744s] -- Up-to-date: /home/sunny/cleaner_ws/phyAI_ws/install/cleaner_msgs/share/ament_index/resource_index/parent_prefix_path/cleaner_msgs
[0.744s] -- Up-to-date: /home/sunny/cleaner_ws/phyAI_ws/install/cleaner_msgs/share/cleaner_msgs/environment/ament_prefix_path.sh
[0.744s] -- Up-to-date: /home/sunny/cleaner_ws/phyAI_ws/install/cleaner_msgs/share/cleaner_msgs/environment/ament_prefix_path.dsv
[0.744s] -- Up-to-date: /home/sunny/cleaner_ws/phyAI_ws/install/cleaner_msgs/share/cleaner_msgs/environment/path.sh
[0.744s] -- Up-to-date: /home/sunny/cleaner_ws/phyAI_ws/install/cleaner_msgs/share/cleaner_msgs/environment/path.dsv
[0.744s] -- Up-to-date: /home/sunny/cleaner_ws/phyAI_ws/install/cleaner_msgs/share/cleaner_msgs/local_setup.bash
[0.744s] -- Up-to-date: /home/sunny/cleaner_ws/phyAI_ws/install/cleaner_msgs/share/cleaner_msgs/local_setup.sh
[0.745s] -- Up-to-date: /home/sunny/cleaner_ws/phyAI_ws/install/cleaner_msgs/share/cleaner_msgs/local_setup.zsh
[0.746s] -- Up-to-date: /home/sunny/cleaner_ws/phyAI_ws/install/cleaner_msgs/share/cleaner_msgs/local_setup.dsv
[0.747s] -- Installing: /home/sunny/cleaner_ws/phyAI_ws/install/cleaner_msgs/share/cleaner_msgs/package.dsv
[0.747s] -- Up-to-date: /home/sunny/cleaner_ws/phyAI_ws/install/cleaner_msgs/share/ament_index/resource_index/packages/cleaner_msgs
[0.747s] -- Up-to-date: /home/sunny/cleaner_ws/phyAI_ws/install/cleaner_msgs/share/cleaner_msgs/cmake/export_cleaner_msgs__rosidl_generator_cExport.cmake
[0.747s] -- Up-to-date: /home/sunny/cleaner_ws/phyAI_ws/install/cleaner_msgs/share/cleaner_msgs/cmake/export_cleaner_msgs__rosidl_generator_cExport-noconfig.cmake
[0.747s] -- Up-to-date: /home/sunny/cleaner_ws/phyAI_ws/install/cleaner_msgs/share/cleaner_msgs/cmake/export_cleaner_msgs__rosidl_typesupport_fastrtps_cExport.cmake
[0.747s] -- Up-to-date: /home/sunny/cleaner_ws/phyAI_ws/install/cleaner_msgs/share/cleaner_msgs/cmake/export_cleaner_msgs__rosidl_typesupport_fastrtps_cExport-noconfig.cmake
[0.747s] -- Up-to-date: /home/sunny/cleaner_ws/phyAI_ws/install/cleaner_msgs/share/cleaner_msgs/cmake/cleaner_msgs__rosidl_typesupport_introspection_cExport.cmake
[0.747s] -- Up-to-date: /home/sunny/cleaner_ws/phyAI_ws/install/cleaner_msgs/share/cleaner_msgs/cmake/cleaner_msgs__rosidl_typesupport_introspection_cExport-noconfig.cmake
[0.747s] -- Up-to-date: /home/sunny/cleaner_ws/phyAI_ws/install/cleaner_msgs/share/cleaner_msgs/cmake/cleaner_msgs__rosidl_typesupport_cExport.cmake
[0.747s] -- Up-to-date: /home/sunny/cleaner_ws/phyAI_ws/install/cleaner_msgs/share/cleaner_msgs/cmake/cleaner_msgs__rosidl_typesupport_cExport-noconfig.cmake
[0.747s] -- Up-to-date: /home/sunny/cleaner_ws/phyAI_ws/install/cleaner_msgs/share/cleaner_msgs/cmake/export_cleaner_msgs__rosidl_generator_cppExport.cmake
[0.747s] -- Up-to-date: /home/sunny/cleaner_ws/phyAI_ws/install/cleaner_msgs/share/cleaner_msgs/cmake/export_cleaner_msgs__rosidl_typesupport_fastrtps_cppExport.cmake
[0.747s] -- Up-to-date: /home/sunny/cleaner_ws/phyAI_ws/install/cleaner_msgs/share/cleaner_msgs/cmake/export_cleaner_msgs__rosidl_typesupport_fastrtps_cppExport-noconfig.cmake
[0.747s] -- Up-to-date: /home/sunny/cleaner_ws/phyAI_ws/install/cleaner_msgs/share/cleaner_msgs/cmake/cleaner_msgs__rosidl_typesupport_introspection_cppExport.cmake
[0.747s] -- Up-to-date: /home/sunny/cleaner_ws/phyAI_ws/install/cleaner_msgs/share/cleaner_msgs/cmake/cleaner_msgs__rosidl_typesupport_introspection_cppExport-noconfig.cmake
[0.747s] -- Up-to-date: /home/sunny/cleaner_ws/phyAI_ws/install/cleaner_msgs/share/cleaner_msgs/cmake/cleaner_msgs__rosidl_typesupport_cppExport.cmake
[0.748s] -- Up-to-date: /home/sunny/cleaner_ws/phyAI_ws/install/cleaner_msgs/share/cleaner_msgs/cmake/cleaner_msgs__rosidl_typesupport_cppExport-noconfig.cmake
[0.748s] -- Up-to-date: /home/sunny/cleaner_ws/phyAI_ws/install/cleaner_msgs/share/cleaner_msgs/cmake/export_cleaner_msgs__rosidl_generator_pyExport.cmake
[0.748s] -- Up-to-date: /home/sunny/cleaner_ws/phyAI_ws/install/cleaner_msgs/share/cleaner_msgs/cmake/export_cleaner_msgs__rosidl_generator_pyExport-noconfig.cmake
[0.748s] -- Up-to-date: /home/sunny/cleaner_ws/phyAI_ws/install/cleaner_msgs/share/cleaner_msgs/cmake/rosidl_cmake-extras.cmake
[0.749s] -- Up-to-date: /home/sunny/cleaner_ws/phyAI_ws/install/cleaner_msgs/share/cleaner_msgs/cmake/ament_cmake_export_dependencies-extras.cmake
[0.749s] -- Up-to-date: /home/sunny/cleaner_ws/phyAI_ws/install/cleaner_msgs/share/cleaner_msgs/cmake/ament_cmake_export_include_directories-extras.cmake
[0.749s] -- Up-to-date: /home/sunny/cleaner_ws/phyAI_ws/install/cleaner_msgs/share/cleaner_msgs/cmake/ament_cmake_export_libraries-extras.cmake
[0.749s] -- Up-to-date: /home/sunny/cleaner_ws/phyAI_ws/install/cleaner_msgs/share/cleaner_msgs/cmake/ament_cmake_export_targets-extras.cmake
[0.749s] -- Up-to-date: /home/sunny/cleaner_ws/phyAI_ws/install/cleaner_msgs/share/cleaner_msgs/cmake/rosidl_cmake_export_typesupport_targets-extras.cmake
[0.749s] -- Up-to-date: /home/sunny/cleaner_ws/phyAI_ws/install/cleaner_msgs/share/cleaner_msgs/cmake/rosidl_cmake_export_typesupport_libraries-extras.cmake
[0.749s] -- Up-to-date: /home/sunny/cleaner_ws/phyAI_ws/install/cleaner_msgs/share/cleaner_msgs/cmake/cleaner_msgsConfig.cmake
[0.749s] -- Up-to-date: /home/sunny/cleaner_ws/phyAI_ws/install/cleaner_msgs/share/cleaner_msgs/cmake/cleaner_msgsConfig-version.cmake
[0.749s] -- Up-to-date: /home/sunny/cleaner_ws/phyAI_ws/install/cleaner_msgs/share/cleaner_msgs/package.xml
[0.749s] Invoked command in '/home/sunny/cleaner_ws/phyAI_ws/build/cleaner_msgs' returned '0': CMAKE_PREFIX_PATH=/opt/ros/humble /usr/bin/cmake --install /home/sunny/cleaner_ws/phyAI_ws/build/cleaner_msgs
