[0.736s] Invoking command in '/home/sunny/ros2_ws/src/yolo_ros/yolov8_ros': PYTHONPATH=/home/sunny/ros2_ws/build/yolov8_ros/prefix_override:/usr/lib/python3/dist-packages/colcon_core/task/python/colcon_distutils_commands:/home/sunny/ros2_ws/install/yolov8_ros/lib/python3.10/site-packages:${PYTHONPATH} /usr/bin/python3 -W ignore:setup.py install is deprecated -W ignore:easy_install command is deprecated setup.py egg_info --egg-base ../../../build/yolov8_ros build --build-base /home/sunny/ros2_ws/build/yolov8_ros/build install --record /home/sunny/ros2_ws/build/yolov8_ros/install.log --single-version-externally-managed install_data
[0.899s] running egg_info
[0.900s] creating ../../../build/yolov8_ros/yolov8_ros.egg-info
[0.900s] writing ../../../build/yolov8_ros/yolov8_ros.egg-info/PKG-INFO
[0.900s] writing dependency_links to ../../../build/yolov8_ros/yolov8_ros.egg-info/dependency_links.txt
[0.900s] writing entry points to ../../../build/yolov8_ros/yolov8_ros.egg-info/entry_points.txt
[0.900s] writing requirements to ../../../build/yolov8_ros/yolov8_ros.egg-info/requires.txt
[0.900s] writing top-level names to ../../../build/yolov8_ros/yolov8_ros.egg-info/top_level.txt
[0.900s] writing manifest file '../../../build/yolov8_ros/yolov8_ros.egg-info/SOURCES.txt'
[0.901s] reading manifest file '../../../build/yolov8_ros/yolov8_ros.egg-info/SOURCES.txt'
[0.902s] writing manifest file '../../../build/yolov8_ros/yolov8_ros.egg-info/SOURCES.txt'
[0.902s] running build
[0.902s] running build_py
[0.902s] creating /home/sunny/ros2_ws/build/yolov8_ros/build
[0.902s] creating /home/sunny/ros2_ws/build/yolov8_ros/build/lib
[0.902s] creating /home/sunny/ros2_ws/build/yolov8_ros/build/lib/yolov8_ros
[0.902s] copying yolov8_ros/yolov8_node.py -> /home/sunny/ros2_ws/build/yolov8_ros/build/lib/yolov8_ros
[0.902s] copying yolov8_ros/tracking_node.py -> /home/sunny/ros2_ws/build/yolov8_ros/build/lib/yolov8_ros
[0.902s] copying yolov8_ros/__init__.py -> /home/sunny/ros2_ws/build/yolov8_ros/build/lib/yolov8_ros
[0.902s] copying yolov8_ros/debug_node.py -> /home/sunny/ros2_ws/build/yolov8_ros/build/lib/yolov8_ros
[0.902s] copying yolov8_ros/detect_3d_node.py -> /home/sunny/ros2_ws/build/yolov8_ros/build/lib/yolov8_ros
[0.902s] running install
[0.903s] running install_lib
[0.903s] creating /home/sunny/ros2_ws/install/yolov8_ros/lib/python3.10/site-packages/yolov8_ros
[0.903s] copying /home/sunny/ros2_ws/build/yolov8_ros/build/lib/yolov8_ros/yolov8_node.py -> /home/sunny/ros2_ws/install/yolov8_ros/lib/python3.10/site-packages/yolov8_ros
[0.903s] copying /home/sunny/ros2_ws/build/yolov8_ros/build/lib/yolov8_ros/tracking_node.py -> /home/sunny/ros2_ws/install/yolov8_ros/lib/python3.10/site-packages/yolov8_ros
[0.903s] copying /home/sunny/ros2_ws/build/yolov8_ros/build/lib/yolov8_ros/__init__.py -> /home/sunny/ros2_ws/install/yolov8_ros/lib/python3.10/site-packages/yolov8_ros
[0.903s] copying /home/sunny/ros2_ws/build/yolov8_ros/build/lib/yolov8_ros/debug_node.py -> /home/sunny/ros2_ws/install/yolov8_ros/lib/python3.10/site-packages/yolov8_ros
[0.903s] copying /home/sunny/ros2_ws/build/yolov8_ros/build/lib/yolov8_ros/detect_3d_node.py -> /home/sunny/ros2_ws/install/yolov8_ros/lib/python3.10/site-packages/yolov8_ros
[0.904s] byte-compiling /home/sunny/ros2_ws/install/yolov8_ros/lib/python3.10/site-packages/yolov8_ros/yolov8_node.py to yolov8_node.cpython-310.pyc
[0.905s] byte-compiling /home/sunny/ros2_ws/install/yolov8_ros/lib/python3.10/site-packages/yolov8_ros/tracking_node.py to tracking_node.cpython-310.pyc
[0.905s] byte-compiling /home/sunny/ros2_ws/install/yolov8_ros/lib/python3.10/site-packages/yolov8_ros/__init__.py to __init__.cpython-310.pyc
[0.905s] byte-compiling /home/sunny/ros2_ws/install/yolov8_ros/lib/python3.10/site-packages/yolov8_ros/debug_node.py to debug_node.cpython-310.pyc
[0.906s] byte-compiling /home/sunny/ros2_ws/install/yolov8_ros/lib/python3.10/site-packages/yolov8_ros/detect_3d_node.py to detect_3d_node.cpython-310.pyc
[0.907s] running install_data
[0.907s] creating /home/sunny/ros2_ws/install/yolov8_ros/share/ament_index
[0.907s] creating /home/sunny/ros2_ws/install/yolov8_ros/share/ament_index/resource_index
[0.907s] creating /home/sunny/ros2_ws/install/yolov8_ros/share/ament_index/resource_index/packages
[0.907s] copying resource/yolov8_ros -> /home/sunny/ros2_ws/install/yolov8_ros/share/ament_index/resource_index/packages
[0.907s] copying package.xml -> /home/sunny/ros2_ws/install/yolov8_ros/share/yolov8_ros
[0.907s] running install_egg_info
[0.908s] Copying ../../../build/yolov8_ros/yolov8_ros.egg-info to /home/sunny/ros2_ws/install/yolov8_ros/lib/python3.10/site-packages/yolov8_ros-0.0.0-py3.10.egg-info
[0.909s] running install_scripts
[0.922s] Installing debug_node script to /home/sunny/ros2_ws/install/yolov8_ros/lib/yolov8_ros
[0.922s] Installing detect_3d_node script to /home/sunny/ros2_ws/install/yolov8_ros/lib/yolov8_ros
[0.922s] Installing tracking_node script to /home/sunny/ros2_ws/install/yolov8_ros/lib/yolov8_ros
[0.922s] Installing yolov8_node script to /home/sunny/ros2_ws/install/yolov8_ros/lib/yolov8_ros
[0.922s] writing list of installed files to '/home/sunny/ros2_ws/build/yolov8_ros/install.log'
[0.945s] Invoked command in '/home/sunny/ros2_ws/src/yolo_ros/yolov8_ros' returned '0': PYTHONPATH=/home/sunny/ros2_ws/build/yolov8_ros/prefix_override:/usr/lib/python3/dist-packages/colcon_core/task/python/colcon_distutils_commands:/home/sunny/ros2_ws/install/yolov8_ros/lib/python3.10/site-packages:${PYTHONPATH} /usr/bin/python3 -W ignore:setup.py install is deprecated -W ignore:easy_install command is deprecated setup.py egg_info --egg-base ../../../build/yolov8_ros build --build-base /home/sunny/ros2_ws/build/yolov8_ros/build install --record /home/sunny/ros2_ws/build/yolov8_ros/install.log --single-version-externally-managed install_data
