[0.411s] Invoking command in '/home/sunny/ros2_ws/build/my_package': CMAKE_PREFIX_PATH=${CMAKE_PREFIX_PATH}:/home/sunny/ros2_ws/install/yolov8_ros:/home/sunny/ros2_ws/install/gptapi:/opt/ros/humble /usr/bin/cmake /home/sunny/ros2_ws/src/my_package -DCMAKE_INSTALL_PREFIX=/home/sunny/ros2_ws/install/my_package
[0.463s] -- The C compiler identification is GNU 11.4.0
[0.526s] -- The CXX compiler identification is GNU 11.4.0
[0.534s] -- Detecting C compiler ABI info
[0.621s] -- Detecting C compiler ABI info - done
[0.628s] -- Check for working C compiler: /usr/bin/cc - skipped
[0.629s] -- Detecting C compile features
[0.629s] -- Detecting C compile features - done
[0.632s] -- Detecting CXX compiler ABI info
[0.736s] -- Detecting CXX compiler ABI info - done
[0.744s] -- Check for working CXX compiler: /usr/bin/c++ - skipped
[0.744s] -- Detecting CXX compile features
[0.745s] -- Detecting CXX compile features - done
[0.749s] -- Found ament_cmake: 1.3.12 (/opt/ros/humble/share/ament_cmake/cmake)
[1.453s] -- Found Python3: /home/sunny/anaconda3/bin/python3 (found version "3.13.5") found components: Interpreter 
[1.585s] -- Found ament_lint_auto: 0.12.14 (/opt/ros/humble/share/ament_lint_auto/cmake)
[1.623s] Traceback (most recent call last):
[1.625s]   File "/opt/ros/humble/share/ament_cmake_core/cmake/core/package_xml_2_cmake.py", line 22, in <module>
[1.625s]     from catkin_pkg.package import parse_package_string
[1.625s] ModuleNotFoundError: No module named 'catkin_pkg'
[1.629s] [31mCMake Error at /opt/ros/humble/share/ament_cmake_core/cmake/core/ament_package_xml.cmake:95 (message):
[1.629s]   execute_process(/home/sunny/anaconda3/bin/python3
[1.629s]   /opt/ros/humble/share/ament_cmake_core/cmake/core/package_xml_2_cmake.py
[1.629s]   /home/sunny/ros2_ws/src/my_package/package.xml
[1.629s]   /home/sunny/ros2_ws/build/my_package/ament_cmake_core/package.cmake)
[1.629s]   returned error code 1
[1.629s] Call Stack (most recent call first):
[1.629s]   /opt/ros/humble/share/ament_cmake_core/cmake/core/ament_package_xml.cmake:49 (_ament_package_xml)
[1.629s]   /opt/ros/humble/share/ament_lint_auto/cmake/ament_lint_auto_find_test_dependencies.cmake:31 (ament_package_xml)
[1.629s]   CMakeLists.txt:33 (ament_lint_auto_find_test_dependencies)
[1.629s] 
[1.629s] [0m
[1.629s] -- Configuring incomplete, errors occurred!
[1.629s] See also "/home/sunny/ros2_ws/build/my_package/CMakeFiles/CMakeOutput.log".
[1.634s] Invoked command in '/home/sunny/ros2_ws/build/my_package' returned '1': CMAKE_PREFIX_PATH=${CMAKE_PREFIX_PATH}:/home/sunny/ros2_ws/install/yolov8_ros:/home/sunny/ros2_ws/install/gptapi:/opt/ros/humble /usr/bin/cmake /home/sunny/ros2_ws/src/my_package -DCMAKE_INSTALL_PREFIX=/home/sunny/ros2_ws/install/my_package
