[0.015s] Invoking command in '/home/sunny/ros2_ws/build/action_tutorials_cpp': CMAKE_PREFIX_PATH=/home/sunny/ros2_ws/install/action_tutorials_interfaces:/home/sunny/ros2_ws/install/action_tutorials_cpp:/home/sunny/ros2_ws/install/yolov8_bringup:/home/sunny/ros2_ws/install/yolov8_msgs:/home/sunny/ros2_ws/install/usb_cam:/home/sunny/ros2_ws/install/turtlesim:/home/sunny/ros2_ws/install/my_package:/home/sunny/ros2_ws/install/cpp_svcli:/home/sunny/ros2_ws/install/cpp_pubsub:/home/sunny/ros2_ws/install/yolov8_ros:/home/sunny/ros2_ws/install/gptapi:/opt/ros/humble LD_LIBRARY_PATH=/home/sunny/ros2_ws/install/action_tutorials_interfaces/lib:/home/sunny/ros2_ws/install/action_tutorials_cpp/lib:/usr/local/cuda/lib64:/home/sunny/ros2_ws/install/yolov8_msgs/lib:/home/sunny/ros2_ws/install/usb_cam/lib:/home/sunny/ros2_ws/install/turtlesim/lib:/opt/ros/humble/opt/rviz_ogre_vendor/lib:/opt/ros/humble/lib/x86_64-linux-gnu:/opt/ros/humble/lib /usr/bin/cmake --build /home/sunny/ros2_ws/build/action_tutorials_cpp -- -j16 -l16
[0.080s] [ 12%] [32mBuilding CXX object CMakeFiles/action_server.dir/src/fibonacci_action_server.cpp.o[0m
[2.750s] [ 25%] [32m[1mLinking CXX shared library libaction_server.so[0m
[2.865s] [ 25%] Built target action_server
[2.894s] [ 50%] Built target fibonacci_action_client
[2.918s] [ 75%] Built target fibonacci_action_server
[2.943s] [100%] Built target action_client
[2.953s] Invoked command in '/home/sunny/ros2_ws/build/action_tutorials_cpp' returned '0': CMAKE_PREFIX_PATH=/home/sunny/ros2_ws/install/action_tutorials_interfaces:/home/sunny/ros2_ws/install/action_tutorials_cpp:/home/sunny/ros2_ws/install/yolov8_bringup:/home/sunny/ros2_ws/install/yolov8_msgs:/home/sunny/ros2_ws/install/usb_cam:/home/sunny/ros2_ws/install/turtlesim:/home/sunny/ros2_ws/install/my_package:/home/sunny/ros2_ws/install/cpp_svcli:/home/sunny/ros2_ws/install/cpp_pubsub:/home/sunny/ros2_ws/install/yolov8_ros:/home/sunny/ros2_ws/install/gptapi:/opt/ros/humble LD_LIBRARY_PATH=/home/sunny/ros2_ws/install/action_tutorials_interfaces/lib:/home/sunny/ros2_ws/install/action_tutorials_cpp/lib:/usr/local/cuda/lib64:/home/sunny/ros2_ws/install/yolov8_msgs/lib:/home/sunny/ros2_ws/install/usb_cam/lib:/home/sunny/ros2_ws/install/turtlesim/lib:/opt/ros/humble/opt/rviz_ogre_vendor/lib:/opt/ros/humble/lib/x86_64-linux-gnu:/opt/ros/humble/lib /usr/bin/cmake --build /home/sunny/ros2_ws/build/action_tutorials_cpp -- -j16 -l16
[2.954s] Invoking command in '/home/sunny/ros2_ws/build/action_tutorials_cpp': CMAKE_PREFIX_PATH=/home/sunny/ros2_ws/install/action_tutorials_interfaces:/home/sunny/ros2_ws/install/action_tutorials_cpp:/home/sunny/ros2_ws/install/yolov8_bringup:/home/sunny/ros2_ws/install/yolov8_msgs:/home/sunny/ros2_ws/install/usb_cam:/home/sunny/ros2_ws/install/turtlesim:/home/sunny/ros2_ws/install/my_package:/home/sunny/ros2_ws/install/cpp_svcli:/home/sunny/ros2_ws/install/cpp_pubsub:/home/sunny/ros2_ws/install/yolov8_ros:/home/sunny/ros2_ws/install/gptapi:/opt/ros/humble LD_LIBRARY_PATH=/home/sunny/ros2_ws/install/action_tutorials_interfaces/lib:/home/sunny/ros2_ws/install/action_tutorials_cpp/lib:/usr/local/cuda/lib64:/home/sunny/ros2_ws/install/yolov8_msgs/lib:/home/sunny/ros2_ws/install/usb_cam/lib:/home/sunny/ros2_ws/install/turtlesim/lib:/opt/ros/humble/opt/rviz_ogre_vendor/lib:/opt/ros/humble/lib/x86_64-linux-gnu:/opt/ros/humble/lib /usr/bin/cmake --install /home/sunny/ros2_ws/build/action_tutorials_cpp
[2.962s] -- Install configuration: ""
[2.962s] -- Up-to-date: /home/sunny/ros2_ws/install/action_tutorials_cpp/lib/action_tutorials_cpp/fibonacci_action_server
[2.962s] -- Up-to-date: /home/sunny/ros2_ws/install/action_tutorials_cpp/lib/action_tutorials_cpp/fibonacci_action_client
[2.962s] -- Installing: /home/sunny/ros2_ws/install/action_tutorials_cpp/lib/libaction_server.so
[2.964s] -- Set runtime path of "/home/sunny/ros2_ws/install/action_tutorials_cpp/lib/libaction_server.so" to ""
[2.964s] -- Up-to-date: /home/sunny/ros2_ws/install/action_tutorials_cpp/lib/libaction_client.so
[2.964s] -- Up-to-date: /home/sunny/ros2_ws/install/action_tutorials_cpp/share/ament_index/resource_index/package_run_dependencies/action_tutorials_cpp
[2.964s] -- Up-to-date: /home/sunny/ros2_ws/install/action_tutorials_cpp/share/ament_index/resource_index/parent_prefix_path/action_tutorials_cpp
[2.964s] -- Up-to-date: /home/sunny/ros2_ws/install/action_tutorials_cpp/share/action_tutorials_cpp/environment/ament_prefix_path.sh
[2.964s] -- Up-to-date: /home/sunny/ros2_ws/install/action_tutorials_cpp/share/action_tutorials_cpp/environment/ament_prefix_path.dsv
[2.965s] -- Up-to-date: /home/sunny/ros2_ws/install/action_tutorials_cpp/share/action_tutorials_cpp/environment/path.sh
[2.965s] -- Up-to-date: /home/sunny/ros2_ws/install/action_tutorials_cpp/share/action_tutorials_cpp/environment/path.dsv
[2.965s] -- Up-to-date: /home/sunny/ros2_ws/install/action_tutorials_cpp/share/action_tutorials_cpp/local_setup.bash
[2.965s] -- Up-to-date: /home/sunny/ros2_ws/install/action_tutorials_cpp/share/action_tutorials_cpp/local_setup.sh
[2.965s] -- Up-to-date: /home/sunny/ros2_ws/install/action_tutorials_cpp/share/action_tutorials_cpp/local_setup.zsh
[2.965s] -- Up-to-date: /home/sunny/ros2_ws/install/action_tutorials_cpp/share/action_tutorials_cpp/local_setup.dsv
[2.965s] -- Up-to-date: /home/sunny/ros2_ws/install/action_tutorials_cpp/share/action_tutorials_cpp/package.dsv
[2.965s] -- Up-to-date: /home/sunny/ros2_ws/install/action_tutorials_cpp/share/ament_index/resource_index/packages/action_tutorials_cpp
[2.965s] -- Up-to-date: /home/sunny/ros2_ws/install/action_tutorials_cpp/share/ament_index/resource_index/rclcpp_components/action_tutorials_cpp
[2.965s] -- Up-to-date: /home/sunny/ros2_ws/install/action_tutorials_cpp/share/action_tutorials_cpp/cmake/action_tutorials_cppConfig.cmake
[2.965s] -- Up-to-date: /home/sunny/ros2_ws/install/action_tutorials_cpp/share/action_tutorials_cpp/cmake/action_tutorials_cppConfig-version.cmake
[2.965s] -- Up-to-date: /home/sunny/ros2_ws/install/action_tutorials_cpp/share/action_tutorials_cpp/package.xml
[2.967s] Invoked command in '/home/sunny/ros2_ws/build/action_tutorials_cpp' returned '0': CMAKE_PREFIX_PATH=/home/sunny/ros2_ws/install/action_tutorials_interfaces:/home/sunny/ros2_ws/install/action_tutorials_cpp:/home/sunny/ros2_ws/install/yolov8_bringup:/home/sunny/ros2_ws/install/yolov8_msgs:/home/sunny/ros2_ws/install/usb_cam:/home/sunny/ros2_ws/install/turtlesim:/home/sunny/ros2_ws/install/my_package:/home/sunny/ros2_ws/install/cpp_svcli:/home/sunny/ros2_ws/install/cpp_pubsub:/home/sunny/ros2_ws/install/yolov8_ros:/home/sunny/ros2_ws/install/gptapi:/opt/ros/humble LD_LIBRARY_PATH=/home/sunny/ros2_ws/install/action_tutorials_interfaces/lib:/home/sunny/ros2_ws/install/action_tutorials_cpp/lib:/usr/local/cuda/lib64:/home/sunny/ros2_ws/install/yolov8_msgs/lib:/home/sunny/ros2_ws/install/usb_cam/lib:/home/sunny/ros2_ws/install/turtlesim/lib:/opt/ros/humble/opt/rviz_ogre_vendor/lib:/opt/ros/humble/lib/x86_64-linux-gnu:/opt/ros/humble/lib /usr/bin/cmake --install /home/sunny/ros2_ws/build/action_tutorials_cpp
