/home/sunny/cleaner_ws/phyAI_ws/install/cleaner_system2/lib/python3.10/site-packages/cleaner_system2/models.py
/home/sunny/cleaner_ws/phyAI_ws/install/cleaner_system2/lib/python3.10/site-packages/cleaner_system2/__init__.py
/home/sunny/cleaner_ws/phyAI_ws/install/cleaner_system2/lib/python3.10/site-packages/cleaner_system2/system2_node.py
/home/sunny/cleaner_ws/phyAI_ws/install/cleaner_system2/lib/python3.10/site-packages/cleaner_system2/llm_planner.py
/home/sunny/cleaner_ws/phyAI_ws/install/cleaner_system2/lib/python3.10/site-packages/cleaner_system2/utils/__init__.py
/home/sunny/cleaner_ws/phyAI_ws/install/cleaner_system2/lib/python3.10/site-packages/cleaner_system2/utils/visualizer.py
/home/sunny/cleaner_ws/phyAI_ws/install/cleaner_system2/lib/python3.10/site-packages/cleaner_system2/__pycache__/models.cpython-310.pyc
/home/sunny/cleaner_ws/phyAI_ws/install/cleaner_system2/lib/python3.10/site-packages/cleaner_system2/__pycache__/__init__.cpython-310.pyc
/home/sunny/cleaner_ws/phyAI_ws/install/cleaner_system2/lib/python3.10/site-packages/cleaner_system2/__pycache__/system2_node.cpython-310.pyc
/home/sunny/cleaner_ws/phyAI_ws/install/cleaner_system2/lib/python3.10/site-packages/cleaner_system2/__pycache__/llm_planner.cpython-310.pyc
/home/sunny/cleaner_ws/phyAI_ws/install/cleaner_system2/lib/python3.10/site-packages/cleaner_system2/utils/__pycache__/__init__.cpython-310.pyc
/home/sunny/cleaner_ws/phyAI_ws/install/cleaner_system2/lib/python3.10/site-packages/cleaner_system2/utils/__pycache__/visualizer.cpython-310.pyc
/home/sunny/cleaner_ws/phyAI_ws/install/cleaner_system2/share/ament_index/resource_index/packages/cleaner_system2
/home/sunny/cleaner_ws/phyAI_ws/install/cleaner_system2/share/cleaner_system2/package.xml
/home/sunny/cleaner_ws/phyAI_ws/install/cleaner_system2/lib/python3.10/site-packages/cleaner_system2-0.0.1-py3.10.egg-info/top_level.txt
/home/sunny/cleaner_ws/phyAI_ws/install/cleaner_system2/lib/python3.10/site-packages/cleaner_system2-0.0.1-py3.10.egg-info/zip-safe
/home/sunny/cleaner_ws/phyAI_ws/install/cleaner_system2/lib/python3.10/site-packages/cleaner_system2-0.0.1-py3.10.egg-info/PKG-INFO
/home/sunny/cleaner_ws/phyAI_ws/install/cleaner_system2/lib/python3.10/site-packages/cleaner_system2-0.0.1-py3.10.egg-info/SOURCES.txt
/home/sunny/cleaner_ws/phyAI_ws/install/cleaner_system2/lib/python3.10/site-packages/cleaner_system2-0.0.1-py3.10.egg-info/requires.txt
/home/sunny/cleaner_ws/phyAI_ws/install/cleaner_system2/lib/python3.10/site-packages/cleaner_system2-0.0.1-py3.10.egg-info/entry_points.txt
/home/sunny/cleaner_ws/phyAI_ws/install/cleaner_system2/lib/python3.10/site-packages/cleaner_system2-0.0.1-py3.10.egg-info/dependency_links.txt
/home/sunny/cleaner_ws/phyAI_ws/install/cleaner_system2/lib/cleaner_system2/system2_node
