[0.021s] Invoking command in '/home/sunny/cleaner_ws/phyAI_ws/build/yolov8_bringup': AMENT_PREFIX_PATH=/home/sunny/cleaner_ws/phyAI_ws/install/yolov8_ros:${AMENT_PREFIX_PATH} CMAKE_PREFIX_PATH=/opt/ros/humble PYTHONPATH=/home/sunny/cleaner_ws/phyAI_ws/install/yolov8_ros/lib/python3.10/site-packages:${PYTHONPATH} /usr/bin/cmake /home/sunny/cleaner_ws/phyAI_ws/src/yolov8_ros/yolov8_bringup -DCMAKE_INSTALL_PREFIX=/home/sunny/cleaner_ws/phyAI_ws/install/yolov8_bringup
[0.140s] -- The C compiler identification is GNU 11.4.0
[0.287s] -- The CXX compiler identification is GNU 11.4.0
[0.305s] -- Detecting C compiler ABI info
[0.506s] -- Detecting C compiler ABI info - done
[0.521s] -- Check for working C compiler: /usr/bin/cc - skipped
[0.521s] -- Detecting C compile features
[0.521s] -- Detecting C compile features - done
[0.535s] -- Detecting CXX compiler ABI info
[0.819s] -- Detecting CXX compiler ABI info - done
[0.833s] -- Check for working CXX compiler: /usr/bin/c++ - skipped
[0.833s] -- Detecting CXX compile features
[0.834s] -- Detecting CXX compile features - done
[0.839s] -- Found ament_cmake: 1.3.14 (/opt/ros/humble/share/ament_cmake/cmake)
[1.141s] -- Found Python3: /usr/bin/python3 (found version "3.10.12") found components: Interpreter 
[1.531s] -- Configuring done
[1.544s] -- Generating done
[1.552s] -- Build files have been written to: /home/sunny/cleaner_ws/phyAI_ws/build/yolov8_bringup
[1.564s] Invoked command in '/home/sunny/cleaner_ws/phyAI_ws/build/yolov8_bringup' returned '0': AMENT_PREFIX_PATH=/home/sunny/cleaner_ws/phyAI_ws/install/yolov8_ros:${AMENT_PREFIX_PATH} CMAKE_PREFIX_PATH=/opt/ros/humble PYTHONPATH=/home/sunny/cleaner_ws/phyAI_ws/install/yolov8_ros/lib/python3.10/site-packages:${PYTHONPATH} /usr/bin/cmake /home/sunny/cleaner_ws/phyAI_ws/src/yolov8_ros/yolov8_bringup -DCMAKE_INSTALL_PREFIX=/home/sunny/cleaner_ws/phyAI_ws/install/yolov8_bringup
[1.571s] Invoking command in '/home/sunny/cleaner_ws/phyAI_ws/build/yolov8_bringup': AMENT_PREFIX_PATH=/home/sunny/cleaner_ws/phyAI_ws/install/yolov8_ros:${AMENT_PREFIX_PATH} CMAKE_PREFIX_PATH=/opt/ros/humble PYTHONPATH=/home/sunny/cleaner_ws/phyAI_ws/install/yolov8_ros/lib/python3.10/site-packages:${PYTHONPATH} /usr/bin/cmake --build /home/sunny/cleaner_ws/phyAI_ws/build/yolov8_bringup -- -j16 -l16
[1.704s] Invoked command in '/home/sunny/cleaner_ws/phyAI_ws/build/yolov8_bringup' returned '0': AMENT_PREFIX_PATH=/home/sunny/cleaner_ws/phyAI_ws/install/yolov8_ros:${AMENT_PREFIX_PATH} CMAKE_PREFIX_PATH=/opt/ros/humble PYTHONPATH=/home/sunny/cleaner_ws/phyAI_ws/install/yolov8_ros/lib/python3.10/site-packages:${PYTHONPATH} /usr/bin/cmake --build /home/sunny/cleaner_ws/phyAI_ws/build/yolov8_bringup -- -j16 -l16
[1.726s] Invoking command in '/home/sunny/cleaner_ws/phyAI_ws/build/yolov8_bringup': AMENT_PREFIX_PATH=/home/sunny/cleaner_ws/phyAI_ws/install/yolov8_ros:${AMENT_PREFIX_PATH} CMAKE_PREFIX_PATH=/opt/ros/humble PYTHONPATH=/home/sunny/cleaner_ws/phyAI_ws/install/yolov8_ros/lib/python3.10/site-packages:${PYTHONPATH} /usr/bin/cmake --install /home/sunny/cleaner_ws/phyAI_ws/build/yolov8_bringup
[1.755s] -- Install configuration: ""
[1.755s] -- Installing: /home/sunny/cleaner_ws/phyAI_ws/install/yolov8_bringup/share/yolov8_bringup//launch
[1.755s] -- Installing: /home/sunny/cleaner_ws/phyAI_ws/install/yolov8_bringup/share/yolov8_bringup//launch/yolov8.launch.py
[1.755s] -- Installing: /home/sunny/cleaner_ws/phyAI_ws/install/yolov8_bringup/share/yolov8_bringup//launch/yolov8_3d.launch.py
[1.756s] -- Installing: /home/sunny/cleaner_ws/phyAI_ws/install/yolov8_bringup/share/ament_index/resource_index/package_run_dependencies/yolov8_bringup
[1.756s] -- Installing: /home/sunny/cleaner_ws/phyAI_ws/install/yolov8_bringup/share/ament_index/resource_index/parent_prefix_path/yolov8_bringup
[1.760s] -- Installing: /home/sunny/cleaner_ws/phyAI_ws/install/yolov8_bringup/share/yolov8_bringup/environment/ament_prefix_path.sh
[1.760s] -- Installing: /home/sunny/cleaner_ws/phyAI_ws/install/yolov8_bringup/share/yolov8_bringup/environment/ament_prefix_path.dsv
[1.761s] -- Installing: /home/sunny/cleaner_ws/phyAI_ws/install/yolov8_bringup/share/yolov8_bringup/environment/path.sh
[1.761s] -- Installing: /home/sunny/cleaner_ws/phyAI_ws/install/yolov8_bringup/share/yolov8_bringup/environment/path.dsv
[1.761s] -- Installing: /home/sunny/cleaner_ws/phyAI_ws/install/yolov8_bringup/share/yolov8_bringup/local_setup.bash
[1.761s] -- Installing: /home/sunny/cleaner_ws/phyAI_ws/install/yolov8_bringup/share/yolov8_bringup/local_setup.sh
[1.762s] -- Installing: /home/sunny/cleaner_ws/phyAI_ws/install/yolov8_bringup/share/yolov8_bringup/local_setup.zsh
[1.762s] -- Installing: /home/sunny/cleaner_ws/phyAI_ws/install/yolov8_bringup/share/yolov8_bringup/local_setup.dsv
[1.762s] -- Installing: /home/sunny/cleaner_ws/phyAI_ws/install/yolov8_bringup/share/yolov8_bringup/package.dsv
[1.762s] -- Installing: /home/sunny/cleaner_ws/phyAI_ws/install/yolov8_bringup/share/ament_index/resource_index/packages/yolov8_bringup
[1.762s] -- Installing: /home/sunny/cleaner_ws/phyAI_ws/install/yolov8_bringup/share/yolov8_bringup/cmake/yolov8_bringupConfig.cmake
[1.763s] -- Installing: /home/sunny/cleaner_ws/phyAI_ws/install/yolov8_bringup/share/yolov8_bringup/cmake/yolov8_bringupConfig-version.cmake
[1.765s] -- Installing: /home/sunny/cleaner_ws/phyAI_ws/install/yolov8_bringup/share/yolov8_bringup/package.xml
[1.775s] Invoked command in '/home/sunny/cleaner_ws/phyAI_ws/build/yolov8_bringup' returned '0': AMENT_PREFIX_PATH=/home/sunny/cleaner_ws/phyAI_ws/install/yolov8_ros:${AMENT_PREFIX_PATH} CMAKE_PREFIX_PATH=/opt/ros/humble PYTHONPATH=/home/sunny/cleaner_ws/phyAI_ws/install/yolov8_ros/lib/python3.10/site-packages:${PYTHONPATH} /usr/bin/cmake --install /home/sunny/cleaner_ws/phyAI_ws/build/yolov8_bringup
