[  7%] [32mBuilding CXX object CMakeFiles/usb_cam.dir/src/usb_cam.cpp.o[0m
[ 14%] [32mBuilding CXX object gtest/CMakeFiles/gtest_main.dir/src/gtest_main.cc.o[0m
[ 21%] [32mBuilding CXX object gtest/CMakeFiles/gtest.dir/src/gtest-all.cc.o[0m
[ 28%] [32mBuilding CXX object CMakeFiles/usb_cam_node_exe.dir/rclcpp_components/node_main_usb_cam_node_exe.cpp.o[0m
[ 35%] [32m[1mLinking CXX static library libgtest_main.a[0m
[ 35%] Built target gtest_main
[ 42%] [32m[1mLinking CXX shared library libusb_cam.so[0m
[ 42%] Built target usb_cam
[ 50%] [32mBuilding CXX object CMakeFiles/usb_cam_node.dir/src/usb_cam_node.cpp.o[0m
[ 57%] [32m[1mLinking CXX static library libgtest.a[0m
[ 64%] [32m[1mLinking CXX executable usb_cam_node_exe[0m
[ 64%] Built target gtest
[ 71%] [32mBuilding CXX object CMakeFiles/test_pixel_formcleaner.dir/test/test_pixel_formcleaner.cpp.o[0m
[ 78%] [32mBuilding CXX object CMakeFiles/test_usb_cam_utils.dir/test/test_usb_cam_utils.cpp.o[0m
[ 78%] Built target usb_cam_node_exe
[ 85%] [32m[1mLinking CXX executable test_usb_cam_utils[0m
[ 85%] Built target test_usb_cam_utils
[ 92%] [32m[1mLinking CXX executable test_pixel_formcleaner[0m
[ 92%] Built target test_pixel_formcleaner
[100%] [32m[1mLinking CXX shared library libusb_cam_node.so[0m
[100%] Built target usb_cam_node
-- Install configuration: ""
-- Installing: /home/sunny/cleaner_ws/phyAI_ws/install/usb_cam/share/usb_cam/environment/library_path.sh
-- Installing: /home/sunny/cleaner_ws/phyAI_ws/install/usb_cam/share/usb_cam/environment/library_path.dsv
-- Installing: /home/sunny/cleaner_ws/phyAI_ws/install/usb_cam/lib/usb_cam/usb_cam_node_exe
-- Set runtime path of "/home/sunny/cleaner_ws/phyAI_ws/install/usb_cam/lib/usb_cam/usb_cam_node_exe" to ""
-- Installing: /home/sunny/cleaner_ws/phyAI_ws/install/usb_cam/lib/usb_cam/show_image.py
-- Installing: /home/sunny/cleaner_ws/phyAI_ws/install/usb_cam/lib/libusb_cam.so
-- Installing: /home/sunny/cleaner_ws/phyAI_ws/install/usb_cam/lib/libusb_cam_node.so
-- Set runtime path of "/home/sunny/cleaner_ws/phyAI_ws/install/usb_cam/lib/libusb_cam_node.so" to ""
-- Installing: /home/sunny/cleaner_ws/phyAI_ws/install/usb_cam/include
-- Installing: /home/sunny/cleaner_ws/phyAI_ws/install/usb_cam/include/usb_cam
-- Installing: /home/sunny/cleaner_ws/phyAI_ws/install/usb_cam/include/usb_cam/usb_cam_node.hpp
-- Installing: /home/sunny/cleaner_ws/phyAI_ws/install/usb_cam/include/usb_cam/formcleaner
-- Installing: /home/sunny/cleaner_ws/phyAI_ws/install/usb_cam/include/usb_cam/formcleaner/mono.hpp
-- Installing: /home/sunny/cleaner_ws/phyAI_ws/install/usb_cam/include/usb_cam/formcleaner/pixel_format_base.hpp
-- Installing: /home/sunny/cleaner_ws/phyAI_ws/install/usb_cam/include/usb_cam/formcleaner/av_pixel_format_helper.hpp
-- Installing: /home/sunny/cleaner_ws/phyAI_ws/install/usb_cam/include/usb_cam/formcleaner/utils.hpp
-- Installing: /home/sunny/cleaner_ws/phyAI_ws/install/usb_cam/include/usb_cam/formcleaner/m420.hpp
-- Installing: /home/sunny/cleaner_ws/phyAI_ws/install/usb_cam/include/usb_cam/formcleaner/yuyv.hpp
-- Installing: /home/sunny/cleaner_ws/phyAI_ws/install/usb_cam/include/usb_cam/formcleaner/uyvy.hpp
-- Installing: /home/sunny/cleaner_ws/phyAI_ws/install/usb_cam/include/usb_cam/formcleaner/mjpeg.hpp
-- Installing: /home/sunny/cleaner_ws/phyAI_ws/install/usb_cam/include/usb_cam/formcleaner/rgb.hpp
-- Installing: /home/sunny/cleaner_ws/phyAI_ws/install/usb_cam/include/usb_cam/constants.hpp
-- Installing: /home/sunny/cleaner_ws/phyAI_ws/install/usb_cam/include/usb_cam/usb_cam.hpp
-- Installing: /home/sunny/cleaner_ws/phyAI_ws/install/usb_cam/include/usb_cam/conversions.hpp
-- Installing: /home/sunny/cleaner_ws/phyAI_ws/install/usb_cam/include/usb_cam/utils.hpp
-- Up-to-date: /home/sunny/cleaner_ws/phyAI_ws/install/usb_cam/lib/libusb_cam_node.so
-- Installing: /home/sunny/cleaner_ws/phyAI_ws/install/usb_cam/share/usb_cam/launch
-- Installing: /home/sunny/cleaner_ws/phyAI_ws/install/usb_cam/share/usb_cam/launch/__init__.py
-- Installing: /home/sunny/cleaner_ws/phyAI_ws/install/usb_cam/share/usb_cam/launch/camera.launch.py
-- Installing: /home/sunny/cleaner_ws/phyAI_ws/install/usb_cam/share/usb_cam/launch/camera_config.py
-- Installing: /home/sunny/cleaner_ws/phyAI_ws/install/usb_cam/share/usb_cam/config
-- Installing: /home/sunny/cleaner_ws/phyAI_ws/install/usb_cam/share/usb_cam/config/params_2.yaml
-- Installing: /home/sunny/cleaner_ws/phyAI_ws/install/usb_cam/share/usb_cam/config/params_1.yaml
-- Installing: /home/sunny/cleaner_ws/phyAI_ws/install/usb_cam/share/usb_cam/config/camera_info.yaml
-- Installing: /home/sunny/cleaner_ws/phyAI_ws/install/usb_cam/share/ament_index/resource_index/package_run_dependencies/usb_cam
-- Installing: /home/sunny/cleaner_ws/phyAI_ws/install/usb_cam/share/ament_index/resource_index/parent_prefix_path/usb_cam
-- Installing: /home/sunny/cleaner_ws/phyAI_ws/install/usb_cam/share/usb_cam/environment/ament_prefix_path.sh
-- Installing: /home/sunny/cleaner_ws/phyAI_ws/install/usb_cam/share/usb_cam/environment/ament_prefix_path.dsv
-- Installing: /home/sunny/cleaner_ws/phyAI_ws/install/usb_cam/share/usb_cam/environment/path.sh
-- Installing: /home/sunny/cleaner_ws/phyAI_ws/install/usb_cam/share/usb_cam/environment/path.dsv
-- Installing: /home/sunny/cleaner_ws/phyAI_ws/install/usb_cam/share/usb_cam/local_setup.bash
-- Installing: /home/sunny/cleaner_ws/phyAI_ws/install/usb_cam/share/usb_cam/local_setup.sh
-- Installing: /home/sunny/cleaner_ws/phyAI_ws/install/usb_cam/share/usb_cam/local_setup.zsh
-- Installing: /home/sunny/cleaner_ws/phyAI_ws/install/usb_cam/share/usb_cam/local_setup.dsv
-- Installing: /home/sunny/cleaner_ws/phyAI_ws/install/usb_cam/share/usb_cam/package.dsv
-- Installing: /home/sunny/cleaner_ws/phyAI_ws/install/usb_cam/share/ament_index/resource_index/packages/usb_cam
-- Installing: /home/sunny/cleaner_ws/phyAI_ws/install/usb_cam/share/ament_index/resource_index/rclcpp_components/usb_cam
-- Installing: /home/sunny/cleaner_ws/phyAI_ws/install/usb_cam/share/usb_cam/cmake/ament_cmake_export_libraries-extras.cmake
-- Installing: /home/sunny/cleaner_ws/phyAI_ws/install/usb_cam/share/usb_cam/cmake/ament_cmake_export_dependencies-extras.cmake
-- Installing: /home/sunny/cleaner_ws/phyAI_ws/install/usb_cam/share/usb_cam/cmake/ament_cmake_export_include_directories-extras.cmake
-- Installing: /home/sunny/cleaner_ws/phyAI_ws/install/usb_cam/share/usb_cam/cmake/usb_camConfig.cmake
-- Installing: /home/sunny/cleaner_ws/phyAI_ws/install/usb_cam/share/usb_cam/cmake/usb_camConfig-version.cmake
-- Installing: /home/sunny/cleaner_ws/phyAI_ws/install/usb_cam/share/usb_cam/package.xml
