running egg_info
writing ../../build/gptapi/gptapi.egg-info/PKG-INFO
writing dependency_links to ../../build/gptapi/gptapi.egg-info/dependency_links.txt
writing entry points to ../../build/gptapi/gptapi.egg-info/entry_points.txt
writing requirements to ../../build/gptapi/gptapi.egg-info/requires.txt
writing top-level names to ../../build/gptapi/gptapi.egg-info/top_level.txt
reading manifest file '../../build/gptapi/gptapi.egg-info/SOURCES.txt'
writing manifest file '../../build/gptapi/gptapi.egg-info/SOURCES.txt'
running build
running build_py
running install
running install_lib
running install_data
running install_egg_info
removing '/home/sunny/cleaner_ws/phyAI_ws/install/gptapi/lib/python3.10/site-packages/gptapi-0.0.0-py3.10.egg-info' (and everything under it)
Copying ../../build/gptapi/gptapi.egg-info to /home/sunny/cleaner_ws/phyAI_ws/install/gptapi/lib/python3.10/site-packages/gptapi-0.0.0-py3.10.egg-info
running install_scripts
Installing action_generator script to /home/sunny/cleaner_ws/phyAI_ws/install/gptapi/lib/gptapi
Installing action_interpreter script to /home/sunny/cleaner_ws/phyAI_ws/install/gptapi/lib/gptapi
writing list of installed files to '/home/sunny/cleaner_ws/phyAI_ws/build/gptapi/install.log'
