[1.102s] Invoking command in '/home/sunny/cleaner_ws/phyAI_ws/src/gptapi': PYTHONPATH=/home/sunny/cleaner_ws/phyAI_ws/build/gptapi/prefix_override:/usr/lib/python3/dist-packages/colcon_core/task/python/colcon_distutils_commands:/home/sunny/cleaner_ws/phyAI_ws/install/gptapi/lib/python3.10/site-packages:${PYTHONPATH} /usr/bin/python3 -W ignore:setup.py install is deprecated -W ignore:easy_install command is deprecated setup.py egg_info --egg-base ../../build/gptapi build --build-base /home/sunny/cleaner_ws/phyAI_ws/build/gptapi/build install --record /home/sunny/cleaner_ws/phyAI_ws/build/gptapi/install.log --single-version-externally-managed install_data
[1.282s] running egg_info
[1.282s] writing ../../build/gptapi/gptapi.egg-info/PKG-INFO
[1.283s] writing dependency_links to ../../build/gptapi/gptapi.egg-info/dependency_links.txt
[1.283s] writing entry points to ../../build/gptapi/gptapi.egg-info/entry_points.txt
[1.283s] writing requirements to ../../build/gptapi/gptapi.egg-info/requires.txt
[1.283s] writing top-level names to ../../build/gptapi/gptapi.egg-info/top_level.txt
[1.285s] reading manifest file '../../build/gptapi/gptapi.egg-info/SOURCES.txt'
[1.286s] writing manifest file '../../build/gptapi/gptapi.egg-info/SOURCES.txt'
[1.286s] running build
[1.286s] running build_py
[1.287s] running install
[1.287s] running install_lib
[1.288s] running install_data
[1.288s] running install_egg_info
[1.289s] removing '/home/sunny/cleaner_ws/phyAI_ws/install/gptapi/lib/python3.10/site-packages/gptapi-0.0.0-py3.10.egg-info' (and everything under it)
[1.290s] Copying ../../build/gptapi/gptapi.egg-info to /home/sunny/cleaner_ws/phyAI_ws/install/gptapi/lib/python3.10/site-packages/gptapi-0.0.0-py3.10.egg-info
[1.290s] running install_scripts
[1.305s] Installing action_generator script to /home/sunny/cleaner_ws/phyAI_ws/install/gptapi/lib/gptapi
[1.306s] Installing action_interpreter script to /home/sunny/cleaner_ws/phyAI_ws/install/gptapi/lib/gptapi
[1.306s] writing list of installed files to '/home/sunny/cleaner_ws/phyAI_ws/build/gptapi/install.log'
[1.338s] Invoked command in '/home/sunny/cleaner_ws/phyAI_ws/src/gptapi' returned '0': PYTHONPATH=/home/sunny/cleaner_ws/phyAI_ws/build/gptapi/prefix_override:/usr/lib/python3/dist-packages/colcon_core/task/python/colcon_distutils_commands:/home/sunny/cleaner_ws/phyAI_ws/install/gptapi/lib/python3.10/site-packages:${PYTHONPATH} /usr/bin/python3 -W ignore:setup.py install is deprecated -W ignore:easy_install command is deprecated setup.py egg_info --egg-base ../../build/gptapi build --build-base /home/sunny/cleaner_ws/phyAI_ws/build/gptapi/build install --record /home/sunny/cleaner_ws/phyAI_ws/build/gptapi/install.log --single-version-externally-managed install_data
