[0.093s] DEBUG:colcon:Command line arguments: ['/usr/bin/colcon', 'build', '--packages-select', 'cleaner_system1']
[0.094s] DEBUG:colcon:Parsed command line arguments: Namespace(log_base=None, log_level=None, verb_name='build', build_base='build', install_base='install', merge_install=False, symlink_install=False, test_result_base=None, continue_on_error=False, executor='parallel', parallel_workers=16, event_handlers=None, ignore_user_meta=False, metas=['./colcon.meta'], base_paths=['.'], packages_ignore=None, packages_ignore_regex=None, paths=None, packages_up_to=None, packages_up_to_regex=None, packages_above=None, packages_above_and_dependencies=None, packages_above_depth=None, packages_select_by_dep=None, packages_skip_by_dep=None, packages_skip_up_to=None, packages_select_build_failed=False, packages_skip_build_finished=False, packages_select_test_failures=False, packages_skip_test_passed=False, packages_select=['cleaner_system1'], packages_skip=None, packages_select_regex=None, packages_skip_regex=None, packages_start=None, packages_end=None, allow_overriding=[], cmake_args=None, cmake_target=None, cmake_target_skip_unavailable=False, cmake_clean_cache=False, cmake_clean_first=False, cmake_force_configure=False, ament_cmake_args=None, catkin_cmake_args=None, catkin_skip_building_tests=False, mixin_files=None, mixin=None, verb_parser=<colcon_mixin.mixin.mixin_argument.MixinArgumentDecorator object at 0x7151701b27a0>, verb_extension=<colcon_core.verb.build.BuildVerb object at 0x715170287e50>, main=<bound method BuildVerb.main of <colcon_core.verb.build.BuildVerb object at 0x715170287e50>>, mixin_verb=('build',))
[0.274s] Level 1:colcon.colcon_core.package_discovery:discover_packages(colcon_meta) check parameters
[0.274s] Level 1:colcon.colcon_core.package_discovery:discover_packages(recursive) check parameters
[0.274s] Level 1:colcon.colcon_core.package_discovery:discover_packages(ignore) check parameters
[0.274s] Level 1:colcon.colcon_core.package_discovery:discover_packages(path) check parameters
[0.274s] Level 1:colcon.colcon_core.package_discovery:discover_packages(colcon_meta) discover
[0.274s] Level 1:colcon.colcon_core.package_discovery:discover_packages(recursive) discover
[0.274s] INFO:colcon.colcon_core.package_discovery:Crawling recursively for packages in '/home/sunny/cleaner_ws/phyAI_ws'
[0.274s] Level 1:colcon.colcon_core.package_identification:_identify(.) by extensions ['ignore', 'ignore_ament_install']
[0.274s] Level 1:colcon.colcon_core.package_identification:_identify(.) by extension 'ignore'
[0.275s] Level 1:colcon.colcon_core.package_identification:_identify(.) by extension 'ignore_ament_install'
[0.275s] Level 1:colcon.colcon_core.package_identification:_identify(.) by extensions ['colcon_pkg']
[0.275s] Level 1:colcon.colcon_core.package_identification:_identify(.) by extension 'colcon_pkg'
[0.275s] Level 1:colcon.colcon_core.package_identification:_identify(.) by extensions ['colcon_meta']
[0.275s] Level 1:colcon.colcon_core.package_identification:_identify(.) by extension 'colcon_meta'
[0.275s] Level 1:colcon.colcon_core.package_identification:_identify(.) by extensions ['ros']
[0.275s] Level 1:colcon.colcon_core.package_identification:_identify(.) by extension 'ros'
[0.282s] Level 1:colcon.colcon_core.package_identification:_identify(.) by extensions ['cmake', 'python']
[0.282s] Level 1:colcon.colcon_core.package_identification:_identify(.) by extension 'cmake'
[0.282s] Level 1:colcon.colcon_core.package_identification:_identify(.) by extension 'python'
[0.282s] Level 1:colcon.colcon_core.package_identification:_identify(.) by extensions ['python_setup_py']
[0.282s] Level 1:colcon.colcon_core.package_identification:_identify(.) by extension 'python_setup_py'
[0.282s] Level 1:colcon.colcon_core.package_identification:_identify(build) by extensions ['ignore', 'ignore_ament_install']
[0.282s] Level 1:colcon.colcon_core.package_identification:_identify(build) by extension 'ignore'
[0.282s] Level 1:colcon.colcon_core.package_identification:_identify(build) ignored
[0.283s] Level 1:colcon.colcon_core.package_identification:_identify(install) by extensions ['ignore', 'ignore_ament_install']
[0.283s] Level 1:colcon.colcon_core.package_identification:_identify(install) by extension 'ignore'
[0.283s] Level 1:colcon.colcon_core.package_identification:_identify(install) ignored
[0.283s] Level 1:colcon.colcon_core.package_identification:_identify(log) by extensions ['ignore', 'ignore_ament_install']
[0.283s] Level 1:colcon.colcon_core.package_identification:_identify(log) by extension 'ignore'
[0.283s] Level 1:colcon.colcon_core.package_identification:_identify(log) ignored
[0.283s] Level 1:colcon.colcon_core.package_identification:_identify(map) by extensions ['ignore', 'ignore_ament_install']
[0.283s] Level 1:colcon.colcon_core.package_identification:_identify(map) by extension 'ignore'
[0.283s] Level 1:colcon.colcon_core.package_identification:_identify(map) by extension 'ignore_ament_install'
[0.283s] Level 1:colcon.colcon_core.package_identification:_identify(map) by extensions ['colcon_pkg']
[0.283s] Level 1:colcon.colcon_core.package_identification:_identify(map) by extension 'colcon_pkg'
[0.283s] Level 1:colcon.colcon_core.package_identification:_identify(map) by extensions ['colcon_meta']
[0.283s] Level 1:colcon.colcon_core.package_identification:_identify(map) by extension 'colcon_meta'
[0.283s] Level 1:colcon.colcon_core.package_identification:_identify(map) by extensions ['ros']
[0.283s] Level 1:colcon.colcon_core.package_identification:_identify(map) by extension 'ros'
[0.283s] Level 1:colcon.colcon_core.package_identification:_identify(map) by extensions ['cmake', 'python']
[0.283s] Level 1:colcon.colcon_core.package_identification:_identify(map) by extension 'cmake'
[0.283s] Level 1:colcon.colcon_core.package_identification:_identify(map) by extension 'python'
[0.283s] Level 1:colcon.colcon_core.package_identification:_identify(map) by extensions ['python_setup_py']
[0.283s] Level 1:colcon.colcon_core.package_identification:_identify(map) by extension 'python_setup_py'
[0.283s] Level 1:colcon.colcon_core.package_identification:_identify(src) by extensions ['ignore', 'ignore_ament_install']
[0.283s] Level 1:colcon.colcon_core.package_identification:_identify(src) by extension 'ignore'
[0.283s] Level 1:colcon.colcon_core.package_identification:_identify(src) by extension 'ignore_ament_install'
[0.283s] Level 1:colcon.colcon_core.package_identification:_identify(src) by extensions ['colcon_pkg']
[0.283s] Level 1:colcon.colcon_core.package_identification:_identify(src) by extension 'colcon_pkg'
[0.283s] Level 1:colcon.colcon_core.package_identification:_identify(src) by extensions ['colcon_meta']
[0.283s] Level 1:colcon.colcon_core.package_identification:_identify(src) by extension 'colcon_meta'
[0.283s] Level 1:colcon.colcon_core.package_identification:_identify(src) by extensions ['ros']
[0.283s] Level 1:colcon.colcon_core.package_identification:_identify(src) by extension 'ros'
[0.283s] Level 1:colcon.colcon_core.package_identification:_identify(src) by extensions ['cmake', 'python']
[0.283s] Level 1:colcon.colcon_core.package_identification:_identify(src) by extension 'cmake'
[0.283s] Level 1:colcon.colcon_core.package_identification:_identify(src) by extension 'python'
[0.283s] Level 1:colcon.colcon_core.package_identification:_identify(src) by extensions ['python_setup_py']
[0.283s] Level 1:colcon.colcon_core.package_identification:_identify(src) by extension 'python_setup_py'
[0.283s] Level 1:colcon.colcon_core.package_identification:_identify(src/cleaner_msgs) by extensions ['ignore', 'ignore_ament_install']
[0.284s] Level 1:colcon.colcon_core.package_identification:_identify(src/cleaner_msgs) by extension 'ignore'
[0.284s] Level 1:colcon.colcon_core.package_identification:_identify(src/cleaner_msgs) by extension 'ignore_ament_install'
[0.284s] Level 1:colcon.colcon_core.package_identification:_identify(src/cleaner_msgs) by extensions ['colcon_pkg']
[0.284s] Level 1:colcon.colcon_core.package_identification:_identify(src/cleaner_msgs) by extension 'colcon_pkg'
[0.284s] Level 1:colcon.colcon_core.package_identification:_identify(src/cleaner_msgs) by extensions ['colcon_meta']
[0.284s] Level 1:colcon.colcon_core.package_identification:_identify(src/cleaner_msgs) by extension 'colcon_meta'
[0.284s] Level 1:colcon.colcon_core.package_identification:_identify(src/cleaner_msgs) by extensions ['ros']
[0.284s] Level 1:colcon.colcon_core.package_identification:_identify(src/cleaner_msgs) by extension 'ros'
[0.286s] DEBUG:colcon.colcon_core.package_identification:Package 'src/cleaner_msgs' with type 'ros.ament_cmake' and name 'cleaner_msgs'
[0.286s] Level 1:colcon.colcon_core.package_identification:_identify(src/cleaner_system1) by extensions ['ignore', 'ignore_ament_install']
[0.286s] Level 1:colcon.colcon_core.package_identification:_identify(src/cleaner_system1) by extension 'ignore'
[0.286s] Level 1:colcon.colcon_core.package_identification:_identify(src/cleaner_system1) by extension 'ignore_ament_install'
[0.286s] Level 1:colcon.colcon_core.package_identification:_identify(src/cleaner_system1) by extensions ['colcon_pkg']
[0.286s] Level 1:colcon.colcon_core.package_identification:_identify(src/cleaner_system1) by extension 'colcon_pkg'
[0.286s] INFO:colcon.colcon_metadata.metadata.colcon_pkg:Setting type 'ros.ament_python' of package 'src/cleaner_system1' from colcon.pkg
[0.286s] INFO:colcon.colcon_metadata.metadata.colcon_pkg:Setting name 'cleaner_system1' of package 'src/cleaner_system1' from colcon.pkg
[0.286s] DEBUG:colcon.colcon_core.package_identification:Package 'src/cleaner_system1' with type 'ros.ament_python' and name 'cleaner_system1'
[0.287s] Level 1:colcon.colcon_core.package_identification:_identify(src/cleaner_system2) by extensions ['ignore', 'ignore_ament_install']
[0.287s] Level 1:colcon.colcon_core.package_identification:_identify(src/cleaner_system2) by extension 'ignore'
[0.287s] Level 1:colcon.colcon_core.package_identification:_identify(src/cleaner_system2) by extension 'ignore_ament_install'
[0.287s] Level 1:colcon.colcon_core.package_identification:_identify(src/cleaner_system2) by extensions ['colcon_pkg']
[0.287s] Level 1:colcon.colcon_core.package_identification:_identify(src/cleaner_system2) by extension 'colcon_pkg'
[0.287s] Level 1:colcon.colcon_core.package_identification:_identify(src/cleaner_system2) by extensions ['colcon_meta']
[0.287s] Level 1:colcon.colcon_core.package_identification:_identify(src/cleaner_system2) by extension 'colcon_meta'
[0.287s] Level 1:colcon.colcon_core.package_identification:_identify(src/cleaner_system2) by extensions ['ros']
[0.287s] Level 1:colcon.colcon_core.package_identification:_identify(src/cleaner_system2) by extension 'ros'
[0.287s] DEBUG:colcon.colcon_core.package_identification:Package 'src/cleaner_system2' with type 'ros.ament_python' and name 'cleaner_system2'
[0.288s] Level 1:colcon.colcon_core.package_identification:_identify(src/gptapi) by extensions ['ignore', 'ignore_ament_install']
[0.288s] Level 1:colcon.colcon_core.package_identification:_identify(src/gptapi) by extension 'ignore'
[0.288s] Level 1:colcon.colcon_core.package_identification:_identify(src/gptapi) by extension 'ignore_ament_install'
[0.288s] Level 1:colcon.colcon_core.package_identification:_identify(src/gptapi) by extensions ['colcon_pkg']
[0.288s] Level 1:colcon.colcon_core.package_identification:_identify(src/gptapi) by extension 'colcon_pkg'
[0.288s] Level 1:colcon.colcon_core.package_identification:_identify(src/gptapi) by extensions ['colcon_meta']
[0.288s] Level 1:colcon.colcon_core.package_identification:_identify(src/gptapi) by extension 'colcon_meta'
[0.288s] Level 1:colcon.colcon_core.package_identification:_identify(src/gptapi) by extensions ['ros']
[0.288s] Level 1:colcon.colcon_core.package_identification:_identify(src/gptapi) by extension 'ros'
[0.288s] DEBUG:colcon.colcon_core.package_identification:Package 'src/gptapi' with type 'ros.ament_python' and name 'gptapi'
[0.288s] Level 1:colcon.colcon_core.package_identification:_identify(src/usb_cam) by extensions ['ignore', 'ignore_ament_install']
[0.288s] Level 1:colcon.colcon_core.package_identification:_identify(src/usb_cam) by extension 'ignore'
[0.288s] Level 1:colcon.colcon_core.package_identification:_identify(src/usb_cam) by extension 'ignore_ament_install'
[0.288s] Level 1:colcon.colcon_core.package_identification:_identify(src/usb_cam) by extensions ['colcon_pkg']
[0.288s] Level 1:colcon.colcon_core.package_identification:_identify(src/usb_cam) by extension 'colcon_pkg'
[0.288s] Level 1:colcon.colcon_core.package_identification:_identify(src/usb_cam) by extensions ['colcon_meta']
[0.288s] Level 1:colcon.colcon_core.package_identification:_identify(src/usb_cam) by extension 'colcon_meta'
[0.288s] Level 1:colcon.colcon_core.package_identification:_identify(src/usb_cam) by extensions ['ros']
[0.288s] Level 1:colcon.colcon_core.package_identification:_identify(src/usb_cam) by extension 'ros'
[0.290s] DEBUG:colcon.colcon_core.package_identification:Package 'src/usb_cam' with type 'ros.ament_cmake' and name 'usb_cam'
[0.290s] Level 1:colcon.colcon_core.package_identification:_identify(src/vision_context_builder) by extensions ['ignore', 'ignore_ament_install']
[0.290s] Level 1:colcon.colcon_core.package_identification:_identify(src/vision_context_builder) by extension 'ignore'
[0.290s] Level 1:colcon.colcon_core.package_identification:_identify(src/vision_context_builder) by extension 'ignore_ament_install'
[0.290s] Level 1:colcon.colcon_core.package_identification:_identify(src/vision_context_builder) by extensions ['colcon_pkg']
[0.290s] Level 1:colcon.colcon_core.package_identification:_identify(src/vision_context_builder) by extension 'colcon_pkg'
[0.290s] Level 1:colcon.colcon_core.package_identification:_identify(src/vision_context_builder) by extensions ['colcon_meta']
[0.290s] Level 1:colcon.colcon_core.package_identification:_identify(src/vision_context_builder) by extension 'colcon_meta'
[0.290s] Level 1:colcon.colcon_core.package_identification:_identify(src/vision_context_builder) by extensions ['ros']
[0.290s] Level 1:colcon.colcon_core.package_identification:_identify(src/vision_context_builder) by extension 'ros'
[0.291s] DEBUG:colcon.colcon_core.package_identification:Package 'src/vision_context_builder' with type 'ros.ament_python' and name 'vision_context_builder'
[0.291s] Level 1:colcon.colcon_core.package_identification:_identify(src/yolov8_ros) by extensions ['ignore', 'ignore_ament_install']
[0.291s] Level 1:colcon.colcon_core.package_identification:_identify(src/yolov8_ros) by extension 'ignore'
[0.291s] Level 1:colcon.colcon_core.package_identification:_identify(src/yolov8_ros) by extension 'ignore_ament_install'
[0.291s] Level 1:colcon.colcon_core.package_identification:_identify(src/yolov8_ros) by extensions ['colcon_pkg']
[0.291s] Level 1:colcon.colcon_core.package_identification:_identify(src/yolov8_ros) by extension 'colcon_pkg'
[0.291s] Level 1:colcon.colcon_core.package_identification:_identify(src/yolov8_ros) by extensions ['colcon_meta']
[0.291s] Level 1:colcon.colcon_core.package_identification:_identify(src/yolov8_ros) by extension 'colcon_meta'
[0.291s] Level 1:colcon.colcon_core.package_identification:_identify(src/yolov8_ros) by extensions ['ros']
[0.291s] Level 1:colcon.colcon_core.package_identification:_identify(src/yolov8_ros) by extension 'ros'
[0.291s] Level 1:colcon.colcon_core.package_identification:_identify(src/yolov8_ros) by extensions ['cmake', 'python']
[0.291s] Level 1:colcon.colcon_core.package_identification:_identify(src/yolov8_ros) by extension 'cmake'
[0.291s] Level 1:colcon.colcon_core.package_identification:_identify(src/yolov8_ros) by extension 'python'
[0.291s] Level 1:colcon.colcon_core.package_identification:_identify(src/yolov8_ros) by extensions ['python_setup_py']
[0.291s] Level 1:colcon.colcon_core.package_identification:_identify(src/yolov8_ros) by extension 'python_setup_py'
[0.291s] Level 1:colcon.colcon_core.package_identification:_identify(src/yolov8_ros/yolov8_bringup) by extensions ['ignore', 'ignore_ament_install']
[0.291s] Level 1:colcon.colcon_core.package_identification:_identify(src/yolov8_ros/yolov8_bringup) by extension 'ignore'
[0.291s] Level 1:colcon.colcon_core.package_identification:_identify(src/yolov8_ros/yolov8_bringup) by extension 'ignore_ament_install'
[0.291s] Level 1:colcon.colcon_core.package_identification:_identify(src/yolov8_ros/yolov8_bringup) by extensions ['colcon_pkg']
[0.291s] Level 1:colcon.colcon_core.package_identification:_identify(src/yolov8_ros/yolov8_bringup) by extension 'colcon_pkg'
[0.291s] Level 1:colcon.colcon_core.package_identification:_identify(src/yolov8_ros/yolov8_bringup) by extensions ['colcon_meta']
[0.291s] Level 1:colcon.colcon_core.package_identification:_identify(src/yolov8_ros/yolov8_bringup) by extension 'colcon_meta'
[0.291s] Level 1:colcon.colcon_core.package_identification:_identify(src/yolov8_ros/yolov8_bringup) by extensions ['ros']
[0.291s] Level 1:colcon.colcon_core.package_identification:_identify(src/yolov8_ros/yolov8_bringup) by extension 'ros'
[0.292s] DEBUG:colcon.colcon_core.package_identification:Package 'src/yolov8_ros/yolov8_bringup' with type 'ros.ament_cmake' and name 'yolov8_bringup'
[0.292s] Level 1:colcon.colcon_core.package_identification:_identify(src/yolov8_ros/yolov8_msgs) by extensions ['ignore', 'ignore_ament_install']
[0.292s] Level 1:colcon.colcon_core.package_identification:_identify(src/yolov8_ros/yolov8_msgs) by extension 'ignore'
[0.292s] Level 1:colcon.colcon_core.package_identification:_identify(src/yolov8_ros/yolov8_msgs) by extension 'ignore_ament_install'
[0.292s] Level 1:colcon.colcon_core.package_identification:_identify(src/yolov8_ros/yolov8_msgs) by extensions ['colcon_pkg']
[0.292s] Level 1:colcon.colcon_core.package_identification:_identify(src/yolov8_ros/yolov8_msgs) by extension 'colcon_pkg'
[0.292s] Level 1:colcon.colcon_core.package_identification:_identify(src/yolov8_ros/yolov8_msgs) by extensions ['colcon_meta']
[0.292s] Level 1:colcon.colcon_core.package_identification:_identify(src/yolov8_ros/yolov8_msgs) by extension 'colcon_meta'
[0.292s] Level 1:colcon.colcon_core.package_identification:_identify(src/yolov8_ros/yolov8_msgs) by extensions ['ros']
[0.292s] Level 1:colcon.colcon_core.package_identification:_identify(src/yolov8_ros/yolov8_msgs) by extension 'ros'
[0.292s] DEBUG:colcon.colcon_core.package_identification:Package 'src/yolov8_ros/yolov8_msgs' with type 'ros.ament_cmake' and name 'yolov8_msgs'
[0.293s] Level 1:colcon.colcon_core.package_identification:_identify(src/yolov8_ros/yolov8_ros) by extensions ['ignore', 'ignore_ament_install']
[0.293s] Level 1:colcon.colcon_core.package_identification:_identify(src/yolov8_ros/yolov8_ros) by extension 'ignore'
[0.293s] Level 1:colcon.colcon_core.package_identification:_identify(src/yolov8_ros/yolov8_ros) by extension 'ignore_ament_install'
[0.293s] Level 1:colcon.colcon_core.package_identification:_identify(src/yolov8_ros/yolov8_ros) by extensions ['colcon_pkg']
[0.293s] Level 1:colcon.colcon_core.package_identification:_identify(src/yolov8_ros/yolov8_ros) by extension 'colcon_pkg'
[0.293s] Level 1:colcon.colcon_core.package_identification:_identify(src/yolov8_ros/yolov8_ros) by extensions ['colcon_meta']
[0.293s] Level 1:colcon.colcon_core.package_identification:_identify(src/yolov8_ros/yolov8_ros) by extension 'colcon_meta'
[0.293s] Level 1:colcon.colcon_core.package_identification:_identify(src/yolov8_ros/yolov8_ros) by extensions ['ros']
[0.293s] Level 1:colcon.colcon_core.package_identification:_identify(src/yolov8_ros/yolov8_ros) by extension 'ros'
[0.293s] DEBUG:colcon.colcon_core.package_identification:Package 'src/yolov8_ros/yolov8_ros' with type 'ros.ament_python' and name 'yolov8_ros'
[0.293s] Level 1:colcon.colcon_core.package_discovery:discover_packages(recursive) using defaults
[0.293s] Level 1:colcon.colcon_core.package_discovery:discover_packages(ignore) discover
[0.293s] Level 1:colcon.colcon_core.package_discovery:discover_packages(ignore) using defaults
[0.293s] Level 1:colcon.colcon_core.package_discovery:discover_packages(path) discover
[0.293s] Level 1:colcon.colcon_core.package_discovery:discover_packages(path) using defaults
[0.307s] INFO:colcon.colcon_metadata.metadata.colcon_pkg:Updating descriptor of package 'src/cleaner_system1' from colcon.pkg: {'name': 'cleaner_system1', 'type': 'ros.ament_python'}
[0.307s] DEBUG:colcon.colcon_core.package_identification:Failed to parse potential ROS package manifest in'src/cleaner_system1': Error(s) in package 'src/cleaner_system1/package.xml':
The manifest contains invalid XML:
not well-formed (invalid token): line 6, column 86
[0.308s] INFO:colcon.colcon_core.package_selection:Skipping not selected package 'cleaner_msgs' in 'src/cleaner_msgs'
[0.308s] INFO:colcon.colcon_core.package_selection:Skipping not selected package 'cleaner_system2' in 'src/cleaner_system2'
[0.308s] INFO:colcon.colcon_core.package_selection:Skipping not selected package 'gptapi' in 'src/gptapi'
[0.308s] INFO:colcon.colcon_core.package_selection:Skipping not selected package 'usb_cam' in 'src/usb_cam'
[0.308s] INFO:colcon.colcon_core.package_selection:Skipping not selected package 'yolov8_msgs' in 'src/yolov8_ros/yolov8_msgs'
[0.308s] INFO:colcon.colcon_core.package_selection:Skipping not selected package 'yolov8_ros' in 'src/yolov8_ros/yolov8_ros'
[0.308s] INFO:colcon.colcon_core.package_selection:Skipping not selected package 'vision_context_builder' in 'src/vision_context_builder'
[0.309s] INFO:colcon.colcon_core.package_selection:Skipping not selected package 'yolov8_bringup' in 'src/yolov8_ros/yolov8_bringup'
[0.309s] Level 1:colcon.colcon_core.package_discovery:discover_packages(prefix_path) check parameters
[0.309s] Level 1:colcon.colcon_core.package_discovery:discover_packages(prefix_path) discover
[0.311s] DEBUG:colcon.colcon_installed_package_information.package_discovery:Found 451 installed packages in /opt/ros/humble
[0.313s] Level 1:colcon.colcon_core.package_discovery:discover_packages(prefix_path) using defaults
[0.358s] Level 5:colcon.colcon_core.verb:set package 'cleaner_system1' build argument 'cmake_args' from command line to 'None'
[0.358s] Level 5:colcon.colcon_core.verb:set package 'cleaner_system1' build argument 'cmake_target' from command line to 'None'
[0.358s] Level 5:colcon.colcon_core.verb:set package 'cleaner_system1' build argument 'cmake_target_skip_unavailable' from command line to 'False'
[0.358s] Level 5:colcon.colcon_core.verb:set package 'cleaner_system1' build argument 'cmake_clean_cache' from command line to 'False'
[0.358s] Level 5:colcon.colcon_core.verb:set package 'cleaner_system1' build argument 'cmake_clean_first' from command line to 'False'
[0.358s] Level 5:colcon.colcon_core.verb:set package 'cleaner_system1' build argument 'cmake_force_configure' from command line to 'False'
[0.358s] Level 5:colcon.colcon_core.verb:set package 'cleaner_system1' build argument 'ament_cmake_args' from command line to 'None'
[0.358s] Level 5:colcon.colcon_core.verb:set package 'cleaner_system1' build argument 'catkin_cmake_args' from command line to 'None'
[0.358s] Level 5:colcon.colcon_core.verb:set package 'cleaner_system1' build argument 'catkin_skip_building_tests' from command line to 'False'
[0.358s] DEBUG:colcon.colcon_core.verb:Building package 'cleaner_system1' with the following arguments: {'ament_cmake_args': None, 'build_base': '/home/sunny/cleaner_ws/phyAI_ws/build/cleaner_system1', 'catkin_cmake_args': None, 'catkin_skip_building_tests': False, 'cmake_args': None, 'cmake_clean_cache': False, 'cmake_clean_first': False, 'cmake_force_configure': False, 'cmake_target': None, 'cmake_target_skip_unavailable': False, 'install_base': '/home/sunny/cleaner_ws/phyAI_ws/install/cleaner_system1', 'merge_install': False, 'path': '/home/sunny/cleaner_ws/phyAI_ws/src/cleaner_system1', 'symlink_install': False, 'test_result_base': None}
[0.358s] INFO:colcon.colcon_core.executor:Executing jobs using 'parallel' executor
[0.359s] DEBUG:colcon.colcon_parallel_executor.executor.parallel:run_until_complete
[0.359s] INFO:colcon.colcon_ros.task.ament_python.build:Building ROS package in '/home/sunny/cleaner_ws/phyAI_ws/src/cleaner_system1' with build type 'ament_python'
[0.360s] Level 1:colcon.colcon_core.shell:create_environment_hook('cleaner_system1', 'ament_prefix_path')
[0.362s] INFO:colcon.colcon_core.plugin_system:Skipping extension 'colcon_core.shell.bat': Not used on non-Windows systems
[0.362s] INFO:colcon.colcon_core.shell:Creating environment hook '/home/sunny/cleaner_ws/phyAI_ws/install/cleaner_system1/share/cleaner_system1/hook/ament_prefix_path.ps1'
[0.363s] INFO:colcon.colcon_core.shell:Creating environment descriptor '/home/sunny/cleaner_ws/phyAI_ws/install/cleaner_system1/share/cleaner_system1/hook/ament_prefix_path.dsv'
[0.363s] INFO:colcon.colcon_core.shell:Creating environment hook '/home/sunny/cleaner_ws/phyAI_ws/install/cleaner_system1/share/cleaner_system1/hook/ament_prefix_path.sh'
[0.364s] INFO:colcon.colcon_core.shell:Skip shell extension 'powershell' for command environment: Not usable outside of PowerShell
[0.364s] DEBUG:colcon.colcon_core.shell:Skip shell extension 'dsv' for command environment
[0.634s] INFO:colcon.colcon_core.task.python.build:Building Python package in '/home/sunny/cleaner_ws/phyAI_ws/src/cleaner_system1'
[0.635s] INFO:colcon.colcon_core.shell:Skip shell extension 'powershell' for command environment: Not usable outside of PowerShell
[0.635s] DEBUG:colcon.colcon_core.shell:Skip shell extension 'dsv' for command environment
[30.609s] DEBUG:colcon.colcon_core.event_handler.log_command:Invoking command in '/home/sunny/cleaner_ws/phyAI_ws/src/cleaner_system1': PYTHONPATH=/home/sunny/cleaner_ws/phyAI_ws/build/cleaner_system1/prefix_override:/usr/lib/python3/dist-packages/colcon_core/task/python/colcon_distutils_commands:/home/sunny/cleaner_ws/phyAI_ws/install/cleaner_system1/lib/python3.10/site-packages:${PYTHONPATH} /usr/bin/python3 -W ignore:setup.py install is deprecated -W ignore:easy_install command is deprecated setup.py egg_info --egg-base ../../build/cleaner_system1 build --build-base /home/sunny/cleaner_ws/phyAI_ws/build/cleaner_system1/build install --record /home/sunny/cleaner_ws/phyAI_ws/build/cleaner_system1/install.log --single-version-externally-managed install_data
[30.814s] DEBUG:colcon.colcon_core.event_handler.log_command:Invoked command in '/home/sunny/cleaner_ws/phyAI_ws/src/cleaner_system1' returned '0': PYTHONPATH=/home/sunny/cleaner_ws/phyAI_ws/build/cleaner_system1/prefix_override:/usr/lib/python3/dist-packages/colcon_core/task/python/colcon_distutils_commands:/home/sunny/cleaner_ws/phyAI_ws/install/cleaner_system1/lib/python3.10/site-packages:${PYTHONPATH} /usr/bin/python3 -W ignore:setup.py install is deprecated -W ignore:easy_install command is deprecated setup.py egg_info --egg-base ../../build/cleaner_system1 build --build-base /home/sunny/cleaner_ws/phyAI_ws/build/cleaner_system1/build install --record /home/sunny/cleaner_ws/phyAI_ws/build/cleaner_system1/install.log --single-version-externally-managed install_data
[30.815s] Level 1:colcon.colcon_core.environment:checking '/home/sunny/cleaner_ws/phyAI_ws/install/cleaner_system1' for CMake module files
[30.815s] Level 1:colcon.colcon_core.environment:checking '/home/sunny/cleaner_ws/phyAI_ws/install/cleaner_system1' for CMake config files
[30.816s] Level 1:colcon.colcon_core.environment:checking '/home/sunny/cleaner_ws/phyAI_ws/install/cleaner_system1/lib'
[30.816s] Level 1:colcon.colcon_core.environment:checking '/home/sunny/cleaner_ws/phyAI_ws/install/cleaner_system1/bin'
[30.816s] Level 1:colcon.colcon_core.environment:checking '/home/sunny/cleaner_ws/phyAI_ws/install/cleaner_system1/lib/pkgconfig/cleaner_system1.pc'
[30.816s] Level 1:colcon.colcon_core.environment:checking '/home/sunny/cleaner_ws/phyAI_ws/install/cleaner_system1/lib/python3.10/site-packages'
[30.816s] Level 1:colcon.colcon_core.shell:create_environment_hook('cleaner_system1', 'pythonpath')
[30.816s] INFO:colcon.colcon_core.shell:Creating environment hook '/home/sunny/cleaner_ws/phyAI_ws/install/cleaner_system1/share/cleaner_system1/hook/pythonpath.ps1'
[30.817s] INFO:colcon.colcon_core.shell:Creating environment descriptor '/home/sunny/cleaner_ws/phyAI_ws/install/cleaner_system1/share/cleaner_system1/hook/pythonpath.dsv'
[30.817s] INFO:colcon.colcon_core.shell:Creating environment hook '/home/sunny/cleaner_ws/phyAI_ws/install/cleaner_system1/share/cleaner_system1/hook/pythonpath.sh'
[30.817s] Level 1:colcon.colcon_core.environment:checking '/home/sunny/cleaner_ws/phyAI_ws/install/cleaner_system1/bin'
[30.817s] Level 1:colcon.colcon_core.environment:create_environment_scripts_only(cleaner_system1)
[30.818s] INFO:colcon.colcon_core.shell:Creating package script '/home/sunny/cleaner_ws/phyAI_ws/install/cleaner_system1/share/cleaner_system1/package.ps1'
[30.818s] INFO:colcon.colcon_core.shell:Creating package descriptor '/home/sunny/cleaner_ws/phyAI_ws/install/cleaner_system1/share/cleaner_system1/package.dsv'
[30.819s] INFO:colcon.colcon_core.shell:Creating package script '/home/sunny/cleaner_ws/phyAI_ws/install/cleaner_system1/share/cleaner_system1/package.sh'
[30.819s] INFO:colcon.colcon_core.shell:Creating package script '/home/sunny/cleaner_ws/phyAI_ws/install/cleaner_system1/share/cleaner_system1/package.bash'
[30.819s] INFO:colcon.colcon_core.shell:Creating package script '/home/sunny/cleaner_ws/phyAI_ws/install/cleaner_system1/share/cleaner_system1/package.zsh'
[30.820s] Level 1:colcon.colcon_core.environment:create_file_with_runtime_dependencies(/home/sunny/cleaner_ws/phyAI_ws/install/cleaner_system1/share/colcon-core/packages/cleaner_system1)
[30.820s] DEBUG:colcon.colcon_parallel_executor.executor.parallel:closing loop
[30.820s] DEBUG:colcon.colcon_parallel_executor.executor.parallel:loop closed
[30.820s] DEBUG:colcon.colcon_parallel_executor.executor.parallel:run_until_complete finished with '0'
[30.820s] DEBUG:colcon.colcon_core.event_reactor:joining thread
[30.824s] INFO:colcon.colcon_core.plugin_system:Skipping extension 'colcon_notification.desktop_notification.terminal_notifier': Not used on non-Darwin systems
[30.824s] INFO:colcon.colcon_core.plugin_system:Skipping extension 'colcon_notification.desktop_notification.win32': Not used on non-Windows systems
[30.824s] INFO:colcon.colcon_notification.desktop_notification:Sending desktop notification using 'notify2'
[30.824s] DEBUG:colcon.colcon_notification.desktop_notification.notify2:Failed to initialize notify2: org.freedesktop.DBus.Error.AccessDenied: Failed to connect to socket /run/user/1000/bus: Operation not permitted
[30.824s] DEBUG:colcon.colcon_core.event_reactor:joined thread
[30.824s] INFO:colcon.colcon_core.shell:Creating prefix script '/home/sunny/cleaner_ws/phyAI_ws/install/local_setup.ps1'
[30.825s] INFO:colcon.colcon_core.shell:Creating prefix util module '/home/sunny/cleaner_ws/phyAI_ws/install/_local_setup_util_ps1.py'
[30.826s] INFO:colcon.colcon_core.shell:Creating prefix chain script '/home/sunny/cleaner_ws/phyAI_ws/install/setup.ps1'
[30.826s] INFO:colcon.colcon_core.shell:Creating prefix script '/home/sunny/cleaner_ws/phyAI_ws/install/local_setup.sh'
[30.827s] INFO:colcon.colcon_core.shell:Creating prefix util module '/home/sunny/cleaner_ws/phyAI_ws/install/_local_setup_util_sh.py'
[30.827s] INFO:colcon.colcon_core.shell:Creating prefix chain script '/home/sunny/cleaner_ws/phyAI_ws/install/setup.sh'
[30.827s] INFO:colcon.colcon_core.shell:Creating prefix script '/home/sunny/cleaner_ws/phyAI_ws/install/local_setup.bash'
[30.828s] INFO:colcon.colcon_core.shell:Creating prefix chain script '/home/sunny/cleaner_ws/phyAI_ws/install/setup.bash'
[30.828s] INFO:colcon.colcon_core.shell:Creating prefix script '/home/sunny/cleaner_ws/phyAI_ws/install/local_setup.zsh'
[30.828s] INFO:colcon.colcon_core.shell:Creating prefix chain script '/home/sunny/cleaner_ws/phyAI_ws/install/setup.zsh'
