[0.194s] Invoking command in '/home/sunny/ros2_ws/build/cpp_pubsub': CMAKE_PREFIX_PATH=${CMAKE_PREFIX_PATH}:/home/sunny/ros2_ws/install/yolov8_ros:/home/sunny/ros2_ws/install/gptapi:/opt/ros/humble /usr/bin/cmake /home/sunny/ros2_ws/cpp_pubsub -DCMAKE_INSTALL_PREFIX=/home/sunny/ros2_ws/install/cpp_pubsub
[0.380s] -- Found ament_cmake: 1.3.12 (/opt/ros/humble/share/ament_cmake/cmake)
[0.380s] -- Found rclcpp: 16.0.15 (/opt/ros/humble/share/rclcpp/cmake)
[0.381s] -- Found rosidl_generator_c: 3.1.7 (/opt/ros/humble/share/rosidl_generator_c/cmake)
[0.381s] -- Found rosidl_adapter: 3.1.7 (/opt/ros/humble/share/rosidl_adapter/cmake)
[0.381s] -- Found rosidl_generator_cpp: 3.1.7 (/opt/ros/humble/share/rosidl_generator_cpp/cmake)
[0.381s] -- Using all available rosidl_typesupport_c: rosidl_typesupport_fastrtps_c;rosidl_typesupport_introspection_c
[0.381s] -- Using all available rosidl_typesupport_cpp: rosidl_typesupport_fastrtps_cpp;rosidl_typesupport_introspection_cpp
[0.381s] -- Found rmw_implementation_cmake: 6.1.2 (/opt/ros/humble/share/rmw_implementation_cmake/cmake)
[0.381s] -- Found rmw_fastrtps_cpp: 6.2.9 (/opt/ros/humble/share/rmw_fastrtps_cpp/cmake)
[0.435s] -- Using RMW implementation 'rmw_fastrtps_cpp' as default
[0.470s] -- Found ament_lint_auto: 0.12.14 (/opt/ros/humble/share/ament_lint_auto/cmake)
[0.539s] -- Added test 'cppcheck' to perform static code analysis on C / C++ code
[0.539s] -- Configured cppcheck include dirs: 
[0.539s] -- Configured cppcheck exclude dirs and/or files: 
[0.540s] -- Added test 'lint_cmake' to check CMake code style
[0.541s] -- Added test 'uncrustify' to check C / C++ code style
[0.541s] -- Configured uncrustify additional arguments: 
[0.542s] -- Added test 'xmllint' to check XML markup files
[0.543s] -- Configuring done
[0.549s] -- Generating done
[0.551s] -- Build files have been written to: /home/sunny/ros2_ws/build/cpp_pubsub
[0.559s] Invoked command in '/home/sunny/ros2_ws/build/cpp_pubsub' returned '0': CMAKE_PREFIX_PATH=${CMAKE_PREFIX_PATH}:/home/sunny/ros2_ws/install/yolov8_ros:/home/sunny/ros2_ws/install/gptapi:/opt/ros/humble /usr/bin/cmake /home/sunny/ros2_ws/cpp_pubsub -DCMAKE_INSTALL_PREFIX=/home/sunny/ros2_ws/install/cpp_pubsub
[0.560s] Invoking command in '/home/sunny/ros2_ws/build/cpp_pubsub': CMAKE_PREFIX_PATH=${CMAKE_PREFIX_PATH}:/home/sunny/ros2_ws/install/yolov8_ros:/home/sunny/ros2_ws/install/gptapi:/opt/ros/humble /usr/bin/cmake --build /home/sunny/ros2_ws/build/cpp_pubsub -- -j16 -l16
[0.606s] [ 50%] [32mBuilding CXX object CMakeFiles/talker.dir/src/publisher_member_function.cpp.o[0m
[3.389s] [100%] [32m[1mLinking CXX executable talker[0m
[3.527s] [100%] Built target talker
[3.539s] Invoked command in '/home/sunny/ros2_ws/build/cpp_pubsub' returned '0': CMAKE_PREFIX_PATH=${CMAKE_PREFIX_PATH}:/home/sunny/ros2_ws/install/yolov8_ros:/home/sunny/ros2_ws/install/gptapi:/opt/ros/humble /usr/bin/cmake --build /home/sunny/ros2_ws/build/cpp_pubsub -- -j16 -l16
[3.541s] Invoking command in '/home/sunny/ros2_ws/build/cpp_pubsub': CMAKE_PREFIX_PATH=${CMAKE_PREFIX_PATH}:/home/sunny/ros2_ws/install/yolov8_ros:/home/sunny/ros2_ws/install/gptapi:/opt/ros/humble /usr/bin/cmake --install /home/sunny/ros2_ws/build/cpp_pubsub
[3.549s] -- Install configuration: ""
[3.549s] -- Installing: /home/sunny/ros2_ws/install/cpp_pubsub/lib/cpp_pubsub/talker
[3.550s] -- Set runtime path of "/home/sunny/ros2_ws/install/cpp_pubsub/lib/cpp_pubsub/talker" to ""
[3.550s] -- Installing: /home/sunny/ros2_ws/install/cpp_pubsub/share/ament_index/resource_index/package_run_dependencies/cpp_pubsub
[3.550s] -- Installing: /home/sunny/ros2_ws/install/cpp_pubsub/share/ament_index/resource_index/parent_prefix_path/cpp_pubsub
[3.550s] -- Installing: /home/sunny/ros2_ws/install/cpp_pubsub/share/cpp_pubsub/environment/ament_prefix_path.sh
[3.550s] -- Installing: /home/sunny/ros2_ws/install/cpp_pubsub/share/cpp_pubsub/environment/ament_prefix_path.dsv
[3.550s] -- Installing: /home/sunny/ros2_ws/install/cpp_pubsub/share/cpp_pubsub/environment/path.sh
[3.551s] -- Installing: /home/sunny/ros2_ws/install/cpp_pubsub/share/cpp_pubsub/environment/path.dsv
[3.551s] -- Installing: /home/sunny/ros2_ws/install/cpp_pubsub/share/cpp_pubsub/local_setup.bash
[3.551s] -- Installing: /home/sunny/ros2_ws/install/cpp_pubsub/share/cpp_pubsub/local_setup.sh
[3.551s] -- Installing: /home/sunny/ros2_ws/install/cpp_pubsub/share/cpp_pubsub/local_setup.zsh
[3.551s] -- Installing: /home/sunny/ros2_ws/install/cpp_pubsub/share/cpp_pubsub/local_setup.dsv
[3.551s] -- Installing: /home/sunny/ros2_ws/install/cpp_pubsub/share/cpp_pubsub/package.dsv
[3.551s] -- Installing: /home/sunny/ros2_ws/install/cpp_pubsub/share/ament_index/resource_index/packages/cpp_pubsub
[3.551s] -- Installing: /home/sunny/ros2_ws/install/cpp_pubsub/share/cpp_pubsub/cmake/cpp_pubsubConfig.cmake
[3.551s] -- Installing: /home/sunny/ros2_ws/install/cpp_pubsub/share/cpp_pubsub/cmake/cpp_pubsubConfig-version.cmake
[3.551s] -- Installing: /home/sunny/ros2_ws/install/cpp_pubsub/share/cpp_pubsub/package.xml
[3.553s] Invoked command in '/home/sunny/ros2_ws/build/cpp_pubsub' returned '0': CMAKE_PREFIX_PATH=${CMAKE_PREFIX_PATH}:/home/sunny/ros2_ws/install/yolov8_ros:/home/sunny/ros2_ws/install/gptapi:/opt/ros/humble /usr/bin/cmake --install /home/sunny/ros2_ws/build/cpp_pubsub
