[0.216s] Invoking command in '/home/sunny/cleaner_ws/phyAI_ws/build/cleaner_msgs': CMAKE_PREFIX_PATH=${CMAKE_PREFIX_PATH}:/home/sunny/cleaner_ws/phyAI_ws/install/yolov8_ros:/home/sunny/cleaner_ws/phyAI_ws/install/vision_context_builder:/home/sunny/cleaner_ws/phyAI_ws/install/gptapi:/home/sunny/cleaner_ws/phyAI_ws/install/cleaner_system2:/home/sunny/cleaner_ws/phyAI_ws/install/cleaner_system1:/opt/ros/humble /usr/bin/cmake --build /home/sunny/cleaner_ws/phyAI_ws/build/cleaner_msgs -- -j16 -l16
[0.792s] [35m[1mConsolidate compiler generated dependencies of target cleaner_msgs__rosidl_generator_c[0m
[0.792s] [  4%] Built target cleaner_msgs__cpp
[0.792s] [  4%] Built target cleaner_msgs__rs
[0.792s] [ 14%] Built target cleaner_msgs__rosidl_generator_c
[0.792s] [ 14%] Built target ament_cmake_python_copy_cleaner_msgs
[0.792s] [35m[1mConsolidate compiler generated dependencies of target cleaner_msgs__rosidl_typesupport_c[0m
[0.792s] [35m[1mConsolidate compiler generated dependencies of target cleaner_msgs__rosidl_typesupport_introspection_cpp[0m
[0.792s] [35m[1mConsolidate compiler generated dependencies of target cleaner_msgs__rosidl_typesupport_cpp[0m
[0.792s] [35m[1mConsolidate compiler generated dependencies of target cleaner_msgs__rosidl_typesupport_introspection_c[0m
[0.792s] [35m[1mConsolidate compiler generated dependencies of target cleaner_msgs__rosidl_typesupport_fastrtps_c[0m
[0.792s] [35m[1mConsolidate compiler generated dependencies of target cleaner_msgs__rosidl_typesupport_fastrtps_cpp[0m
[0.792s] [ 25%] Built target cleaner_msgs__rosidl_typesupport_introspection_c
[0.792s] [ 35%] Built target cleaner_msgs__rosidl_typesupport_c
[0.792s] [ 45%] Built target cleaner_msgs__rosidl_typesupport_introspection_cpp
[0.792s] [ 56%] Built target cleaner_msgs__rosidl_typesupport_fastrtps_c
[0.792s] [ 66%] Built target cleaner_msgs__rosidl_typesupport_cpp
[0.792s] [ 77%] Built target cleaner_msgs__rosidl_typesupport_fastrtps_cpp
[0.792s] [ 77%] Built target cleaner_msgs
[0.792s] [ 79%] Built target cleaner_msgs__py
[0.792s] [35m[1mConsolidate compiler generated dependencies of target cleaner_msgs__rosidl_generator_py[0m
[0.792s] [ 87%] Built target cleaner_msgs__rosidl_generator_py
[0.792s] [35m[1mConsolidate compiler generated dependencies of target cleaner_msgs__rosidl_typesupport_c__pyext[0m
[0.792s] [35m[1mConsolidate compiler generated dependencies of target cleaner_msgs__rosidl_typesupport_fastrtps_c__pyext[0m
[0.792s] [35m[1mConsolidate compiler generated dependencies of target cleaner_msgs__rosidl_typesupport_introspection_c__pyext[0m
[0.793s] [ 95%] Built target cleaner_msgs__rosidl_typesupport_fastrtps_c__pyext
[0.793s] [ 95%] Built target cleaner_msgs__rosidl_typesupport_c__pyext
[0.793s] [100%] Built target cleaner_msgs__rosidl_typesupport_introspection_c__pyext
[0.793s] running egg_info
[0.793s] writing cleaner_msgs.egg-info/PKG-INFO
[0.793s] writing dependency_links to cleaner_msgs.egg-info/dependency_links.txt
[0.793s] writing top-level names to cleaner_msgs.egg-info/top_level.txt
[0.793s] reading manifest file 'cleaner_msgs.egg-info/SOURCES.txt'
[0.793s] writing manifest file 'cleaner_msgs.egg-info/SOURCES.txt'
[0.793s] [100%] Built target ament_cmake_python_build_cleaner_msgs_egg
[0.793s] Invoked command in '/home/sunny/cleaner_ws/phyAI_ws/build/cleaner_msgs' returned '0': CMAKE_PREFIX_PATH=${CMAKE_PREFIX_PATH}:/home/sunny/cleaner_ws/phyAI_ws/install/yolov8_ros:/home/sunny/cleaner_ws/phyAI_ws/install/vision_context_builder:/home/sunny/cleaner_ws/phyAI_ws/install/gptapi:/home/sunny/cleaner_ws/phyAI_ws/install/cleaner_system2:/home/sunny/cleaner_ws/phyAI_ws/install/cleaner_system1:/opt/ros/humble /usr/bin/cmake --build /home/sunny/cleaner_ws/phyAI_ws/build/cleaner_msgs -- -j16 -l16
[0.799s] Invoking command in '/home/sunny/cleaner_ws/phyAI_ws/build/cleaner_msgs': CMAKE_PREFIX_PATH=${CMAKE_PREFIX_PATH}:/home/sunny/cleaner_ws/phyAI_ws/install/yolov8_ros:/home/sunny/cleaner_ws/phyAI_ws/install/vision_context_builder:/home/sunny/cleaner_ws/phyAI_ws/install/gptapi:/home/sunny/cleaner_ws/phyAI_ws/install/cleaner_system2:/home/sunny/cleaner_ws/phyAI_ws/install/cleaner_system1:/opt/ros/humble /usr/bin/cmake --install /home/sunny/cleaner_ws/phyAI_ws/build/cleaner_msgs
[0.807s] -- Install configuration: ""
[0.807s] -- Up-to-date: /home/sunny/cleaner_ws/phyAI_ws/install/cleaner_msgs/share/ament_index/resource_index/rosidl_interfaces/cleaner_msgs
[0.808s] -- Up-to-date: /home/sunny/cleaner_ws/phyAI_ws/install/cleaner_msgs/include/cleaner_msgs/cleaner_msgs
[0.808s] -- Up-to-date: /home/sunny/cleaner_ws/phyAI_ws/install/cleaner_msgs/include/cleaner_msgs/cleaner_msgs/msg
[0.808s] -- Up-to-date: /home/sunny/cleaner_ws/phyAI_ws/install/cleaner_msgs/include/cleaner_msgs/cleaner_msgs/msg/replan_request.h
[0.808s] -- Up-to-date: /home/sunny/cleaner_ws/phyAI_ws/install/cleaner_msgs/include/cleaner_msgs/cleaner_msgs/msg/cleaner_state.h
[0.809s] -- Up-to-date: /home/sunny/cleaner_ws/phyAI_ws/install/cleaner_msgs/include/cleaner_msgs/cleaner_msgs/msg/plan_command.h
[0.809s] -- Up-to-date: /home/sunny/cleaner_ws/phyAI_ws/install/cleaner_msgs/include/cleaner_msgs/cleaner_msgs/msg/detail
[0.810s] -- Up-to-date: /home/sunny/cleaner_ws/phyAI_ws/install/cleaner_msgs/include/cleaner_msgs/cleaner_msgs/msg/detail/cleaner_state__struct.h
[0.810s] -- Up-to-date: /home/sunny/cleaner_ws/phyAI_ws/install/cleaner_msgs/include/cleaner_msgs/cleaner_msgs/msg/detail/plan_command__struct.h
[0.811s] -- Up-to-date: /home/sunny/cleaner_ws/phyAI_ws/install/cleaner_msgs/include/cleaner_msgs/cleaner_msgs/msg/detail/plan_command__functions.c
[0.811s] -- Up-to-date: /home/sunny/cleaner_ws/phyAI_ws/install/cleaner_msgs/include/cleaner_msgs/cleaner_msgs/msg/detail/cleaner_state__functions.h
[0.811s] -- Up-to-date: /home/sunny/cleaner_ws/phyAI_ws/install/cleaner_msgs/include/cleaner_msgs/cleaner_msgs/msg/detail/replan_request__functions.h
[0.811s] -- Up-to-date: /home/sunny/cleaner_ws/phyAI_ws/install/cleaner_msgs/include/cleaner_msgs/cleaner_msgs/msg/detail/cleaner_state__functions.c
[0.811s] -- Up-to-date: /home/sunny/cleaner_ws/phyAI_ws/install/cleaner_msgs/include/cleaner_msgs/cleaner_msgs/msg/detail/replan_request__functions.c
[0.811s] -- Up-to-date: /home/sunny/cleaner_ws/phyAI_ws/install/cleaner_msgs/include/cleaner_msgs/cleaner_msgs/msg/detail/replan_request__struct.h
[0.811s] -- Up-to-date: /home/sunny/cleaner_ws/phyAI_ws/install/cleaner_msgs/include/cleaner_msgs/cleaner_msgs/msg/detail/plan_command__functions.h
[0.811s] -- Up-to-date: /home/sunny/cleaner_ws/phyAI_ws/install/cleaner_msgs/include/cleaner_msgs/cleaner_msgs/msg/detail/replan_request__type_support.h
[0.811s] -- Up-to-date: /home/sunny/cleaner_ws/phyAI_ws/install/cleaner_msgs/include/cleaner_msgs/cleaner_msgs/msg/detail/plan_command__type_support.h
[0.811s] -- Up-to-date: /home/sunny/cleaner_ws/phyAI_ws/install/cleaner_msgs/include/cleaner_msgs/cleaner_msgs/msg/detail/cleaner_state__type_support.h
[0.811s] -- Up-to-date: /home/sunny/cleaner_ws/phyAI_ws/install/cleaner_msgs/include/cleaner_msgs/cleaner_msgs/msg/rosidl_generator_c__visibility_control.h
[0.811s] -- Up-to-date: /home/sunny/cleaner_ws/phyAI_ws/install/cleaner_msgs/share/cleaner_msgs/environment/library_path.sh
[0.812s] -- Up-to-date: /home/sunny/cleaner_ws/phyAI_ws/install/cleaner_msgs/share/cleaner_msgs/environment/library_path.dsv
[0.812s] -- Up-to-date: /home/sunny/cleaner_ws/phyAI_ws/install/cleaner_msgs/lib/libcleaner_msgs__rosidl_generator_c.so
[0.812s] -- Up-to-date: /home/sunny/cleaner_ws/phyAI_ws/install/cleaner_msgs/include/cleaner_msgs/cleaner_msgs
[0.812s] -- Up-to-date: /home/sunny/cleaner_ws/phyAI_ws/install/cleaner_msgs/include/cleaner_msgs/cleaner_msgs/msg
[0.812s] -- Up-to-date: /home/sunny/cleaner_ws/phyAI_ws/install/cleaner_msgs/include/cleaner_msgs/cleaner_msgs/msg/detail
[0.812s] -- Up-to-date: /home/sunny/cleaner_ws/phyAI_ws/install/cleaner_msgs/include/cleaner_msgs/cleaner_msgs/msg/detail/cleaner_state__rosidl_typesupport_fastrtps_c.h
[0.812s] -- Up-to-date: /home/sunny/cleaner_ws/phyAI_ws/install/cleaner_msgs/include/cleaner_msgs/cleaner_msgs/msg/detail/plan_command__rosidl_typesupport_fastrtps_c.h
[0.813s] -- Up-to-date: /home/sunny/cleaner_ws/phyAI_ws/install/cleaner_msgs/include/cleaner_msgs/cleaner_msgs/msg/detail/replan_request__rosidl_typesupport_fastrtps_c.h
[0.813s] -- Up-to-date: /home/sunny/cleaner_ws/phyAI_ws/install/cleaner_msgs/include/cleaner_msgs/cleaner_msgs/msg/rosidl_typesupport_fastrtps_c__visibility_control.h
[0.813s] -- Up-to-date: /home/sunny/cleaner_ws/phyAI_ws/install/cleaner_msgs/lib/libcleaner_msgs__rosidl_typesupport_fastrtps_c.so
[0.813s] -- Up-to-date: /home/sunny/cleaner_ws/phyAI_ws/install/cleaner_msgs/include/cleaner_msgs/cleaner_msgs
[0.813s] -- Up-to-date: /home/sunny/cleaner_ws/phyAI_ws/install/cleaner_msgs/include/cleaner_msgs/cleaner_msgs/msg
[0.813s] -- Up-to-date: /home/sunny/cleaner_ws/phyAI_ws/install/cleaner_msgs/include/cleaner_msgs/cleaner_msgs/msg/detail
[0.813s] -- Up-to-date: /home/sunny/cleaner_ws/phyAI_ws/install/cleaner_msgs/include/cleaner_msgs/cleaner_msgs/msg/detail/replan_request__rosidl_typesupport_introspection_c.h
[0.813s] -- Up-to-date: /home/sunny/cleaner_ws/phyAI_ws/install/cleaner_msgs/include/cleaner_msgs/cleaner_msgs/msg/detail/cleaner_state__type_support.c
[0.813s] -- Up-to-date: /home/sunny/cleaner_ws/phyAI_ws/install/cleaner_msgs/include/cleaner_msgs/cleaner_msgs/msg/detail/cleaner_state__rosidl_typesupport_introspection_c.h
[0.813s] -- Up-to-date: /home/sunny/cleaner_ws/phyAI_ws/install/cleaner_msgs/include/cleaner_msgs/cleaner_msgs/msg/detail/plan_command__type_support.c
[0.813s] -- Up-to-date: /home/sunny/cleaner_ws/phyAI_ws/install/cleaner_msgs/include/cleaner_msgs/cleaner_msgs/msg/detail/plan_command__rosidl_typesupport_introspection_c.h
[0.813s] -- Up-to-date: /home/sunny/cleaner_ws/phyAI_ws/install/cleaner_msgs/include/cleaner_msgs/cleaner_msgs/msg/detail/replan_request__type_support.c
[0.813s] -- Up-to-date: /home/sunny/cleaner_ws/phyAI_ws/install/cleaner_msgs/include/cleaner_msgs/cleaner_msgs/msg/rosidl_typesupport_introspection_c__visibility_control.h
[0.814s] -- Up-to-date: /home/sunny/cleaner_ws/phyAI_ws/install/cleaner_msgs/lib/libcleaner_msgs__rosidl_typesupport_introspection_c.so
[0.814s] -- Up-to-date: /home/sunny/cleaner_ws/phyAI_ws/install/cleaner_msgs/lib/libcleaner_msgs__rosidl_typesupport_c.so
[0.814s] -- Up-to-date: /home/sunny/cleaner_ws/phyAI_ws/install/cleaner_msgs/include/cleaner_msgs/cleaner_msgs
[0.814s] -- Up-to-date: /home/sunny/cleaner_ws/phyAI_ws/install/cleaner_msgs/include/cleaner_msgs/cleaner_msgs/msg
[0.814s] -- Up-to-date: /home/sunny/cleaner_ws/phyAI_ws/install/cleaner_msgs/include/cleaner_msgs/cleaner_msgs/msg/plan_command.hpp
[0.814s] -- Up-to-date: /home/sunny/cleaner_ws/phyAI_ws/install/cleaner_msgs/include/cleaner_msgs/cleaner_msgs/msg/rosidl_generator_cpp__visibility_control.hpp
[0.814s] -- Up-to-date: /home/sunny/cleaner_ws/phyAI_ws/install/cleaner_msgs/include/cleaner_msgs/cleaner_msgs/msg/cleaner_state.hpp
[0.814s] -- Up-to-date: /home/sunny/cleaner_ws/phyAI_ws/install/cleaner_msgs/include/cleaner_msgs/cleaner_msgs/msg/replan_request.hpp
[0.814s] -- Up-to-date: /home/sunny/cleaner_ws/phyAI_ws/install/cleaner_msgs/include/cleaner_msgs/cleaner_msgs/msg/detail
[0.814s] -- Up-to-date: /home/sunny/cleaner_ws/phyAI_ws/install/cleaner_msgs/include/cleaner_msgs/cleaner_msgs/msg/detail/replan_request__traits.hpp
[0.814s] -- Up-to-date: /home/sunny/cleaner_ws/phyAI_ws/install/cleaner_msgs/include/cleaner_msgs/cleaner_msgs/msg/detail/replan_request__struct.hpp
[0.814s] -- Up-to-date: /home/sunny/cleaner_ws/phyAI_ws/install/cleaner_msgs/include/cleaner_msgs/cleaner_msgs/msg/detail/plan_command__struct.hpp
[0.814s] -- Up-to-date: /home/sunny/cleaner_ws/phyAI_ws/install/cleaner_msgs/include/cleaner_msgs/cleaner_msgs/msg/detail/plan_command__type_support.hpp
[0.814s] -- Up-to-date: /home/sunny/cleaner_ws/phyAI_ws/install/cleaner_msgs/include/cleaner_msgs/cleaner_msgs/msg/detail/cleaner_state__type_support.hpp
[0.814s] -- Up-to-date: /home/sunny/cleaner_ws/phyAI_ws/install/cleaner_msgs/include/cleaner_msgs/cleaner_msgs/msg/detail/cleaner_state__traits.hpp
[0.814s] -- Up-to-date: /home/sunny/cleaner_ws/phyAI_ws/install/cleaner_msgs/include/cleaner_msgs/cleaner_msgs/msg/detail/cleaner_state__builder.hpp
[0.814s] -- Up-to-date: /home/sunny/cleaner_ws/phyAI_ws/install/cleaner_msgs/include/cleaner_msgs/cleaner_msgs/msg/detail/replan_request__builder.hpp
[0.814s] -- Up-to-date: /home/sunny/cleaner_ws/phyAI_ws/install/cleaner_msgs/include/cleaner_msgs/cleaner_msgs/msg/detail/plan_command__traits.hpp
[0.814s] -- Up-to-date: /home/sunny/cleaner_ws/phyAI_ws/install/cleaner_msgs/include/cleaner_msgs/cleaner_msgs/msg/detail/plan_command__builder.hpp
[0.814s] -- Up-to-date: /home/sunny/cleaner_ws/phyAI_ws/install/cleaner_msgs/include/cleaner_msgs/cleaner_msgs/msg/detail/replan_request__type_support.hpp
[0.814s] -- Up-to-date: /home/sunny/cleaner_ws/phyAI_ws/install/cleaner_msgs/include/cleaner_msgs/cleaner_msgs/msg/detail/cleaner_state__struct.hpp
[0.816s] -- Up-to-date: /home/sunny/cleaner_ws/phyAI_ws/install/cleaner_msgs/include/cleaner_msgs/cleaner_msgs
[0.816s] -- Up-to-date: /home/sunny/cleaner_ws/phyAI_ws/install/cleaner_msgs/include/cleaner_msgs/cleaner_msgs/msg
[0.816s] -- Up-to-date: /home/sunny/cleaner_ws/phyAI_ws/install/cleaner_msgs/include/cleaner_msgs/cleaner_msgs/msg/detail
[0.816s] -- Up-to-date: /home/sunny/cleaner_ws/phyAI_ws/install/cleaner_msgs/include/cleaner_msgs/cleaner_msgs/msg/detail/cleaner_state__rosidl_typesupport_fastrtps_cpp.hpp
[0.816s] -- Up-to-date: /home/sunny/cleaner_ws/phyAI_ws/install/cleaner_msgs/include/cleaner_msgs/cleaner_msgs/msg/detail/replan_request__rosidl_typesupport_fastrtps_cpp.hpp
[0.816s] -- Up-to-date: /home/sunny/cleaner_ws/phyAI_ws/install/cleaner_msgs/include/cleaner_msgs/cleaner_msgs/msg/detail/plan_command__rosidl_typesupport_fastrtps_cpp.hpp
[0.816s] -- Up-to-date: /home/sunny/cleaner_ws/phyAI_ws/install/cleaner_msgs/include/cleaner_msgs/cleaner_msgs/msg/detail/dds_fastrtps
[0.816s] -- Up-to-date: /home/sunny/cleaner_ws/phyAI_ws/install/cleaner_msgs/include/cleaner_msgs/cleaner_msgs/msg/rosidl_typesupport_fastrtps_cpp__visibility_control.h
[0.816s] -- Up-to-date: /home/sunny/cleaner_ws/phyAI_ws/install/cleaner_msgs/lib/libcleaner_msgs__rosidl_typesupport_fastrtps_cpp.so
[0.818s] -- Up-to-date: /home/sunny/cleaner_ws/phyAI_ws/install/cleaner_msgs/include/cleaner_msgs/cleaner_msgs
[0.818s] -- Up-to-date: /home/sunny/cleaner_ws/phyAI_ws/install/cleaner_msgs/include/cleaner_msgs/cleaner_msgs/msg
[0.818s] -- Up-to-date: /home/sunny/cleaner_ws/phyAI_ws/install/cleaner_msgs/include/cleaner_msgs/cleaner_msgs/msg/detail
[0.818s] -- Up-to-date: /home/sunny/cleaner_ws/phyAI_ws/install/cleaner_msgs/include/cleaner_msgs/cleaner_msgs/msg/detail/replan_request__type_support.cpp
[0.818s] -- Up-to-date: /home/sunny/cleaner_ws/phyAI_ws/install/cleaner_msgs/include/cleaner_msgs/cleaner_msgs/msg/detail/plan_command__type_support.cpp
[0.818s] -- Up-to-date: /home/sunny/cleaner_ws/phyAI_ws/install/cleaner_msgs/include/cleaner_msgs/cleaner_msgs/msg/detail/replan_request__rosidl_typesupport_introspection_cpp.hpp
[0.819s] -- Up-to-date: /home/sunny/cleaner_ws/phyAI_ws/install/cleaner_msgs/include/cleaner_msgs/cleaner_msgs/msg/detail/plan_command__rosidl_typesupport_introspection_cpp.hpp
[0.819s] -- Up-to-date: /home/sunny/cleaner_ws/phyAI_ws/install/cleaner_msgs/include/cleaner_msgs/cleaner_msgs/msg/detail/cleaner_state__rosidl_typesupport_introspection_cpp.hpp
[0.819s] -- Up-to-date: /home/sunny/cleaner_ws/phyAI_ws/install/cleaner_msgs/include/cleaner_msgs/cleaner_msgs/msg/detail/cleaner_state__type_support.cpp
[0.819s] -- Up-to-date: /home/sunny/cleaner_ws/phyAI_ws/install/cleaner_msgs/lib/libcleaner_msgs__rosidl_typesupport_introspection_cpp.so
[0.820s] -- Up-to-date: /home/sunny/cleaner_ws/phyAI_ws/install/cleaner_msgs/lib/libcleaner_msgs__rosidl_typesupport_cpp.so
[0.820s] -- Up-to-date: /home/sunny/cleaner_ws/phyAI_ws/install/cleaner_msgs/share/cleaner_msgs/environment/pythonpath.sh
[0.820s] -- Up-to-date: /home/sunny/cleaner_ws/phyAI_ws/install/cleaner_msgs/share/cleaner_msgs/environment/pythonpath.dsv
[0.820s] -- Up-to-date: /home/sunny/cleaner_ws/phyAI_ws/install/cleaner_msgs/local/lib/python3.10/dist-packages/cleaner_msgs-0.0.1-py3.10.egg-info
[0.820s] -- Installing: /home/sunny/cleaner_ws/phyAI_ws/install/cleaner_msgs/local/lib/python3.10/dist-packages/cleaner_msgs-0.0.1-py3.10.egg-info/top_level.txt
[0.821s] -- Installing: /home/sunny/cleaner_ws/phyAI_ws/install/cleaner_msgs/local/lib/python3.10/dist-packages/cleaner_msgs-0.0.1-py3.10.egg-info/PKG-INFO
[0.821s] -- Installing: /home/sunny/cleaner_ws/phyAI_ws/install/cleaner_msgs/local/lib/python3.10/dist-packages/cleaner_msgs-0.0.1-py3.10.egg-info/SOURCES.txt
[0.821s] -- Installing: /home/sunny/cleaner_ws/phyAI_ws/install/cleaner_msgs/local/lib/python3.10/dist-packages/cleaner_msgs-0.0.1-py3.10.egg-info/dependency_links.txt
[0.821s] -- Up-to-date: /home/sunny/cleaner_ws/phyAI_ws/install/cleaner_msgs/local/lib/python3.10/dist-packages/cleaner_msgs
[0.821s] -- Up-to-date: /home/sunny/cleaner_ws/phyAI_ws/install/cleaner_msgs/local/lib/python3.10/dist-packages/cleaner_msgs/_cleaner_msgs_s.ep.rosidl_typesupport_fastrtps_c.c
[0.821s] -- Up-to-date: /home/sunny/cleaner_ws/phyAI_ws/install/cleaner_msgs/local/lib/python3.10/dist-packages/cleaner_msgs/cleaner_msgs_s__rosidl_typesupport_c.cpython-310-x86_64-linux-gnu.so
[0.821s] -- Up-to-date: /home/sunny/cleaner_ws/phyAI_ws/install/cleaner_msgs/local/lib/python3.10/dist-packages/cleaner_msgs/msg
[0.821s] -- Up-to-date: /home/sunny/cleaner_ws/phyAI_ws/install/cleaner_msgs/local/lib/python3.10/dist-packages/cleaner_msgs/msg/_replan_request.py
[0.821s] -- Up-to-date: /home/sunny/cleaner_ws/phyAI_ws/install/cleaner_msgs/local/lib/python3.10/dist-packages/cleaner_msgs/msg/_cleaner_state.py
[0.822s] -- Up-to-date: /home/sunny/cleaner_ws/phyAI_ws/install/cleaner_msgs/local/lib/python3.10/dist-packages/cleaner_msgs/msg/__init__.py
[0.822s] -- Up-to-date: /home/sunny/cleaner_ws/phyAI_ws/install/cleaner_msgs/local/lib/python3.10/dist-packages/cleaner_msgs/msg/_plan_command_s.c
[0.822s] -- Up-to-date: /home/sunny/cleaner_ws/phyAI_ws/install/cleaner_msgs/local/lib/python3.10/dist-packages/cleaner_msgs/msg/_plan_command.py
[0.822s] -- Up-to-date: /home/sunny/cleaner_ws/phyAI_ws/install/cleaner_msgs/local/lib/python3.10/dist-packages/cleaner_msgs/msg/_cleaner_state_s.c
[0.822s] -- Up-to-date: /home/sunny/cleaner_ws/phyAI_ws/install/cleaner_msgs/local/lib/python3.10/dist-packages/cleaner_msgs/msg/_replan_request_s.c
[0.822s] -- Up-to-date: /home/sunny/cleaner_ws/phyAI_ws/install/cleaner_msgs/local/lib/python3.10/dist-packages/cleaner_msgs/_cleaner_msgs_s.ep.rosidl_typesupport_c.c
[0.822s] -- Up-to-date: /home/sunny/cleaner_ws/phyAI_ws/install/cleaner_msgs/local/lib/python3.10/dist-packages/cleaner_msgs/cleaner_msgs_s__rosidl_typesupport_fastrtps_c.cpython-310-x86_64-linux-gnu.so
[0.822s] -- Up-to-date: /home/sunny/cleaner_ws/phyAI_ws/install/cleaner_msgs/local/lib/python3.10/dist-packages/cleaner_msgs/__init__.py
[0.822s] -- Up-to-date: /home/sunny/cleaner_ws/phyAI_ws/install/cleaner_msgs/local/lib/python3.10/dist-packages/cleaner_msgs/libcleaner_msgs__rosidl_generator_py.so
[0.822s] -- Up-to-date: /home/sunny/cleaner_ws/phyAI_ws/install/cleaner_msgs/local/lib/python3.10/dist-packages/cleaner_msgs/cleaner_msgs_s__rosidl_typesupport_introspection_c.cpython-310-x86_64-linux-gnu.so
[0.822s] -- Up-to-date: /home/sunny/cleaner_ws/phyAI_ws/install/cleaner_msgs/local/lib/python3.10/dist-packages/cleaner_msgs/_cleaner_msgs_s.ep.rosidl_typesupport_introspection_c.c
[0.840s] Listing '/home/sunny/cleaner_ws/phyAI_ws/install/cleaner_msgs/local/lib/python3.10/dist-packages/cleaner_msgs'...
[0.840s] Listing '/home/sunny/cleaner_ws/phyAI_ws/install/cleaner_msgs/local/lib/python3.10/dist-packages/cleaner_msgs/msg'...
[0.844s] -- Up-to-date: /home/sunny/cleaner_ws/phyAI_ws/install/cleaner_msgs/local/lib/python3.10/dist-packages/cleaner_msgs/cleaner_msgs_s__rosidl_typesupport_fastrtps_c.cpython-310-x86_64-linux-gnu.so
[0.844s] -- Up-to-date: /home/sunny/cleaner_ws/phyAI_ws/install/cleaner_msgs/local/lib/python3.10/dist-packages/cleaner_msgs/cleaner_msgs_s__rosidl_typesupport_introspection_c.cpython-310-x86_64-linux-gnu.so
[0.845s] -- Up-to-date: /home/sunny/cleaner_ws/phyAI_ws/install/cleaner_msgs/local/lib/python3.10/dist-packages/cleaner_msgs/cleaner_msgs_s__rosidl_typesupport_c.cpython-310-x86_64-linux-gnu.so
[0.845s] -- Up-to-date: /home/sunny/cleaner_ws/phyAI_ws/install/cleaner_msgs/lib/libcleaner_msgs__rosidl_generator_py.so
[0.845s] -- Up-to-date: /home/sunny/cleaner_ws/phyAI_ws/install/cleaner_msgs/share/ament_index/resource_index/rust_packages/cleaner_msgs
[0.845s] -- Up-to-date: /home/sunny/cleaner_ws/phyAI_ws/install/cleaner_msgs/share/cleaner_msgs/rust
[0.845s] -- Up-to-date: /home/sunny/cleaner_ws/phyAI_ws/install/cleaner_msgs/share/cleaner_msgs/rust/build.rs
[0.845s] -- Up-to-date: /home/sunny/cleaner_ws/phyAI_ws/install/cleaner_msgs/share/cleaner_msgs/rust/Cargo.toml
[0.846s] -- Up-to-date: /home/sunny/cleaner_ws/phyAI_ws/install/cleaner_msgs/share/cleaner_msgs/rust/src
[0.846s] -- Up-to-date: /home/sunny/cleaner_ws/phyAI_ws/install/cleaner_msgs/share/cleaner_msgs/rust/src/msg
[0.846s] -- Up-to-date: /home/sunny/cleaner_ws/phyAI_ws/install/cleaner_msgs/share/cleaner_msgs/rust/src/msg/rmw.rs
[0.846s] -- Up-to-date: /home/sunny/cleaner_ws/phyAI_ws/install/cleaner_msgs/share/cleaner_msgs/rust/src/lib.rs
[0.846s] -- Up-to-date: /home/sunny/cleaner_ws/phyAI_ws/install/cleaner_msgs/share/cleaner_msgs/rust/src/msg.rs
[0.846s] -- Up-to-date: /home/sunny/cleaner_ws/phyAI_ws/install/cleaner_msgs/share/cleaner_msgs/msg/CleanerState.idl
[0.846s] -- Up-to-date: /home/sunny/cleaner_ws/phyAI_ws/install/cleaner_msgs/share/cleaner_msgs/msg/PlanCommand.idl
[0.846s] -- Up-to-date: /home/sunny/cleaner_ws/phyAI_ws/install/cleaner_msgs/share/cleaner_msgs/msg/ReplanRequest.idl
[0.846s] -- Up-to-date: /home/sunny/cleaner_ws/phyAI_ws/install/cleaner_msgs/share/cleaner_msgs/msg/CleanerState.msg
[0.846s] -- Up-to-date: /home/sunny/cleaner_ws/phyAI_ws/install/cleaner_msgs/share/cleaner_msgs/msg/PlanCommand.msg
[0.846s] -- Up-to-date: /home/sunny/cleaner_ws/phyAI_ws/install/cleaner_msgs/share/cleaner_msgs/msg/ReplanRequest.msg
[0.846s] -- Up-to-date: /home/sunny/cleaner_ws/phyAI_ws/install/cleaner_msgs/share/ament_index/resource_index/package_run_dependencies/cleaner_msgs
[0.846s] -- Up-to-date: /home/sunny/cleaner_ws/phyAI_ws/install/cleaner_msgs/share/ament_index/resource_index/parent_prefix_path/cleaner_msgs
[0.846s] -- Up-to-date: /home/sunny/cleaner_ws/phyAI_ws/install/cleaner_msgs/share/cleaner_msgs/environment/ament_prefix_path.sh
[0.846s] -- Up-to-date: /home/sunny/cleaner_ws/phyAI_ws/install/cleaner_msgs/share/cleaner_msgs/environment/ament_prefix_path.dsv
[0.847s] -- Up-to-date: /home/sunny/cleaner_ws/phyAI_ws/install/cleaner_msgs/share/cleaner_msgs/environment/path.sh
[0.847s] -- Up-to-date: /home/sunny/cleaner_ws/phyAI_ws/install/cleaner_msgs/share/cleaner_msgs/environment/path.dsv
[0.847s] -- Up-to-date: /home/sunny/cleaner_ws/phyAI_ws/install/cleaner_msgs/share/cleaner_msgs/local_setup.bash
[0.847s] -- Up-to-date: /home/sunny/cleaner_ws/phyAI_ws/install/cleaner_msgs/share/cleaner_msgs/local_setup.sh
[0.847s] -- Up-to-date: /home/sunny/cleaner_ws/phyAI_ws/install/cleaner_msgs/share/cleaner_msgs/local_setup.zsh
[0.847s] -- Up-to-date: /home/sunny/cleaner_ws/phyAI_ws/install/cleaner_msgs/share/cleaner_msgs/local_setup.dsv
[0.847s] -- Installing: /home/sunny/cleaner_ws/phyAI_ws/install/cleaner_msgs/share/cleaner_msgs/package.dsv
[0.847s] -- Up-to-date: /home/sunny/cleaner_ws/phyAI_ws/install/cleaner_msgs/share/ament_index/resource_index/packages/cleaner_msgs
[0.847s] -- Up-to-date: /home/sunny/cleaner_ws/phyAI_ws/install/cleaner_msgs/share/cleaner_msgs/cmake/export_cleaner_msgs__rosidl_generator_cExport.cmake
[0.847s] -- Up-to-date: /home/sunny/cleaner_ws/phyAI_ws/install/cleaner_msgs/share/cleaner_msgs/cmake/export_cleaner_msgs__rosidl_generator_cExport-noconfig.cmake
[0.847s] -- Up-to-date: /home/sunny/cleaner_ws/phyAI_ws/install/cleaner_msgs/share/cleaner_msgs/cmake/export_cleaner_msgs__rosidl_typesupport_fastrtps_cExport.cmake
[0.847s] -- Up-to-date: /home/sunny/cleaner_ws/phyAI_ws/install/cleaner_msgs/share/cleaner_msgs/cmake/export_cleaner_msgs__rosidl_typesupport_fastrtps_cExport-noconfig.cmake
[0.848s] -- Up-to-date: /home/sunny/cleaner_ws/phyAI_ws/install/cleaner_msgs/share/cleaner_msgs/cmake/cleaner_msgs__rosidl_typesupport_introspection_cExport.cmake
[0.848s] -- Up-to-date: /home/sunny/cleaner_ws/phyAI_ws/install/cleaner_msgs/share/cleaner_msgs/cmake/cleaner_msgs__rosidl_typesupport_introspection_cExport-noconfig.cmake
[0.848s] -- Up-to-date: /home/sunny/cleaner_ws/phyAI_ws/install/cleaner_msgs/share/cleaner_msgs/cmake/cleaner_msgs__rosidl_typesupport_cExport.cmake
[0.848s] -- Up-to-date: /home/sunny/cleaner_ws/phyAI_ws/install/cleaner_msgs/share/cleaner_msgs/cmake/cleaner_msgs__rosidl_typesupport_cExport-noconfig.cmake
[0.848s] -- Up-to-date: /home/sunny/cleaner_ws/phyAI_ws/install/cleaner_msgs/share/cleaner_msgs/cmake/export_cleaner_msgs__rosidl_generator_cppExport.cmake
[0.848s] -- Up-to-date: /home/sunny/cleaner_ws/phyAI_ws/install/cleaner_msgs/share/cleaner_msgs/cmake/export_cleaner_msgs__rosidl_typesupport_fastrtps_cppExport.cmake
[0.848s] -- Up-to-date: /home/sunny/cleaner_ws/phyAI_ws/install/cleaner_msgs/share/cleaner_msgs/cmake/export_cleaner_msgs__rosidl_typesupport_fastrtps_cppExport-noconfig.cmake
[0.848s] -- Up-to-date: /home/sunny/cleaner_ws/phyAI_ws/install/cleaner_msgs/share/cleaner_msgs/cmake/cleaner_msgs__rosidl_typesupport_introspection_cppExport.cmake
[0.848s] -- Up-to-date: /home/sunny/cleaner_ws/phyAI_ws/install/cleaner_msgs/share/cleaner_msgs/cmake/cleaner_msgs__rosidl_typesupport_introspection_cppExport-noconfig.cmake
[0.848s] -- Up-to-date: /home/sunny/cleaner_ws/phyAI_ws/install/cleaner_msgs/share/cleaner_msgs/cmake/cleaner_msgs__rosidl_typesupport_cppExport.cmake
[0.848s] -- Up-to-date: /home/sunny/cleaner_ws/phyAI_ws/install/cleaner_msgs/share/cleaner_msgs/cmake/cleaner_msgs__rosidl_typesupport_cppExport-noconfig.cmake
[0.848s] -- Up-to-date: /home/sunny/cleaner_ws/phyAI_ws/install/cleaner_msgs/share/cleaner_msgs/cmake/export_cleaner_msgs__rosidl_generator_pyExport.cmake
[0.848s] -- Up-to-date: /home/sunny/cleaner_ws/phyAI_ws/install/cleaner_msgs/share/cleaner_msgs/cmake/export_cleaner_msgs__rosidl_generator_pyExport-noconfig.cmake
[0.848s] -- Up-to-date: /home/sunny/cleaner_ws/phyAI_ws/install/cleaner_msgs/share/cleaner_msgs/cmake/rosidl_cmake-extras.cmake
[0.848s] -- Up-to-date: /home/sunny/cleaner_ws/phyAI_ws/install/cleaner_msgs/share/cleaner_msgs/cmake/ament_cmake_export_dependencies-extras.cmake
[0.848s] -- Up-to-date: /home/sunny/cleaner_ws/phyAI_ws/install/cleaner_msgs/share/cleaner_msgs/cmake/ament_cmake_export_include_directories-extras.cmake
[0.849s] -- Up-to-date: /home/sunny/cleaner_ws/phyAI_ws/install/cleaner_msgs/share/cleaner_msgs/cmake/ament_cmake_export_libraries-extras.cmake
[0.849s] -- Up-to-date: /home/sunny/cleaner_ws/phyAI_ws/install/cleaner_msgs/share/cleaner_msgs/cmake/ament_cmake_export_targets-extras.cmake
[0.849s] -- Up-to-date: /home/sunny/cleaner_ws/phyAI_ws/install/cleaner_msgs/share/cleaner_msgs/cmake/rosidl_cmake_export_typesupport_targets-extras.cmake
[0.849s] -- Up-to-date: /home/sunny/cleaner_ws/phyAI_ws/install/cleaner_msgs/share/cleaner_msgs/cmake/rosidl_cmake_export_typesupport_libraries-extras.cmake
[0.849s] -- Up-to-date: /home/sunny/cleaner_ws/phyAI_ws/install/cleaner_msgs/share/cleaner_msgs/cmake/cleaner_msgsConfig.cmake
[0.849s] -- Up-to-date: /home/sunny/cleaner_ws/phyAI_ws/install/cleaner_msgs/share/cleaner_msgs/cmake/cleaner_msgsConfig-version.cmake
[0.849s] -- Up-to-date: /home/sunny/cleaner_ws/phyAI_ws/install/cleaner_msgs/share/cleaner_msgs/package.xml
[0.851s] Invoked command in '/home/sunny/cleaner_ws/phyAI_ws/build/cleaner_msgs' returned '0': CMAKE_PREFIX_PATH=${CMAKE_PREFIX_PATH}:/home/sunny/cleaner_ws/phyAI_ws/install/yolov8_ros:/home/sunny/cleaner_ws/phyAI_ws/install/vision_context_builder:/home/sunny/cleaner_ws/phyAI_ws/install/gptapi:/home/sunny/cleaner_ws/phyAI_ws/install/cleaner_system2:/home/sunny/cleaner_ws/phyAI_ws/install/cleaner_system1:/opt/ros/humble /usr/bin/cmake --install /home/sunny/cleaner_ws/phyAI_ws/build/cleaner_msgs
