-- Found ament_cmake: 1.3.12 (/opt/ros/humble/share/ament_cmake/cmake)
-- Found ament_lint_auto: 0.12.14 (/opt/ros/humble/share/ament_lint_auto/cmake)
-- Added test 'cppcheck' to perform static code analysis on C / C++ code
-- Configured cppcheck include dirs: $<BUILD_INTERFACE:/home/sunny/ros2_ws/src/my_package/include>
-- Configured cppcheck exclude dirs and/or files: 
-- Added test 'lint_cmake' to check CMake code style
-- Added test 'uncrustify' to check C / C++ code style
-- Configured uncrustify additional arguments: 
-- Added test 'xmllint' to check XML markup files
-- Configuring done
-- Generating done
-- Build files have been written to: /home/sunny/ros2_ws/build/my_package
[ 50%] [32mBuilding CXX object CMakeFiles/my_node.dir/src/my_node.cpp.o[0m
[100%] [32m[1mLinking CXX executable my_node[0m
[100%] Built target my_node
-- Install configuration: ""
-- Installing: /home/sunny/ros2_ws/install/my_package/lib/my_package/my_node
-- Installing: /home/sunny/ros2_ws/install/my_package/share/ament_index/resource_index/package_run_dependencies/my_package
-- Installing: /home/sunny/ros2_ws/install/my_package/share/ament_index/resource_index/parent_prefix_path/my_package
-- Installing: /home/sunny/ros2_ws/install/my_package/share/my_package/environment/ament_prefix_path.sh
-- Installing: /home/sunny/ros2_ws/install/my_package/share/my_package/environment/ament_prefix_path.dsv
-- Installing: /home/sunny/ros2_ws/install/my_package/share/my_package/environment/path.sh
-- Installing: /home/sunny/ros2_ws/install/my_package/share/my_package/environment/path.dsv
-- Installing: /home/sunny/ros2_ws/install/my_package/share/my_package/local_setup.bash
-- Installing: /home/sunny/ros2_ws/install/my_package/share/my_package/local_setup.sh
-- Installing: /home/sunny/ros2_ws/install/my_package/share/my_package/local_setup.zsh
-- Installing: /home/sunny/ros2_ws/install/my_package/share/my_package/local_setup.dsv
-- Installing: /home/sunny/ros2_ws/install/my_package/share/my_package/package.dsv
-- Installing: /home/sunny/ros2_ws/install/my_package/share/ament_index/resource_index/packages/my_package
-- Installing: /home/sunny/ros2_ws/install/my_package/share/my_package/cmake/my_packageConfig.cmake
-- Installing: /home/sunny/ros2_ws/install/my_package/share/my_package/cmake/my_packageConfig-version.cmake
-- Installing: /home/sunny/ros2_ws/install/my_package/share/my_package/package.xml
