[0.394s] Invoking command in '/home/sunny/ros2_ws/build/my_package': CMAKE_PREFIX_PATH=${CMAKE_PREFIX_PATH}:/home/sunny/ros2_ws/install/yolov8_ros:/home/sunny/ros2_ws/install/gptapi:/opt/ros/humble /usr/bin/cmake /home/sunny/ros2_ws/src/my_package -DCMAKE_INSTALL_PREFIX=/home/sunny/ros2_ws/install/my_package
[0.408s] -- Found ament_cmake: 1.3.12 (/opt/ros/humble/share/ament_cmake/cmake)
[0.628s] -- Found ament_lint_auto: 0.12.14 (/opt/ros/humble/share/ament_lint_auto/cmake)
[0.843s] -- Added test 'cppcheck' to perform static code analysis on C / C++ code
[0.844s] -- Configured cppcheck include dirs: $<BUILD_INTERFACE:/home/sunny/ros2_ws/src/my_package/include>
[0.844s] -- Configured cppcheck exclude dirs and/or files: 
[0.844s] -- Added test 'lint_cmake' to check CMake code style
[0.845s] -- Added test 'uncrustify' to check C / C++ code style
[0.845s] -- Configured uncrustify additional arguments: 
[0.846s] -- Added test 'xmllint' to check XML markup files
[0.847s] -- Configuring done
[0.851s] -- Generating done
[0.853s] -- Build files have been written to: /home/sunny/ros2_ws/build/my_package
[0.856s] Invoked command in '/home/sunny/ros2_ws/build/my_package' returned '0': CMAKE_PREFIX_PATH=${CMAKE_PREFIX_PATH}:/home/sunny/ros2_ws/install/yolov8_ros:/home/sunny/ros2_ws/install/gptapi:/opt/ros/humble /usr/bin/cmake /home/sunny/ros2_ws/src/my_package -DCMAKE_INSTALL_PREFIX=/home/sunny/ros2_ws/install/my_package
[0.857s] Invoking command in '/home/sunny/ros2_ws/build/my_package': CMAKE_PREFIX_PATH=${CMAKE_PREFIX_PATH}:/home/sunny/ros2_ws/install/yolov8_ros:/home/sunny/ros2_ws/install/gptapi:/opt/ros/humble /usr/bin/cmake --build /home/sunny/ros2_ws/build/my_package -- -j16 -l16
[0.910s] [ 50%] [32mBuilding CXX object CMakeFiles/my_node.dir/src/my_node.cpp.o[0m
[0.938s] [100%] [32m[1mLinking CXX executable my_node[0m
[0.985s] [100%] Built target my_node
[0.996s] Invoked command in '/home/sunny/ros2_ws/build/my_package' returned '0': CMAKE_PREFIX_PATH=${CMAKE_PREFIX_PATH}:/home/sunny/ros2_ws/install/yolov8_ros:/home/sunny/ros2_ws/install/gptapi:/opt/ros/humble /usr/bin/cmake --build /home/sunny/ros2_ws/build/my_package -- -j16 -l16
[0.997s] Invoking command in '/home/sunny/ros2_ws/build/my_package': CMAKE_PREFIX_PATH=${CMAKE_PREFIX_PATH}:/home/sunny/ros2_ws/install/yolov8_ros:/home/sunny/ros2_ws/install/gptapi:/opt/ros/humble /usr/bin/cmake --install /home/sunny/ros2_ws/build/my_package
[1.007s] -- Install configuration: ""
[1.007s] -- Installing: /home/sunny/ros2_ws/install/my_package/lib/my_package/my_node
[1.007s] -- Installing: /home/sunny/ros2_ws/install/my_package/share/ament_index/resource_index/package_run_dependencies/my_package
[1.007s] -- Installing: /home/sunny/ros2_ws/install/my_package/share/ament_index/resource_index/parent_prefix_path/my_package
[1.007s] -- Installing: /home/sunny/ros2_ws/install/my_package/share/my_package/environment/ament_prefix_path.sh
[1.007s] -- Installing: /home/sunny/ros2_ws/install/my_package/share/my_package/environment/ament_prefix_path.dsv
[1.007s] -- Installing: /home/sunny/ros2_ws/install/my_package/share/my_package/environment/path.sh
[1.008s] -- Installing: /home/sunny/ros2_ws/install/my_package/share/my_package/environment/path.dsv
[1.008s] -- Installing: /home/sunny/ros2_ws/install/my_package/share/my_package/local_setup.bash
[1.008s] -- Installing: /home/sunny/ros2_ws/install/my_package/share/my_package/local_setup.sh
[1.008s] -- Installing: /home/sunny/ros2_ws/install/my_package/share/my_package/local_setup.zsh
[1.008s] -- Installing: /home/sunny/ros2_ws/install/my_package/share/my_package/local_setup.dsv
[1.008s] -- Installing: /home/sunny/ros2_ws/install/my_package/share/my_package/package.dsv
[1.008s] -- Installing: /home/sunny/ros2_ws/install/my_package/share/ament_index/resource_index/packages/my_package
[1.009s] -- Installing: /home/sunny/ros2_ws/install/my_package/share/my_package/cmake/my_packageConfig.cmake
[1.009s] -- Installing: /home/sunny/ros2_ws/install/my_package/share/my_package/cmake/my_packageConfig-version.cmake
[1.009s] -- Installing: /home/sunny/ros2_ws/install/my_package/share/my_package/package.xml
[1.024s] Invoked command in '/home/sunny/ros2_ws/build/my_package' returned '0': CMAKE_PREFIX_PATH=${CMAKE_PREFIX_PATH}:/home/sunny/ros2_ws/install/yolov8_ros:/home/sunny/ros2_ws/install/gptapi:/opt/ros/humble /usr/bin/cmake --install /home/sunny/ros2_ws/build/my_package
