running egg_info
writing ../../build/gptapi/gptapi.egg-info/PKG-INFO
writing dependency_links to ../../build/gptapi/gptapi.egg-info/dependency_links.txt
writing entry points to ../../build/gptapi/gptapi.egg-info/entry_points.txt
writing requirements to ../../build/gptapi/gptapi.egg-info/requires.txt
writing top-level names to ../../build/gptapi/gptapi.egg-info/top_level.txt
reading manifest file '../../build/gptapi/gptapi.egg-info/SOURCES.txt'
writing manifest file '../../build/gptapi/gptapi.egg-info/SOURCES.txt'
running build
running build_py
copying gptapi/action_generator.py -> /home/sunny/ros2_ws/build/gptapi/build/lib/gptapi
running install
running install_lib
copying /home/sunny/ros2_ws/build/gptapi/build/lib/gptapi/action_generator.py -> /home/sunny/ros2_ws/install/gptapi/lib/python3.10/site-packages/gptapi
byte-compiling /home/sunny/ros2_ws/install/gptapi/lib/python3.10/site-packages/gptapi/action_generator.py to action_generator.cpython-310.pyc
running install_data
running install_egg_info
removing '/home/sunny/ros2_ws/install/gptapi/lib/python3.10/site-packages/gptapi-0.0.0-py3.10.egg-info' (and everything under it)
Copying ../../build/gptapi/gptapi.egg-info to /home/sunny/ros2_ws/install/gptapi/lib/python3.10/site-packages/gptapi-0.0.0-py3.10.egg-info
running install_scripts
Installing action_generator script to /home/sunny/ros2_ws/install/gptapi/lib/gptapi
Installing action_interpreter script to /home/sunny/ros2_ws/install/gptapi/lib/gptapi
writing list of installed files to '/home/sunny/ros2_ws/build/gptapi/install.log'
