[0.009s] Invoking command in '/home/sunny/ros2_ws/build/yolov8_bringup': AMENT_PREFIX_PATH=/home/sunny/ros2_ws/install/yolov8_ros:/home/sunny/ros2_ws/install/yolov8_bringup:/home/sunny/ros2_ws/install/yolov8_msgs:/home/sunny/ros2_ws/install/usb_cam:/home/sunny/ros2_ws/install/turtlesim:/home/sunny/ros2_ws/install/my_package:/home/sunny/ros2_ws/install/gptapi:/home/sunny/ros2_ws/install/cpp_svcli:/home/sunny/ros2_ws/install/cpp_pubsub:/home/sunny/ros2_ws/install/action_tutorials_cpp:/home/sunny/ros2_ws/install/action_tutorials_interfaces:/opt/ros/humble CMAKE_PREFIX_PATH=${CMAKE_PREFIX_PATH}:/home/sunny/ros2_ws/install/yolov8_ros:/home/sunny/ros2_ws/install/gptapi:/opt/ros/humble /usr/bin/cmake --build /home/sunny/ros2_ws/build/yolov8_bringup -- -j16 -l16
[0.045s] Invoked command in '/home/sunny/ros2_ws/build/yolov8_bringup' returned '0': AMENT_PREFIX_PATH=/home/sunny/ros2_ws/install/yolov8_ros:/home/sunny/ros2_ws/install/yolov8_bringup:/home/sunny/ros2_ws/install/yolov8_msgs:/home/sunny/ros2_ws/install/usb_cam:/home/sunny/ros2_ws/install/turtlesim:/home/sunny/ros2_ws/install/my_package:/home/sunny/ros2_ws/install/gptapi:/home/sunny/ros2_ws/install/cpp_svcli:/home/sunny/ros2_ws/install/cpp_pubsub:/home/sunny/ros2_ws/install/action_tutorials_cpp:/home/sunny/ros2_ws/install/action_tutorials_interfaces:/opt/ros/humble CMAKE_PREFIX_PATH=${CMAKE_PREFIX_PATH}:/home/sunny/ros2_ws/install/yolov8_ros:/home/sunny/ros2_ws/install/gptapi:/opt/ros/humble /usr/bin/cmake --build /home/sunny/ros2_ws/build/yolov8_bringup -- -j16 -l16
[0.046s] Invoking command in '/home/sunny/ros2_ws/build/yolov8_bringup': AMENT_PREFIX_PATH=/home/sunny/ros2_ws/install/yolov8_ros:/home/sunny/ros2_ws/install/yolov8_bringup:/home/sunny/ros2_ws/install/yolov8_msgs:/home/sunny/ros2_ws/install/usb_cam:/home/sunny/ros2_ws/install/turtlesim:/home/sunny/ros2_ws/install/my_package:/home/sunny/ros2_ws/install/gptapi:/home/sunny/ros2_ws/install/cpp_svcli:/home/sunny/ros2_ws/install/cpp_pubsub:/home/sunny/ros2_ws/install/action_tutorials_cpp:/home/sunny/ros2_ws/install/action_tutorials_interfaces:/opt/ros/humble CMAKE_PREFIX_PATH=${CMAKE_PREFIX_PATH}:/home/sunny/ros2_ws/install/yolov8_ros:/home/sunny/ros2_ws/install/gptapi:/opt/ros/humble /usr/bin/cmake --install /home/sunny/ros2_ws/build/yolov8_bringup
[0.053s] -- Install configuration: ""
[0.053s] -- Up-to-date: /home/sunny/ros2_ws/install/yolov8_bringup/share/yolov8_bringup//launch
[0.053s] -- Up-to-date: /home/sunny/ros2_ws/install/yolov8_bringup/share/yolov8_bringup//launch/yolov8.launch.py
[0.053s] -- Up-to-date: /home/sunny/ros2_ws/install/yolov8_bringup/share/yolov8_bringup//launch/yolov8_3d.launch.py
[0.053s] -- Up-to-date: /home/sunny/ros2_ws/install/yolov8_bringup/share/ament_index/resource_index/package_run_dependencies/yolov8_bringup
[0.053s] -- Up-to-date: /home/sunny/ros2_ws/install/yolov8_bringup/share/ament_index/resource_index/parent_prefix_path/yolov8_bringup
[0.053s] -- Up-to-date: /home/sunny/ros2_ws/install/yolov8_bringup/share/yolov8_bringup/environment/ament_prefix_path.sh
[0.053s] -- Up-to-date: /home/sunny/ros2_ws/install/yolov8_bringup/share/yolov8_bringup/environment/ament_prefix_path.dsv
[0.054s] -- Up-to-date: /home/sunny/ros2_ws/install/yolov8_bringup/share/yolov8_bringup/environment/path.sh
[0.054s] -- Up-to-date: /home/sunny/ros2_ws/install/yolov8_bringup/share/yolov8_bringup/environment/path.dsv
[0.054s] -- Up-to-date: /home/sunny/ros2_ws/install/yolov8_bringup/share/yolov8_bringup/local_setup.bash
[0.054s] -- Up-to-date: /home/sunny/ros2_ws/install/yolov8_bringup/share/yolov8_bringup/local_setup.sh
[0.054s] -- Up-to-date: /home/sunny/ros2_ws/install/yolov8_bringup/share/yolov8_bringup/local_setup.zsh
[0.054s] -- Up-to-date: /home/sunny/ros2_ws/install/yolov8_bringup/share/yolov8_bringup/local_setup.dsv
[0.054s] -- Installing: /home/sunny/ros2_ws/install/yolov8_bringup/share/yolov8_bringup/package.dsv
[0.054s] -- Up-to-date: /home/sunny/ros2_ws/install/yolov8_bringup/share/ament_index/resource_index/packages/yolov8_bringup
[0.054s] -- Up-to-date: /home/sunny/ros2_ws/install/yolov8_bringup/share/yolov8_bringup/cmake/yolov8_bringupConfig.cmake
[0.054s] -- Up-to-date: /home/sunny/ros2_ws/install/yolov8_bringup/share/yolov8_bringup/cmake/yolov8_bringupConfig-version.cmake
[0.054s] -- Up-to-date: /home/sunny/ros2_ws/install/yolov8_bringup/share/yolov8_bringup/package.xml
[0.055s] Invoked command in '/home/sunny/ros2_ws/build/yolov8_bringup' returned '0': AMENT_PREFIX_PATH=/home/sunny/ros2_ws/install/yolov8_ros:/home/sunny/ros2_ws/install/yolov8_bringup:/home/sunny/ros2_ws/install/yolov8_msgs:/home/sunny/ros2_ws/install/usb_cam:/home/sunny/ros2_ws/install/turtlesim:/home/sunny/ros2_ws/install/my_package:/home/sunny/ros2_ws/install/gptapi:/home/sunny/ros2_ws/install/cpp_svcli:/home/sunny/ros2_ws/install/cpp_pubsub:/home/sunny/ros2_ws/install/action_tutorials_cpp:/home/sunny/ros2_ws/install/action_tutorials_interfaces:/opt/ros/humble CMAKE_PREFIX_PATH=${CMAKE_PREFIX_PATH}:/home/sunny/ros2_ws/install/yolov8_ros:/home/sunny/ros2_ws/install/gptapi:/opt/ros/humble /usr/bin/cmake --install /home/sunny/ros2_ws/build/yolov8_bringup
