[1.866s] Invoking command in '/home/sunny/cleaner_ws/phyAI_ws/src/cleaner_system1': AMENT_PREFIX_PATH=/home/sunny/cleaner_ws/phyAI_ws/install/cleaner_msgs:${AMENT_PREFIX_PATH} CMAKE_PREFIX_PATH=/home/sunny/cleaner_ws/phyAI_ws/install/cleaner_msgs LD_LIBRARY_PATH=/home/sunny/cleaner_ws/phyAI_ws/install/cleaner_msgs/lib:${LD_LIBRARY_PATH} PYTHONPATH=/home/sunny/cleaner_ws/phyAI_ws/build/cleaner_system1/prefix_override:/usr/lib/python3/dist-packages/colcon_core/task/python/colcon_distutils_commands:/home/sunny/cleaner_ws/phyAI_ws/install/cleaner_system1/lib/python3.10/site-packages:/home/sunny/cleaner_ws/phyAI_ws/install/cleaner_msgs/local/lib/python3.10/dist-packages:${PYTHONPATH} /usr/bin/python3 -W ignore:setup.py install is deprecated -W ignore:easy_install command is deprecated setup.py egg_info --egg-base ../../build/cleaner_system1 build --build-base /home/sunny/cleaner_ws/phyAI_ws/build/cleaner_system1/build install --record /home/sunny/cleaner_ws/phyAI_ws/build/cleaner_system1/install.log --single-version-externally-managed install_data
[2.477s] running egg_info
[2.479s] writing ../../build/cleaner_system1/cleaner_system1.egg-info/PKG-INFO
[2.480s] writing dependency_links to ../../build/cleaner_system1/cleaner_system1.egg-info/dependency_links.txt
[2.480s] writing entry points to ../../build/cleaner_system1/cleaner_system1.egg-info/entry_points.txt
[2.480s] writing requirements to ../../build/cleaner_system1/cleaner_system1.egg-info/requires.txt
[2.481s] writing top-level names to ../../build/cleaner_system1/cleaner_system1.egg-info/top_level.txt
[2.486s] reading manifest file '../../build/cleaner_system1/cleaner_system1.egg-info/SOURCES.txt'
[2.487s] adding license file 'LICENSE'
[2.488s] writing manifest file '../../build/cleaner_system1/cleaner_system1.egg-info/SOURCES.txt'
[2.488s] running build
[2.489s] running build_py
[2.490s] copying cleaner_system1/actions/scan.py -> /home/sunny/cleaner_ws/phyAI_ws/build/cleaner_system1/build/lib/cleaner_system1/actions
[2.491s] copying cleaner_system1/nodes/ExecutorNode.py -> /home/sunny/cleaner_ws/phyAI_ws/build/cleaner_system1/build/lib/cleaner_system1/nodes
[2.492s] running install
[2.493s] running install_lib
[2.500s] copying /home/sunny/cleaner_ws/phyAI_ws/build/cleaner_system1/build/lib/cleaner_system1/actions/scan.py -> /home/sunny/cleaner_ws/phyAI_ws/install/cleaner_system1/lib/python3.10/site-packages/cleaner_system1/actions
[2.500s] copying /home/sunny/cleaner_ws/phyAI_ws/build/cleaner_system1/build/lib/cleaner_system1/nodes/ExecutorNode.py -> /home/sunny/cleaner_ws/phyAI_ws/install/cleaner_system1/lib/python3.10/site-packages/cleaner_system1/nodes
[2.502s] byte-compiling /home/sunny/cleaner_ws/phyAI_ws/install/cleaner_system1/lib/python3.10/site-packages/cleaner_system1/actions/scan.py to scan.cpython-310.pyc
[2.508s] byte-compiling /home/sunny/cleaner_ws/phyAI_ws/install/cleaner_system1/lib/python3.10/site-packages/cleaner_system1/nodes/ExecutorNode.py to ExecutorNode.cpython-310.pyc
[2.514s] running install_data
[2.514s] running install_egg_info
[2.519s] removing '/home/sunny/cleaner_ws/phyAI_ws/install/cleaner_system1/lib/python3.10/site-packages/cleaner_system1-0.0.0-py3.10.egg-info' (and everything under it)
[2.519s] Copying ../../build/cleaner_system1/cleaner_system1.egg-info to /home/sunny/cleaner_ws/phyAI_ws/install/cleaner_system1/lib/python3.10/site-packages/cleaner_system1-0.0.0-py3.10.egg-info
[2.521s] running install_scripts
[2.562s] Installing system1_executor script to /home/sunny/cleaner_ws/phyAI_ws/install/cleaner_system1/lib/cleaner_system1
[2.563s] writing list of installed files to '/home/sunny/cleaner_ws/phyAI_ws/build/cleaner_system1/install.log'
[2.683s] Invoked command in '/home/sunny/cleaner_ws/phyAI_ws/src/cleaner_system1' returned '0': AMENT_PREFIX_PATH=/home/sunny/cleaner_ws/phyAI_ws/install/cleaner_msgs:${AMENT_PREFIX_PATH} CMAKE_PREFIX_PATH=/home/sunny/cleaner_ws/phyAI_ws/install/cleaner_msgs LD_LIBRARY_PATH=/home/sunny/cleaner_ws/phyAI_ws/install/cleaner_msgs/lib:${LD_LIBRARY_PATH} PYTHONPATH=/home/sunny/cleaner_ws/phyAI_ws/build/cleaner_system1/prefix_override:/usr/lib/python3/dist-packages/colcon_core/task/python/colcon_distutils_commands:/home/sunny/cleaner_ws/phyAI_ws/install/cleaner_system1/lib/python3.10/site-packages:/home/sunny/cleaner_ws/phyAI_ws/install/cleaner_msgs/local/lib/python3.10/dist-packages:${PYTHONPATH} /usr/bin/python3 -W ignore:setup.py install is deprecated -W ignore:easy_install command is deprecated setup.py egg_info --egg-base ../../build/cleaner_system1 build --build-base /home/sunny/cleaner_ws/phyAI_ws/build/cleaner_system1/build install --record /home/sunny/cleaner_ws/phyAI_ws/build/cleaner_system1/install.log --single-version-externally-managed install_data
