[0.015s] Invoking command in '/home/sunny/cleaner_ws/phyAI_ws/build/yolov8_bringup': AMENT_PREFIX_PATH=/home/sunny/cleaner_ws/phyAI_ws/install/yolov8_ros:${AMENT_PREFIX_PATH} CMAKE_PREFIX_PATH=/opt/ros/humble PYTHONPATH=/home/sunny/cleaner_ws/phyAI_ws/install/yolov8_ros/lib/python3.10/site-packages:${PYTHONPATH} /usr/bin/cmake --build /home/sunny/cleaner_ws/phyAI_ws/build/yolov8_bringup -- -j16 -l16
[0.115s] Invoked command in '/home/sunny/cleaner_ws/phyAI_ws/build/yolov8_bringup' returned '0': AMENT_PREFIX_PATH=/home/sunny/cleaner_ws/phyAI_ws/install/yolov8_ros:${AMENT_PREFIX_PATH} CMAKE_PREFIX_PATH=/opt/ros/humble PYTHONPATH=/home/sunny/cleaner_ws/phyAI_ws/install/yolov8_ros/lib/python3.10/site-packages:${PYTHONPATH} /usr/bin/cmake --build /home/sunny/cleaner_ws/phyAI_ws/build/yolov8_bringup -- -j16 -l16
[0.119s] Invoking command in '/home/sunny/cleaner_ws/phyAI_ws/build/yolov8_bringup': AMENT_PREFIX_PATH=/home/sunny/cleaner_ws/phyAI_ws/install/yolov8_ros:${AMENT_PREFIX_PATH} CMAKE_PREFIX_PATH=/opt/ros/humble PYTHONPATH=/home/sunny/cleaner_ws/phyAI_ws/install/yolov8_ros/lib/python3.10/site-packages:${PYTHONPATH} /usr/bin/cmake --install /home/sunny/cleaner_ws/phyAI_ws/build/yolov8_bringup
[0.141s] -- Install configuration: ""
[0.142s] -- Up-to-date: /home/sunny/cleaner_ws/phyAI_ws/install/yolov8_bringup/share/yolov8_bringup//launch
[0.142s] -- Up-to-date: /home/sunny/cleaner_ws/phyAI_ws/install/yolov8_bringup/share/yolov8_bringup//launch/yolov8.launch.py
[0.142s] -- Up-to-date: /home/sunny/cleaner_ws/phyAI_ws/install/yolov8_bringup/share/yolov8_bringup//launch/yolov8_3d.launch.py
[0.142s] -- Up-to-date: /home/sunny/cleaner_ws/phyAI_ws/install/yolov8_bringup/share/ament_index/resource_index/package_run_dependencies/yolov8_bringup
[0.142s] -- Up-to-date: /home/sunny/cleaner_ws/phyAI_ws/install/yolov8_bringup/share/ament_index/resource_index/parent_prefix_path/yolov8_bringup
[0.142s] -- Up-to-date: /home/sunny/cleaner_ws/phyAI_ws/install/yolov8_bringup/share/yolov8_bringup/environment/ament_prefix_path.sh
[0.142s] -- Up-to-date: /home/sunny/cleaner_ws/phyAI_ws/install/yolov8_bringup/share/yolov8_bringup/environment/ament_prefix_path.dsv
[0.143s] -- Up-to-date: /home/sunny/cleaner_ws/phyAI_ws/install/yolov8_bringup/share/yolov8_bringup/environment/path.sh
[0.143s] -- Up-to-date: /home/sunny/cleaner_ws/phyAI_ws/install/yolov8_bringup/share/yolov8_bringup/environment/path.dsv
[0.143s] -- Up-to-date: /home/sunny/cleaner_ws/phyAI_ws/install/yolov8_bringup/share/yolov8_bringup/local_setup.bash
[0.143s] -- Up-to-date: /home/sunny/cleaner_ws/phyAI_ws/install/yolov8_bringup/share/yolov8_bringup/local_setup.sh
[0.143s] -- Up-to-date: /home/sunny/cleaner_ws/phyAI_ws/install/yolov8_bringup/share/yolov8_bringup/local_setup.zsh
[0.143s] -- Up-to-date: /home/sunny/cleaner_ws/phyAI_ws/install/yolov8_bringup/share/yolov8_bringup/local_setup.dsv
[0.143s] -- Installing: /home/sunny/cleaner_ws/phyAI_ws/install/yolov8_bringup/share/yolov8_bringup/package.dsv
[0.143s] -- Up-to-date: /home/sunny/cleaner_ws/phyAI_ws/install/yolov8_bringup/share/ament_index/resource_index/packages/yolov8_bringup
[0.143s] -- Up-to-date: /home/sunny/cleaner_ws/phyAI_ws/install/yolov8_bringup/share/yolov8_bringup/cmake/yolov8_bringupConfig.cmake
[0.143s] -- Up-to-date: /home/sunny/cleaner_ws/phyAI_ws/install/yolov8_bringup/share/yolov8_bringup/cmake/yolov8_bringupConfig-version.cmake
[0.143s] -- Up-to-date: /home/sunny/cleaner_ws/phyAI_ws/install/yolov8_bringup/share/yolov8_bringup/package.xml
[0.147s] Invoked command in '/home/sunny/cleaner_ws/phyAI_ws/build/yolov8_bringup' returned '0': AMENT_PREFIX_PATH=/home/sunny/cleaner_ws/phyAI_ws/install/yolov8_ros:${AMENT_PREFIX_PATH} CMAKE_PREFIX_PATH=/opt/ros/humble PYTHONPATH=/home/sunny/cleaner_ws/phyAI_ws/install/yolov8_ros/lib/python3.10/site-packages:${PYTHONPATH} /usr/bin/cmake --install /home/sunny/cleaner_ws/phyAI_ws/build/yolov8_bringup
