[0.408s] Invoking command in '/home/sunny/ros2_ws/build/turtlesim': CMAKE_PREFIX_PATH=${CMAKE_PREFIX_PATH}:/home/sunny/ros2_ws/install/yolov8_ros:/home/sunny/ros2_ws/install/gptapi:/opt/ros/humble /usr/bin/cmake --build /home/sunny/ros2_ws/build/turtlesim -- -j16 -l16
[0.458s] [  1%] Built target turtlesim__cpp
[0.493s] [  1%] Built target ament_cmake_python_copy_turtlesim
[0.519s] [ 11%] Built target turtlesim__rosidl_typesupport_introspection_cpp
[0.728s] running egg_info
[0.729s] writing turtlesim.egg-info/PKG-INFO
[0.729s] writing dependency_links to turtlesim.egg-info/dependency_links.txt
[0.729s] writing top-level names to turtlesim.egg-info/top_level.txt
[0.731s] reading manifest file 'turtlesim.egg-info/SOURCES.txt'
[0.731s] writing manifest file 'turtlesim.egg-info/SOURCES.txt'
[0.757s] [ 11%] Built target ament_cmake_python_build_turtlesim_egg
[0.783s] [ 21%] Built target turtlesim__rosidl_typesupport_fastrtps_cpp
[0.806s] [ 31%] Built target turtlesim__rosidl_typesupport_cpp
[0.828s] [ 41%] Built target turtlesim__rosidl_generator_c
[0.850s] [ 43%] Built target mimic
[0.870s] [ 53%] Built target turtlesim__rosidl_typesupport_c
[0.895s] [ 63%] Built target turtlesim__rosidl_typesupport_introspection_c
[0.919s] [ 73%] Built target turtlesim__rosidl_typesupport_fastrtps_c
[0.944s] [ 75%] Built target draw_square
[0.967s] [ 75%] Built target turtlesim
[0.990s] [ 77%] Built target turtle_teleop_key
[1.012s] [ 78%] Built target turtlesim__py
[1.039s] [ 84%] Built target turtlesim_node
[1.064s] [ 93%] Built target turtlesim__rosidl_generator_py
[1.088s] [ 95%] Built target turtlesim__rosidl_typesupport_fastrtps_c__pyext
[1.114s] [ 97%] Built target turtlesim__rosidl_typesupport_c__pyext
[1.138s] [100%] Built target turtlesim__rosidl_typesupport_introspection_c__pyext
