[30.249s] Invoking command in '/home/sunny/cleaner_ws/phyAI_ws/src/cleaner_system1': PYTHONPATH=/home/sunny/cleaner_ws/phyAI_ws/build/cleaner_system1/prefix_override:/usr/lib/python3/dist-packages/colcon_core/task/python/colcon_distutils_commands:/home/sunny/cleaner_ws/phyAI_ws/install/cleaner_system1/lib/python3.10/site-packages:${PYTHONPATH} /usr/bin/python3 -W ignore:setup.py install is deprecated -W ignore:easy_install command is deprecated setup.py egg_info --egg-base ../../build/cleaner_system1 build --build-base /home/sunny/cleaner_ws/phyAI_ws/build/cleaner_system1/build install --record /home/sunny/cleaner_ws/phyAI_ws/build/cleaner_system1/install.log --single-version-externally-managed install_data
[30.414s] running egg_info
[30.415s] writing ../../build/cleaner_system1/cleaner_system1.egg-info/PKG-INFO
[30.415s] writing dependency_links to ../../build/cleaner_system1/cleaner_system1.egg-info/dependency_links.txt
[30.415s] writing entry points to ../../build/cleaner_system1/cleaner_system1.egg-info/entry_points.txt
[30.415s] writing requirements to ../../build/cleaner_system1/cleaner_system1.egg-info/requires.txt
[30.415s] writing top-level names to ../../build/cleaner_system1/cleaner_system1.egg-info/top_level.txt
[30.416s] reading manifest file '../../build/cleaner_system1/cleaner_system1.egg-info/SOURCES.txt'
[30.416s] adding license file 'LICENSE'
[30.417s] writing manifest file '../../build/cleaner_system1/cleaner_system1.egg-info/SOURCES.txt'
[30.417s] running build
[30.417s] running build_py
[30.417s] copying cleaner_system1/io/topics.py -> /home/sunny/cleaner_ws/phyAI_ws/build/cleaner_system1/build/lib/cleaner_system1/io
[30.418s] running install
[30.418s] running install_lib
[30.420s] copying /home/sunny/cleaner_ws/phyAI_ws/build/cleaner_system1/build/lib/cleaner_system1/io/topics.py -> /home/sunny/cleaner_ws/phyAI_ws/install/cleaner_system1/lib/python3.10/site-packages/cleaner_system1/io
[30.421s] byte-compiling /home/sunny/cleaner_ws/phyAI_ws/install/cleaner_system1/lib/python3.10/site-packages/cleaner_system1/io/topics.py to topics.cpython-310.pyc
[30.421s] running install_data
[30.421s] running install_egg_info
[30.422s] removing '/home/sunny/cleaner_ws/phyAI_ws/install/cleaner_system1/lib/python3.10/site-packages/cleaner_system1-0.1.0-py3.10.egg-info' (and everything under it)
[30.423s] Copying ../../build/cleaner_system1/cleaner_system1.egg-info to /home/sunny/cleaner_ws/phyAI_ws/install/cleaner_system1/lib/python3.10/site-packages/cleaner_system1-0.1.0-py3.10.egg-info
[30.423s] running install_scripts
[30.436s] Installing system1_executor_node script to /home/sunny/cleaner_ws/phyAI_ws/install/cleaner_system1/lib/cleaner_system1
[30.436s] writing list of installed files to '/home/sunny/cleaner_ws/phyAI_ws/build/cleaner_system1/install.log'
[30.454s] Invoked command in '/home/sunny/cleaner_ws/phyAI_ws/src/cleaner_system1' returned '0': PYTHONPATH=/home/sunny/cleaner_ws/phyAI_ws/build/cleaner_system1/prefix_override:/usr/lib/python3/dist-packages/colcon_core/task/python/colcon_distutils_commands:/home/sunny/cleaner_ws/phyAI_ws/install/cleaner_system1/lib/python3.10/site-packages:${PYTHONPATH} /usr/bin/python3 -W ignore:setup.py install is deprecated -W ignore:easy_install command is deprecated setup.py egg_info --egg-base ../../build/cleaner_system1 build --build-base /home/sunny/cleaner_ws/phyAI_ws/build/cleaner_system1/build install --record /home/sunny/cleaner_ws/phyAI_ws/build/cleaner_system1/install.log --single-version-externally-managed install_data
