[0.198s] Invoking command in '/home/sunny/ros2_ws/build/cpp_pubsub': CMAKE_PREFIX_PATH=${CMAKE_PREFIX_PATH}:/home/sunny/ros2_ws/install/yolov8_ros:/home/sunny/ros2_ws/install/gptapi:/opt/ros/humble /usr/bin/cmake --build /home/sunny/ros2_ws/build/cpp_pubsub -- -j16 -l16
[0.389s] -- Found ament_cmake: 1.3.12 (/opt/ros/humble/share/ament_cmake/cmake)
[0.390s] -- Found rclcpp: 16.0.15 (/opt/ros/humble/share/rclcpp/cmake)
[0.390s] -- Found rosidl_generator_c: 3.1.7 (/opt/ros/humble/share/rosidl_generator_c/cmake)
[0.390s] -- Found rosidl_adapter: 3.1.7 (/opt/ros/humble/share/rosidl_adapter/cmake)
[0.390s] -- Found rosidl_generator_cpp: 3.1.7 (/opt/ros/humble/share/rosidl_generator_cpp/cmake)
[0.390s] -- Using all available rosidl_typesupport_c: rosidl_typesupport_fastrtps_c;rosidl_typesupport_introspection_c
[0.390s] -- Using all available rosidl_typesupport_cpp: rosidl_typesupport_fastrtps_cpp;rosidl_typesupport_introspection_cpp
[0.390s] -- Found rmw_implementation_cmake: 6.1.2 (/opt/ros/humble/share/rmw_implementation_cmake/cmake)
[0.390s] -- Found rmw_fastrtps_cpp: 6.2.9 (/opt/ros/humble/share/rmw_fastrtps_cpp/cmake)
[0.447s] -- Using RMW implementation 'rmw_fastrtps_cpp' as default
[0.478s] -- Found ament_lint_auto: 0.12.14 (/opt/ros/humble/share/ament_lint_auto/cmake)
[0.525s] -- Added test 'cppcheck' to perform static code analysis on C / C++ code
[0.526s] -- Configured cppcheck include dirs: 
[0.526s] -- Configured cppcheck exclude dirs and/or files: 
[0.526s] -- Added test 'lint_cmake' to check CMake code style
[0.526s] -- Added test 'uncrustify' to check C / C++ code style
[0.527s] -- Configured uncrustify additional arguments: 
[0.527s] -- Added test 'xmllint' to check XML markup files
[0.527s] -- Configuring done
[0.535s] -- Generating done
[0.539s] -- Build files have been written to: /home/sunny/ros2_ws/build/cpp_pubsub
[0.561s] [35m[1mConsolidate compiler generated dependencies of target talker[0m
[0.575s] [ 50%] Built target talker
[0.595s] [ 75%] [32mBuilding CXX object CMakeFiles/listener.dir/src/subscriber_member_function.cpp.o[0m
[6.318s] [100%] [32m[1mLinking CXX executable listener[0m
[6.559s] [100%] Built target listener
[6.568s] Invoked command in '/home/sunny/ros2_ws/build/cpp_pubsub' returned '0': CMAKE_PREFIX_PATH=${CMAKE_PREFIX_PATH}:/home/sunny/ros2_ws/install/yolov8_ros:/home/sunny/ros2_ws/install/gptapi:/opt/ros/humble /usr/bin/cmake --build /home/sunny/ros2_ws/build/cpp_pubsub -- -j16 -l16
[6.570s] Invoking command in '/home/sunny/ros2_ws/build/cpp_pubsub': CMAKE_PREFIX_PATH=${CMAKE_PREFIX_PATH}:/home/sunny/ros2_ws/install/yolov8_ros:/home/sunny/ros2_ws/install/gptapi:/opt/ros/humble /usr/bin/cmake --install /home/sunny/ros2_ws/build/cpp_pubsub
[6.575s] -- Install configuration: ""
[6.576s] -- Up-to-date: /home/sunny/ros2_ws/install/cpp_pubsub/lib/cpp_pubsub/talker
[6.576s] -- Up-to-date: /home/sunny/ros2_ws/install/cpp_pubsub/share/ament_index/resource_index/package_run_dependencies/cpp_pubsub
[6.576s] -- Installing: /home/sunny/ros2_ws/install/cpp_pubsub/share/ament_index/resource_index/parent_prefix_path/cpp_pubsub
[6.576s] -- Up-to-date: /home/sunny/ros2_ws/install/cpp_pubsub/share/cpp_pubsub/environment/ament_prefix_path.sh
[6.576s] -- Installing: /home/sunny/ros2_ws/install/cpp_pubsub/share/cpp_pubsub/environment/ament_prefix_path.dsv
[6.576s] -- Up-to-date: /home/sunny/ros2_ws/install/cpp_pubsub/share/cpp_pubsub/environment/path.sh
[6.576s] -- Installing: /home/sunny/ros2_ws/install/cpp_pubsub/share/cpp_pubsub/environment/path.dsv
[6.576s] -- Up-to-date: /home/sunny/ros2_ws/install/cpp_pubsub/share/cpp_pubsub/local_setup.bash
[6.576s] -- Up-to-date: /home/sunny/ros2_ws/install/cpp_pubsub/share/cpp_pubsub/local_setup.sh
[6.576s] -- Up-to-date: /home/sunny/ros2_ws/install/cpp_pubsub/share/cpp_pubsub/local_setup.zsh
[6.576s] -- Installing: /home/sunny/ros2_ws/install/cpp_pubsub/share/cpp_pubsub/local_setup.dsv
[6.577s] -- Installing: /home/sunny/ros2_ws/install/cpp_pubsub/share/cpp_pubsub/package.dsv
[6.577s] -- Up-to-date: /home/sunny/ros2_ws/install/cpp_pubsub/share/ament_index/resource_index/packages/cpp_pubsub
[6.577s] -- Up-to-date: /home/sunny/ros2_ws/install/cpp_pubsub/share/cpp_pubsub/cmake/cpp_pubsubConfig.cmake
[6.577s] -- Up-to-date: /home/sunny/ros2_ws/install/cpp_pubsub/share/cpp_pubsub/cmake/cpp_pubsubConfig-version.cmake
[6.577s] -- Up-to-date: /home/sunny/ros2_ws/install/cpp_pubsub/share/cpp_pubsub/package.xml
[6.578s] Invoked command in '/home/sunny/ros2_ws/build/cpp_pubsub' returned '0': CMAKE_PREFIX_PATH=${CMAKE_PREFIX_PATH}:/home/sunny/ros2_ws/install/yolov8_ros:/home/sunny/ros2_ws/install/gptapi:/opt/ros/humble /usr/bin/cmake --install /home/sunny/ros2_ws/build/cpp_pubsub
