[0.243s] Invoking command in '/home/sunny/ros2_ws/build/cpp_svcli': CMAKE_PREFIX_PATH=${CMAKE_PREFIX_PATH}:/home/sunny/ros2_ws/install/yolov8_ros:/home/sunny/ros2_ws/install/gptapi:/opt/ros/humble /usr/bin/cmake --build /home/sunny/ros2_ws/build/cpp_svcli -- -j16 -l16
[0.489s] [100%] Built target server
[0.490s] Invoked command in '/home/sunny/ros2_ws/build/cpp_svcli' returned '0': CMAKE_PREFIX_PATH=${CMAKE_PREFIX_PATH}:/home/sunny/ros2_ws/install/yolov8_ros:/home/sunny/ros2_ws/install/gptapi:/opt/ros/humble /usr/bin/cmake --build /home/sunny/ros2_ws/build/cpp_svcli -- -j16 -l16
[0.501s] Invoking command in '/home/sunny/ros2_ws/build/cpp_svcli': CMAKE_PREFIX_PATH=${CMAKE_PREFIX_PATH}:/home/sunny/ros2_ws/install/yolov8_ros:/home/sunny/ros2_ws/install/gptapi:/opt/ros/humble /usr/bin/cmake --install /home/sunny/ros2_ws/build/cpp_svcli
[0.510s] -- Install configuration: ""
[0.511s] -- Up-to-date: /home/sunny/ros2_ws/install/cpp_svcli/lib/cpp_svcli/server
[0.511s] -- Up-to-date: /home/sunny/ros2_ws/install/cpp_svcli/share/ament_index/resource_index/package_run_dependencies/cpp_svcli
[0.512s] -- Up-to-date: /home/sunny/ros2_ws/install/cpp_svcli/share/ament_index/resource_index/parent_prefix_path/cpp_svcli
[0.514s] -- Up-to-date: /home/sunny/ros2_ws/install/cpp_svcli/share/cpp_svcli/environment/ament_prefix_path.sh
[0.515s] -- Up-to-date: /home/sunny/ros2_ws/install/cpp_svcli/share/cpp_svcli/environment/ament_prefix_path.dsv
[0.515s] -- Up-to-date: /home/sunny/ros2_ws/install/cpp_svcli/share/cpp_svcli/environment/path.sh
[0.515s] -- Up-to-date: /home/sunny/ros2_ws/install/cpp_svcli/share/cpp_svcli/environment/path.dsv
[0.515s] -- Up-to-date: /home/sunny/ros2_ws/install/cpp_svcli/share/cpp_svcli/local_setup.bash
[0.515s] -- Up-to-date: /home/sunny/ros2_ws/install/cpp_svcli/share/cpp_svcli/local_setup.sh
[0.515s] -- Up-to-date: /home/sunny/ros2_ws/install/cpp_svcli/share/cpp_svcli/local_setup.zsh
[0.515s] -- Up-to-date: /home/sunny/ros2_ws/install/cpp_svcli/share/cpp_svcli/local_setup.dsv
[0.515s] -- Installing: /home/sunny/ros2_ws/install/cpp_svcli/share/cpp_svcli/package.dsv
[0.515s] -- Up-to-date: /home/sunny/ros2_ws/install/cpp_svcli/share/ament_index/resource_index/packages/cpp_svcli
[0.515s] -- Up-to-date: /home/sunny/ros2_ws/install/cpp_svcli/share/cpp_svcli/cmake/cpp_svcliConfig.cmake
[0.515s] -- Up-to-date: /home/sunny/ros2_ws/install/cpp_svcli/share/cpp_svcli/cmake/cpp_svcliConfig-version.cmake
[0.515s] -- Up-to-date: /home/sunny/ros2_ws/install/cpp_svcli/share/cpp_svcli/package.xml
[0.518s] Invoked command in '/home/sunny/ros2_ws/build/cpp_svcli' returned '0': CMAKE_PREFIX_PATH=${CMAKE_PREFIX_PATH}:/home/sunny/ros2_ws/install/yolov8_ros:/home/sunny/ros2_ws/install/gptapi:/opt/ros/humble /usr/bin/cmake --install /home/sunny/ros2_ws/build/cpp_svcli
