[0.012s] Invoking command in '/home/sunny/ros2_ws/build/action_tutorials_cpp': CMAKE_PREFIX_PATH=/home/sunny/ros2_ws/install/action_tutorials_interfaces:/home/sunny/ros2_ws/install/yolov8_bringup:/home/sunny/ros2_ws/install/yolov8_msgs:/home/sunny/ros2_ws/install/usb_cam:/home/sunny/ros2_ws/install/turtlesim:/home/sunny/ros2_ws/install/my_package:/home/sunny/ros2_ws/install/cpp_svcli:/home/sunny/ros2_ws/install/cpp_pubsub:/home/sunny/ros2_ws/install/action_tutorials_cpp:/home/sunny/ros2_ws/install/yolov8_ros:/home/sunny/ros2_ws/install/gptapi:/opt/ros/humble LD_LIBRARY_PATH=/home/sunny/ros2_ws/install/action_tutorials_interfaces/lib:/usr/local/cuda/lib64:/home/sunny/ros2_ws/install/yolov8_msgs/lib:/home/sunny/ros2_ws/install/usb_cam/lib:/home/sunny/ros2_ws/install/turtlesim/lib:/home/sunny/ros2_ws/install/action_tutorials_cpp/lib:/opt/ros/humble/opt/rviz_ogre_vendor/lib:/opt/ros/humble/lib/x86_64-linux-gnu:/opt/ros/humble/lib:/usr/local/cuda/lib64:/usr/local/cuda/lib64:/usr/local/cuda/lib64:/home/sunny/.mujoco/mujoco210/bin:/usr/lib/nvidia:/home/sunny/.mujoco/mujoco210/bin:/usr/lib/nvidia:/home/sunny/.mujoco/mujoco210/bin:/usr/lib/nvidia:/home/sunny/.mujoco/mujoco210/bin:/usr/lib/nvidia /usr/bin/cmake --build /home/sunny/ros2_ws/build/action_tutorials_cpp -- -j16 -l16
[0.048s] [35m[1mConsolidate compiler generated dependencies of target action_server[0m
[0.066s] [ 25%] Built target action_server
[0.090s] [ 50%] Built target fibonacci_action_client
[0.117s] [ 75%] Built target fibonacci_action_server
[0.141s] [ 87%] [32mBuilding CXX object CMakeFiles/action_client.dir/src/fibonacci_action_client.cpp.o[0m
[3.008s] [100%] [32m[1mLinking CXX shared library libaction_client.so[0m
[3.160s] [100%] Built target action_client
[3.172s] Invoked command in '/home/sunny/ros2_ws/build/action_tutorials_cpp' returned '0': CMAKE_PREFIX_PATH=/home/sunny/ros2_ws/install/action_tutorials_interfaces:/home/sunny/ros2_ws/install/yolov8_bringup:/home/sunny/ros2_ws/install/yolov8_msgs:/home/sunny/ros2_ws/install/usb_cam:/home/sunny/ros2_ws/install/turtlesim:/home/sunny/ros2_ws/install/my_package:/home/sunny/ros2_ws/install/cpp_svcli:/home/sunny/ros2_ws/install/cpp_pubsub:/home/sunny/ros2_ws/install/action_tutorials_cpp:/home/sunny/ros2_ws/install/yolov8_ros:/home/sunny/ros2_ws/install/gptapi:/opt/ros/humble LD_LIBRARY_PATH=/home/sunny/ros2_ws/install/action_tutorials_interfaces/lib:/usr/local/cuda/lib64:/home/sunny/ros2_ws/install/yolov8_msgs/lib:/home/sunny/ros2_ws/install/usb_cam/lib:/home/sunny/ros2_ws/install/turtlesim/lib:/home/sunny/ros2_ws/install/action_tutorials_cpp/lib:/opt/ros/humble/opt/rviz_ogre_vendor/lib:/opt/ros/humble/lib/x86_64-linux-gnu:/opt/ros/humble/lib:/usr/local/cuda/lib64:/usr/local/cuda/lib64:/usr/local/cuda/lib64:/home/sunny/.mujoco/mujoco210/bin:/usr/lib/nvidia:/home/sunny/.mujoco/mujoco210/bin:/usr/lib/nvidia:/home/sunny/.mujoco/mujoco210/bin:/usr/lib/nvidia:/home/sunny/.mujoco/mujoco210/bin:/usr/lib/nvidia /usr/bin/cmake --build /home/sunny/ros2_ws/build/action_tutorials_cpp -- -j16 -l16
[3.175s] Invoking command in '/home/sunny/ros2_ws/build/action_tutorials_cpp': CMAKE_PREFIX_PATH=/home/sunny/ros2_ws/install/action_tutorials_interfaces:/home/sunny/ros2_ws/install/yolov8_bringup:/home/sunny/ros2_ws/install/yolov8_msgs:/home/sunny/ros2_ws/install/usb_cam:/home/sunny/ros2_ws/install/turtlesim:/home/sunny/ros2_ws/install/my_package:/home/sunny/ros2_ws/install/cpp_svcli:/home/sunny/ros2_ws/install/cpp_pubsub:/home/sunny/ros2_ws/install/action_tutorials_cpp:/home/sunny/ros2_ws/install/yolov8_ros:/home/sunny/ros2_ws/install/gptapi:/opt/ros/humble LD_LIBRARY_PATH=/home/sunny/ros2_ws/install/action_tutorials_interfaces/lib:/usr/local/cuda/lib64:/home/sunny/ros2_ws/install/yolov8_msgs/lib:/home/sunny/ros2_ws/install/usb_cam/lib:/home/sunny/ros2_ws/install/turtlesim/lib:/home/sunny/ros2_ws/install/action_tutorials_cpp/lib:/opt/ros/humble/opt/rviz_ogre_vendor/lib:/opt/ros/humble/lib/x86_64-linux-gnu:/opt/ros/humble/lib:/usr/local/cuda/lib64:/usr/local/cuda/lib64:/usr/local/cuda/lib64:/home/sunny/.mujoco/mujoco210/bin:/usr/lib/nvidia:/home/sunny/.mujoco/mujoco210/bin:/usr/lib/nvidia:/home/sunny/.mujoco/mujoco210/bin:/usr/lib/nvidia:/home/sunny/.mujoco/mujoco210/bin:/usr/lib/nvidia /usr/bin/cmake --install /home/sunny/ros2_ws/build/action_tutorials_cpp
[3.183s] -- Install configuration: ""
[3.184s] -- Up-to-date: /home/sunny/ros2_ws/install/action_tutorials_cpp/lib/action_tutorials_cpp/fibonacci_action_server
[3.185s] -- Up-to-date: /home/sunny/ros2_ws/install/action_tutorials_cpp/lib/action_tutorials_cpp/fibonacci_action_client
[3.185s] -- Up-to-date: /home/sunny/ros2_ws/install/action_tutorials_cpp/lib/libaction_server.so
[3.186s] -- Installing: /home/sunny/ros2_ws/install/action_tutorials_cpp/lib/libaction_client.so
[3.188s] -- Set runtime path of "/home/sunny/ros2_ws/install/action_tutorials_cpp/lib/libaction_client.so" to ""
[3.188s] -- Up-to-date: /home/sunny/ros2_ws/install/action_tutorials_cpp/share/ament_index/resource_index/package_run_dependencies/action_tutorials_cpp
[3.188s] -- Up-to-date: /home/sunny/ros2_ws/install/action_tutorials_cpp/share/ament_index/resource_index/parent_prefix_path/action_tutorials_cpp
[3.188s] -- Up-to-date: /home/sunny/ros2_ws/install/action_tutorials_cpp/share/action_tutorials_cpp/environment/ament_prefix_path.sh
[3.188s] -- Up-to-date: /home/sunny/ros2_ws/install/action_tutorials_cpp/share/action_tutorials_cpp/environment/ament_prefix_path.dsv
[3.188s] -- Up-to-date: /home/sunny/ros2_ws/install/action_tutorials_cpp/share/action_tutorials_cpp/environment/path.sh
[3.188s] -- Up-to-date: /home/sunny/ros2_ws/install/action_tutorials_cpp/share/action_tutorials_cpp/environment/path.dsv
[3.188s] -- Up-to-date: /home/sunny/ros2_ws/install/action_tutorials_cpp/share/action_tutorials_cpp/local_setup.bash
[3.189s] -- Up-to-date: /home/sunny/ros2_ws/install/action_tutorials_cpp/share/action_tutorials_cpp/local_setup.sh
[3.189s] -- Up-to-date: /home/sunny/ros2_ws/install/action_tutorials_cpp/share/action_tutorials_cpp/local_setup.zsh
[3.189s] -- Up-to-date: /home/sunny/ros2_ws/install/action_tutorials_cpp/share/action_tutorials_cpp/local_setup.dsv
[3.189s] -- Installing: /home/sunny/ros2_ws/install/action_tutorials_cpp/share/action_tutorials_cpp/package.dsv
[3.189s] -- Up-to-date: /home/sunny/ros2_ws/install/action_tutorials_cpp/share/ament_index/resource_index/packages/action_tutorials_cpp
[3.189s] -- Up-to-date: /home/sunny/ros2_ws/install/action_tutorials_cpp/share/ament_index/resource_index/rclcpp_components/action_tutorials_cpp
[3.189s] -- Up-to-date: /home/sunny/ros2_ws/install/action_tutorials_cpp/share/action_tutorials_cpp/cmake/action_tutorials_cppConfig.cmake
[3.189s] -- Up-to-date: /home/sunny/ros2_ws/install/action_tutorials_cpp/share/action_tutorials_cpp/cmake/action_tutorials_cppConfig-version.cmake
[3.189s] -- Up-to-date: /home/sunny/ros2_ws/install/action_tutorials_cpp/share/action_tutorials_cpp/package.xml
[3.191s] Invoked command in '/home/sunny/ros2_ws/build/action_tutorials_cpp' returned '0': CMAKE_PREFIX_PATH=/home/sunny/ros2_ws/install/action_tutorials_interfaces:/home/sunny/ros2_ws/install/yolov8_bringup:/home/sunny/ros2_ws/install/yolov8_msgs:/home/sunny/ros2_ws/install/usb_cam:/home/sunny/ros2_ws/install/turtlesim:/home/sunny/ros2_ws/install/my_package:/home/sunny/ros2_ws/install/cpp_svcli:/home/sunny/ros2_ws/install/cpp_pubsub:/home/sunny/ros2_ws/install/action_tutorials_cpp:/home/sunny/ros2_ws/install/yolov8_ros:/home/sunny/ros2_ws/install/gptapi:/opt/ros/humble LD_LIBRARY_PATH=/home/sunny/ros2_ws/install/action_tutorials_interfaces/lib:/usr/local/cuda/lib64:/home/sunny/ros2_ws/install/yolov8_msgs/lib:/home/sunny/ros2_ws/install/usb_cam/lib:/home/sunny/ros2_ws/install/turtlesim/lib:/home/sunny/ros2_ws/install/action_tutorials_cpp/lib:/opt/ros/humble/opt/rviz_ogre_vendor/lib:/opt/ros/humble/lib/x86_64-linux-gnu:/opt/ros/humble/lib:/usr/local/cuda/lib64:/usr/local/cuda/lib64:/usr/local/cuda/lib64:/home/sunny/.mujoco/mujoco210/bin:/usr/lib/nvidia:/home/sunny/.mujoco/mujoco210/bin:/usr/lib/nvidia:/home/sunny/.mujoco/mujoco210/bin:/usr/lib/nvidia:/home/sunny/.mujoco/mujoco210/bin:/usr/lib/nvidia /usr/bin/cmake --install /home/sunny/ros2_ws/build/action_tutorials_cpp
