-- Found ament_cmake: 1.3.14 (/opt/ros/humble/share/ament_cmake/cmake)
-- Found Python3: /usr/bin/python3 (found version "3.10.12") found components: Interpreter 
-- Found rosidl_default_generators: 1.2.1 (/opt/ros/humble/share/rosidl_default_generators/cmake)
-- Using all available rosidl_typesupport_c: rosidl_typesupport_fastrtps_c;rosidl_typesupport_introspection_c
-- Found rosidl_adapter: 3.1.8 (/opt/ros/humble/share/rosidl_adapter/cmake)
-- Using all available rosidl_typesupport_cpp: rosidl_typesupport_fastrtps_cpp;rosidl_typesupport_introspection_cpp
-- Found builtin_interfaces: 1.2.2 (/opt/ros/humble/share/builtin_interfaces/cmake)
-- Found ament_cmake_ros: 0.10.0 (/opt/ros/humble/share/ament_cmake_ros/cmake)
-- Using all available rosidl_typesupport_c: rosidl_typesupport_fastrtps_c;rosidl_typesupport_introspection_c
-- Using all available rosidl_typesupport_cpp: rosidl_typesupport_fastrtps_cpp;rosidl_typesupport_introspection_cpp
-- Found PythonInterp: /usr/bin/python3 (found suitable version "3.10.12", minimum required is "3.6") 
-- Found python_cmake_module: 0.10.0 (/opt/ros/humble/share/python_cmake_module/cmake)
-- Found PythonLibs: /usr/lib/x86_64-linux-gnu/libpython3.10.so (found suitable version "3.10.12", minimum required is "3.5") 
-- Using PYTHON_EXECUTABLE: /usr/bin/python3
-- Using PYTHON_INCLUDE_DIRS: /usr/include/python3.10
-- Using PYTHON_LIBRARIES: /usr/lib/x86_64-linux-gnu/libpython3.10.so
-- Found PythonExtra: .so  
-- Configuring done
-- Generating done
-- Build files have been written to: /home/sunny/cleaner_ws/phyAI_ws/build/cleaner_msgs
[  2%] [34m[1mGenerating C code for ROS interfaces[0m
[  4%] [34m[1mGenerating Rust code for ROS interfaces[0m
[  6%] [34m[1mGenerating C++ code for ROS interfaces[0m
[  6%] Built target ament_cmake_python_copy_cleaner_msgs
[  6%] Built target cleaner_msgs__rs
running egg_info
creating cleaner_msgs.egg-info
writing cleaner_msgs.egg-info/PKG-INFO
writing dependency_links to cleaner_msgs.egg-info/dependency_links.txt
writing top-level names to cleaner_msgs.egg-info/top_level.txt
writing manifest file 'cleaner_msgs.egg-info/SOURCES.txt'
reading manifest file 'cleaner_msgs.egg-info/SOURCES.txt'
writing manifest file 'cleaner_msgs.egg-info/SOURCES.txt'
[  6%] Built target ament_cmake_python_build_cleaner_msgs_egg
[  8%] [32mBuilding C object CMakeFiles/cleaner_msgs__rosidl_generator_c.dir/rosidl_generator_c/cleaner_msgs/msg/detail/replan_request__functions.c.o[0m
[ 10%] [32mBuilding C object CMakeFiles/cleaner_msgs__rosidl_generator_c.dir/rosidl_generator_c/cleaner_msgs/msg/detail/plan_command__functions.c.o[0m
[ 12%] [32mBuilding C object CMakeFiles/cleaner_msgs__rosidl_generator_c.dir/rosidl_generator_c/cleaner_msgs/msg/detail/cleaner_state__functions.c.o[0m
[ 12%] Built target cleaner_msgs__cpp
[ 14%] [34m[1mGenerating C++ introspection for ROS interfaces[0m
[ 16%] [34m[1mGenerating C++ type support for eProsima Fast-RTPS[0m
[ 18%] [34m[1mGenerating C++ type support dispatch for ROS interfaces[0m
[ 20%] [32m[1mLinking C shared library libcleaner_msgs__rosidl_generator_c.so[0m
[ 20%] Built target cleaner_msgs__rosidl_generator_c
[ 25%] [34m[1mGenerating C introspection for ROS interfaces[0m
[ 25%] [34m[1mGenerating C type support for eProsima Fast-RTPS[0m
[ 27%] [34m[1mGenerating C type support dispatch for ROS interfaces[0m
[ 29%] [32mBuilding CXX object CMakeFiles/cleaner_msgs__rosidl_typesupport_fastrtps_cpp.dir/rosidl_typesupport_fastrtps_cpp/cleaner_msgs/msg/detail/dds_fastrtps/replan_request__type_support.cpp.o[0m
[ 31%] [32mBuilding CXX object CMakeFiles/cleaner_msgs__rosidl_typesupport_fastrtps_cpp.dir/rosidl_typesupport_fastrtps_cpp/cleaner_msgs/msg/detail/dds_fastrtps/cleaner_state__type_support.cpp.o[0m
[ 33%] [32mBuilding CXX object CMakeFiles/cleaner_msgs__rosidl_typesupport_fastrtps_cpp.dir/rosidl_typesupport_fastrtps_cpp/cleaner_msgs/msg/detail/dds_fastrtps/plan_command__type_support.cpp.o[0m
[ 35%] [32mBuilding CXX object CMakeFiles/cleaner_msgs__rosidl_typesupport_cpp.dir/rosidl_typesupport_cpp/cleaner_msgs/msg/plan_command__type_support.cpp.o[0m
[ 37%] [32mBuilding CXX object CMakeFiles/cleaner_msgs__rosidl_typesupport_introspection_cpp.dir/rosidl_typesupport_introspection_cpp/cleaner_msgs/msg/detail/cleaner_state__type_support.cpp.o[0m
[ 39%] [32mBuilding CXX object CMakeFiles/cleaner_msgs__rosidl_typesupport_cpp.dir/rosidl_typesupport_cpp/cleaner_msgs/msg/cleaner_state__type_support.cpp.o[0m
[ 43%] [32mBuilding CXX object CMakeFiles/cleaner_msgs__rosidl_typesupport_cpp.dir/rosidl_typesupport_cpp/cleaner_msgs/msg/replan_request__type_support.cpp.o[0m
[ 43%] [32mBuilding CXX object CMakeFiles/cleaner_msgs__rosidl_typesupport_introspection_cpp.dir/rosidl_typesupport_introspection_cpp/cleaner_msgs/msg/detail/plan_command__type_support.cpp.o[0m
[ 45%] [32mBuilding CXX object CMakeFiles/cleaner_msgs__rosidl_typesupport_introspection_cpp.dir/rosidl_typesupport_introspection_cpp/cleaner_msgs/msg/detail/replan_request__type_support.cpp.o[0m
[ 47%] [32mBuilding CXX object CMakeFiles/cleaner_msgs__rosidl_typesupport_c.dir/rosidl_typesupport_c/cleaner_msgs/msg/cleaner_state__type_support.cpp.o[0m
[ 50%] [32mBuilding CXX object CMakeFiles/cleaner_msgs__rosidl_typesupport_c.dir/rosidl_typesupport_c/cleaner_msgs/msg/replan_request__type_support.cpp.o[0m
[ 52%] [32mBuilding CXX object CMakeFiles/cleaner_msgs__rosidl_typesupport_c.dir/rosidl_typesupport_c/cleaner_msgs/msg/plan_command__type_support.cpp.o[0m
[ 54%] [32mBuilding C object CMakeFiles/cleaner_msgs__rosidl_typesupport_introspection_c.dir/rosidl_typesupport_introspection_c/cleaner_msgs/msg/detail/plan_command__type_support.c.o[0m
[ 56%] [32mBuilding C object CMakeFiles/cleaner_msgs__rosidl_typesupport_introspection_c.dir/rosidl_typesupport_introspection_c/cleaner_msgs/msg/detail/cleaner_state__type_support.c.o[0m
[ 58%] [32mBuilding C object CMakeFiles/cleaner_msgs__rosidl_typesupport_introspection_c.dir/rosidl_typesupport_introspection_c/cleaner_msgs/msg/detail/replan_request__type_support.c.o[0m
[ 60%] [32m[1mLinking CXX shared library libcleaner_msgs__rosidl_typesupport_c.so[0m
[ 62%] [32m[1mLinking C shared library libcleaner_msgs__rosidl_typesupport_introspection_c.so[0m
[ 62%] Built target cleaner_msgs__rosidl_typesupport_c
[ 62%] Built target cleaner_msgs__rosidl_typesupport_introspection_c
[ 64%] [32mBuilding CXX object CMakeFiles/cleaner_msgs__rosidl_typesupport_fastrtps_c.dir/rosidl_typesupport_fastrtps_c/cleaner_msgs/msg/detail/cleaner_state__type_support_c.cpp.o[0m
[ 66%] [32mBuilding CXX object CMakeFiles/cleaner_msgs__rosidl_typesupport_fastrtps_c.dir/rosidl_typesupport_fastrtps_c/cleaner_msgs/msg/detail/replan_request__type_support_c.cpp.o[0m
[ 68%] [32mBuilding CXX object CMakeFiles/cleaner_msgs__rosidl_typesupport_fastrtps_c.dir/rosidl_typesupport_fastrtps_c/cleaner_msgs/msg/detail/plan_command__type_support_c.cpp.o[0m
[ 70%] [32m[1mLinking CXX shared library libcleaner_msgs__rosidl_typesupport_cpp.so[0m
[ 70%] Built target cleaner_msgs__rosidl_typesupport_cpp
[ 72%] [32m[1mLinking CXX shared library libcleaner_msgs__rosidl_typesupport_fastrtps_cpp.so[0m
[ 75%] [32m[1mLinking CXX shared library libcleaner_msgs__rosidl_typesupport_introspection_cpp.so[0m
[ 75%] Built target cleaner_msgs__rosidl_typesupport_fastrtps_cpp
[ 75%] Built target cleaner_msgs__rosidl_typesupport_introspection_cpp
[ 77%] [32m[1mLinking CXX shared library libcleaner_msgs__rosidl_typesupport_fastrtps_c.so[0m
[ 77%] Built target cleaner_msgs__rosidl_typesupport_fastrtps_c
[ 77%] Built target cleaner_msgs
[ 79%] [34m[1mGenerating Python code for ROS interfaces[0m
[ 79%] Built target cleaner_msgs__py
[ 85%] [32mBuilding C object CMakeFiles/cleaner_msgs__rosidl_generator_py.dir/rosidl_generator_py/cleaner_msgs/msg/_cleaner_state_s.c.o[0m
[ 85%] [32mBuilding C object CMakeFiles/cleaner_msgs__rosidl_generator_py.dir/rosidl_generator_py/cleaner_msgs/msg/_replan_request_s.c.o[0m
[ 85%] [32mBuilding C object CMakeFiles/cleaner_msgs__rosidl_generator_py.dir/rosidl_generator_py/cleaner_msgs/msg/_plan_command_s.c.o[0m
[ 87%] [32m[1mLinking C shared library rosidl_generator_py/cleaner_msgs/libcleaner_msgs__rosidl_generator_py.so[0m
[ 87%] Built target cleaner_msgs__rosidl_generator_py
[ 93%] [32mBuilding C object CMakeFiles/cleaner_msgs__rosidl_typesupport_c__pyext.dir/rosidl_generator_py/cleaner_msgs/_cleaner_msgs_s.ep.rosidl_typesupport_c.c.o[0m
[ 93%] [32mBuilding C object CMakeFiles/cleaner_msgs__rosidl_typesupport_fastrtps_c__pyext.dir/rosidl_generator_py/cleaner_msgs/_cleaner_msgs_s.ep.rosidl_typesupport_fastrtps_c.c.o[0m
[ 93%] [32mBuilding C object CMakeFiles/cleaner_msgs__rosidl_typesupport_introspection_c__pyext.dir/rosidl_generator_py/cleaner_msgs/_cleaner_msgs_s.ep.rosidl_typesupport_introspection_c.c.o[0m
[ 97%] [32m[1mLinking C shared library rosidl_generator_py/cleaner_msgs/cleaner_msgs_s__rosidl_typesupport_introspection_c.cpython-310-x86_64-linux-gnu.so[0m
[ 97%] [32m[1mLinking C shared library rosidl_generator_py/cleaner_msgs/cleaner_msgs_s__rosidl_typesupport_c.cpython-310-x86_64-linux-gnu.so[0m
[100%] [32m[1mLinking C shared library rosidl_generator_py/cleaner_msgs/cleaner_msgs_s__rosidl_typesupport_fastrtps_c.cpython-310-x86_64-linux-gnu.so[0m
[100%] Built target cleaner_msgs__rosidl_typesupport_introspection_c__pyext
[100%] Built target cleaner_msgs__rosidl_typesupport_fastrtps_c__pyext
[100%] Built target cleaner_msgs__rosidl_typesupport_c__pyext
-- Install configuration: ""
-- Installing: /home/sunny/cleaner_ws/phyAI_ws/install/cleaner_msgs/share/ament_index/resource_index/rosidl_interfaces/cleaner_msgs
-- Installing: /home/sunny/cleaner_ws/phyAI_ws/install/cleaner_msgs/include/cleaner_msgs/cleaner_msgs
-- Installing: /home/sunny/cleaner_ws/phyAI_ws/install/cleaner_msgs/include/cleaner_msgs/cleaner_msgs/msg
-- Installing: /home/sunny/cleaner_ws/phyAI_ws/install/cleaner_msgs/include/cleaner_msgs/cleaner_msgs/msg/replan_request.h
-- Installing: /home/sunny/cleaner_ws/phyAI_ws/install/cleaner_msgs/include/cleaner_msgs/cleaner_msgs/msg/cleaner_state.h
-- Installing: /home/sunny/cleaner_ws/phyAI_ws/install/cleaner_msgs/include/cleaner_msgs/cleaner_msgs/msg/plan_command.h
-- Installing: /home/sunny/cleaner_ws/phyAI_ws/install/cleaner_msgs/include/cleaner_msgs/cleaner_msgs/msg/detail
-- Installing: /home/sunny/cleaner_ws/phyAI_ws/install/cleaner_msgs/include/cleaner_msgs/cleaner_msgs/msg/detail/cleaner_state__struct.h
-- Installing: /home/sunny/cleaner_ws/phyAI_ws/install/cleaner_msgs/include/cleaner_msgs/cleaner_msgs/msg/detail/plan_command__struct.h
-- Installing: /home/sunny/cleaner_ws/phyAI_ws/install/cleaner_msgs/include/cleaner_msgs/cleaner_msgs/msg/detail/plan_command__functions.c
-- Installing: /home/sunny/cleaner_ws/phyAI_ws/install/cleaner_msgs/include/cleaner_msgs/cleaner_msgs/msg/detail/cleaner_state__functions.h
-- Installing: /home/sunny/cleaner_ws/phyAI_ws/install/cleaner_msgs/include/cleaner_msgs/cleaner_msgs/msg/detail/replan_request__functions.h
-- Installing: /home/sunny/cleaner_ws/phyAI_ws/install/cleaner_msgs/include/cleaner_msgs/cleaner_msgs/msg/detail/cleaner_state__functions.c
-- Installing: /home/sunny/cleaner_ws/phyAI_ws/install/cleaner_msgs/include/cleaner_msgs/cleaner_msgs/msg/detail/replan_request__functions.c
-- Installing: /home/sunny/cleaner_ws/phyAI_ws/install/cleaner_msgs/include/cleaner_msgs/cleaner_msgs/msg/detail/replan_request__struct.h
-- Installing: /home/sunny/cleaner_ws/phyAI_ws/install/cleaner_msgs/include/cleaner_msgs/cleaner_msgs/msg/detail/plan_command__functions.h
-- Installing: /home/sunny/cleaner_ws/phyAI_ws/install/cleaner_msgs/include/cleaner_msgs/cleaner_msgs/msg/detail/replan_request__type_support.h
-- Installing: /home/sunny/cleaner_ws/phyAI_ws/install/cleaner_msgs/include/cleaner_msgs/cleaner_msgs/msg/detail/plan_command__type_support.h
-- Installing: /home/sunny/cleaner_ws/phyAI_ws/install/cleaner_msgs/include/cleaner_msgs/cleaner_msgs/msg/detail/cleaner_state__type_support.h
-- Installing: /home/sunny/cleaner_ws/phyAI_ws/install/cleaner_msgs/include/cleaner_msgs/cleaner_msgs/msg/rosidl_generator_c__visibility_control.h
-- Installing: /home/sunny/cleaner_ws/phyAI_ws/install/cleaner_msgs/share/cleaner_msgs/environment/library_path.sh
-- Installing: /home/sunny/cleaner_ws/phyAI_ws/install/cleaner_msgs/share/cleaner_msgs/environment/library_path.dsv
-- Installing: /home/sunny/cleaner_ws/phyAI_ws/install/cleaner_msgs/lib/libcleaner_msgs__rosidl_generator_c.so
-- Set runtime path of "/home/sunny/cleaner_ws/phyAI_ws/install/cleaner_msgs/lib/libcleaner_msgs__rosidl_generator_c.so" to ""
-- Up-to-date: /home/sunny/cleaner_ws/phyAI_ws/install/cleaner_msgs/include/cleaner_msgs/cleaner_msgs
-- Up-to-date: /home/sunny/cleaner_ws/phyAI_ws/install/cleaner_msgs/include/cleaner_msgs/cleaner_msgs/msg
-- Up-to-date: /home/sunny/cleaner_ws/phyAI_ws/install/cleaner_msgs/include/cleaner_msgs/cleaner_msgs/msg/detail
-- Installing: /home/sunny/cleaner_ws/phyAI_ws/install/cleaner_msgs/include/cleaner_msgs/cleaner_msgs/msg/detail/cleaner_state__rosidl_typesupport_fastrtps_c.h
-- Installing: /home/sunny/cleaner_ws/phyAI_ws/install/cleaner_msgs/include/cleaner_msgs/cleaner_msgs/msg/detail/plan_command__rosidl_typesupport_fastrtps_c.h
-- Installing: /home/sunny/cleaner_ws/phyAI_ws/install/cleaner_msgs/include/cleaner_msgs/cleaner_msgs/msg/detail/replan_request__rosidl_typesupport_fastrtps_c.h
-- Installing: /home/sunny/cleaner_ws/phyAI_ws/install/cleaner_msgs/include/cleaner_msgs/cleaner_msgs/msg/rosidl_typesupport_fastrtps_c__visibility_control.h
-- Installing: /home/sunny/cleaner_ws/phyAI_ws/install/cleaner_msgs/lib/libcleaner_msgs__rosidl_typesupport_fastrtps_c.so
-- Set runtime path of "/home/sunny/cleaner_ws/phyAI_ws/install/cleaner_msgs/lib/libcleaner_msgs__rosidl_typesupport_fastrtps_c.so" to ""
-- Up-to-date: /home/sunny/cleaner_ws/phyAI_ws/install/cleaner_msgs/include/cleaner_msgs/cleaner_msgs
-- Up-to-date: /home/sunny/cleaner_ws/phyAI_ws/install/cleaner_msgs/include/cleaner_msgs/cleaner_msgs/msg
-- Up-to-date: /home/sunny/cleaner_ws/phyAI_ws/install/cleaner_msgs/include/cleaner_msgs/cleaner_msgs/msg/detail
-- Installing: /home/sunny/cleaner_ws/phyAI_ws/install/cleaner_msgs/include/cleaner_msgs/cleaner_msgs/msg/detail/replan_request__rosidl_typesupport_introspection_c.h
-- Installing: /home/sunny/cleaner_ws/phyAI_ws/install/cleaner_msgs/include/cleaner_msgs/cleaner_msgs/msg/detail/cleaner_state__type_support.c
-- Installing: /home/sunny/cleaner_ws/phyAI_ws/install/cleaner_msgs/include/cleaner_msgs/cleaner_msgs/msg/detail/cleaner_state__rosidl_typesupport_introspection_c.h
-- Installing: /home/sunny/cleaner_ws/phyAI_ws/install/cleaner_msgs/include/cleaner_msgs/cleaner_msgs/msg/detail/plan_command__type_support.c
-- Installing: /home/sunny/cleaner_ws/phyAI_ws/install/cleaner_msgs/include/cleaner_msgs/cleaner_msgs/msg/detail/plan_command__rosidl_typesupport_introspection_c.h
-- Installing: /home/sunny/cleaner_ws/phyAI_ws/install/cleaner_msgs/include/cleaner_msgs/cleaner_msgs/msg/detail/replan_request__type_support.c
-- Installing: /home/sunny/cleaner_ws/phyAI_ws/install/cleaner_msgs/include/cleaner_msgs/cleaner_msgs/msg/rosidl_typesupport_introspection_c__visibility_control.h
-- Installing: /home/sunny/cleaner_ws/phyAI_ws/install/cleaner_msgs/lib/libcleaner_msgs__rosidl_typesupport_introspection_c.so
-- Set runtime path of "/home/sunny/cleaner_ws/phyAI_ws/install/cleaner_msgs/lib/libcleaner_msgs__rosidl_typesupport_introspection_c.so" to ""
-- Installing: /home/sunny/cleaner_ws/phyAI_ws/install/cleaner_msgs/lib/libcleaner_msgs__rosidl_typesupport_c.so
-- Set runtime path of "/home/sunny/cleaner_ws/phyAI_ws/install/cleaner_msgs/lib/libcleaner_msgs__rosidl_typesupport_c.so" to ""
-- Up-to-date: /home/sunny/cleaner_ws/phyAI_ws/install/cleaner_msgs/include/cleaner_msgs/cleaner_msgs
-- Up-to-date: /home/sunny/cleaner_ws/phyAI_ws/install/cleaner_msgs/include/cleaner_msgs/cleaner_msgs/msg
-- Installing: /home/sunny/cleaner_ws/phyAI_ws/install/cleaner_msgs/include/cleaner_msgs/cleaner_msgs/msg/plan_command.hpp
-- Installing: /home/sunny/cleaner_ws/phyAI_ws/install/cleaner_msgs/include/cleaner_msgs/cleaner_msgs/msg/rosidl_generator_cpp__visibility_control.hpp
-- Installing: /home/sunny/cleaner_ws/phyAI_ws/install/cleaner_msgs/include/cleaner_msgs/cleaner_msgs/msg/cleaner_state.hpp
-- Installing: /home/sunny/cleaner_ws/phyAI_ws/install/cleaner_msgs/include/cleaner_msgs/cleaner_msgs/msg/replan_request.hpp
-- Up-to-date: /home/sunny/cleaner_ws/phyAI_ws/install/cleaner_msgs/include/cleaner_msgs/cleaner_msgs/msg/detail
-- Installing: /home/sunny/cleaner_ws/phyAI_ws/install/cleaner_msgs/include/cleaner_msgs/cleaner_msgs/msg/detail/replan_request__traits.hpp
-- Installing: /home/sunny/cleaner_ws/phyAI_ws/install/cleaner_msgs/include/cleaner_msgs/cleaner_msgs/msg/detail/replan_request__struct.hpp
-- Installing: /home/sunny/cleaner_ws/phyAI_ws/install/cleaner_msgs/include/cleaner_msgs/cleaner_msgs/msg/detail/plan_command__struct.hpp
-- Installing: /home/sunny/cleaner_ws/phyAI_ws/install/cleaner_msgs/include/cleaner_msgs/cleaner_msgs/msg/detail/plan_command__type_support.hpp
-- Installing: /home/sunny/cleaner_ws/phyAI_ws/install/cleaner_msgs/include/cleaner_msgs/cleaner_msgs/msg/detail/cleaner_state__type_support.hpp
-- Installing: /home/sunny/cleaner_ws/phyAI_ws/install/cleaner_msgs/include/cleaner_msgs/cleaner_msgs/msg/detail/cleaner_state__traits.hpp
-- Installing: /home/sunny/cleaner_ws/phyAI_ws/install/cleaner_msgs/include/cleaner_msgs/cleaner_msgs/msg/detail/cleaner_state__builder.hpp
-- Installing: /home/sunny/cleaner_ws/phyAI_ws/install/cleaner_msgs/include/cleaner_msgs/cleaner_msgs/msg/detail/replan_request__builder.hpp
-- Installing: /home/sunny/cleaner_ws/phyAI_ws/install/cleaner_msgs/include/cleaner_msgs/cleaner_msgs/msg/detail/plan_command__traits.hpp
-- Installing: /home/sunny/cleaner_ws/phyAI_ws/install/cleaner_msgs/include/cleaner_msgs/cleaner_msgs/msg/detail/plan_command__builder.hpp
-- Installing: /home/sunny/cleaner_ws/phyAI_ws/install/cleaner_msgs/include/cleaner_msgs/cleaner_msgs/msg/detail/replan_request__type_support.hpp
-- Installing: /home/sunny/cleaner_ws/phyAI_ws/install/cleaner_msgs/include/cleaner_msgs/cleaner_msgs/msg/detail/cleaner_state__struct.hpp
-- Up-to-date: /home/sunny/cleaner_ws/phyAI_ws/install/cleaner_msgs/include/cleaner_msgs/cleaner_msgs
-- Up-to-date: /home/sunny/cleaner_ws/phyAI_ws/install/cleaner_msgs/include/cleaner_msgs/cleaner_msgs/msg
-- Up-to-date: /home/sunny/cleaner_ws/phyAI_ws/install/cleaner_msgs/include/cleaner_msgs/cleaner_msgs/msg/detail
-- Installing: /home/sunny/cleaner_ws/phyAI_ws/install/cleaner_msgs/include/cleaner_msgs/cleaner_msgs/msg/detail/cleaner_state__rosidl_typesupport_fastrtps_cpp.hpp
-- Installing: /home/sunny/cleaner_ws/phyAI_ws/install/cleaner_msgs/include/cleaner_msgs/cleaner_msgs/msg/detail/replan_request__rosidl_typesupport_fastrtps_cpp.hpp
-- Installing: /home/sunny/cleaner_ws/phyAI_ws/install/cleaner_msgs/include/cleaner_msgs/cleaner_msgs/msg/detail/plan_command__rosidl_typesupport_fastrtps_cpp.hpp
-- Installing: /home/sunny/cleaner_ws/phyAI_ws/install/cleaner_msgs/include/cleaner_msgs/cleaner_msgs/msg/detail/dds_fastrtps
-- Installing: /home/sunny/cleaner_ws/phyAI_ws/install/cleaner_msgs/include/cleaner_msgs/cleaner_msgs/msg/rosidl_typesupport_fastrtps_cpp__visibility_control.h
-- Installing: /home/sunny/cleaner_ws/phyAI_ws/install/cleaner_msgs/lib/libcleaner_msgs__rosidl_typesupport_fastrtps_cpp.so
-- Set runtime path of "/home/sunny/cleaner_ws/phyAI_ws/install/cleaner_msgs/lib/libcleaner_msgs__rosidl_typesupport_fastrtps_cpp.so" to ""
-- Up-to-date: /home/sunny/cleaner_ws/phyAI_ws/install/cleaner_msgs/include/cleaner_msgs/cleaner_msgs
-- Up-to-date: /home/sunny/cleaner_ws/phyAI_ws/install/cleaner_msgs/include/cleaner_msgs/cleaner_msgs/msg
-- Up-to-date: /home/sunny/cleaner_ws/phyAI_ws/install/cleaner_msgs/include/cleaner_msgs/cleaner_msgs/msg/detail
-- Installing: /home/sunny/cleaner_ws/phyAI_ws/install/cleaner_msgs/include/cleaner_msgs/cleaner_msgs/msg/detail/replan_request__type_support.cpp
-- Installing: /home/sunny/cleaner_ws/phyAI_ws/install/cleaner_msgs/include/cleaner_msgs/cleaner_msgs/msg/detail/plan_command__type_support.cpp
-- Installing: /home/sunny/cleaner_ws/phyAI_ws/install/cleaner_msgs/include/cleaner_msgs/cleaner_msgs/msg/detail/replan_request__rosidl_typesupport_introspection_cpp.hpp
-- Installing: /home/sunny/cleaner_ws/phyAI_ws/install/cleaner_msgs/include/cleaner_msgs/cleaner_msgs/msg/detail/plan_command__rosidl_typesupport_introspection_cpp.hpp
-- Installing: /home/sunny/cleaner_ws/phyAI_ws/install/cleaner_msgs/include/cleaner_msgs/cleaner_msgs/msg/detail/cleaner_state__rosidl_typesupport_introspection_cpp.hpp
-- Installing: /home/sunny/cleaner_ws/phyAI_ws/install/cleaner_msgs/include/cleaner_msgs/cleaner_msgs/msg/detail/cleaner_state__type_support.cpp
-- Installing: /home/sunny/cleaner_ws/phyAI_ws/install/cleaner_msgs/lib/libcleaner_msgs__rosidl_typesupport_introspection_cpp.so
-- Set runtime path of "/home/sunny/cleaner_ws/phyAI_ws/install/cleaner_msgs/lib/libcleaner_msgs__rosidl_typesupport_introspection_cpp.so" to ""
-- Installing: /home/sunny/cleaner_ws/phyAI_ws/install/cleaner_msgs/lib/libcleaner_msgs__rosidl_typesupport_cpp.so
-- Set runtime path of "/home/sunny/cleaner_ws/phyAI_ws/install/cleaner_msgs/lib/libcleaner_msgs__rosidl_typesupport_cpp.so" to ""
-- Installing: /home/sunny/cleaner_ws/phyAI_ws/install/cleaner_msgs/share/cleaner_msgs/environment/pythonpath.sh
-- Installing: /home/sunny/cleaner_ws/phyAI_ws/install/cleaner_msgs/share/cleaner_msgs/environment/pythonpath.dsv
-- Installing: /home/sunny/cleaner_ws/phyAI_ws/install/cleaner_msgs/local/lib/python3.10/dist-packages/cleaner_msgs-0.0.1-py3.10.egg-info
-- Installing: /home/sunny/cleaner_ws/phyAI_ws/install/cleaner_msgs/local/lib/python3.10/dist-packages/cleaner_msgs-0.0.1-py3.10.egg-info/top_level.txt
-- Installing: /home/sunny/cleaner_ws/phyAI_ws/install/cleaner_msgs/local/lib/python3.10/dist-packages/cleaner_msgs-0.0.1-py3.10.egg-info/PKG-INFO
-- Installing: /home/sunny/cleaner_ws/phyAI_ws/install/cleaner_msgs/local/lib/python3.10/dist-packages/cleaner_msgs-0.0.1-py3.10.egg-info/SOURCES.txt
-- Installing: /home/sunny/cleaner_ws/phyAI_ws/install/cleaner_msgs/local/lib/python3.10/dist-packages/cleaner_msgs-0.0.1-py3.10.egg-info/dependency_links.txt
-- Installing: /home/sunny/cleaner_ws/phyAI_ws/install/cleaner_msgs/local/lib/python3.10/dist-packages/cleaner_msgs
-- Installing: /home/sunny/cleaner_ws/phyAI_ws/install/cleaner_msgs/local/lib/python3.10/dist-packages/cleaner_msgs/_cleaner_msgs_s.ep.rosidl_typesupport_fastrtps_c.c
-- Installing: /home/sunny/cleaner_ws/phyAI_ws/install/cleaner_msgs/local/lib/python3.10/dist-packages/cleaner_msgs/cleaner_msgs_s__rosidl_typesupport_c.cpython-310-x86_64-linux-gnu.so
-- Installing: /home/sunny/cleaner_ws/phyAI_ws/install/cleaner_msgs/local/lib/python3.10/dist-packages/cleaner_msgs/msg
-- Installing: /home/sunny/cleaner_ws/phyAI_ws/install/cleaner_msgs/local/lib/python3.10/dist-packages/cleaner_msgs/msg/_replan_request.py
-- Installing: /home/sunny/cleaner_ws/phyAI_ws/install/cleaner_msgs/local/lib/python3.10/dist-packages/cleaner_msgs/msg/_cleaner_state.py
-- Installing: /home/sunny/cleaner_ws/phyAI_ws/install/cleaner_msgs/local/lib/python3.10/dist-packages/cleaner_msgs/msg/__init__.py
-- Installing: /home/sunny/cleaner_ws/phyAI_ws/install/cleaner_msgs/local/lib/python3.10/dist-packages/cleaner_msgs/msg/_plan_command_s.c
-- Installing: /home/sunny/cleaner_ws/phyAI_ws/install/cleaner_msgs/local/lib/python3.10/dist-packages/cleaner_msgs/msg/_plan_command.py
-- Installing: /home/sunny/cleaner_ws/phyAI_ws/install/cleaner_msgs/local/lib/python3.10/dist-packages/cleaner_msgs/msg/_cleaner_state_s.c
-- Installing: /home/sunny/cleaner_ws/phyAI_ws/install/cleaner_msgs/local/lib/python3.10/dist-packages/cleaner_msgs/msg/_replan_request_s.c
-- Installing: /home/sunny/cleaner_ws/phyAI_ws/install/cleaner_msgs/local/lib/python3.10/dist-packages/cleaner_msgs/_cleaner_msgs_s.ep.rosidl_typesupport_c.c
-- Installing: /home/sunny/cleaner_ws/phyAI_ws/install/cleaner_msgs/local/lib/python3.10/dist-packages/cleaner_msgs/cleaner_msgs_s__rosidl_typesupport_fastrtps_c.cpython-310-x86_64-linux-gnu.so
-- Installing: /home/sunny/cleaner_ws/phyAI_ws/install/cleaner_msgs/local/lib/python3.10/dist-packages/cleaner_msgs/__init__.py
-- Installing: /home/sunny/cleaner_ws/phyAI_ws/install/cleaner_msgs/local/lib/python3.10/dist-packages/cleaner_msgs/libcleaner_msgs__rosidl_generator_py.so
-- Installing: /home/sunny/cleaner_ws/phyAI_ws/install/cleaner_msgs/local/lib/python3.10/dist-packages/cleaner_msgs/cleaner_msgs_s__rosidl_typesupport_introspection_c.cpython-310-x86_64-linux-gnu.so
-- Installing: /home/sunny/cleaner_ws/phyAI_ws/install/cleaner_msgs/local/lib/python3.10/dist-packages/cleaner_msgs/_cleaner_msgs_s.ep.rosidl_typesupport_introspection_c.c
Listing '/home/sunny/cleaner_ws/phyAI_ws/install/cleaner_msgs/local/lib/python3.10/dist-packages/cleaner_msgs'...
Compiling '/home/sunny/cleaner_ws/phyAI_ws/install/cleaner_msgs/local/lib/python3.10/dist-packages/cleaner_msgs/__init__.py'...
Listing '/home/sunny/cleaner_ws/phyAI_ws/install/cleaner_msgs/local/lib/python3.10/dist-packages/cleaner_msgs/msg'...
Compiling '/home/sunny/cleaner_ws/phyAI_ws/install/cleaner_msgs/local/lib/python3.10/dist-packages/cleaner_msgs/msg/__init__.py'...
Compiling '/home/sunny/cleaner_ws/phyAI_ws/install/cleaner_msgs/local/lib/python3.10/dist-packages/cleaner_msgs/msg/_cleaner_state.py'...
Compiling '/home/sunny/cleaner_ws/phyAI_ws/install/cleaner_msgs/local/lib/python3.10/dist-packages/cleaner_msgs/msg/_plan_command.py'...
Compiling '/home/sunny/cleaner_ws/phyAI_ws/install/cleaner_msgs/local/lib/python3.10/dist-packages/cleaner_msgs/msg/_replan_request.py'...
-- Installing: /home/sunny/cleaner_ws/phyAI_ws/install/cleaner_msgs/local/lib/python3.10/dist-packages/cleaner_msgs/cleaner_msgs_s__rosidl_typesupport_fastrtps_c.cpython-310-x86_64-linux-gnu.so
-- Set runtime path of "/home/sunny/cleaner_ws/phyAI_ws/install/cleaner_msgs/local/lib/python3.10/dist-packages/cleaner_msgs/cleaner_msgs_s__rosidl_typesupport_fastrtps_c.cpython-310-x86_64-linux-gnu.so" to ""
-- Installing: /home/sunny/cleaner_ws/phyAI_ws/install/cleaner_msgs/local/lib/python3.10/dist-packages/cleaner_msgs/cleaner_msgs_s__rosidl_typesupport_introspection_c.cpython-310-x86_64-linux-gnu.so
-- Set runtime path of "/home/sunny/cleaner_ws/phyAI_ws/install/cleaner_msgs/local/lib/python3.10/dist-packages/cleaner_msgs/cleaner_msgs_s__rosidl_typesupport_introspection_c.cpython-310-x86_64-linux-gnu.so" to ""
-- Installing: /home/sunny/cleaner_ws/phyAI_ws/install/cleaner_msgs/local/lib/python3.10/dist-packages/cleaner_msgs/cleaner_msgs_s__rosidl_typesupport_c.cpython-310-x86_64-linux-gnu.so
-- Set runtime path of "/home/sunny/cleaner_ws/phyAI_ws/install/cleaner_msgs/local/lib/python3.10/dist-packages/cleaner_msgs/cleaner_msgs_s__rosidl_typesupport_c.cpython-310-x86_64-linux-gnu.so" to ""
-- Installing: /home/sunny/cleaner_ws/phyAI_ws/install/cleaner_msgs/lib/libcleaner_msgs__rosidl_generator_py.so
-- Set runtime path of "/home/sunny/cleaner_ws/phyAI_ws/install/cleaner_msgs/lib/libcleaner_msgs__rosidl_generator_py.so" to ""
-- Installing: /home/sunny/cleaner_ws/phyAI_ws/install/cleaner_msgs/share/ament_index/resource_index/rust_packages/cleaner_msgs
-- Installing: /home/sunny/cleaner_ws/phyAI_ws/install/cleaner_msgs/share/cleaner_msgs/rust
-- Installing: /home/sunny/cleaner_ws/phyAI_ws/install/cleaner_msgs/share/cleaner_msgs/rust/build.rs
-- Installing: /home/sunny/cleaner_ws/phyAI_ws/install/cleaner_msgs/share/cleaner_msgs/rust/Cargo.toml
-- Installing: /home/sunny/cleaner_ws/phyAI_ws/install/cleaner_msgs/share/cleaner_msgs/rust/src
-- Installing: /home/sunny/cleaner_ws/phyAI_ws/install/cleaner_msgs/share/cleaner_msgs/rust/src/msg
-- Installing: /home/sunny/cleaner_ws/phyAI_ws/install/cleaner_msgs/share/cleaner_msgs/rust/src/msg/rmw.rs
-- Installing: /home/sunny/cleaner_ws/phyAI_ws/install/cleaner_msgs/share/cleaner_msgs/rust/src/lib.rs
-- Installing: /home/sunny/cleaner_ws/phyAI_ws/install/cleaner_msgs/share/cleaner_msgs/rust/src/msg.rs
-- Installing: /home/sunny/cleaner_ws/phyAI_ws/install/cleaner_msgs/share/cleaner_msgs/msg/CleanerState.idl
-- Installing: /home/sunny/cleaner_ws/phyAI_ws/install/cleaner_msgs/share/cleaner_msgs/msg/PlanCommand.idl
-- Installing: /home/sunny/cleaner_ws/phyAI_ws/install/cleaner_msgs/share/cleaner_msgs/msg/ReplanRequest.idl
-- Installing: /home/sunny/cleaner_ws/phyAI_ws/install/cleaner_msgs/share/cleaner_msgs/msg/CleanerState.msg
-- Installing: /home/sunny/cleaner_ws/phyAI_ws/install/cleaner_msgs/share/cleaner_msgs/msg/PlanCommand.msg
-- Installing: /home/sunny/cleaner_ws/phyAI_ws/install/cleaner_msgs/share/cleaner_msgs/msg/ReplanRequest.msg
-- Installing: /home/sunny/cleaner_ws/phyAI_ws/install/cleaner_msgs/share/ament_index/resource_index/package_run_dependencies/cleaner_msgs
-- Installing: /home/sunny/cleaner_ws/phyAI_ws/install/cleaner_msgs/share/ament_index/resource_index/parent_prefix_path/cleaner_msgs
-- Installing: /home/sunny/cleaner_ws/phyAI_ws/install/cleaner_msgs/share/cleaner_msgs/environment/ament_prefix_path.sh
-- Installing: /home/sunny/cleaner_ws/phyAI_ws/install/cleaner_msgs/share/cleaner_msgs/environment/ament_prefix_path.dsv
-- Installing: /home/sunny/cleaner_ws/phyAI_ws/install/cleaner_msgs/share/cleaner_msgs/environment/path.sh
-- Installing: /home/sunny/cleaner_ws/phyAI_ws/install/cleaner_msgs/share/cleaner_msgs/environment/path.dsv
-- Installing: /home/sunny/cleaner_ws/phyAI_ws/install/cleaner_msgs/share/cleaner_msgs/local_setup.bash
-- Installing: /home/sunny/cleaner_ws/phyAI_ws/install/cleaner_msgs/share/cleaner_msgs/local_setup.sh
-- Installing: /home/sunny/cleaner_ws/phyAI_ws/install/cleaner_msgs/share/cleaner_msgs/local_setup.zsh
-- Installing: /home/sunny/cleaner_ws/phyAI_ws/install/cleaner_msgs/share/cleaner_msgs/local_setup.dsv
-- Installing: /home/sunny/cleaner_ws/phyAI_ws/install/cleaner_msgs/share/cleaner_msgs/package.dsv
-- Installing: /home/sunny/cleaner_ws/phyAI_ws/install/cleaner_msgs/share/ament_index/resource_index/packages/cleaner_msgs
-- Installing: /home/sunny/cleaner_ws/phyAI_ws/install/cleaner_msgs/share/cleaner_msgs/cmake/export_cleaner_msgs__rosidl_generator_cExport.cmake
-- Installing: /home/sunny/cleaner_ws/phyAI_ws/install/cleaner_msgs/share/cleaner_msgs/cmake/export_cleaner_msgs__rosidl_generator_cExport-noconfig.cmake
-- Installing: /home/sunny/cleaner_ws/phyAI_ws/install/cleaner_msgs/share/cleaner_msgs/cmake/export_cleaner_msgs__rosidl_typesupport_fastrtps_cExport.cmake
-- Installing: /home/sunny/cleaner_ws/phyAI_ws/install/cleaner_msgs/share/cleaner_msgs/cmake/export_cleaner_msgs__rosidl_typesupport_fastrtps_cExport-noconfig.cmake
-- Installing: /home/sunny/cleaner_ws/phyAI_ws/install/cleaner_msgs/share/cleaner_msgs/cmake/cleaner_msgs__rosidl_typesupport_introspection_cExport.cmake
-- Installing: /home/sunny/cleaner_ws/phyAI_ws/install/cleaner_msgs/share/cleaner_msgs/cmake/cleaner_msgs__rosidl_typesupport_introspection_cExport-noconfig.cmake
-- Installing: /home/sunny/cleaner_ws/phyAI_ws/install/cleaner_msgs/share/cleaner_msgs/cmake/cleaner_msgs__rosidl_typesupport_cExport.cmake
-- Installing: /home/sunny/cleaner_ws/phyAI_ws/install/cleaner_msgs/share/cleaner_msgs/cmake/cleaner_msgs__rosidl_typesupport_cExport-noconfig.cmake
-- Installing: /home/sunny/cleaner_ws/phyAI_ws/install/cleaner_msgs/share/cleaner_msgs/cmake/export_cleaner_msgs__rosidl_generator_cppExport.cmake
-- Installing: /home/sunny/cleaner_ws/phyAI_ws/install/cleaner_msgs/share/cleaner_msgs/cmake/export_cleaner_msgs__rosidl_typesupport_fastrtps_cppExport.cmake
-- Installing: /home/sunny/cleaner_ws/phyAI_ws/install/cleaner_msgs/share/cleaner_msgs/cmake/export_cleaner_msgs__rosidl_typesupport_fastrtps_cppExport-noconfig.cmake
-- Installing: /home/sunny/cleaner_ws/phyAI_ws/install/cleaner_msgs/share/cleaner_msgs/cmake/cleaner_msgs__rosidl_typesupport_introspection_cppExport.cmake
-- Installing: /home/sunny/cleaner_ws/phyAI_ws/install/cleaner_msgs/share/cleaner_msgs/cmake/cleaner_msgs__rosidl_typesupport_introspection_cppExport-noconfig.cmake
-- Installing: /home/sunny/cleaner_ws/phyAI_ws/install/cleaner_msgs/share/cleaner_msgs/cmake/cleaner_msgs__rosidl_typesupport_cppExport.cmake
-- Installing: /home/sunny/cleaner_ws/phyAI_ws/install/cleaner_msgs/share/cleaner_msgs/cmake/cleaner_msgs__rosidl_typesupport_cppExport-noconfig.cmake
-- Installing: /home/sunny/cleaner_ws/phyAI_ws/install/cleaner_msgs/share/cleaner_msgs/cmake/export_cleaner_msgs__rosidl_generator_pyExport.cmake
-- Installing: /home/sunny/cleaner_ws/phyAI_ws/install/cleaner_msgs/share/cleaner_msgs/cmake/export_cleaner_msgs__rosidl_generator_pyExport-noconfig.cmake
-- Installing: /home/sunny/cleaner_ws/phyAI_ws/install/cleaner_msgs/share/cleaner_msgs/cmake/rosidl_cmake-extras.cmake
-- Installing: /home/sunny/cleaner_ws/phyAI_ws/install/cleaner_msgs/share/cleaner_msgs/cmake/ament_cmake_export_dependencies-extras.cmake
-- Installing: /home/sunny/cleaner_ws/phyAI_ws/install/cleaner_msgs/share/cleaner_msgs/cmake/ament_cmake_export_include_directories-extras.cmake
-- Installing: /home/sunny/cleaner_ws/phyAI_ws/install/cleaner_msgs/share/cleaner_msgs/cmake/ament_cmake_export_libraries-extras.cmake
-- Installing: /home/sunny/cleaner_ws/phyAI_ws/install/cleaner_msgs/share/cleaner_msgs/cmake/ament_cmake_export_targets-extras.cmake
-- Installing: /home/sunny/cleaner_ws/phyAI_ws/install/cleaner_msgs/share/cleaner_msgs/cmake/rosidl_cmake_export_typesupport_targets-extras.cmake
-- Installing: /home/sunny/cleaner_ws/phyAI_ws/install/cleaner_msgs/share/cleaner_msgs/cmake/rosidl_cmake_export_typesupport_libraries-extras.cmake
-- Installing: /home/sunny/cleaner_ws/phyAI_ws/install/cleaner_msgs/share/cleaner_msgs/cmake/cleaner_msgsConfig.cmake
-- Installing: /home/sunny/cleaner_ws/phyAI_ws/install/cleaner_msgs/share/cleaner_msgs/cmake/cleaner_msgsConfig-version.cmake
-- Installing: /home/sunny/cleaner_ws/phyAI_ws/install/cleaner_msgs/share/cleaner_msgs/package.xml
