[  0%] Built target yolov8_msgs__cpp
[  0%] Built target ament_cmake_python_copy_yolov8_msgs
[ 12%] Built target yolov8_msgs__rosidl_typesupport_introspection_cpp
running egg_info
writing yolov8_msgs.egg-info/PKG-INFO
writing dependency_links to yolov8_msgs.egg-info/dependency_links.txt
writing top-level names to yolov8_msgs.egg-info/top_level.txt
reading manifest file 'yolov8_msgs.egg-info/SOURCES.txt'
writing manifest file 'yolov8_msgs.egg-info/SOURCES.txt'
[ 12%] Built target ament_cmake_python_build_yolov8_msgs_egg
[ 23%] Built target yolov8_msgs__rosidl_typesupport_fastrtps_cpp
[ 35%] Built target yolov8_msgs__rosidl_typesupport_cpp
[ 47%] Built target yolov8_msgs__rosidl_generator_c
[ 59%] Built target yolov8_msgs__rosidl_typesupport_fastrtps_c
[ 71%] Built target yolov8_msgs__rosidl_typesupport_c
[ 83%] Built target yolov8_msgs__rosidl_typesupport_introspection_c
[ 83%] Built target yolov8_msgs
[ 84%] Built target yolov8_msgs__py
[ 95%] Built target yolov8_msgs__rosidl_generator_py
[ 97%] Built target yolov8_msgs__rosidl_typesupport_fastrtps_c__pyext
[ 98%] Built target yolov8_msgs__rosidl_typesupport_c__pyext
[100%] Built target yolov8_msgs__rosidl_typesupport_introspection_c__pyext
