[1.325s] Invoking command in '/home/sunny/cleaner_ws/phyAI_ws/src/gptapi': PYTHONPATH=/home/sunny/cleaner_ws/phyAI_ws/build/gptapi/prefix_override:/usr/lib/python3/dist-packages/colcon_core/task/python/colcon_distutils_commands:/home/sunny/cleaner_ws/phyAI_ws/install/gptapi/lib/python3.10/site-packages:${PYTHONPATH} /usr/bin/python3 -W ignore:setup.py install is deprecated -W ignore:easy_install command is deprecated setup.py egg_info --egg-base ../../build/gptapi build --build-base /home/sunny/cleaner_ws/phyAI_ws/build/gptapi/build install --record /home/sunny/cleaner_ws/phyAI_ws/build/gptapi/install.log --single-version-externally-managed install_data
[1.680s] running egg_info
[1.680s] creating ../../build/gptapi/gptapi.egg-info
[1.680s] writing ../../build/gptapi/gptapi.egg-info/PKG-INFO
[1.680s] writing dependency_links to ../../build/gptapi/gptapi.egg-info/dependency_links.txt
[1.680s] writing entry points to ../../build/gptapi/gptapi.egg-info/entry_points.txt
[1.681s] writing requirements to ../../build/gptapi/gptapi.egg-info/requires.txt
[1.681s] writing top-level names to ../../build/gptapi/gptapi.egg-info/top_level.txt
[1.681s] writing manifest file '../../build/gptapi/gptapi.egg-info/SOURCES.txt'
[1.682s] reading manifest file '../../build/gptapi/gptapi.egg-info/SOURCES.txt'
[1.684s] writing manifest file '../../build/gptapi/gptapi.egg-info/SOURCES.txt'
[1.684s] running build
[1.684s] running build_py
[1.684s] creating /home/sunny/cleaner_ws/phyAI_ws/build/gptapi/build
[1.685s] creating /home/sunny/cleaner_ws/phyAI_ws/build/gptapi/build/lib
[1.685s] creating /home/sunny/cleaner_ws/phyAI_ws/build/gptapi/build/lib/gptapi
[1.685s] copying gptapi/__init__.py -> /home/sunny/cleaner_ws/phyAI_ws/build/gptapi/build/lib/gptapi
[1.685s] copying gptapi/action_generator.py -> /home/sunny/cleaner_ws/phyAI_ws/build/gptapi/build/lib/gptapi
[1.686s] copying gptapi/action_interpreter.py -> /home/sunny/cleaner_ws/phyAI_ws/build/gptapi/build/lib/gptapi
[1.686s] running install
[1.686s] running install_lib
[1.687s] creating /home/sunny/cleaner_ws/phyAI_ws/install/gptapi/lib/python3.10/site-packages/gptapi
[1.688s] copying /home/sunny/cleaner_ws/phyAI_ws/build/gptapi/build/lib/gptapi/__init__.py -> /home/sunny/cleaner_ws/phyAI_ws/install/gptapi/lib/python3.10/site-packages/gptapi
[1.688s] copying /home/sunny/cleaner_ws/phyAI_ws/build/gptapi/build/lib/gptapi/action_generator.py -> /home/sunny/cleaner_ws/phyAI_ws/install/gptapi/lib/python3.10/site-packages/gptapi
[1.688s] copying /home/sunny/cleaner_ws/phyAI_ws/build/gptapi/build/lib/gptapi/action_interpreter.py -> /home/sunny/cleaner_ws/phyAI_ws/install/gptapi/lib/python3.10/site-packages/gptapi
[1.689s] byte-compiling /home/sunny/cleaner_ws/phyAI_ws/install/gptapi/lib/python3.10/site-packages/gptapi/__init__.py to __init__.cpython-310.pyc
[1.690s] byte-compiling /home/sunny/cleaner_ws/phyAI_ws/install/gptapi/lib/python3.10/site-packages/gptapi/action_generator.py to action_generator.cpython-310.pyc
[1.690s] byte-compiling /home/sunny/cleaner_ws/phyAI_ws/install/gptapi/lib/python3.10/site-packages/gptapi/action_interpreter.py to action_interpreter.cpython-310.pyc
[1.691s] running install_data
[1.691s] creating /home/sunny/cleaner_ws/phyAI_ws/install/gptapi/share/ament_index
[1.691s] creating /home/sunny/cleaner_ws/phyAI_ws/install/gptapi/share/ament_index/resource_index
[1.692s] creating /home/sunny/cleaner_ws/phyAI_ws/install/gptapi/share/ament_index/resource_index/packages
[1.692s] copying resource/gptapi -> /home/sunny/cleaner_ws/phyAI_ws/install/gptapi/share/ament_index/resource_index/packages
[1.692s] copying package.xml -> /home/sunny/cleaner_ws/phyAI_ws/install/gptapi/share/gptapi
[1.692s] running install_egg_info
[1.699s] Copying ../../build/gptapi/gptapi.egg-info to /home/sunny/cleaner_ws/phyAI_ws/install/gptapi/lib/python3.10/site-packages/gptapi-0.0.0-py3.10.egg-info
[1.699s] running install_scripts
[1.725s] Installing action_generator script to /home/sunny/cleaner_ws/phyAI_ws/install/gptapi/lib/gptapi
[1.726s] Installing action_interpreter script to /home/sunny/cleaner_ws/phyAI_ws/install/gptapi/lib/gptapi
[1.726s] writing list of installed files to '/home/sunny/cleaner_ws/phyAI_ws/build/gptapi/install.log'
[1.775s] Invoked command in '/home/sunny/cleaner_ws/phyAI_ws/src/gptapi' returned '0': PYTHONPATH=/home/sunny/cleaner_ws/phyAI_ws/build/gptapi/prefix_override:/usr/lib/python3/dist-packages/colcon_core/task/python/colcon_distutils_commands:/home/sunny/cleaner_ws/phyAI_ws/install/gptapi/lib/python3.10/site-packages:${PYTHONPATH} /usr/bin/python3 -W ignore:setup.py install is deprecated -W ignore:easy_install command is deprecated setup.py egg_info --egg-base ../../build/gptapi build --build-base /home/sunny/cleaner_ws/phyAI_ws/build/gptapi/build install --record /home/sunny/cleaner_ws/phyAI_ws/build/gptapi/install.log --single-version-externally-managed install_data
