[1.106s] Invoking command in '/home/sunny/cleaner_ws/phyAI_ws/src/cleaner_system2': PYTHONPATH=/home/sunny/cleaner_ws/phyAI_ws/build/cleaner_system2/prefix_override:/usr/lib/python3/dist-packages/colcon_core/task/python/colcon_distutils_commands:/home/sunny/cleaner_ws/phyAI_ws/install/cleaner_system2/lib/python3.10/site-packages:${PYTHONPATH} /usr/bin/python3 -W ignore:setup.py install is deprecated -W ignore:easy_install command is deprecated setup.py egg_info --egg-base ../../build/cleaner_system2 build --build-base /home/sunny/cleaner_ws/phyAI_ws/build/cleaner_system2/build install --record /home/sunny/cleaner_ws/phyAI_ws/build/cleaner_system2/install.log --single-version-externally-managed install_data
[1.290s] running egg_info
[1.291s] writing ../../build/cleaner_system2/cleaner_system2.egg-info/PKG-INFO
[1.291s] writing dependency_links to ../../build/cleaner_system2/cleaner_system2.egg-info/dependency_links.txt
[1.291s] writing entry points to ../../build/cleaner_system2/cleaner_system2.egg-info/entry_points.txt
[1.291s] writing requirements to ../../build/cleaner_system2/cleaner_system2.egg-info/requires.txt
[1.291s] writing top-level names to ../../build/cleaner_system2/cleaner_system2.egg-info/top_level.txt
[1.293s] reading manifest file '../../build/cleaner_system2/cleaner_system2.egg-info/SOURCES.txt'
[1.293s] adding license file 'LICENSE'
[1.294s] writing manifest file '../../build/cleaner_system2/cleaner_system2.egg-info/SOURCES.txt'
[1.294s] running build
[1.294s] running build_py
[1.295s] copying cleaner_system2/llm_planner.py -> /home/sunny/cleaner_ws/phyAI_ws/build/cleaner_system2/build/lib/cleaner_system2
[1.295s] running install
[1.295s] running install_lib
[1.297s] copying /home/sunny/cleaner_ws/phyAI_ws/build/cleaner_system2/build/lib/cleaner_system2/llm_planner.py -> /home/sunny/cleaner_ws/phyAI_ws/install/cleaner_system2/lib/python3.10/site-packages/cleaner_system2
[1.297s] byte-compiling /home/sunny/cleaner_ws/phyAI_ws/install/cleaner_system2/lib/python3.10/site-packages/cleaner_system2/llm_planner.py to llm_planner.cpython-310.pyc
[1.299s] running install_data
[1.299s] running install_egg_info
[1.301s] removing '/home/sunny/cleaner_ws/phyAI_ws/install/cleaner_system2/lib/python3.10/site-packages/cleaner_system2-0.0.1-py3.10.egg-info' (and everything under it)
[1.301s] Copying ../../build/cleaner_system2/cleaner_system2.egg-info to /home/sunny/cleaner_ws/phyAI_ws/install/cleaner_system2/lib/python3.10/site-packages/cleaner_system2-0.0.1-py3.10.egg-info
[1.302s] running install_scripts
[1.320s] Installing system2_node script to /home/sunny/cleaner_ws/phyAI_ws/install/cleaner_system2/lib/cleaner_system2
[1.320s] writing list of installed files to '/home/sunny/cleaner_ws/phyAI_ws/build/cleaner_system2/install.log'
[1.364s] Invoked command in '/home/sunny/cleaner_ws/phyAI_ws/src/cleaner_system2' returned '0': PYTHONPATH=/home/sunny/cleaner_ws/phyAI_ws/build/cleaner_system2/prefix_override:/usr/lib/python3/dist-packages/colcon_core/task/python/colcon_distutils_commands:/home/sunny/cleaner_ws/phyAI_ws/install/cleaner_system2/lib/python3.10/site-packages:${PYTHONPATH} /usr/bin/python3 -W ignore:setup.py install is deprecated -W ignore:easy_install command is deprecated setup.py egg_info --egg-base ../../build/cleaner_system2 build --build-base /home/sunny/cleaner_ws/phyAI_ws/build/cleaner_system2/build install --record /home/sunny/cleaner_ws/phyAI_ws/build/cleaner_system2/install.log --single-version-externally-managed install_data
