running egg_info
creating ../../build/vision_context_builder/vision_context_builder.egg-info
writing ../../build/vision_context_builder/vision_context_builder.egg-info/PKG-INFO
writing dependency_links to ../../build/vision_context_builder/vision_context_builder.egg-info/dependency_links.txt
writing entry points to ../../build/vision_context_builder/vision_context_builder.egg-info/entry_points.txt
writing requirements to ../../build/vision_context_builder/vision_context_builder.egg-info/requires.txt
writing top-level names to ../../build/vision_context_builder/vision_context_builder.egg-info/top_level.txt
writing manifest file '../../build/vision_context_builder/vision_context_builder.egg-info/SOURCES.txt'
reading manifest file '../../build/vision_context_builder/vision_context_builder.egg-info/SOURCES.txt'
adding license file 'LICENSE'
writing manifest file '../../build/vision_context_builder/vision_context_builder.egg-info/SOURCES.txt'
running build
running build_py
creating /home/sunny/cleaner_ws/phyAI_ws/build/vision_context_builder/build
creating /home/sunny/cleaner_ws/phyAI_ws/build/vision_context_builder/build/lib
creating /home/sunny/cleaner_ws/phyAI_ws/build/vision_context_builder/build/lib/vision_context_builder
copying vision_context_builder/__init__.py -> /home/sunny/cleaner_ws/phyAI_ws/build/vision_context_builder/build/lib/vision_context_builder
copying vision_context_builder/vision_context_builder_node.py -> /home/sunny/cleaner_ws/phyAI_ws/build/vision_context_builder/build/lib/vision_context_builder
running install
running install_lib
creating /home/sunny/cleaner_ws/phyAI_ws/install/vision_context_builder/lib/python3.10/site-packages/vision_context_builder
copying /home/sunny/cleaner_ws/phyAI_ws/build/vision_context_builder/build/lib/vision_context_builder/__init__.py -> /home/sunny/cleaner_ws/phyAI_ws/install/vision_context_builder/lib/python3.10/site-packages/vision_context_builder
copying /home/sunny/cleaner_ws/phyAI_ws/build/vision_context_builder/build/lib/vision_context_builder/vision_context_builder_node.py -> /home/sunny/cleaner_ws/phyAI_ws/install/vision_context_builder/lib/python3.10/site-packages/vision_context_builder
byte-compiling /home/sunny/cleaner_ws/phyAI_ws/install/vision_context_builder/lib/python3.10/site-packages/vision_context_builder/__init__.py to __init__.cpython-310.pyc
byte-compiling /home/sunny/cleaner_ws/phyAI_ws/install/vision_context_builder/lib/python3.10/site-packages/vision_context_builder/vision_context_builder_node.py to vision_context_builder_node.cpython-310.pyc
running install_data
creating /home/sunny/cleaner_ws/phyAI_ws/install/vision_context_builder/share/ament_index
creating /home/sunny/cleaner_ws/phyAI_ws/install/vision_context_builder/share/ament_index/resource_index
creating /home/sunny/cleaner_ws/phyAI_ws/install/vision_context_builder/share/ament_index/resource_index/packages
copying resource/vision_context_builder -> /home/sunny/cleaner_ws/phyAI_ws/install/vision_context_builder/share/ament_index/resource_index/packages
copying package.xml -> /home/sunny/cleaner_ws/phyAI_ws/install/vision_context_builder/share/vision_context_builder
running install_egg_info
Copying ../../build/vision_context_builder/vision_context_builder.egg-info to /home/sunny/cleaner_ws/phyAI_ws/install/vision_context_builder/lib/python3.10/site-packages/vision_context_builder-0.0.0-py3.10.egg-info
running install_scripts
Installing vision_context_builder_node script to /home/sunny/cleaner_ws/phyAI_ws/install/vision_context_builder/lib/vision_context_builder
writing list of installed files to '/home/sunny/cleaner_ws/phyAI_ws/build/vision_context_builder/install.log'
