[0.489s] Invoking command in '/home/sunny/cleaner_ws/phyAI_ws/src/vision_context_builder': AMENT_PREFIX_PATH=/home/sunny/cleaner_ws/phyAI_ws/install/yolov8_msgs:${AMENT_PREFIX_PATH} CMAKE_PREFIX_PATH=/home/sunny/cleaner_ws/phyAI_ws/install/yolov8_msgs LD_LIBRARY_PATH=/home/sunny/cleaner_ws/phyAI_ws/install/yolov8_msgs/lib:${LD_LIBRARY_PATH} PYTHONPATH=/home/sunny/cleaner_ws/phyAI_ws/build/vision_context_builder/prefix_override:/usr/lib/python3/dist-packages/colcon_core/task/python/colcon_distutils_commands:/home/sunny/cleaner_ws/phyAI_ws/install/vision_context_builder/lib/python3.10/site-packages:/home/sunny/cleaner_ws/phyAI_ws/install/yolov8_msgs/local/lib/python3.10/dist-packages:${PYTHONPATH} /usr/bin/python3 -W ignore:setup.py install is deprecated -W ignore:easy_install command is deprecated setup.py egg_info --egg-base ../../build/vision_context_builder build --build-base /home/sunny/cleaner_ws/phyAI_ws/build/vision_context_builder/build install --record /home/sunny/cleaner_ws/phyAI_ws/build/vision_context_builder/install.log --single-version-externally-managed install_data
[0.665s] running egg_info
[0.665s] creating ../../build/vision_context_builder/vision_context_builder.egg-info
[0.666s] writing ../../build/vision_context_builder/vision_context_builder.egg-info/PKG-INFO
[0.666s] writing dependency_links to ../../build/vision_context_builder/vision_context_builder.egg-info/dependency_links.txt
[0.666s] writing entry points to ../../build/vision_context_builder/vision_context_builder.egg-info/entry_points.txt
[0.666s] writing requirements to ../../build/vision_context_builder/vision_context_builder.egg-info/requires.txt
[0.666s] writing top-level names to ../../build/vision_context_builder/vision_context_builder.egg-info/top_level.txt
[0.666s] writing manifest file '../../build/vision_context_builder/vision_context_builder.egg-info/SOURCES.txt'
[0.667s] reading manifest file '../../build/vision_context_builder/vision_context_builder.egg-info/SOURCES.txt'
[0.668s] adding license file 'LICENSE'
[0.668s] writing manifest file '../../build/vision_context_builder/vision_context_builder.egg-info/SOURCES.txt'
[0.668s] running build
[0.668s] running build_py
[0.668s] creating /home/sunny/cleaner_ws/phyAI_ws/build/vision_context_builder/build
[0.668s] creating /home/sunny/cleaner_ws/phyAI_ws/build/vision_context_builder/build/lib
[0.668s] creating /home/sunny/cleaner_ws/phyAI_ws/build/vision_context_builder/build/lib/vision_context_builder
[0.668s] copying vision_context_builder/__init__.py -> /home/sunny/cleaner_ws/phyAI_ws/build/vision_context_builder/build/lib/vision_context_builder
[0.668s] copying vision_context_builder/vision_context_builder_node.py -> /home/sunny/cleaner_ws/phyAI_ws/build/vision_context_builder/build/lib/vision_context_builder
[0.669s] running install
[0.669s] running install_lib
[0.669s] creating /home/sunny/cleaner_ws/phyAI_ws/install/vision_context_builder/lib/python3.10/site-packages/vision_context_builder
[0.669s] copying /home/sunny/cleaner_ws/phyAI_ws/build/vision_context_builder/build/lib/vision_context_builder/__init__.py -> /home/sunny/cleaner_ws/phyAI_ws/install/vision_context_builder/lib/python3.10/site-packages/vision_context_builder
[0.669s] copying /home/sunny/cleaner_ws/phyAI_ws/build/vision_context_builder/build/lib/vision_context_builder/vision_context_builder_node.py -> /home/sunny/cleaner_ws/phyAI_ws/install/vision_context_builder/lib/python3.10/site-packages/vision_context_builder
[0.670s] byte-compiling /home/sunny/cleaner_ws/phyAI_ws/install/vision_context_builder/lib/python3.10/site-packages/vision_context_builder/__init__.py to __init__.cpython-310.pyc
[0.670s] byte-compiling /home/sunny/cleaner_ws/phyAI_ws/install/vision_context_builder/lib/python3.10/site-packages/vision_context_builder/vision_context_builder_node.py to vision_context_builder_node.cpython-310.pyc
[0.671s] running install_data
[0.671s] creating /home/sunny/cleaner_ws/phyAI_ws/install/vision_context_builder/share/ament_index
[0.671s] creating /home/sunny/cleaner_ws/phyAI_ws/install/vision_context_builder/share/ament_index/resource_index
[0.671s] creating /home/sunny/cleaner_ws/phyAI_ws/install/vision_context_builder/share/ament_index/resource_index/packages
[0.671s] copying resource/vision_context_builder -> /home/sunny/cleaner_ws/phyAI_ws/install/vision_context_builder/share/ament_index/resource_index/packages
[0.671s] copying package.xml -> /home/sunny/cleaner_ws/phyAI_ws/install/vision_context_builder/share/vision_context_builder
[0.671s] running install_egg_info
[0.673s] Copying ../../build/vision_context_builder/vision_context_builder.egg-info to /home/sunny/cleaner_ws/phyAI_ws/install/vision_context_builder/lib/python3.10/site-packages/vision_context_builder-0.0.0-py3.10.egg-info
[0.674s] running install_scripts
[0.688s] Installing vision_context_builder_node script to /home/sunny/cleaner_ws/phyAI_ws/install/vision_context_builder/lib/vision_context_builder
[0.688s] writing list of installed files to '/home/sunny/cleaner_ws/phyAI_ws/build/vision_context_builder/install.log'
[0.712s] Invoked command in '/home/sunny/cleaner_ws/phyAI_ws/src/vision_context_builder' returned '0': AMENT_PREFIX_PATH=/home/sunny/cleaner_ws/phyAI_ws/install/yolov8_msgs:${AMENT_PREFIX_PATH} CMAKE_PREFIX_PATH=/home/sunny/cleaner_ws/phyAI_ws/install/yolov8_msgs LD_LIBRARY_PATH=/home/sunny/cleaner_ws/phyAI_ws/install/yolov8_msgs/lib:${LD_LIBRARY_PATH} PYTHONPATH=/home/sunny/cleaner_ws/phyAI_ws/build/vision_context_builder/prefix_override:/usr/lib/python3/dist-packages/colcon_core/task/python/colcon_distutils_commands:/home/sunny/cleaner_ws/phyAI_ws/install/vision_context_builder/lib/python3.10/site-packages:/home/sunny/cleaner_ws/phyAI_ws/install/yolov8_msgs/local/lib/python3.10/dist-packages:${PYTHONPATH} /usr/bin/python3 -W ignore:setup.py install is deprecated -W ignore:easy_install command is deprecated setup.py egg_info --egg-base ../../build/vision_context_builder build --build-base /home/sunny/cleaner_ws/phyAI_ws/build/vision_context_builder/build install --record /home/sunny/cleaner_ws/phyAI_ws/build/vision_context_builder/install.log --single-version-externally-managed install_data
