[0.481s] Invoking command in '/home/sunny/ros2_ws/build/turtlesim': CMAKE_PREFIX_PATH=${CMAKE_PREFIX_PATH}:/home/sunny/ros2_ws/install/yolov8_ros:/home/sunny/ros2_ws/install/gptapi:/opt/ros/humble /usr/bin/cmake --build /home/sunny/ros2_ws/build/turtlesim -- -j16 -l16
[0.543s] [  1%] Built target turtlesim__cpp
[0.575s] [  1%] Built target ament_cmake_python_copy_turtlesim
[0.607s] [ 11%] Built target turtlesim__rosidl_typesupport_introspection_cpp
[0.883s] running egg_info
[0.884s] writing turtlesim.egg-info/PKG-INFO
[0.884s] writing dependency_links to turtlesim.egg-info/dependency_links.txt
[0.884s] writing top-level names to turtlesim.egg-info/top_level.txt
[0.887s] reading manifest file 'turtlesim.egg-info/SOURCES.txt'
[0.887s] writing manifest file 'turtlesim.egg-info/SOURCES.txt'
[0.915s] [ 11%] Built target ament_cmake_python_build_turtlesim_egg
[0.943s] [ 21%] Built target turtlesim__rosidl_typesupport_fastrtps_cpp
[0.967s] [ 31%] Built target turtlesim__rosidl_typesupport_cpp
[0.990s] [ 41%] Built target turtlesim__rosidl_generator_c
[1.015s] [ 43%] Built target mimic
[1.036s] [ 53%] Built target turtlesim__rosidl_typesupport_c
[1.060s] [ 63%] Built target turtlesim__rosidl_typesupport_introspection_c
[1.085s] [ 73%] Built target turtlesim__rosidl_typesupport_fastrtps_c
[1.111s] [ 75%] Built target draw_square
[1.131s] [ 75%] Built target turtlesim
[1.154s] [ 77%] Built target turtle_teleop_key
[1.174s] [ 78%] Built target turtlesim__py
[1.206s] [ 84%] Built target turtlesim_node
[1.230s] [ 93%] Built target turtlesim__rosidl_generator_py
[1.254s] [ 95%] Built target turtlesim__rosidl_typesupport_fastrtps_c__pyext
[1.274s] [ 97%] Built target turtlesim__rosidl_typesupport_c__pyext
[1.294s] [100%] Built target turtlesim__rosidl_typesupport_introspection_c__pyext
