[0.007s] Invoking command in '/home/sunny/ros2_ws/build/yolov8_bringup': AMENT_PREFIX_PATH=/home/sunny/ros2_ws/install/yolov8_ros:${AMENT_PREFIX_PATH} CMAKE_PREFIX_PATH=/opt/ros/humble PYTHONPATH=/home/sunny/ros2_ws/install/yolov8_ros/lib/python3.10/site-packages:${PYTHONPATH} /usr/bin/cmake /home/sunny/ros2_ws/src/yolo_ros/yolov8_bringup -DCMAKE_INSTALL_PREFIX=/home/sunny/ros2_ws/install/yolov8_bringup
[0.049s] -- The C compiler identification is GNU 11.4.0
[0.090s] -- The CXX compiler identification is GNU 11.4.0
[0.095s] -- Detecting C compiler ABI info
[0.151s] -- Detecting C compiler ABI info - done
[0.155s] -- Check for working C compiler: /usr/bin/cc - skipped
[0.155s] -- Detecting C compile features
[0.155s] -- Detecting C compile features - done
[0.158s] -- Detecting CXX compiler ABI info
[0.222s] -- Detecting CXX compiler ABI info - done
[0.226s] -- Check for working CXX compiler: /usr/bin/c++ - skipped
[0.226s] -- Detecting CXX compile features
[0.227s] -- Detecting CXX compile features - done
[0.228s] -- Found ament_cmake: 1.3.12 (/opt/ros/humble/share/ament_cmake/cmake)
[0.335s] -- Found Python3: /usr/bin/python3 (found version "3.10.12") found components: Interpreter 
[0.438s] -- Configuring done
[0.440s] -- Generating done
[0.441s] -- Build files have been written to: /home/sunny/ros2_ws/build/yolov8_bringup
[0.445s] Invoked command in '/home/sunny/ros2_ws/build/yolov8_bringup' returned '0': AMENT_PREFIX_PATH=/home/sunny/ros2_ws/install/yolov8_ros:${AMENT_PREFIX_PATH} CMAKE_PREFIX_PATH=/opt/ros/humble PYTHONPATH=/home/sunny/ros2_ws/install/yolov8_ros/lib/python3.10/site-packages:${PYTHONPATH} /usr/bin/cmake /home/sunny/ros2_ws/src/yolo_ros/yolov8_bringup -DCMAKE_INSTALL_PREFIX=/home/sunny/ros2_ws/install/yolov8_bringup
[0.447s] Invoking command in '/home/sunny/ros2_ws/build/yolov8_bringup': AMENT_PREFIX_PATH=/home/sunny/ros2_ws/install/yolov8_ros:${AMENT_PREFIX_PATH} CMAKE_PREFIX_PATH=/opt/ros/humble PYTHONPATH=/home/sunny/ros2_ws/install/yolov8_ros/lib/python3.10/site-packages:${PYTHONPATH} /usr/bin/cmake --build /home/sunny/ros2_ws/build/yolov8_bringup -- -j16 -l16
[0.481s] Invoked command in '/home/sunny/ros2_ws/build/yolov8_bringup' returned '0': AMENT_PREFIX_PATH=/home/sunny/ros2_ws/install/yolov8_ros:${AMENT_PREFIX_PATH} CMAKE_PREFIX_PATH=/opt/ros/humble PYTHONPATH=/home/sunny/ros2_ws/install/yolov8_ros/lib/python3.10/site-packages:${PYTHONPATH} /usr/bin/cmake --build /home/sunny/ros2_ws/build/yolov8_bringup -- -j16 -l16
[0.490s] Invoking command in '/home/sunny/ros2_ws/build/yolov8_bringup': AMENT_PREFIX_PATH=/home/sunny/ros2_ws/install/yolov8_ros:${AMENT_PREFIX_PATH} CMAKE_PREFIX_PATH=/opt/ros/humble PYTHONPATH=/home/sunny/ros2_ws/install/yolov8_ros/lib/python3.10/site-packages:${PYTHONPATH} /usr/bin/cmake --install /home/sunny/ros2_ws/build/yolov8_bringup
[0.496s] -- Install configuration: ""
[0.496s] -- Installing: /home/sunny/ros2_ws/install/yolov8_bringup/share/yolov8_bringup//launch
[0.496s] -- Installing: /home/sunny/ros2_ws/install/yolov8_bringup/share/yolov8_bringup//launch/yolov8.launch.py
[0.497s] -- Installing: /home/sunny/ros2_ws/install/yolov8_bringup/share/yolov8_bringup//launch/yolov8_3d.launch.py
[0.498s] -- Installing: /home/sunny/ros2_ws/install/yolov8_bringup/share/ament_index/resource_index/package_run_dependencies/yolov8_bringup
[0.498s] -- Installing: /home/sunny/ros2_ws/install/yolov8_bringup/share/ament_index/resource_index/parent_prefix_path/yolov8_bringup
[0.498s] -- Installing: /home/sunny/ros2_ws/install/yolov8_bringup/share/yolov8_bringup/environment/ament_prefix_path.sh
[0.498s] -- Installing: /home/sunny/ros2_ws/install/yolov8_bringup/share/yolov8_bringup/environment/ament_prefix_path.dsv
[0.498s] -- Installing: /home/sunny/ros2_ws/install/yolov8_bringup/share/yolov8_bringup/environment/path.sh
[0.498s] -- Installing: /home/sunny/ros2_ws/install/yolov8_bringup/share/yolov8_bringup/environment/path.dsv
[0.498s] -- Installing: /home/sunny/ros2_ws/install/yolov8_bringup/share/yolov8_bringup/local_setup.bash
[0.499s] -- Installing: /home/sunny/ros2_ws/install/yolov8_bringup/share/yolov8_bringup/local_setup.sh
[0.499s] -- Installing: /home/sunny/ros2_ws/install/yolov8_bringup/share/yolov8_bringup/local_setup.zsh
[0.499s] -- Installing: /home/sunny/ros2_ws/install/yolov8_bringup/share/yolov8_bringup/local_setup.dsv
[0.499s] -- Installing: /home/sunny/ros2_ws/install/yolov8_bringup/share/yolov8_bringup/package.dsv
[0.499s] -- Installing: /home/sunny/ros2_ws/install/yolov8_bringup/share/ament_index/resource_index/packages/yolov8_bringup
[0.499s] -- Installing: /home/sunny/ros2_ws/install/yolov8_bringup/share/yolov8_bringup/cmake/yolov8_bringupConfig.cmake
[0.499s] -- Installing: /home/sunny/ros2_ws/install/yolov8_bringup/share/yolov8_bringup/cmake/yolov8_bringupConfig-version.cmake
[0.499s] -- Installing: /home/sunny/ros2_ws/install/yolov8_bringup/share/yolov8_bringup/package.xml
[0.501s] Invoked command in '/home/sunny/ros2_ws/build/yolov8_bringup' returned '0': AMENT_PREFIX_PATH=/home/sunny/ros2_ws/install/yolov8_ros:${AMENT_PREFIX_PATH} CMAKE_PREFIX_PATH=/opt/ros/humble PYTHONPATH=/home/sunny/ros2_ws/install/yolov8_ros/lib/python3.10/site-packages:${PYTHONPATH} /usr/bin/cmake --install /home/sunny/ros2_ws/build/yolov8_bringup
