-- Found ament_cmake: 1.3.12 (/opt/ros/humble/share/ament_cmake/cmake)
-- Found rclcpp: 16.0.15 (/opt/ros/humble/share/rclcpp/cmake)
-- Found rosidl_generator_c: 3.1.7 (/opt/ros/humble/share/rosidl_generator_c/cmake)
-- Found rosidl_adapter: 3.1.7 (/opt/ros/humble/share/rosidl_adapter/cmake)
-- Found rosidl_generator_cpp: 3.1.7 (/opt/ros/humble/share/rosidl_generator_cpp/cmake)
-- Using all available rosidl_typesupport_c: rosidl_typesupport_fastrtps_c;rosidl_typesupport_introspection_c
-- Using all available rosidl_typesupport_cpp: rosidl_typesupport_fastrtps_cpp;rosidl_typesupport_introspection_cpp
-- Found rmw_implementation_cmake: 6.1.2 (/opt/ros/humble/share/rmw_implementation_cmake/cmake)
-- Found rmw_fastrtps_cpp: 6.2.9 (/opt/ros/humble/share/rmw_fastrtps_cpp/cmake)
-- Using RMW implementation 'rmw_fastrtps_cpp' as default
-- Found example_interfaces: 0.9.3 (/opt/ros/humble/share/example_interfaces/cmake)
-- Found ament_lint_auto: 0.12.14 (/opt/ros/humble/share/ament_lint_auto/cmake)
-- Added test 'cppcheck' to perform static code analysis on C / C++ code
-- Configured cppcheck include dirs: 
-- Configured cppcheck exclude dirs and/or files: 
-- Added test 'lint_cmake' to check CMake code style
-- Added test 'uncrustify' to check C / C++ code style
-- Configured uncrustify additional arguments: 
-- Added test 'xmllint' to check XML markup files
-- Configuring done
-- Generating done
-- Build files have been written to: /home/sunny/ros2_ws/build/cpp_svcli
[ 50%] [32mBuilding CXX object CMakeFiles/server.dir/src/add_two_ints_server.cpp.o[0m
[100%] [32m[1mLinking CXX executable server[0m
[100%] Built target server
-- Install configuration: ""
-- Installing: /home/sunny/ros2_ws/install/cpp_svcli/lib/cpp_svcli/server
-- Set runtime path of "/home/sunny/ros2_ws/install/cpp_svcli/lib/cpp_svcli/server" to ""
-- Installing: /home/sunny/ros2_ws/install/cpp_svcli/share/ament_index/resource_index/package_run_dependencies/cpp_svcli
-- Installing: /home/sunny/ros2_ws/install/cpp_svcli/share/ament_index/resource_index/parent_prefix_path/cpp_svcli
-- Installing: /home/sunny/ros2_ws/install/cpp_svcli/share/cpp_svcli/environment/ament_prefix_path.sh
-- Installing: /home/sunny/ros2_ws/install/cpp_svcli/share/cpp_svcli/environment/ament_prefix_path.dsv
-- Installing: /home/sunny/ros2_ws/install/cpp_svcli/share/cpp_svcli/environment/path.sh
-- Installing: /home/sunny/ros2_ws/install/cpp_svcli/share/cpp_svcli/environment/path.dsv
-- Installing: /home/sunny/ros2_ws/install/cpp_svcli/share/cpp_svcli/local_setup.bash
-- Installing: /home/sunny/ros2_ws/install/cpp_svcli/share/cpp_svcli/local_setup.sh
-- Installing: /home/sunny/ros2_ws/install/cpp_svcli/share/cpp_svcli/local_setup.zsh
-- Installing: /home/sunny/ros2_ws/install/cpp_svcli/share/cpp_svcli/local_setup.dsv
-- Installing: /home/sunny/ros2_ws/install/cpp_svcli/share/cpp_svcli/package.dsv
-- Installing: /home/sunny/ros2_ws/install/cpp_svcli/share/ament_index/resource_index/packages/cpp_svcli
-- Installing: /home/sunny/ros2_ws/install/cpp_svcli/share/cpp_svcli/cmake/cpp_svcliConfig.cmake
-- Installing: /home/sunny/ros2_ws/install/cpp_svcli/share/cpp_svcli/cmake/cpp_svcliConfig-version.cmake
-- Installing: /home/sunny/ros2_ws/install/cpp_svcli/share/cpp_svcli/package.xml
