[0.216s] Invoking command in '/home/sunny/ros2_ws/build/cpp_svcli': CMAKE_PREFIX_PATH=${CMAKE_PREFIX_PATH}:/home/sunny/ros2_ws/install/yolov8_ros:/home/sunny/ros2_ws/install/gptapi:/opt/ros/humble /usr/bin/cmake /home/sunny/ros2_ws/src/cpp_svcli -DCMAKE_INSTALL_PREFIX=/home/sunny/ros2_ws/install/cpp_svcli
[0.421s] -- Found ament_cmake: 1.3.12 (/opt/ros/humble/share/ament_cmake/cmake)
[0.421s] -- Found rclcpp: 16.0.15 (/opt/ros/humble/share/rclcpp/cmake)
[0.421s] -- Found rosidl_generator_c: 3.1.7 (/opt/ros/humble/share/rosidl_generator_c/cmake)
[0.421s] -- Found rosidl_adapter: 3.1.7 (/opt/ros/humble/share/rosidl_adapter/cmake)
[0.421s] -- Found rosidl_generator_cpp: 3.1.7 (/opt/ros/humble/share/rosidl_generator_cpp/cmake)
[0.421s] -- Using all available rosidl_typesupport_c: rosidl_typesupport_fastrtps_c;rosidl_typesupport_introspection_c
[0.421s] -- Using all available rosidl_typesupport_cpp: rosidl_typesupport_fastrtps_cpp;rosidl_typesupport_introspection_cpp
[0.421s] -- Found rmw_implementation_cmake: 6.1.2 (/opt/ros/humble/share/rmw_implementation_cmake/cmake)
[0.421s] -- Found rmw_fastrtps_cpp: 6.2.9 (/opt/ros/humble/share/rmw_fastrtps_cpp/cmake)
[0.480s] -- Using RMW implementation 'rmw_fastrtps_cpp' as default
[0.520s] -- Found example_interfaces: 0.9.3 (/opt/ros/humble/share/example_interfaces/cmake)
[0.566s] -- Found ament_lint_auto: 0.12.14 (/opt/ros/humble/share/ament_lint_auto/cmake)
[0.655s] -- Added test 'cppcheck' to perform static code analysis on C / C++ code
[0.655s] -- Configured cppcheck include dirs: 
[0.655s] -- Configured cppcheck exclude dirs and/or files: 
[0.656s] -- Added test 'lint_cmake' to check CMake code style
[0.656s] -- Added test 'uncrustify' to check C / C++ code style
[0.656s] -- Configured uncrustify additional arguments: 
[0.657s] -- Added test 'xmllint' to check XML markup files
[0.658s] -- Configuring done
[0.667s] -- Generating done
[0.670s] -- Build files have been written to: /home/sunny/ros2_ws/build/cpp_svcli
[0.680s] Invoked command in '/home/sunny/ros2_ws/build/cpp_svcli' returned '0': CMAKE_PREFIX_PATH=${CMAKE_PREFIX_PATH}:/home/sunny/ros2_ws/install/yolov8_ros:/home/sunny/ros2_ws/install/gptapi:/opt/ros/humble /usr/bin/cmake /home/sunny/ros2_ws/src/cpp_svcli -DCMAKE_INSTALL_PREFIX=/home/sunny/ros2_ws/install/cpp_svcli
[0.682s] Invoking command in '/home/sunny/ros2_ws/build/cpp_svcli': CMAKE_PREFIX_PATH=${CMAKE_PREFIX_PATH}:/home/sunny/ros2_ws/install/yolov8_ros:/home/sunny/ros2_ws/install/gptapi:/opt/ros/humble /usr/bin/cmake --build /home/sunny/ros2_ws/build/cpp_svcli -- -j16 -l16
[0.741s] [ 50%] [32mBuilding CXX object CMakeFiles/server.dir/src/add_two_ints_server.cpp.o[0m
[3.102s] [100%] [32m[1mLinking CXX executable server[0m
[3.221s] [100%] Built target server
[3.231s] Invoked command in '/home/sunny/ros2_ws/build/cpp_svcli' returned '0': CMAKE_PREFIX_PATH=${CMAKE_PREFIX_PATH}:/home/sunny/ros2_ws/install/yolov8_ros:/home/sunny/ros2_ws/install/gptapi:/opt/ros/humble /usr/bin/cmake --build /home/sunny/ros2_ws/build/cpp_svcli -- -j16 -l16
[3.232s] Invoking command in '/home/sunny/ros2_ws/build/cpp_svcli': CMAKE_PREFIX_PATH=${CMAKE_PREFIX_PATH}:/home/sunny/ros2_ws/install/yolov8_ros:/home/sunny/ros2_ws/install/gptapi:/opt/ros/humble /usr/bin/cmake --install /home/sunny/ros2_ws/build/cpp_svcli
[3.240s] -- Install configuration: ""
[3.240s] -- Installing: /home/sunny/ros2_ws/install/cpp_svcli/lib/cpp_svcli/server
[3.241s] -- Set runtime path of "/home/sunny/ros2_ws/install/cpp_svcli/lib/cpp_svcli/server" to ""
[3.241s] -- Installing: /home/sunny/ros2_ws/install/cpp_svcli/share/ament_index/resource_index/package_run_dependencies/cpp_svcli
[3.241s] -- Installing: /home/sunny/ros2_ws/install/cpp_svcli/share/ament_index/resource_index/parent_prefix_path/cpp_svcli
[3.241s] -- Installing: /home/sunny/ros2_ws/install/cpp_svcli/share/cpp_svcli/environment/ament_prefix_path.sh
[3.241s] -- Installing: /home/sunny/ros2_ws/install/cpp_svcli/share/cpp_svcli/environment/ament_prefix_path.dsv
[3.241s] -- Installing: /home/sunny/ros2_ws/install/cpp_svcli/share/cpp_svcli/environment/path.sh
[3.241s] -- Installing: /home/sunny/ros2_ws/install/cpp_svcli/share/cpp_svcli/environment/path.dsv
[3.241s] -- Installing: /home/sunny/ros2_ws/install/cpp_svcli/share/cpp_svcli/local_setup.bash
[3.241s] -- Installing: /home/sunny/ros2_ws/install/cpp_svcli/share/cpp_svcli/local_setup.sh
[3.242s] -- Installing: /home/sunny/ros2_ws/install/cpp_svcli/share/cpp_svcli/local_setup.zsh
[3.242s] -- Installing: /home/sunny/ros2_ws/install/cpp_svcli/share/cpp_svcli/local_setup.dsv
[3.242s] -- Installing: /home/sunny/ros2_ws/install/cpp_svcli/share/cpp_svcli/package.dsv
[3.242s] -- Installing: /home/sunny/ros2_ws/install/cpp_svcli/share/ament_index/resource_index/packages/cpp_svcli
[3.242s] -- Installing: /home/sunny/ros2_ws/install/cpp_svcli/share/cpp_svcli/cmake/cpp_svcliConfig.cmake
[3.242s] -- Installing: /home/sunny/ros2_ws/install/cpp_svcli/share/cpp_svcli/cmake/cpp_svcliConfig-version.cmake
[3.242s] -- Installing: /home/sunny/ros2_ws/install/cpp_svcli/share/cpp_svcli/package.xml
[3.244s] Invoked command in '/home/sunny/ros2_ws/build/cpp_svcli' returned '0': CMAKE_PREFIX_PATH=${CMAKE_PREFIX_PATH}:/home/sunny/ros2_ws/install/yolov8_ros:/home/sunny/ros2_ws/install/gptapi:/opt/ros/humble /usr/bin/cmake --install /home/sunny/ros2_ws/build/cpp_svcli
