[1.867s] Invoking command in '/home/sunny/cleaner_ws/phyAI_ws/build/yolov8_msgs': CMAKE_PREFIX_PATH=/opt/ros/humble /usr/bin/cmake --build /home/sunny/cleaner_ws/phyAI_ws/build/yolov8_msgs -- -j16 -l16
[1.989s] [  0%] Built target yolov8_msgs__cpp
[1.990s] [  1%] Built target yolov8_msgs__rs
[1.991s] [ 13%] Built target yolov8_msgs__rosidl_generator_c
[2.019s] [ 13%] Built target ament_cmake_python_copy_yolov8_msgs
[2.034s] [ 47%] Built target yolov8_msgs__rosidl_typesupport_c
[2.034s] [ 47%] Built target yolov8_msgs__rosidl_typesupport_introspection_c
[2.034s] [ 48%] Built target yolov8_msgs__rosidl_typesupport_introspection_cpp
[2.034s] [ 68%] Built target yolov8_msgs__rosidl_typesupport_fastrtps_cpp
[2.034s] [ 70%] Built target yolov8_msgs__rosidl_typesupport_fastrtps_c
[2.046s] [ 82%] Built target yolov8_msgs__rosidl_typesupport_cpp
[2.081s] [ 82%] Built target yolov8_msgs
[2.119s] [ 83%] Built target yolov8_msgs__py
[2.167s] [ 94%] Built target yolov8_msgs__rosidl_generator_py
[2.216s] [ 96%] Built target yolov8_msgs__rosidl_typesupport_fastrtps_c__pyext
[2.217s] [ 98%] Built target yolov8_msgs__rosidl_typesupport_introspection_c__pyext
[2.218s] [100%] Built target yolov8_msgs__rosidl_typesupport_c__pyext
[2.376s] running egg_info
[2.378s] writing yolov8_msgs.egg-info/PKG-INFO
[2.379s] writing dependency_links to yolov8_msgs.egg-info/dependency_links.txt
[2.379s] writing top-level names to yolov8_msgs.egg-info/top_level.txt
[2.384s] reading manifest file 'yolov8_msgs.egg-info/SOURCES.txt'
[2.386s] writing manifest file 'yolov8_msgs.egg-info/SOURCES.txt'
[2.508s] [100%] Built target ament_cmake_python_build_yolov8_msgs_egg
[3.285s] Invoked command in '/home/sunny/cleaner_ws/phyAI_ws/build/yolov8_msgs' returned '0': CMAKE_PREFIX_PATH=/opt/ros/humble /usr/bin/cmake --build /home/sunny/cleaner_ws/phyAI_ws/build/yolov8_msgs -- -j16 -l16
[3.288s] Invoking command in '/home/sunny/cleaner_ws/phyAI_ws/build/yolov8_msgs': CMAKE_PREFIX_PATH=/opt/ros/humble /usr/bin/cmake --install /home/sunny/cleaner_ws/phyAI_ws/build/yolov8_msgs
[3.318s] -- Install configuration: ""
[3.322s] -- Up-to-date: /home/sunny/cleaner_ws/phyAI_ws/install/yolov8_msgs/share/ament_index/resource_index/rosidl_interfaces/yolov8_msgs
[3.323s] -- Up-to-date: /home/sunny/cleaner_ws/phyAI_ws/install/yolov8_msgs/include/yolov8_msgs/yolov8_msgs
[3.324s] -- Up-to-date: /home/sunny/cleaner_ws/phyAI_ws/install/yolov8_msgs/include/yolov8_msgs/yolov8_msgs/msg
[3.324s] -- Up-to-date: /home/sunny/cleaner_ws/phyAI_ws/install/yolov8_msgs/include/yolov8_msgs/yolov8_msgs/msg/key_point3_d_array.h
[3.324s] -- Up-to-date: /home/sunny/cleaner_ws/phyAI_ws/install/yolov8_msgs/include/yolov8_msgs/yolov8_msgs/msg/vector2.h
[3.324s] -- Up-to-date: /home/sunny/cleaner_ws/phyAI_ws/install/yolov8_msgs/include/yolov8_msgs/yolov8_msgs/msg/key_point2_d_array.h
[3.325s] -- Up-to-date: /home/sunny/cleaner_ws/phyAI_ws/install/yolov8_msgs/include/yolov8_msgs/yolov8_msgs/msg/key_point3_d.h
[3.325s] -- Up-to-date: /home/sunny/cleaner_ws/phyAI_ws/install/yolov8_msgs/include/yolov8_msgs/yolov8_msgs/msg/pose2_d.h
[3.325s] -- Up-to-date: /home/sunny/cleaner_ws/phyAI_ws/install/yolov8_msgs/include/yolov8_msgs/yolov8_msgs/msg/detection_array.h
[3.326s] -- Up-to-date: /home/sunny/cleaner_ws/phyAI_ws/install/yolov8_msgs/include/yolov8_msgs/yolov8_msgs/msg/point2_d.h
[3.326s] -- Up-to-date: /home/sunny/cleaner_ws/phyAI_ws/install/yolov8_msgs/include/yolov8_msgs/yolov8_msgs/msg/detection.h
[3.326s] -- Up-to-date: /home/sunny/cleaner_ws/phyAI_ws/install/yolov8_msgs/include/yolov8_msgs/yolov8_msgs/msg/detail
[3.326s] -- Up-to-date: /home/sunny/cleaner_ws/phyAI_ws/install/yolov8_msgs/include/yolov8_msgs/yolov8_msgs/msg/detail/key_point3_d__struct.h
[3.326s] -- Up-to-date: /home/sunny/cleaner_ws/phyAI_ws/install/yolov8_msgs/include/yolov8_msgs/yolov8_msgs/msg/detail/detection_array__struct.h
[3.327s] -- Up-to-date: /home/sunny/cleaner_ws/phyAI_ws/install/yolov8_msgs/include/yolov8_msgs/yolov8_msgs/msg/detail/point2_d__functions.c
[3.327s] -- Up-to-date: /home/sunny/cleaner_ws/phyAI_ws/install/yolov8_msgs/include/yolov8_msgs/yolov8_msgs/msg/detail/vector2__functions.h
[3.327s] -- Up-to-date: /home/sunny/cleaner_ws/phyAI_ws/install/yolov8_msgs/include/yolov8_msgs/yolov8_msgs/msg/detail/detection_array__functions.h
[3.327s] -- Up-to-date: /home/sunny/cleaner_ws/phyAI_ws/install/yolov8_msgs/include/yolov8_msgs/yolov8_msgs/msg/detail/bounding_box3_d__type_support.h
[3.327s] -- Up-to-date: /home/sunny/cleaner_ws/phyAI_ws/install/yolov8_msgs/include/yolov8_msgs/yolov8_msgs/msg/detail/pose2_d__functions.c
[3.328s] -- Up-to-date: /home/sunny/cleaner_ws/phyAI_ws/install/yolov8_msgs/include/yolov8_msgs/yolov8_msgs/msg/detail/point2_d__type_support.h
[3.328s] -- Up-to-date: /home/sunny/cleaner_ws/phyAI_ws/install/yolov8_msgs/include/yolov8_msgs/yolov8_msgs/msg/detail/vector2__struct.h
[3.328s] -- Up-to-date: /home/sunny/cleaner_ws/phyAI_ws/install/yolov8_msgs/include/yolov8_msgs/yolov8_msgs/msg/detail/mask__functions.h
[3.329s] -- Up-to-date: /home/sunny/cleaner_ws/phyAI_ws/install/yolov8_msgs/include/yolov8_msgs/yolov8_msgs/msg/detail/detection__functions.h
[3.329s] -- Up-to-date: /home/sunny/cleaner_ws/phyAI_ws/install/yolov8_msgs/include/yolov8_msgs/yolov8_msgs/msg/detail/key_point3_d_array__functions.h
[3.329s] -- Up-to-date: /home/sunny/cleaner_ws/phyAI_ws/install/yolov8_msgs/include/yolov8_msgs/yolov8_msgs/msg/detail/key_point2_d_array__functions.c
[3.329s] -- Up-to-date: /home/sunny/cleaner_ws/phyAI_ws/install/yolov8_msgs/include/yolov8_msgs/yolov8_msgs/msg/detail/mask__functions.c
[3.330s] -- Up-to-date: /home/sunny/cleaner_ws/phyAI_ws/install/yolov8_msgs/include/yolov8_msgs/yolov8_msgs/msg/detail/detection__struct.h
[3.330s] -- Up-to-date: /home/sunny/cleaner_ws/phyAI_ws/install/yolov8_msgs/include/yolov8_msgs/yolov8_msgs/msg/detail/key_point2_d_array__functions.h
[3.330s] -- Up-to-date: /home/sunny/cleaner_ws/phyAI_ws/install/yolov8_msgs/include/yolov8_msgs/yolov8_msgs/msg/detail/mask__type_support.h
[3.330s] -- Up-to-date: /home/sunny/cleaner_ws/phyAI_ws/install/yolov8_msgs/include/yolov8_msgs/yolov8_msgs/msg/detail/mask__struct.h
[3.330s] -- Up-to-date: /home/sunny/cleaner_ws/phyAI_ws/install/yolov8_msgs/include/yolov8_msgs/yolov8_msgs/msg/detail/detection_array__type_support.h
[3.330s] -- Up-to-date: /home/sunny/cleaner_ws/phyAI_ws/install/yolov8_msgs/include/yolov8_msgs/yolov8_msgs/msg/detail/key_point2_d_array__type_support.h
[3.331s] -- Up-to-date: /home/sunny/cleaner_ws/phyAI_ws/install/yolov8_msgs/include/yolov8_msgs/yolov8_msgs/msg/detail/detection__type_support.h
[3.331s] -- Up-to-date: /home/sunny/cleaner_ws/phyAI_ws/install/yolov8_msgs/include/yolov8_msgs/yolov8_msgs/msg/detail/key_point3_d__functions.c
[3.331s] -- Up-to-date: /home/sunny/cleaner_ws/phyAI_ws/install/yolov8_msgs/include/yolov8_msgs/yolov8_msgs/msg/detail/key_point2_d__type_support.h
[3.331s] -- Up-to-date: /home/sunny/cleaner_ws/phyAI_ws/install/yolov8_msgs/include/yolov8_msgs/yolov8_msgs/msg/detail/detection__functions.c
[3.331s] -- Up-to-date: /home/sunny/cleaner_ws/phyAI_ws/install/yolov8_msgs/include/yolov8_msgs/yolov8_msgs/msg/detail/key_point2_d_array__struct.h
[3.332s] -- Up-to-date: /home/sunny/cleaner_ws/phyAI_ws/install/yolov8_msgs/include/yolov8_msgs/yolov8_msgs/msg/detail/bounding_box2_d__type_support.h
[3.332s] -- Up-to-date: /home/sunny/cleaner_ws/phyAI_ws/install/yolov8_msgs/include/yolov8_msgs/yolov8_msgs/msg/detail/key_point3_d_array__functions.c
[3.332s] -- Up-to-date: /home/sunny/cleaner_ws/phyAI_ws/install/yolov8_msgs/include/yolov8_msgs/yolov8_msgs/msg/detail/bounding_box2_d__struct.h
[3.332s] -- Up-to-date: /home/sunny/cleaner_ws/phyAI_ws/install/yolov8_msgs/include/yolov8_msgs/yolov8_msgs/msg/detail/bounding_box2_d__functions.c
[3.332s] -- Up-to-date: /home/sunny/cleaner_ws/phyAI_ws/install/yolov8_msgs/include/yolov8_msgs/yolov8_msgs/msg/detail/key_point2_d__functions.c
[3.332s] -- Up-to-date: /home/sunny/cleaner_ws/phyAI_ws/install/yolov8_msgs/include/yolov8_msgs/yolov8_msgs/msg/detail/bounding_box3_d__functions.h
[3.333s] -- Up-to-date: /home/sunny/cleaner_ws/phyAI_ws/install/yolov8_msgs/include/yolov8_msgs/yolov8_msgs/msg/detail/key_point3_d_array__type_support.h
[3.333s] -- Up-to-date: /home/sunny/cleaner_ws/phyAI_ws/install/yolov8_msgs/include/yolov8_msgs/yolov8_msgs/msg/detail/key_point3_d__functions.h
[3.333s] -- Up-to-date: /home/sunny/cleaner_ws/phyAI_ws/install/yolov8_msgs/include/yolov8_msgs/yolov8_msgs/msg/detail/key_point2_d__functions.h
[3.334s] -- Up-to-date: /home/sunny/cleaner_ws/phyAI_ws/install/yolov8_msgs/include/yolov8_msgs/yolov8_msgs/msg/detail/key_point2_d__struct.h
[3.334s] -- Up-to-date: /home/sunny/cleaner_ws/phyAI_ws/install/yolov8_msgs/include/yolov8_msgs/yolov8_msgs/msg/detail/bounding_box3_d__struct.h
[3.334s] -- Up-to-date: /home/sunny/cleaner_ws/phyAI_ws/install/yolov8_msgs/include/yolov8_msgs/yolov8_msgs/msg/detail/bounding_box2_d__functions.h
[3.334s] -- Up-to-date: /home/sunny/cleaner_ws/phyAI_ws/install/yolov8_msgs/include/yolov8_msgs/yolov8_msgs/msg/detail/bounding_box3_d__functions.c
[3.335s] -- Up-to-date: /home/sunny/cleaner_ws/phyAI_ws/install/yolov8_msgs/include/yolov8_msgs/yolov8_msgs/msg/detail/pose2_d__struct.h
[3.335s] -- Up-to-date: /home/sunny/cleaner_ws/phyAI_ws/install/yolov8_msgs/include/yolov8_msgs/yolov8_msgs/msg/detail/point2_d__struct.h
[3.335s] -- Up-to-date: /home/sunny/cleaner_ws/phyAI_ws/install/yolov8_msgs/include/yolov8_msgs/yolov8_msgs/msg/detail/vector2__type_support.h
[3.336s] -- Up-to-date: /home/sunny/cleaner_ws/phyAI_ws/install/yolov8_msgs/include/yolov8_msgs/yolov8_msgs/msg/detail/key_point3_d__type_support.h
[3.336s] -- Up-to-date: /home/sunny/cleaner_ws/phyAI_ws/install/yolov8_msgs/include/yolov8_msgs/yolov8_msgs/msg/detail/point2_d__functions.h
[3.336s] -- Up-to-date: /home/sunny/cleaner_ws/phyAI_ws/install/yolov8_msgs/include/yolov8_msgs/yolov8_msgs/msg/detail/key_point3_d_array__struct.h
[3.336s] -- Up-to-date: /home/sunny/cleaner_ws/phyAI_ws/install/yolov8_msgs/include/yolov8_msgs/yolov8_msgs/msg/detail/pose2_d__functions.h
[3.337s] -- Up-to-date: /home/sunny/cleaner_ws/phyAI_ws/install/yolov8_msgs/include/yolov8_msgs/yolov8_msgs/msg/detail/pose2_d__type_support.h
[3.337s] -- Up-to-date: /home/sunny/cleaner_ws/phyAI_ws/install/yolov8_msgs/include/yolov8_msgs/yolov8_msgs/msg/detail/vector2__functions.c
[3.337s] -- Up-to-date: /home/sunny/cleaner_ws/phyAI_ws/install/yolov8_msgs/include/yolov8_msgs/yolov8_msgs/msg/detail/detection_array__functions.c
[3.337s] -- Up-to-date: /home/sunny/cleaner_ws/phyAI_ws/install/yolov8_msgs/include/yolov8_msgs/yolov8_msgs/msg/key_point2_d.h
[3.337s] -- Up-to-date: /home/sunny/cleaner_ws/phyAI_ws/install/yolov8_msgs/include/yolov8_msgs/yolov8_msgs/msg/mask.h
[3.338s] -- Up-to-date: /home/sunny/cleaner_ws/phyAI_ws/install/yolov8_msgs/include/yolov8_msgs/yolov8_msgs/msg/bounding_box2_d.h
[3.338s] -- Up-to-date: /home/sunny/cleaner_ws/phyAI_ws/install/yolov8_msgs/include/yolov8_msgs/yolov8_msgs/msg/bounding_box3_d.h
[3.338s] -- Up-to-date: /home/sunny/cleaner_ws/phyAI_ws/install/yolov8_msgs/include/yolov8_msgs/yolov8_msgs/msg/rosidl_generator_c__visibility_control.h
[3.339s] -- Up-to-date: /home/sunny/cleaner_ws/phyAI_ws/install/yolov8_msgs/share/yolov8_msgs/environment/library_path.sh
[3.339s] -- Up-to-date: /home/sunny/cleaner_ws/phyAI_ws/install/yolov8_msgs/share/yolov8_msgs/environment/library_path.dsv
[3.339s] -- Up-to-date: /home/sunny/cleaner_ws/phyAI_ws/install/yolov8_msgs/lib/libyolov8_msgs__rosidl_generator_c.so
[3.339s] -- Up-to-date: /home/sunny/cleaner_ws/phyAI_ws/install/yolov8_msgs/include/yolov8_msgs/yolov8_msgs
[3.339s] -- Up-to-date: /home/sunny/cleaner_ws/phyAI_ws/install/yolov8_msgs/include/yolov8_msgs/yolov8_msgs/msg
[3.339s] -- Up-to-date: /home/sunny/cleaner_ws/phyAI_ws/install/yolov8_msgs/include/yolov8_msgs/yolov8_msgs/msg/detail
[3.340s] -- Up-to-date: /home/sunny/cleaner_ws/phyAI_ws/install/yolov8_msgs/include/yolov8_msgs/yolov8_msgs/msg/detail/detection__rosidl_typesupport_fastrtps_c.h
[3.340s] -- Up-to-date: /home/sunny/cleaner_ws/phyAI_ws/install/yolov8_msgs/include/yolov8_msgs/yolov8_msgs/msg/detail/mask__rosidl_typesupport_fastrtps_c.h
[3.340s] -- Up-to-date: /home/sunny/cleaner_ws/phyAI_ws/install/yolov8_msgs/include/yolov8_msgs/yolov8_msgs/msg/detail/key_point2_d_array__rosidl_typesupport_fastrtps_c.h
[3.340s] -- Up-to-date: /home/sunny/cleaner_ws/phyAI_ws/install/yolov8_msgs/include/yolov8_msgs/yolov8_msgs/msg/detail/pose2_d__rosidl_typesupport_fastrtps_c.h
[3.341s] -- Up-to-date: /home/sunny/cleaner_ws/phyAI_ws/install/yolov8_msgs/include/yolov8_msgs/yolov8_msgs/msg/detail/key_point3_d_array__rosidl_typesupport_fastrtps_c.h
[3.341s] -- Up-to-date: /home/sunny/cleaner_ws/phyAI_ws/install/yolov8_msgs/include/yolov8_msgs/yolov8_msgs/msg/detail/bounding_box2_d__rosidl_typesupport_fastrtps_c.h
[3.341s] -- Up-to-date: /home/sunny/cleaner_ws/phyAI_ws/install/yolov8_msgs/include/yolov8_msgs/yolov8_msgs/msg/detail/key_point2_d__rosidl_typesupport_fastrtps_c.h
[3.341s] -- Up-to-date: /home/sunny/cleaner_ws/phyAI_ws/install/yolov8_msgs/include/yolov8_msgs/yolov8_msgs/msg/detail/detection_array__rosidl_typesupport_fastrtps_c.h
[3.341s] -- Up-to-date: /home/sunny/cleaner_ws/phyAI_ws/install/yolov8_msgs/include/yolov8_msgs/yolov8_msgs/msg/detail/vector2__rosidl_typesupport_fastrtps_c.h
[3.341s] -- Up-to-date: /home/sunny/cleaner_ws/phyAI_ws/install/yolov8_msgs/include/yolov8_msgs/yolov8_msgs/msg/detail/key_point3_d__rosidl_typesupport_fastrtps_c.h
[3.342s] -- Up-to-date: /home/sunny/cleaner_ws/phyAI_ws/install/yolov8_msgs/include/yolov8_msgs/yolov8_msgs/msg/detail/bounding_box3_d__rosidl_typesupport_fastrtps_c.h
[3.342s] -- Up-to-date: /home/sunny/cleaner_ws/phyAI_ws/install/yolov8_msgs/include/yolov8_msgs/yolov8_msgs/msg/detail/point2_d__rosidl_typesupport_fastrtps_c.h
[3.342s] -- Up-to-date: /home/sunny/cleaner_ws/phyAI_ws/install/yolov8_msgs/include/yolov8_msgs/yolov8_msgs/msg/rosidl_typesupport_fastrtps_c__visibility_control.h
[3.342s] -- Up-to-date: /home/sunny/cleaner_ws/phyAI_ws/install/yolov8_msgs/lib/libyolov8_msgs__rosidl_typesupport_fastrtps_c.so
[3.343s] -- Up-to-date: /home/sunny/cleaner_ws/phyAI_ws/install/yolov8_msgs/include/yolov8_msgs/yolov8_msgs
[3.343s] -- Up-to-date: /home/sunny/cleaner_ws/phyAI_ws/install/yolov8_msgs/include/yolov8_msgs/yolov8_msgs/msg
[3.343s] -- Up-to-date: /home/sunny/cleaner_ws/phyAI_ws/install/yolov8_msgs/include/yolov8_msgs/yolov8_msgs/msg/detail
[3.343s] -- Up-to-date: /home/sunny/cleaner_ws/phyAI_ws/install/yolov8_msgs/include/yolov8_msgs/yolov8_msgs/msg/detail/key_point2_d_array__type_support.c
[3.343s] -- Up-to-date: /home/sunny/cleaner_ws/phyAI_ws/install/yolov8_msgs/include/yolov8_msgs/yolov8_msgs/msg/detail/pose2_d__rosidl_typesupport_introspection_c.h
[3.344s] -- Up-to-date: /home/sunny/cleaner_ws/phyAI_ws/install/yolov8_msgs/include/yolov8_msgs/yolov8_msgs/msg/detail/key_point3_d_array__rosidl_typesupport_introspection_c.h
[3.344s] -- Up-to-date: /home/sunny/cleaner_ws/phyAI_ws/install/yolov8_msgs/include/yolov8_msgs/yolov8_msgs/msg/detail/key_point2_d__rosidl_typesupport_introspection_c.h
[3.344s] -- Up-to-date: /home/sunny/cleaner_ws/phyAI_ws/install/yolov8_msgs/include/yolov8_msgs/yolov8_msgs/msg/detail/bounding_box3_d__type_support.c
[3.344s] -- Up-to-date: /home/sunny/cleaner_ws/phyAI_ws/install/yolov8_msgs/include/yolov8_msgs/yolov8_msgs/msg/detail/point2_d__type_support.c
[3.344s] -- Up-to-date: /home/sunny/cleaner_ws/phyAI_ws/install/yolov8_msgs/include/yolov8_msgs/yolov8_msgs/msg/detail/key_point3_d__rosidl_typesupport_introspection_c.h
[3.345s] -- Up-to-date: /home/sunny/cleaner_ws/phyAI_ws/install/yolov8_msgs/include/yolov8_msgs/yolov8_msgs/msg/detail/pose2_d__type_support.c
[3.345s] -- Up-to-date: /home/sunny/cleaner_ws/phyAI_ws/install/yolov8_msgs/include/yolov8_msgs/yolov8_msgs/msg/detail/point2_d__rosidl_typesupport_introspection_c.h
[3.345s] -- Up-to-date: /home/sunny/cleaner_ws/phyAI_ws/install/yolov8_msgs/include/yolov8_msgs/yolov8_msgs/msg/detail/key_point3_d__type_support.c
[3.345s] -- Up-to-date: /home/sunny/cleaner_ws/phyAI_ws/install/yolov8_msgs/include/yolov8_msgs/yolov8_msgs/msg/detail/detection__type_support.c
[3.345s] -- Up-to-date: /home/sunny/cleaner_ws/phyAI_ws/install/yolov8_msgs/include/yolov8_msgs/yolov8_msgs/msg/detail/mask__type_support.c
[3.346s] -- Up-to-date: /home/sunny/cleaner_ws/phyAI_ws/install/yolov8_msgs/include/yolov8_msgs/yolov8_msgs/msg/detail/bounding_box3_d__rosidl_typesupport_introspection_c.h
[3.346s] -- Up-to-date: /home/sunny/cleaner_ws/phyAI_ws/install/yolov8_msgs/include/yolov8_msgs/yolov8_msgs/msg/detail/vector2__type_support.c
[3.346s] -- Up-to-date: /home/sunny/cleaner_ws/phyAI_ws/install/yolov8_msgs/include/yolov8_msgs/yolov8_msgs/msg/detail/bounding_box2_d__rosidl_typesupport_introspection_c.h
[3.346s] -- Up-to-date: /home/sunny/cleaner_ws/phyAI_ws/install/yolov8_msgs/include/yolov8_msgs/yolov8_msgs/msg/detail/key_point2_d_array__rosidl_typesupport_introspection_c.h
[3.346s] -- Up-to-date: /home/sunny/cleaner_ws/phyAI_ws/install/yolov8_msgs/include/yolov8_msgs/yolov8_msgs/msg/detail/bounding_box2_d__type_support.c
[3.347s] -- Up-to-date: /home/sunny/cleaner_ws/phyAI_ws/install/yolov8_msgs/include/yolov8_msgs/yolov8_msgs/msg/detail/vector2__rosidl_typesupport_introspection_c.h
[3.347s] -- Up-to-date: /home/sunny/cleaner_ws/phyAI_ws/install/yolov8_msgs/include/yolov8_msgs/yolov8_msgs/msg/detail/detection_array__rosidl_typesupport_introspection_c.h
[3.347s] -- Up-to-date: /home/sunny/cleaner_ws/phyAI_ws/install/yolov8_msgs/include/yolov8_msgs/yolov8_msgs/msg/detail/detection_array__type_support.c
[3.348s] -- Up-to-date: /home/sunny/cleaner_ws/phyAI_ws/install/yolov8_msgs/include/yolov8_msgs/yolov8_msgs/msg/detail/detection__rosidl_typesupport_introspection_c.h
[3.348s] -- Up-to-date: /home/sunny/cleaner_ws/phyAI_ws/install/yolov8_msgs/include/yolov8_msgs/yolov8_msgs/msg/detail/mask__rosidl_typesupport_introspection_c.h
[3.348s] -- Up-to-date: /home/sunny/cleaner_ws/phyAI_ws/install/yolov8_msgs/include/yolov8_msgs/yolov8_msgs/msg/detail/key_point3_d_array__type_support.c
[3.348s] -- Up-to-date: /home/sunny/cleaner_ws/phyAI_ws/install/yolov8_msgs/include/yolov8_msgs/yolov8_msgs/msg/detail/key_point2_d__type_support.c
[3.349s] -- Up-to-date: /home/sunny/cleaner_ws/phyAI_ws/install/yolov8_msgs/include/yolov8_msgs/yolov8_msgs/msg/rosidl_typesupport_introspection_c__visibility_control.h
[3.349s] -- Up-to-date: /home/sunny/cleaner_ws/phyAI_ws/install/yolov8_msgs/lib/libyolov8_msgs__rosidl_typesupport_introspection_c.so
[3.349s] -- Up-to-date: /home/sunny/cleaner_ws/phyAI_ws/install/yolov8_msgs/lib/libyolov8_msgs__rosidl_typesupport_c.so
[3.350s] -- Up-to-date: /home/sunny/cleaner_ws/phyAI_ws/install/yolov8_msgs/include/yolov8_msgs/yolov8_msgs
[3.350s] -- Up-to-date: /home/sunny/cleaner_ws/phyAI_ws/install/yolov8_msgs/include/yolov8_msgs/yolov8_msgs/msg
[3.350s] -- Up-to-date: /home/sunny/cleaner_ws/phyAI_ws/install/yolov8_msgs/include/yolov8_msgs/yolov8_msgs/msg/rosidl_generator_cpp__visibility_control.hpp
[3.350s] -- Up-to-date: /home/sunny/cleaner_ws/phyAI_ws/install/yolov8_msgs/include/yolov8_msgs/yolov8_msgs/msg/point2_d.hpp
[3.351s] -- Up-to-date: /home/sunny/cleaner_ws/phyAI_ws/install/yolov8_msgs/include/yolov8_msgs/yolov8_msgs/msg/mask.hpp
[3.351s] -- Up-to-date: /home/sunny/cleaner_ws/phyAI_ws/install/yolov8_msgs/include/yolov8_msgs/yolov8_msgs/msg/key_point3_d.hpp
[3.351s] -- Up-to-date: /home/sunny/cleaner_ws/phyAI_ws/install/yolov8_msgs/include/yolov8_msgs/yolov8_msgs/msg/bounding_box3_d.hpp
[3.351s] -- Up-to-date: /home/sunny/cleaner_ws/phyAI_ws/install/yolov8_msgs/include/yolov8_msgs/yolov8_msgs/msg/pose2_d.hpp
[3.351s] -- Up-to-date: /home/sunny/cleaner_ws/phyAI_ws/install/yolov8_msgs/include/yolov8_msgs/yolov8_msgs/msg/detail
[3.351s] -- Up-to-date: /home/sunny/cleaner_ws/phyAI_ws/install/yolov8_msgs/include/yolov8_msgs/yolov8_msgs/msg/detail/pose2_d__type_support.hpp
[3.351s] -- Up-to-date: /home/sunny/cleaner_ws/phyAI_ws/install/yolov8_msgs/include/yolov8_msgs/yolov8_msgs/msg/detail/bounding_box2_d__traits.hpp
[3.352s] -- Up-to-date: /home/sunny/cleaner_ws/phyAI_ws/install/yolov8_msgs/include/yolov8_msgs/yolov8_msgs/msg/detail/point2_d__builder.hpp
[3.352s] -- Up-to-date: /home/sunny/cleaner_ws/phyAI_ws/install/yolov8_msgs/include/yolov8_msgs/yolov8_msgs/msg/detail/key_point3_d_array__type_support.hpp
[3.352s] -- Up-to-date: /home/sunny/cleaner_ws/phyAI_ws/install/yolov8_msgs/include/yolov8_msgs/yolov8_msgs/msg/detail/key_point2_d_array__traits.hpp
[3.352s] -- Up-to-date: /home/sunny/cleaner_ws/phyAI_ws/install/yolov8_msgs/include/yolov8_msgs/yolov8_msgs/msg/detail/detection__struct.hpp
[3.352s] -- Up-to-date: /home/sunny/cleaner_ws/phyAI_ws/install/yolov8_msgs/include/yolov8_msgs/yolov8_msgs/msg/detail/detection__traits.hpp
[3.352s] -- Up-to-date: /home/sunny/cleaner_ws/phyAI_ws/install/yolov8_msgs/include/yolov8_msgs/yolov8_msgs/msg/detail/pose2_d__builder.hpp
[3.352s] -- Up-to-date: /home/sunny/cleaner_ws/phyAI_ws/install/yolov8_msgs/include/yolov8_msgs/yolov8_msgs/msg/detail/key_point2_d__type_support.hpp
[3.353s] -- Up-to-date: /home/sunny/cleaner_ws/phyAI_ws/install/yolov8_msgs/include/yolov8_msgs/yolov8_msgs/msg/detail/key_point3_d_array__builder.hpp
[3.353s] -- Up-to-date: /home/sunny/cleaner_ws/phyAI_ws/install/yolov8_msgs/include/yolov8_msgs/yolov8_msgs/msg/detail/bounding_box2_d__builder.hpp
[3.353s] -- Up-to-date: /home/sunny/cleaner_ws/phyAI_ws/install/yolov8_msgs/include/yolov8_msgs/yolov8_msgs/msg/detail/mask__builder.hpp
[3.353s] -- Up-to-date: /home/sunny/cleaner_ws/phyAI_ws/install/yolov8_msgs/include/yolov8_msgs/yolov8_msgs/msg/detail/key_point3_d__type_support.hpp
[3.353s] -- Up-to-date: /home/sunny/cleaner_ws/phyAI_ws/install/yolov8_msgs/include/yolov8_msgs/yolov8_msgs/msg/detail/key_point2_d_array__type_support.hpp
[3.353s] -- Up-to-date: /home/sunny/cleaner_ws/phyAI_ws/install/yolov8_msgs/include/yolov8_msgs/yolov8_msgs/msg/detail/key_point2_d__builder.hpp
[3.353s] -- Up-to-date: /home/sunny/cleaner_ws/phyAI_ws/install/yolov8_msgs/include/yolov8_msgs/yolov8_msgs/msg/detail/bounding_box2_d__struct.hpp
[3.354s] -- Up-to-date: /home/sunny/cleaner_ws/phyAI_ws/install/yolov8_msgs/include/yolov8_msgs/yolov8_msgs/msg/detail/vector2__struct.hpp
[3.354s] -- Up-to-date: /home/sunny/cleaner_ws/phyAI_ws/install/yolov8_msgs/include/yolov8_msgs/yolov8_msgs/msg/detail/pose2_d__traits.hpp
[3.354s] -- Up-to-date: /home/sunny/cleaner_ws/phyAI_ws/install/yolov8_msgs/include/yolov8_msgs/yolov8_msgs/msg/detail/key_point3_d__traits.hpp
[3.354s] -- Up-to-date: /home/sunny/cleaner_ws/phyAI_ws/install/yolov8_msgs/include/yolov8_msgs/yolov8_msgs/msg/detail/vector2__type_support.hpp
[3.354s] -- Up-to-date: /home/sunny/cleaner_ws/phyAI_ws/install/yolov8_msgs/include/yolov8_msgs/yolov8_msgs/msg/detail/detection__type_support.hpp
[3.354s] -- Up-to-date: /home/sunny/cleaner_ws/phyAI_ws/install/yolov8_msgs/include/yolov8_msgs/yolov8_msgs/msg/detail/point2_d__struct.hpp
[3.355s] -- Up-to-date: /home/sunny/cleaner_ws/phyAI_ws/install/yolov8_msgs/include/yolov8_msgs/yolov8_msgs/msg/detail/key_point2_d_array__builder.hpp
[3.355s] -- Up-to-date: /home/sunny/cleaner_ws/phyAI_ws/install/yolov8_msgs/include/yolov8_msgs/yolov8_msgs/msg/detail/vector2__builder.hpp
[3.355s] -- Up-to-date: /home/sunny/cleaner_ws/phyAI_ws/install/yolov8_msgs/include/yolov8_msgs/yolov8_msgs/msg/detail/mask__type_support.hpp
[3.355s] -- Up-to-date: /home/sunny/cleaner_ws/phyAI_ws/install/yolov8_msgs/include/yolov8_msgs/yolov8_msgs/msg/detail/key_point3_d_array__traits.hpp
[3.355s] -- Up-to-date: /home/sunny/cleaner_ws/phyAI_ws/install/yolov8_msgs/include/yolov8_msgs/yolov8_msgs/msg/detail/point2_d__type_support.hpp
[3.355s] -- Up-to-date: /home/sunny/cleaner_ws/phyAI_ws/install/yolov8_msgs/include/yolov8_msgs/yolov8_msgs/msg/detail/key_point2_d_array__struct.hpp
[3.356s] -- Up-to-date: /home/sunny/cleaner_ws/phyAI_ws/install/yolov8_msgs/include/yolov8_msgs/yolov8_msgs/msg/detail/key_point3_d__struct.hpp
[3.356s] -- Up-to-date: /home/sunny/cleaner_ws/phyAI_ws/install/yolov8_msgs/include/yolov8_msgs/yolov8_msgs/msg/detail/bounding_box3_d__type_support.hpp
[3.356s] -- Up-to-date: /home/sunny/cleaner_ws/phyAI_ws/install/yolov8_msgs/include/yolov8_msgs/yolov8_msgs/msg/detail/point2_d__traits.hpp
[3.356s] -- Up-to-date: /home/sunny/cleaner_ws/phyAI_ws/install/yolov8_msgs/include/yolov8_msgs/yolov8_msgs/msg/detail/key_point3_d__builder.hpp
[3.356s] -- Up-to-date: /home/sunny/cleaner_ws/phyAI_ws/install/yolov8_msgs/include/yolov8_msgs/yolov8_msgs/msg/detail/vector2__traits.hpp
[3.356s] -- Up-to-date: /home/sunny/cleaner_ws/phyAI_ws/install/yolov8_msgs/include/yolov8_msgs/yolov8_msgs/msg/detail/bounding_box2_d__type_support.hpp
[3.356s] -- Up-to-date: /home/sunny/cleaner_ws/phyAI_ws/install/yolov8_msgs/include/yolov8_msgs/yolov8_msgs/msg/detail/detection__builder.hpp
[3.357s] -- Up-to-date: /home/sunny/cleaner_ws/phyAI_ws/install/yolov8_msgs/include/yolov8_msgs/yolov8_msgs/msg/detail/detection_array__type_support.hpp
[3.357s] -- Up-to-date: /home/sunny/cleaner_ws/phyAI_ws/install/yolov8_msgs/include/yolov8_msgs/yolov8_msgs/msg/detail/key_point3_d_array__struct.hpp
[3.357s] -- Up-to-date: /home/sunny/cleaner_ws/phyAI_ws/install/yolov8_msgs/include/yolov8_msgs/yolov8_msgs/msg/detail/detection_array__traits.hpp
[3.357s] -- Up-to-date: /home/sunny/cleaner_ws/phyAI_ws/install/yolov8_msgs/include/yolov8_msgs/yolov8_msgs/msg/detail/key_point2_d__struct.hpp
[3.357s] -- Up-to-date: /home/sunny/cleaner_ws/phyAI_ws/install/yolov8_msgs/include/yolov8_msgs/yolov8_msgs/msg/detail/bounding_box3_d__traits.hpp
[3.357s] -- Up-to-date: /home/sunny/cleaner_ws/phyAI_ws/install/yolov8_msgs/include/yolov8_msgs/yolov8_msgs/msg/detail/bounding_box3_d__struct.hpp
[3.357s] -- Up-to-date: /home/sunny/cleaner_ws/phyAI_ws/install/yolov8_msgs/include/yolov8_msgs/yolov8_msgs/msg/detail/detection_array__builder.hpp
[3.357s] -- Up-to-date: /home/sunny/cleaner_ws/phyAI_ws/install/yolov8_msgs/include/yolov8_msgs/yolov8_msgs/msg/detail/mask__traits.hpp
[3.357s] -- Up-to-date: /home/sunny/cleaner_ws/phyAI_ws/install/yolov8_msgs/include/yolov8_msgs/yolov8_msgs/msg/detail/mask__struct.hpp
[3.357s] -- Up-to-date: /home/sunny/cleaner_ws/phyAI_ws/install/yolov8_msgs/include/yolov8_msgs/yolov8_msgs/msg/detail/bounding_box3_d__builder.hpp
[3.358s] -- Up-to-date: /home/sunny/cleaner_ws/phyAI_ws/install/yolov8_msgs/include/yolov8_msgs/yolov8_msgs/msg/detail/key_point2_d__traits.hpp
[3.358s] -- Up-to-date: /home/sunny/cleaner_ws/phyAI_ws/install/yolov8_msgs/include/yolov8_msgs/yolov8_msgs/msg/detail/detection_array__struct.hpp
[3.358s] -- Up-to-date: /home/sunny/cleaner_ws/phyAI_ws/install/yolov8_msgs/include/yolov8_msgs/yolov8_msgs/msg/detail/pose2_d__struct.hpp
[3.358s] -- Up-to-date: /home/sunny/cleaner_ws/phyAI_ws/install/yolov8_msgs/include/yolov8_msgs/yolov8_msgs/msg/key_point3_d_array.hpp
[3.358s] -- Up-to-date: /home/sunny/cleaner_ws/phyAI_ws/install/yolov8_msgs/include/yolov8_msgs/yolov8_msgs/msg/key_point2_d.hpp
[3.358s] -- Up-to-date: /home/sunny/cleaner_ws/phyAI_ws/install/yolov8_msgs/include/yolov8_msgs/yolov8_msgs/msg/vector2.hpp
[3.358s] -- Up-to-date: /home/sunny/cleaner_ws/phyAI_ws/install/yolov8_msgs/include/yolov8_msgs/yolov8_msgs/msg/bounding_box2_d.hpp
[3.358s] -- Up-to-date: /home/sunny/cleaner_ws/phyAI_ws/install/yolov8_msgs/include/yolov8_msgs/yolov8_msgs/msg/key_point2_d_array.hpp
[3.358s] -- Up-to-date: /home/sunny/cleaner_ws/phyAI_ws/install/yolov8_msgs/include/yolov8_msgs/yolov8_msgs/msg/detection.hpp
[3.359s] -- Up-to-date: /home/sunny/cleaner_ws/phyAI_ws/install/yolov8_msgs/include/yolov8_msgs/yolov8_msgs/msg/detection_array.hpp
[3.359s] -- Up-to-date: /home/sunny/cleaner_ws/phyAI_ws/install/yolov8_msgs/include/yolov8_msgs/yolov8_msgs
[3.359s] -- Up-to-date: /home/sunny/cleaner_ws/phyAI_ws/install/yolov8_msgs/include/yolov8_msgs/yolov8_msgs/msg
[3.359s] -- Up-to-date: /home/sunny/cleaner_ws/phyAI_ws/install/yolov8_msgs/include/yolov8_msgs/yolov8_msgs/msg/detail
[3.359s] -- Up-to-date: /home/sunny/cleaner_ws/phyAI_ws/install/yolov8_msgs/include/yolov8_msgs/yolov8_msgs/msg/detail/vector2__rosidl_typesupport_fastrtps_cpp.hpp
[3.359s] -- Up-to-date: /home/sunny/cleaner_ws/phyAI_ws/install/yolov8_msgs/include/yolov8_msgs/yolov8_msgs/msg/detail/bounding_box3_d__rosidl_typesupport_fastrtps_cpp.hpp
[3.359s] -- Up-to-date: /home/sunny/cleaner_ws/phyAI_ws/install/yolov8_msgs/include/yolov8_msgs/yolov8_msgs/msg/detail/mask__rosidl_typesupport_fastrtps_cpp.hpp
[3.360s] -- Up-to-date: /home/sunny/cleaner_ws/phyAI_ws/install/yolov8_msgs/include/yolov8_msgs/yolov8_msgs/msg/detail/detection_array__rosidl_typesupport_fastrtps_cpp.hpp
[3.360s] -- Up-to-date: /home/sunny/cleaner_ws/phyAI_ws/install/yolov8_msgs/include/yolov8_msgs/yolov8_msgs/msg/detail/key_point3_d__rosidl_typesupport_fastrtps_cpp.hpp
[3.360s] -- Up-to-date: /home/sunny/cleaner_ws/phyAI_ws/install/yolov8_msgs/include/yolov8_msgs/yolov8_msgs/msg/detail/key_point2_d__rosidl_typesupport_fastrtps_cpp.hpp
[3.360s] -- Up-to-date: /home/sunny/cleaner_ws/phyAI_ws/install/yolov8_msgs/include/yolov8_msgs/yolov8_msgs/msg/detail/point2_d__rosidl_typesupport_fastrtps_cpp.hpp
[3.360s] -- Up-to-date: /home/sunny/cleaner_ws/phyAI_ws/install/yolov8_msgs/include/yolov8_msgs/yolov8_msgs/msg/detail/pose2_d__rosidl_typesupport_fastrtps_cpp.hpp
[3.360s] -- Up-to-date: /home/sunny/cleaner_ws/phyAI_ws/install/yolov8_msgs/include/yolov8_msgs/yolov8_msgs/msg/detail/key_point3_d_array__rosidl_typesupport_fastrtps_cpp.hpp
[3.360s] -- Up-to-date: /home/sunny/cleaner_ws/phyAI_ws/install/yolov8_msgs/include/yolov8_msgs/yolov8_msgs/msg/detail/bounding_box2_d__rosidl_typesupport_fastrtps_cpp.hpp
[3.360s] -- Up-to-date: /home/sunny/cleaner_ws/phyAI_ws/install/yolov8_msgs/include/yolov8_msgs/yolov8_msgs/msg/detail/detection__rosidl_typesupport_fastrtps_cpp.hpp
[3.360s] -- Up-to-date: /home/sunny/cleaner_ws/phyAI_ws/install/yolov8_msgs/include/yolov8_msgs/yolov8_msgs/msg/detail/key_point2_d_array__rosidl_typesupport_fastrtps_cpp.hpp
[3.360s] -- Up-to-date: /home/sunny/cleaner_ws/phyAI_ws/install/yolov8_msgs/include/yolov8_msgs/yolov8_msgs/msg/detail/dds_fastrtps
[3.360s] -- Up-to-date: /home/sunny/cleaner_ws/phyAI_ws/install/yolov8_msgs/include/yolov8_msgs/yolov8_msgs/msg/rosidl_typesupport_fastrtps_cpp__visibility_control.h
[3.361s] -- Up-to-date: /home/sunny/cleaner_ws/phyAI_ws/install/yolov8_msgs/lib/libyolov8_msgs__rosidl_typesupport_fastrtps_cpp.so
[3.361s] -- Up-to-date: /home/sunny/cleaner_ws/phyAI_ws/install/yolov8_msgs/include/yolov8_msgs/yolov8_msgs
[3.361s] -- Up-to-date: /home/sunny/cleaner_ws/phyAI_ws/install/yolov8_msgs/include/yolov8_msgs/yolov8_msgs/msg
[3.361s] -- Up-to-date: /home/sunny/cleaner_ws/phyAI_ws/install/yolov8_msgs/include/yolov8_msgs/yolov8_msgs/msg/detail
[3.361s] -- Up-to-date: /home/sunny/cleaner_ws/phyAI_ws/install/yolov8_msgs/include/yolov8_msgs/yolov8_msgs/msg/detail/bounding_box2_d__rosidl_typesupport_introspection_cpp.hpp
[3.361s] -- Up-to-date: /home/sunny/cleaner_ws/phyAI_ws/install/yolov8_msgs/include/yolov8_msgs/yolov8_msgs/msg/detail/mask__type_support.cpp
[3.361s] -- Up-to-date: /home/sunny/cleaner_ws/phyAI_ws/install/yolov8_msgs/include/yolov8_msgs/yolov8_msgs/msg/detail/key_point3_d_array__rosidl_typesupport_introspection_cpp.hpp
[3.361s] -- Up-to-date: /home/sunny/cleaner_ws/phyAI_ws/install/yolov8_msgs/include/yolov8_msgs/yolov8_msgs/msg/detail/key_point2_d__type_support.cpp
[3.361s] -- Up-to-date: /home/sunny/cleaner_ws/phyAI_ws/install/yolov8_msgs/include/yolov8_msgs/yolov8_msgs/msg/detail/key_point3_d_array__type_support.cpp
[3.361s] -- Up-to-date: /home/sunny/cleaner_ws/phyAI_ws/install/yolov8_msgs/include/yolov8_msgs/yolov8_msgs/msg/detail/point2_d__rosidl_typesupport_introspection_cpp.hpp
[3.362s] -- Up-to-date: /home/sunny/cleaner_ws/phyAI_ws/install/yolov8_msgs/include/yolov8_msgs/yolov8_msgs/msg/detail/detection__rosidl_typesupport_introspection_cpp.hpp
[3.362s] -- Up-to-date: /home/sunny/cleaner_ws/phyAI_ws/install/yolov8_msgs/include/yolov8_msgs/yolov8_msgs/msg/detail/mask__rosidl_typesupport_introspection_cpp.hpp
[3.362s] -- Up-to-date: /home/sunny/cleaner_ws/phyAI_ws/install/yolov8_msgs/include/yolov8_msgs/yolov8_msgs/msg/detail/point2_d__type_support.cpp
[3.362s] -- Up-to-date: /home/sunny/cleaner_ws/phyAI_ws/install/yolov8_msgs/include/yolov8_msgs/yolov8_msgs/msg/detail/key_point3_d__rosidl_typesupport_introspection_cpp.hpp
[3.362s] -- Up-to-date: /home/sunny/cleaner_ws/phyAI_ws/install/yolov8_msgs/include/yolov8_msgs/yolov8_msgs/msg/detail/vector2__type_support.cpp
[3.362s] -- Up-to-date: /home/sunny/cleaner_ws/phyAI_ws/install/yolov8_msgs/include/yolov8_msgs/yolov8_msgs/msg/detail/key_point3_d__type_support.cpp
[3.362s] -- Up-to-date: /home/sunny/cleaner_ws/phyAI_ws/install/yolov8_msgs/include/yolov8_msgs/yolov8_msgs/msg/detail/pose2_d__type_support.cpp
[3.362s] -- Up-to-date: /home/sunny/cleaner_ws/phyAI_ws/install/yolov8_msgs/include/yolov8_msgs/yolov8_msgs/msg/detail/detection__type_support.cpp
[3.363s] -- Up-to-date: /home/sunny/cleaner_ws/phyAI_ws/install/yolov8_msgs/include/yolov8_msgs/yolov8_msgs/msg/detail/key_point2_d_array__rosidl_typesupport_introspection_cpp.hpp
[3.363s] -- Up-to-date: /home/sunny/cleaner_ws/phyAI_ws/install/yolov8_msgs/include/yolov8_msgs/yolov8_msgs/msg/detail/detection_array__type_support.cpp
[3.363s] -- Up-to-date: /home/sunny/cleaner_ws/phyAI_ws/install/yolov8_msgs/include/yolov8_msgs/yolov8_msgs/msg/detail/bounding_box2_d__type_support.cpp
[3.363s] -- Up-to-date: /home/sunny/cleaner_ws/phyAI_ws/install/yolov8_msgs/include/yolov8_msgs/yolov8_msgs/msg/detail/key_point2_d__rosidl_typesupport_introspection_cpp.hpp
[3.363s] -- Up-to-date: /home/sunny/cleaner_ws/phyAI_ws/install/yolov8_msgs/include/yolov8_msgs/yolov8_msgs/msg/detail/bounding_box3_d__type_support.cpp
[3.363s] -- Up-to-date: /home/sunny/cleaner_ws/phyAI_ws/install/yolov8_msgs/include/yolov8_msgs/yolov8_msgs/msg/detail/bounding_box3_d__rosidl_typesupport_introspection_cpp.hpp
[3.363s] -- Up-to-date: /home/sunny/cleaner_ws/phyAI_ws/install/yolov8_msgs/include/yolov8_msgs/yolov8_msgs/msg/detail/detection_array__rosidl_typesupport_introspection_cpp.hpp
[3.363s] -- Up-to-date: /home/sunny/cleaner_ws/phyAI_ws/install/yolov8_msgs/include/yolov8_msgs/yolov8_msgs/msg/detail/pose2_d__rosidl_typesupport_introspection_cpp.hpp
[3.363s] -- Up-to-date: /home/sunny/cleaner_ws/phyAI_ws/install/yolov8_msgs/include/yolov8_msgs/yolov8_msgs/msg/detail/vector2__rosidl_typesupport_introspection_cpp.hpp
[3.364s] -- Up-to-date: /home/sunny/cleaner_ws/phyAI_ws/install/yolov8_msgs/include/yolov8_msgs/yolov8_msgs/msg/detail/key_point2_d_array__type_support.cpp
[3.364s] -- Up-to-date: /home/sunny/cleaner_ws/phyAI_ws/install/yolov8_msgs/lib/libyolov8_msgs__rosidl_typesupport_introspection_cpp.so
[3.364s] -- Up-to-date: /home/sunny/cleaner_ws/phyAI_ws/install/yolov8_msgs/lib/libyolov8_msgs__rosidl_typesupport_cpp.so
[3.364s] -- Up-to-date: /home/sunny/cleaner_ws/phyAI_ws/install/yolov8_msgs/share/yolov8_msgs/environment/pythonpath.sh
[3.364s] -- Up-to-date: /home/sunny/cleaner_ws/phyAI_ws/install/yolov8_msgs/share/yolov8_msgs/environment/pythonpath.dsv
[3.364s] -- Up-to-date: /home/sunny/cleaner_ws/phyAI_ws/install/yolov8_msgs/local/lib/python3.10/dist-packages/yolov8_msgs-0.0.0-py3.10.egg-info
[3.364s] -- Installing: /home/sunny/cleaner_ws/phyAI_ws/install/yolov8_msgs/local/lib/python3.10/dist-packages/yolov8_msgs-0.0.0-py3.10.egg-info/top_level.txt
[3.364s] -- Installing: /home/sunny/cleaner_ws/phyAI_ws/install/yolov8_msgs/local/lib/python3.10/dist-packages/yolov8_msgs-0.0.0-py3.10.egg-info/PKG-INFO
[3.364s] -- Installing: /home/sunny/cleaner_ws/phyAI_ws/install/yolov8_msgs/local/lib/python3.10/dist-packages/yolov8_msgs-0.0.0-py3.10.egg-info/SOURCES.txt
[3.364s] -- Installing: /home/sunny/cleaner_ws/phyAI_ws/install/yolov8_msgs/local/lib/python3.10/dist-packages/yolov8_msgs-0.0.0-py3.10.egg-info/dependency_links.txt
[3.365s] -- Up-to-date: /home/sunny/cleaner_ws/phyAI_ws/install/yolov8_msgs/local/lib/python3.10/dist-packages/yolov8_msgs
[3.365s] -- Up-to-date: /home/sunny/cleaner_ws/phyAI_ws/install/yolov8_msgs/local/lib/python3.10/dist-packages/yolov8_msgs/yolov8_msgs_s__rosidl_typesupport_introspection_c.cpython-310-x86_64-linux-gnu.so
[3.365s] -- Up-to-date: /home/sunny/cleaner_ws/phyAI_ws/install/yolov8_msgs/local/lib/python3.10/dist-packages/yolov8_msgs/yolov8_msgs_s__rosidl_typesupport_c.cpython-310-x86_64-linux-gnu.so
[3.365s] -- Up-to-date: /home/sunny/cleaner_ws/phyAI_ws/install/yolov8_msgs/local/lib/python3.10/dist-packages/yolov8_msgs/msg
[3.365s] -- Up-to-date: /home/sunny/cleaner_ws/phyAI_ws/install/yolov8_msgs/local/lib/python3.10/dist-packages/yolov8_msgs/msg/_vector2_s.c
[3.365s] -- Up-to-date: /home/sunny/cleaner_ws/phyAI_ws/install/yolov8_msgs/local/lib/python3.10/dist-packages/yolov8_msgs/msg/_key_point3_d_array_s.c
[3.365s] -- Up-to-date: /home/sunny/cleaner_ws/phyAI_ws/install/yolov8_msgs/local/lib/python3.10/dist-packages/yolov8_msgs/msg/_vector2.py
[3.365s] -- Up-to-date: /home/sunny/cleaner_ws/phyAI_ws/install/yolov8_msgs/local/lib/python3.10/dist-packages/yolov8_msgs/msg/_mask_s.c
[3.365s] -- Up-to-date: /home/sunny/cleaner_ws/phyAI_ws/install/yolov8_msgs/local/lib/python3.10/dist-packages/yolov8_msgs/msg/_detection_array_s.c
[3.365s] -- Up-to-date: /home/sunny/cleaner_ws/phyAI_ws/install/yolov8_msgs/local/lib/python3.10/dist-packages/yolov8_msgs/msg/_key_point2_d_s.c
[3.366s] -- Up-to-date: /home/sunny/cleaner_ws/phyAI_ws/install/yolov8_msgs/local/lib/python3.10/dist-packages/yolov8_msgs/msg/_point2_d.py
[3.366s] -- Up-to-date: /home/sunny/cleaner_ws/phyAI_ws/install/yolov8_msgs/local/lib/python3.10/dist-packages/yolov8_msgs/msg/_key_point2_d_array.py
[3.366s] -- Up-to-date: /home/sunny/cleaner_ws/phyAI_ws/install/yolov8_msgs/local/lib/python3.10/dist-packages/yolov8_msgs/msg/_mask.py
[3.366s] -- Up-to-date: /home/sunny/cleaner_ws/phyAI_ws/install/yolov8_msgs/local/lib/python3.10/dist-packages/yolov8_msgs/msg/_bounding_box2_d.py
[3.366s] -- Up-to-date: /home/sunny/cleaner_ws/phyAI_ws/install/yolov8_msgs/local/lib/python3.10/dist-packages/yolov8_msgs/msg/_point2_d_s.c
[3.366s] -- Up-to-date: /home/sunny/cleaner_ws/phyAI_ws/install/yolov8_msgs/local/lib/python3.10/dist-packages/yolov8_msgs/msg/_key_point2_d.py
[3.366s] -- Up-to-date: /home/sunny/cleaner_ws/phyAI_ws/install/yolov8_msgs/local/lib/python3.10/dist-packages/yolov8_msgs/msg/_bounding_box2_d_s.c
[3.366s] -- Up-to-date: /home/sunny/cleaner_ws/phyAI_ws/install/yolov8_msgs/local/lib/python3.10/dist-packages/yolov8_msgs/msg/__init__.py
[3.366s] -- Up-to-date: /home/sunny/cleaner_ws/phyAI_ws/install/yolov8_msgs/local/lib/python3.10/dist-packages/yolov8_msgs/msg/_detection.py
[3.367s] -- Up-to-date: /home/sunny/cleaner_ws/phyAI_ws/install/yolov8_msgs/local/lib/python3.10/dist-packages/yolov8_msgs/msg/_key_point3_d_s.c
[3.367s] -- Up-to-date: /home/sunny/cleaner_ws/phyAI_ws/install/yolov8_msgs/local/lib/python3.10/dist-packages/yolov8_msgs/msg/_detection_array.py
[3.367s] -- Up-to-date: /home/sunny/cleaner_ws/phyAI_ws/install/yolov8_msgs/local/lib/python3.10/dist-packages/yolov8_msgs/msg/_key_point3_d.py
[3.367s] -- Up-to-date: /home/sunny/cleaner_ws/phyAI_ws/install/yolov8_msgs/local/lib/python3.10/dist-packages/yolov8_msgs/msg/_detection_s.c
[3.367s] -- Up-to-date: /home/sunny/cleaner_ws/phyAI_ws/install/yolov8_msgs/local/lib/python3.10/dist-packages/yolov8_msgs/msg/_key_point3_d_array.py
[3.367s] -- Up-to-date: /home/sunny/cleaner_ws/phyAI_ws/install/yolov8_msgs/local/lib/python3.10/dist-packages/yolov8_msgs/msg/_key_point2_d_array_s.c
[3.367s] -- Up-to-date: /home/sunny/cleaner_ws/phyAI_ws/install/yolov8_msgs/local/lib/python3.10/dist-packages/yolov8_msgs/msg/_bounding_box3_d.py
[3.367s] -- Up-to-date: /home/sunny/cleaner_ws/phyAI_ws/install/yolov8_msgs/local/lib/python3.10/dist-packages/yolov8_msgs/msg/_pose2_d_s.c
[3.367s] -- Up-to-date: /home/sunny/cleaner_ws/phyAI_ws/install/yolov8_msgs/local/lib/python3.10/dist-packages/yolov8_msgs/msg/_bounding_box3_d_s.c
[3.368s] -- Up-to-date: /home/sunny/cleaner_ws/phyAI_ws/install/yolov8_msgs/local/lib/python3.10/dist-packages/yolov8_msgs/msg/_pose2_d.py
[3.368s] -- Up-to-date: /home/sunny/cleaner_ws/phyAI_ws/install/yolov8_msgs/local/lib/python3.10/dist-packages/yolov8_msgs/_yolov8_msgs_s.ep.rosidl_typesupport_fastrtps_c.c
[3.368s] -- Up-to-date: /home/sunny/cleaner_ws/phyAI_ws/install/yolov8_msgs/local/lib/python3.10/dist-packages/yolov8_msgs/__init__.py
[3.368s] -- Up-to-date: /home/sunny/cleaner_ws/phyAI_ws/install/yolov8_msgs/local/lib/python3.10/dist-packages/yolov8_msgs/libyolov8_msgs__rosidl_generator_py.so
[3.368s] -- Up-to-date: /home/sunny/cleaner_ws/phyAI_ws/install/yolov8_msgs/local/lib/python3.10/dist-packages/yolov8_msgs/yolov8_msgs_s__rosidl_typesupport_fastrtps_c.cpython-310-x86_64-linux-gnu.so
[3.368s] -- Up-to-date: /home/sunny/cleaner_ws/phyAI_ws/install/yolov8_msgs/local/lib/python3.10/dist-packages/yolov8_msgs/_yolov8_msgs_s.ep.rosidl_typesupport_c.c
[3.368s] -- Up-to-date: /home/sunny/cleaner_ws/phyAI_ws/install/yolov8_msgs/local/lib/python3.10/dist-packages/yolov8_msgs/_yolov8_msgs_s.ep.rosidl_typesupport_introspection_c.c
[3.412s] Listing '/home/sunny/cleaner_ws/phyAI_ws/install/yolov8_msgs/local/lib/python3.10/dist-packages/yolov8_msgs'...
[3.413s] Listing '/home/sunny/cleaner_ws/phyAI_ws/install/yolov8_msgs/local/lib/python3.10/dist-packages/yolov8_msgs/msg'...
[3.429s] -- Up-to-date: /home/sunny/cleaner_ws/phyAI_ws/install/yolov8_msgs/local/lib/python3.10/dist-packages/yolov8_msgs/yolov8_msgs_s__rosidl_typesupport_fastrtps_c.cpython-310-x86_64-linux-gnu.so
[3.429s] -- Up-to-date: /home/sunny/cleaner_ws/phyAI_ws/install/yolov8_msgs/local/lib/python3.10/dist-packages/yolov8_msgs/yolov8_msgs_s__rosidl_typesupport_introspection_c.cpython-310-x86_64-linux-gnu.so
[3.430s] -- Up-to-date: /home/sunny/cleaner_ws/phyAI_ws/install/yolov8_msgs/local/lib/python3.10/dist-packages/yolov8_msgs/yolov8_msgs_s__rosidl_typesupport_c.cpython-310-x86_64-linux-gnu.so
[3.430s] -- Up-to-date: /home/sunny/cleaner_ws/phyAI_ws/install/yolov8_msgs/lib/libyolov8_msgs__rosidl_generator_py.so
[3.430s] -- Up-to-date: /home/sunny/cleaner_ws/phyAI_ws/install/yolov8_msgs/share/ament_index/resource_index/rust_packages/yolov8_msgs
[3.430s] -- Up-to-date: /home/sunny/cleaner_ws/phyAI_ws/install/yolov8_msgs/share/yolov8_msgs/rust
[3.430s] -- Up-to-date: /home/sunny/cleaner_ws/phyAI_ws/install/yolov8_msgs/share/yolov8_msgs/rust/build.rs
[3.430s] -- Up-to-date: /home/sunny/cleaner_ws/phyAI_ws/install/yolov8_msgs/share/yolov8_msgs/rust/Cargo.toml
[3.430s] -- Up-to-date: /home/sunny/cleaner_ws/phyAI_ws/install/yolov8_msgs/share/yolov8_msgs/rust/src
[3.430s] -- Up-to-date: /home/sunny/cleaner_ws/phyAI_ws/install/yolov8_msgs/share/yolov8_msgs/rust/src/msg
[3.430s] -- Up-to-date: /home/sunny/cleaner_ws/phyAI_ws/install/yolov8_msgs/share/yolov8_msgs/rust/src/msg/rmw.rs
[3.430s] -- Up-to-date: /home/sunny/cleaner_ws/phyAI_ws/install/yolov8_msgs/share/yolov8_msgs/rust/src/lib.rs
[3.430s] -- Up-to-date: /home/sunny/cleaner_ws/phyAI_ws/install/yolov8_msgs/share/yolov8_msgs/rust/src/msg.rs
[3.430s] -- Up-to-date: /home/sunny/cleaner_ws/phyAI_ws/install/yolov8_msgs/share/yolov8_msgs/msg/Point2D.idl
[3.430s] -- Up-to-date: /home/sunny/cleaner_ws/phyAI_ws/install/yolov8_msgs/share/yolov8_msgs/msg/Vector2.idl
[3.430s] -- Up-to-date: /home/sunny/cleaner_ws/phyAI_ws/install/yolov8_msgs/share/yolov8_msgs/msg/Pose2D.idl
[3.430s] -- Up-to-date: /home/sunny/cleaner_ws/phyAI_ws/install/yolov8_msgs/share/yolov8_msgs/msg/BoundingBox2D.idl
[3.430s] -- Up-to-date: /home/sunny/cleaner_ws/phyAI_ws/install/yolov8_msgs/share/yolov8_msgs/msg/BoundingBox3D.idl
[3.431s] -- Up-to-date: /home/sunny/cleaner_ws/phyAI_ws/install/yolov8_msgs/share/yolov8_msgs/msg/Mask.idl
[3.431s] -- Up-to-date: /home/sunny/cleaner_ws/phyAI_ws/install/yolov8_msgs/share/yolov8_msgs/msg/KeyPoint2D.idl
[3.431s] -- Up-to-date: /home/sunny/cleaner_ws/phyAI_ws/install/yolov8_msgs/share/yolov8_msgs/msg/KeyPoint2DArray.idl
[3.431s] -- Up-to-date: /home/sunny/cleaner_ws/phyAI_ws/install/yolov8_msgs/share/yolov8_msgs/msg/KeyPoint3D.idl
[3.431s] -- Up-to-date: /home/sunny/cleaner_ws/phyAI_ws/install/yolov8_msgs/share/yolov8_msgs/msg/KeyPoint3DArray.idl
[3.431s] -- Up-to-date: /home/sunny/cleaner_ws/phyAI_ws/install/yolov8_msgs/share/yolov8_msgs/msg/Detection.idl
[3.431s] -- Up-to-date: /home/sunny/cleaner_ws/phyAI_ws/install/yolov8_msgs/share/yolov8_msgs/msg/DetectionArray.idl
[3.431s] -- Up-to-date: /home/sunny/cleaner_ws/phyAI_ws/install/yolov8_msgs/share/yolov8_msgs/msg/Point2D.msg
[3.431s] -- Up-to-date: /home/sunny/cleaner_ws/phyAI_ws/install/yolov8_msgs/share/yolov8_msgs/msg/Vector2.msg
[3.431s] -- Up-to-date: /home/sunny/cleaner_ws/phyAI_ws/install/yolov8_msgs/share/yolov8_msgs/msg/Pose2D.msg
[3.431s] -- Up-to-date: /home/sunny/cleaner_ws/phyAI_ws/install/yolov8_msgs/share/yolov8_msgs/msg/BoundingBox2D.msg
[3.431s] -- Up-to-date: /home/sunny/cleaner_ws/phyAI_ws/install/yolov8_msgs/share/yolov8_msgs/msg/BoundingBox3D.msg
[3.431s] -- Up-to-date: /home/sunny/cleaner_ws/phyAI_ws/install/yolov8_msgs/share/yolov8_msgs/msg/Mask.msg
[3.431s] -- Up-to-date: /home/sunny/cleaner_ws/phyAI_ws/install/yolov8_msgs/share/yolov8_msgs/msg/KeyPoint2D.msg
[3.431s] -- Up-to-date: /home/sunny/cleaner_ws/phyAI_ws/install/yolov8_msgs/share/yolov8_msgs/msg/KeyPoint2DArray.msg
[3.431s] -- Up-to-date: /home/sunny/cleaner_ws/phyAI_ws/install/yolov8_msgs/share/yolov8_msgs/msg/KeyPoint3D.msg
[3.431s] -- Up-to-date: /home/sunny/cleaner_ws/phyAI_ws/install/yolov8_msgs/share/yolov8_msgs/msg/KeyPoint3DArray.msg
[3.431s] -- Up-to-date: /home/sunny/cleaner_ws/phyAI_ws/install/yolov8_msgs/share/yolov8_msgs/msg/Detection.msg
[3.432s] -- Up-to-date: /home/sunny/cleaner_ws/phyAI_ws/install/yolov8_msgs/share/yolov8_msgs/msg/DetectionArray.msg
[3.432s] -- Up-to-date: /home/sunny/cleaner_ws/phyAI_ws/install/yolov8_msgs/share/ament_index/resource_index/package_run_dependencies/yolov8_msgs
[3.432s] -- Up-to-date: /home/sunny/cleaner_ws/phyAI_ws/install/yolov8_msgs/share/ament_index/resource_index/parent_prefix_path/yolov8_msgs
[3.432s] -- Up-to-date: /home/sunny/cleaner_ws/phyAI_ws/install/yolov8_msgs/share/yolov8_msgs/environment/ament_prefix_path.sh
[3.432s] -- Up-to-date: /home/sunny/cleaner_ws/phyAI_ws/install/yolov8_msgs/share/yolov8_msgs/environment/ament_prefix_path.dsv
[3.432s] -- Up-to-date: /home/sunny/cleaner_ws/phyAI_ws/install/yolov8_msgs/share/yolov8_msgs/environment/path.sh
[3.432s] -- Up-to-date: /home/sunny/cleaner_ws/phyAI_ws/install/yolov8_msgs/share/yolov8_msgs/environment/path.dsv
[3.432s] -- Up-to-date: /home/sunny/cleaner_ws/phyAI_ws/install/yolov8_msgs/share/yolov8_msgs/local_setup.bash
[3.432s] -- Up-to-date: /home/sunny/cleaner_ws/phyAI_ws/install/yolov8_msgs/share/yolov8_msgs/local_setup.sh
[3.432s] -- Up-to-date: /home/sunny/cleaner_ws/phyAI_ws/install/yolov8_msgs/share/yolov8_msgs/local_setup.zsh
[3.436s] -- Up-to-date: /home/sunny/cleaner_ws/phyAI_ws/install/yolov8_msgs/share/yolov8_msgs/local_setup.dsv
[3.436s] -- Installing: /home/sunny/cleaner_ws/phyAI_ws/install/yolov8_msgs/share/yolov8_msgs/package.dsv
[3.438s] -- Up-to-date: /home/sunny/cleaner_ws/phyAI_ws/install/yolov8_msgs/share/ament_index/resource_index/packages/yolov8_msgs
[3.438s] -- Up-to-date: /home/sunny/cleaner_ws/phyAI_ws/install/yolov8_msgs/share/yolov8_msgs/cmake/export_yolov8_msgs__rosidl_generator_cExport.cmake
[3.438s] -- Up-to-date: /home/sunny/cleaner_ws/phyAI_ws/install/yolov8_msgs/share/yolov8_msgs/cmake/export_yolov8_msgs__rosidl_generator_cExport-noconfig.cmake
[3.438s] -- Up-to-date: /home/sunny/cleaner_ws/phyAI_ws/install/yolov8_msgs/share/yolov8_msgs/cmake/export_yolov8_msgs__rosidl_typesupport_fastrtps_cExport.cmake
[3.438s] -- Up-to-date: /home/sunny/cleaner_ws/phyAI_ws/install/yolov8_msgs/share/yolov8_msgs/cmake/export_yolov8_msgs__rosidl_typesupport_fastrtps_cExport-noconfig.cmake
[3.438s] -- Up-to-date: /home/sunny/cleaner_ws/phyAI_ws/install/yolov8_msgs/share/yolov8_msgs/cmake/yolov8_msgs__rosidl_typesupport_introspection_cExport.cmake
[3.438s] -- Up-to-date: /home/sunny/cleaner_ws/phyAI_ws/install/yolov8_msgs/share/yolov8_msgs/cmake/yolov8_msgs__rosidl_typesupport_introspection_cExport-noconfig.cmake
[3.438s] -- Up-to-date: /home/sunny/cleaner_ws/phyAI_ws/install/yolov8_msgs/share/yolov8_msgs/cmake/yolov8_msgs__rosidl_typesupport_cExport.cmake
[3.439s] -- Up-to-date: /home/sunny/cleaner_ws/phyAI_ws/install/yolov8_msgs/share/yolov8_msgs/cmake/yolov8_msgs__rosidl_typesupport_cExport-noconfig.cmake
[3.439s] -- Up-to-date: /home/sunny/cleaner_ws/phyAI_ws/install/yolov8_msgs/share/yolov8_msgs/cmake/export_yolov8_msgs__rosidl_generator_cppExport.cmake
[3.439s] -- Up-to-date: /home/sunny/cleaner_ws/phyAI_ws/install/yolov8_msgs/share/yolov8_msgs/cmake/export_yolov8_msgs__rosidl_typesupport_fastrtps_cppExport.cmake
[3.439s] -- Up-to-date: /home/sunny/cleaner_ws/phyAI_ws/install/yolov8_msgs/share/yolov8_msgs/cmake/export_yolov8_msgs__rosidl_typesupport_fastrtps_cppExport-noconfig.cmake
[3.439s] -- Up-to-date: /home/sunny/cleaner_ws/phyAI_ws/install/yolov8_msgs/share/yolov8_msgs/cmake/yolov8_msgs__rosidl_typesupport_introspection_cppExport.cmake
[3.439s] -- Up-to-date: /home/sunny/cleaner_ws/phyAI_ws/install/yolov8_msgs/share/yolov8_msgs/cmake/yolov8_msgs__rosidl_typesupport_introspection_cppExport-noconfig.cmake
[3.439s] -- Up-to-date: /home/sunny/cleaner_ws/phyAI_ws/install/yolov8_msgs/share/yolov8_msgs/cmake/yolov8_msgs__rosidl_typesupport_cppExport.cmake
[3.439s] -- Up-to-date: /home/sunny/cleaner_ws/phyAI_ws/install/yolov8_msgs/share/yolov8_msgs/cmake/yolov8_msgs__rosidl_typesupport_cppExport-noconfig.cmake
[3.439s] -- Up-to-date: /home/sunny/cleaner_ws/phyAI_ws/install/yolov8_msgs/share/yolov8_msgs/cmake/export_yolov8_msgs__rosidl_generator_pyExport.cmake
[3.439s] -- Up-to-date: /home/sunny/cleaner_ws/phyAI_ws/install/yolov8_msgs/share/yolov8_msgs/cmake/export_yolov8_msgs__rosidl_generator_pyExport-noconfig.cmake
[3.439s] -- Up-to-date: /home/sunny/cleaner_ws/phyAI_ws/install/yolov8_msgs/share/yolov8_msgs/cmake/rosidl_cmake-extras.cmake
[3.439s] -- Up-to-date: /home/sunny/cleaner_ws/phyAI_ws/install/yolov8_msgs/share/yolov8_msgs/cmake/ament_cmake_export_dependencies-extras.cmake
[3.439s] -- Up-to-date: /home/sunny/cleaner_ws/phyAI_ws/install/yolov8_msgs/share/yolov8_msgs/cmake/ament_cmake_export_include_directories-extras.cmake
[3.439s] -- Up-to-date: /home/sunny/cleaner_ws/phyAI_ws/install/yolov8_msgs/share/yolov8_msgs/cmake/ament_cmake_export_libraries-extras.cmake
[3.439s] -- Up-to-date: /home/sunny/cleaner_ws/phyAI_ws/install/yolov8_msgs/share/yolov8_msgs/cmake/ament_cmake_export_targets-extras.cmake
[3.439s] -- Up-to-date: /home/sunny/cleaner_ws/phyAI_ws/install/yolov8_msgs/share/yolov8_msgs/cmake/rosidl_cmake_export_typesupport_targets-extras.cmake
[3.440s] -- Up-to-date: /home/sunny/cleaner_ws/phyAI_ws/install/yolov8_msgs/share/yolov8_msgs/cmake/rosidl_cmake_export_typesupport_libraries-extras.cmake
[3.440s] -- Up-to-date: /home/sunny/cleaner_ws/phyAI_ws/install/yolov8_msgs/share/yolov8_msgs/cmake/yolov8_msgsConfig.cmake
[3.440s] -- Up-to-date: /home/sunny/cleaner_ws/phyAI_ws/install/yolov8_msgs/share/yolov8_msgs/cmake/yolov8_msgsConfig-version.cmake
[3.440s] -- Up-to-date: /home/sunny/cleaner_ws/phyAI_ws/install/yolov8_msgs/share/yolov8_msgs/package.xml
[3.443s] Invoked command in '/home/sunny/cleaner_ws/phyAI_ws/build/yolov8_msgs' returned '0': CMAKE_PREFIX_PATH=/opt/ros/humble /usr/bin/cmake --install /home/sunny/cleaner_ws/phyAI_ws/build/yolov8_msgs
